Fri, 12 Jul 2019 14:31:11 - urllib3.connectionpool - DEBUG - Starting new HTTP connection (1): 127.0.0.1:8888
Fri, 12 Jul 2019 14:31:11 - urllib3.connectionpool - DEBUG - http://127.0.0.1:8888 "POST http://172.18.82.251:1240/summary?charLimit=1000 HTTP/1.1" 200 None
Fri, 12 Jul 2019 14:31:11 - urllib3.connectionpool - DEBUG - Starting new HTTP connection (1): 127.0.0.1:8888
Fri, 12 Jul 2019 14:31:11 - urllib3.connectionpool - DEBUG - http://127.0.0.1:8888 "POST http://172.18.82.251:1240/summary?percentage=0&charLimit=1000 HTTP/1.1" 200 None
Fri, 12 Jul 2019 14:31:11 - urllib3.connectionpool - DEBUG - Starting new HTTP connection (1): 127.0.0.1:8888
Fri, 12 Jul 2019 14:31:11 - urllib3.connectionpool - DEBUG - http://127.0.0.1:8888 "POST http://172.18.82.251:1240/summary?percentage=0.1&charLimit=1000 HTTP/1.1" 200 None
Fri, 12 Jul 2019 14:31:11 - urllib3.connectionpool - DEBUG - Starting new HTTP connection (1): 127.0.0.1:8888
Fri, 12 Jul 2019 14:31:11 - urllib3.connectionpool - DEBUG - http://127.0.0.1:8888 "POST http://172.18.82.251:1240/summary?percentage=0.5&charLimit=1000 HTTP/1.1" 200 None
Fri, 12 Jul 2019 14:31:11 - urllib3.connectionpool - DEBUG - Starting new HTTP connection (1): 127.0.0.1:8888
Fri, 12 Jul 2019 14:31:11 - urllib3.connectionpool - DEBUG - http://127.0.0.1:8888 "POST http://172.18.82.251:1240/summary?percentage=0.9&charLimit=1000 HTTP/1.1" 200 None
Fri, 12 Jul 2019 14:31:11 - urllib3.connectionpool - DEBUG - Starting new HTTP connection (1): 127.0.0.1:8888
Fri, 12 Jul 2019 14:31:11 - urllib3.connectionpool - DEBUG - http://127.0.0.1:8888 "POST http://172.18.82.251:1240/summary?percentage=1&charLimit=1000 HTTP/1.1" 200 None
Fri, 12 Jul 2019 14:31:11 - urllib3.connectionpool - DEBUG - Starting new HTTP connection (1): 127.0.0.1:8888
Fri, 12 Jul 2019 14:31:11 - urllib3.connectionpool - DEBUG - http://127.0.0.1:8888 "POST http://172.18.82.251:1240/summary?percentage=0.5 HTTP/1.1" 200 None
Fri, 12 Jul 2019 14:31:11 - urllib3.connectionpool - DEBUG - Starting new HTTP connection (1): 127.0.0.1:8888
Fri, 12 Jul 2019 14:31:11 - urllib3.connectionpool - DEBUG - http://127.0.0.1:8888 "POST http://172.18.82.251:1240/summary?percentage=0.5&charLimit=50 HTTP/1.1" 200 None
Fri, 12 Jul 2019 14:31:11 - urllib3.connectionpool - DEBUG - Starting new HTTP connection (1): 127.0.0.1:8888
Fri, 12 Jul 2019 14:31:12 - urllib3.connectionpool - DEBUG - http://127.0.0.1:8888 "POST http://172.18.82.251:1240/summary?percentage=0.5&charLimit=800 HTTP/1.1" 200 None
Fri, 12 Jul 2019 14:31:12 - urllib3.connectionpool - DEBUG - Starting new HTTP connection (1): 127.0.0.1:8888
Fri, 12 Jul 2019 14:31:12 - urllib3.connectionpool - DEBUG - http://127.0.0.1:8888 "POST http://172.18.82.251:1240/summary?percentage=0.5&charLimit=3000 HTTP/1.1" 200 None
Fri, 12 Jul 2019 14:31:12 - urllib3.connectionpool - DEBUG - Starting new HTTP connection (1): 127.0.0.1:8888
Fri, 12 Jul 2019 14:31:12 - urllib3.connectionpool - DEBUG - http://127.0.0.1:8888 "POST http://172.18.82.251:1240/summary?percentage=0.5&charLimit=-1 HTTP/1.1" 200 None
Fri, 12 Jul 2019 14:31:12 - urllib3.connectionpool - DEBUG - Starting new HTTP connection (1): 127.0.0.1:8888
Fri, 12 Jul 2019 14:37:52 - urllib3.connectionpool - DEBUG - http://127.0.0.1:8888 "POST http://172.18.82.251:1240/summary?percentage=0.5&charLimit=100.89 HTTP/1.1" 200 None
Fri, 12 Jul 2019 14:37:52 - urllib3.connectionpool - DEBUG - Starting new HTTP connection (1): 127.0.0.1:8888
Fri, 12 Jul 2019 14:43:05 - urllib3.connectionpool - DEBUG - Starting new HTTP connection (1): 127.0.0.1:8888
Fri, 12 Jul 2019 14:43:05 - urllib3.connectionpool - DEBUG - http://127.0.0.1:8888 "POST http://172.18.82.251:1240/summary?charLimit=1000 HTTP/1.1" 200 None
Fri, 12 Jul 2019 14:43:05 - urllib3.connectionpool - DEBUG - Starting new HTTP connection (1): 127.0.0.1:8888
Fri, 12 Jul 2019 14:43:05 - urllib3.connectionpool - DEBUG - http://127.0.0.1:8888 "POST http://172.18.82.251:1240/summary?percentage=0&charLimit=1000 HTTP/1.1" 200 None
Fri, 12 Jul 2019 14:43:05 - urllib3.connectionpool - DEBUG - Starting new HTTP connection (1): 127.0.0.1:8888
Fri, 12 Jul 2019 14:43:05 - urllib3.connectionpool - DEBUG - http://127.0.0.1:8888 "POST http://172.18.82.251:1240/summary?percentage=0.1&charLimit=1000 HTTP/1.1" 200 None
Fri, 12 Jul 2019 14:43:05 - urllib3.connectionpool - DEBUG - Starting new HTTP connection (1): 127.0.0.1:8888
Fri, 12 Jul 2019 14:43:05 - urllib3.connectionpool - DEBUG - http://127.0.0.1:8888 "POST http://172.18.82.251:1240/summary?percentage=0.5&charLimit=1000 HTTP/1.1" 200 None
Fri, 12 Jul 2019 14:43:05 - urllib3.connectionpool - DEBUG - Starting new HTTP connection (1): 127.0.0.1:8888
Fri, 12 Jul 2019 14:43:05 - urllib3.connectionpool - DEBUG - http://127.0.0.1:8888 "POST http://172.18.82.251:1240/summary?percentage=0.9&charLimit=1000 HTTP/1.1" 200 None
Fri, 12 Jul 2019 14:43:05 - urllib3.connectionpool - DEBUG - Starting new HTTP connection (1): 127.0.0.1:8888
Fri, 12 Jul 2019 14:43:05 - urllib3.connectionpool - DEBUG - http://127.0.0.1:8888 "POST http://172.18.82.251:1240/summary?percentage=1&charLimit=1000 HTTP/1.1" 200 None
Fri, 12 Jul 2019 14:43:05 - urllib3.connectionpool - DEBUG - Starting new HTTP connection (1): 127.0.0.1:8888
Fri, 12 Jul 2019 14:43:05 - urllib3.connectionpool - DEBUG - http://127.0.0.1:8888 "POST http://172.18.82.251:1240/summary?percentage=0.5 HTTP/1.1" 200 None
Fri, 12 Jul 2019 14:43:05 - urllib3.connectionpool - DEBUG - Starting new HTTP connection (1): 127.0.0.1:8888
Fri, 12 Jul 2019 14:43:05 - urllib3.connectionpool - DEBUG - http://127.0.0.1:8888 "POST http://172.18.82.251:1240/summary?percentage=0.5&charLimit=50 HTTP/1.1" 200 None
Fri, 12 Jul 2019 14:43:05 - urllib3.connectionpool - DEBUG - Starting new HTTP connection (1): 127.0.0.1:8888
Fri, 12 Jul 2019 14:43:05 - urllib3.connectionpool - DEBUG - http://127.0.0.1:8888 "POST http://172.18.82.251:1240/summary?percentage=0.5&charLimit=800 HTTP/1.1" 200 None
Fri, 12 Jul 2019 14:43:05 - urllib3.connectionpool - DEBUG - Starting new HTTP connection (1): 127.0.0.1:8888
Fri, 12 Jul 2019 14:43:05 - urllib3.connectionpool - DEBUG - http://127.0.0.1:8888 "POST http://172.18.82.251:1240/summary?percentage=0.5&charLimit=3000 HTTP/1.1" 200 None
Fri, 12 Jul 2019 14:43:05 - urllib3.connectionpool - DEBUG - Starting new HTTP connection (1): 127.0.0.1:8888
Fri, 12 Jul 2019 14:43:05 - urllib3.connectionpool - DEBUG - http://127.0.0.1:8888 "POST http://172.18.82.251:1240/summary?percentage=0.3&charLimit=600 HTTP/1.1" 200 None
Fri, 12 Jul 2019 14:43:05 - urllib3.connectionpool - DEBUG - Starting new HTTP connection (1): 127.0.0.1:8888
Fri, 12 Jul 2019 14:43:05 - urllib3.connectionpool - DEBUG - http://127.0.0.1:8888 "POST http://172.18.82.251:1240/summary?percentage=0.3&charLimit=600 HTTP/1.1" 200 None
Fri, 12 Jul 2019 14:43:05 - root - DEBUG - -----调试信息[debug]---test_summary_miss_content--
Fri, 12 Jul 2019 14:43:05 - urllib3.connectionpool - DEBUG - Starting new HTTP connection (1): 127.0.0.1:8888
Fri, 12 Jul 2019 14:43:05 - urllib3.connectionpool - DEBUG - http://127.0.0.1:8888 "POST http://172.18.82.251:1240/summary?percentage=0.3&charLimit=600 HTTP/1.1" 200 None
Fri, 12 Jul 2019 14:43:05 - root - DEBUG - -----调试信息[debug]---test_summary_no_article--
Fri, 12 Jul 2019 14:43:05 - urllib3.connectionpool - DEBUG - Starting new HTTP connection (1): 127.0.0.1:8888
Fri, 12 Jul 2019 14:43:05 - urllib3.connectionpool - DEBUG - http://127.0.0.1:8888 "POST http://172.18.82.251:1240/summary?percentage=0.3&charLimit=600 HTTP/1.1" 200 None
Fri, 12 Jul 2019 14:43:05 - root - DEBUG - -----调试信息[debug]---test_summary_multi_article--
Fri, 12 Jul 2019 14:43:05 - urllib3.connectionpool - DEBUG - Starting new HTTP connection (1): 127.0.0.1:8888
Fri, 12 Jul 2019 14:43:05 - urllib3.connectionpool - DEBUG - http://127.0.0.1:8888 "POST http://172.18.82.251:1240/summary?percentage=0.3&charLimit=600 HTTP/1.1" 200 None
Fri, 12 Jul 2019 14:43:05 - root - DEBUG - -----调试信息[debug]---test_summary_multi_article--
Fri, 12 Jul 2019 14:43:05 - urllib3.connectionpool - DEBUG - Starting new HTTP connection (1): 127.0.0.1:8888
Fri, 12 Jul 2019 14:43:05 - urllib3.connectionpool - DEBUG - http://127.0.0.1:8888 "POST http://172.18.82.251:1240/summary?percentage=0.3&charLimit=600 HTTP/1.1" 200 None
Fri, 12 Jul 2019 14:43:05 - root - DEBUG - article 0 has no title
Fri, 12 Jul 2019 14:43:05 - root - DEBUG - -----调试信息[debug]---test_summary_multi_article--
Fri, 12 Jul 2019 14:43:05 - urllib3.connectionpool - DEBUG - Starting new HTTP connection (1): 127.0.0.1:8888
Fri, 12 Jul 2019 14:43:05 - urllib3.connectionpool - DEBUG - http://127.0.0.1:8888 "POST http://172.18.82.251:1240/summary?percentage=0.3&charLimit=600 HTTP/1.1" 200 None
Fri, 12 Jul 2019 14:43:05 - root - DEBUG - article 1 has no title
Fri, 12 Jul 2019 14:43:05 - root - DEBUG - -----调试信息[debug]---test_summary_multi_article--
Fri, 12 Jul 2019 14:43:05 - urllib3.connectionpool - DEBUG - Starting new HTTP connection (1): 127.0.0.1:8888
Fri, 12 Jul 2019 14:43:05 - urllib3.connectionpool - DEBUG - http://127.0.0.1:8888 "POST http://172.18.82.251:1240/summary?percentage=0.3&charLimit=600 HTTP/1.1" 200 None
Fri, 12 Jul 2019 14:43:06 - root - DEBUG - article 1 has no content
Fri, 12 Jul 2019 14:43:06 - root - DEBUG - -----调试信息[debug]---test_summary_multi_article--
Fri, 12 Jul 2019 14:43:06 - urllib3.connectionpool - DEBUG - Starting new HTTP connection (1): 127.0.0.1:8888
Fri, 12 Jul 2019 14:43:06 - urllib3.connectionpool - DEBUG - http://127.0.0.1:8888 "POST http://172.18.82.251:1240/summary?percentage=0.3&charLimit=600 HTTP/1.1" 200 None
Fri, 12 Jul 2019 14:43:06 - root - DEBUG - article 0 has no title
Fri, 12 Jul 2019 14:43:55 - urllib3.connectionpool - DEBUG - Starting new HTTP connection (1): 127.0.0.1:8888
Fri, 12 Jul 2019 14:43:55 - urllib3.connectionpool - DEBUG - http://127.0.0.1:8888 "POST http://172.18.82.251:1240/summary?charLimit=1000 HTTP/1.1" 200 None
Fri, 12 Jul 2019 14:43:55 - urllib3.connectionpool - DEBUG - Starting new HTTP connection (1): 127.0.0.1:8888
Fri, 12 Jul 2019 14:43:55 - urllib3.connectionpool - DEBUG - http://127.0.0.1:8888 "POST http://172.18.82.251:1240/summary?percentage=0&charLimit=1000 HTTP/1.1" 200 None
Fri, 12 Jul 2019 14:43:55 - urllib3.connectionpool - DEBUG - Starting new HTTP connection (1): 127.0.0.1:8888
Fri, 12 Jul 2019 14:43:55 - urllib3.connectionpool - DEBUG - http://127.0.0.1:8888 "POST http://172.18.82.251:1240/summary?percentage=0.1&charLimit=1000 HTTP/1.1" 200 None
Fri, 12 Jul 2019 14:43:55 - urllib3.connectionpool - DEBUG - Starting new HTTP connection (1): 127.0.0.1:8888
Fri, 12 Jul 2019 14:43:55 - urllib3.connectionpool - DEBUG - http://127.0.0.1:8888 "POST http://172.18.82.251:1240/summary?percentage=0.5&charLimit=1000 HTTP/1.1" 200 None
Fri, 12 Jul 2019 14:43:55 - urllib3.connectionpool - DEBUG - Starting new HTTP connection (1): 127.0.0.1:8888
Fri, 12 Jul 2019 14:43:55 - urllib3.connectionpool - DEBUG - http://127.0.0.1:8888 "POST http://172.18.82.251:1240/summary?percentage=0.9&charLimit=1000 HTTP/1.1" 200 None
Fri, 12 Jul 2019 14:43:55 - urllib3.connectionpool - DEBUG - Starting new HTTP connection (1): 127.0.0.1:8888
Fri, 12 Jul 2019 14:43:55 - urllib3.connectionpool - DEBUG - http://127.0.0.1:8888 "POST http://172.18.82.251:1240/summary?percentage=1&charLimit=1000 HTTP/1.1" 200 None
Fri, 12 Jul 2019 14:43:55 - urllib3.connectionpool - DEBUG - Starting new HTTP connection (1): 127.0.0.1:8888
Fri, 12 Jul 2019 14:43:55 - urllib3.connectionpool - DEBUG - http://127.0.0.1:8888 "POST http://172.18.82.251:1240/summary?percentage=0.5 HTTP/1.1" 200 None
Fri, 12 Jul 2019 14:43:55 - urllib3.connectionpool - DEBUG - Starting new HTTP connection (1): 127.0.0.1:8888
Fri, 12 Jul 2019 14:43:55 - urllib3.connectionpool - DEBUG - http://127.0.0.1:8888 "POST http://172.18.82.251:1240/summary?percentage=0.5&charLimit=50 HTTP/1.1" 200 None
Fri, 12 Jul 2019 14:43:55 - urllib3.connectionpool - DEBUG - Starting new HTTP connection (1): 127.0.0.1:8888
Fri, 12 Jul 2019 14:43:55 - urllib3.connectionpool - DEBUG - http://127.0.0.1:8888 "POST http://172.18.82.251:1240/summary?percentage=0.5&charLimit=800 HTTP/1.1" 200 None
Fri, 12 Jul 2019 14:43:55 - urllib3.connectionpool - DEBUG - Starting new HTTP connection (1): 127.0.0.1:8888
Fri, 12 Jul 2019 14:43:55 - urllib3.connectionpool - DEBUG - http://127.0.0.1:8888 "POST http://172.18.82.251:1240/summary?percentage=0.5&charLimit=3000 HTTP/1.1" 200 None
Fri, 12 Jul 2019 14:43:55 - urllib3.connectionpool - DEBUG - Starting new HTTP connection (1): 127.0.0.1:8888
Fri, 12 Jul 2019 14:43:55 - urllib3.connectionpool - DEBUG - http://127.0.0.1:8888 "POST http://172.18.82.251:1240/summary?percentage=0.3&charLimit=600 HTTP/1.1" 200 None
Fri, 12 Jul 2019 14:43:55 - urllib3.connectionpool - DEBUG - Starting new HTTP connection (1): 127.0.0.1:8888
Fri, 12 Jul 2019 14:43:55 - urllib3.connectionpool - DEBUG - http://127.0.0.1:8888 "POST http://172.18.82.251:1240/summary?percentage=0.3&charLimit=600 HTTP/1.1" 200 None
Fri, 12 Jul 2019 14:43:55 - root - DEBUG - -----调试信息[debug]---test_summary_miss_content--
Fri, 12 Jul 2019 14:43:55 - urllib3.connectionpool - DEBUG - Starting new HTTP connection (1): 127.0.0.1:8888
Fri, 12 Jul 2019 14:43:55 - urllib3.connectionpool - DEBUG - http://127.0.0.1:8888 "POST http://172.18.82.251:1240/summary?percentage=0.3&charLimit=600 HTTP/1.1" 200 None
Fri, 12 Jul 2019 14:43:55 - root - DEBUG - -----调试信息[debug]---test_summary_no_article--
Fri, 12 Jul 2019 14:43:55 - urllib3.connectionpool - DEBUG - Starting new HTTP connection (1): 127.0.0.1:8888
Fri, 12 Jul 2019 14:43:55 - urllib3.connectionpool - DEBUG - http://127.0.0.1:8888 "POST http://172.18.82.251:1240/summary?percentage=0.3&charLimit=600 HTTP/1.1" 200 None
Fri, 12 Jul 2019 14:43:55 - root - DEBUG - -----调试信息[debug]---test_summary_multi_article--
Fri, 12 Jul 2019 14:43:55 - urllib3.connectionpool - DEBUG - Starting new HTTP connection (1): 127.0.0.1:8888
Fri, 12 Jul 2019 14:43:55 - urllib3.connectionpool - DEBUG - http://127.0.0.1:8888 "POST http://172.18.82.251:1240/summary?percentage=0.3&charLimit=600 HTTP/1.1" 200 None
Fri, 12 Jul 2019 14:43:55 - root - DEBUG - -----调试信息[debug]---test_summary_multi_article--
Fri, 12 Jul 2019 14:43:55 - urllib3.connectionpool - DEBUG - Starting new HTTP connection (1): 127.0.0.1:8888
Fri, 12 Jul 2019 14:43:55 - urllib3.connectionpool - DEBUG - http://127.0.0.1:8888 "POST http://172.18.82.251:1240/summary?percentage=0.3&charLimit=600 HTTP/1.1" 200 None
Fri, 12 Jul 2019 14:43:55 - root - DEBUG - -----调试信息[debug]----article 0 has no title
Fri, 12 Jul 2019 14:43:55 - root - DEBUG - -----调试信息[debug]---test_summary_multi_article--
Fri, 12 Jul 2019 14:43:55 - urllib3.connectionpool - DEBUG - Starting new HTTP connection (1): 127.0.0.1:8888
Fri, 12 Jul 2019 14:43:55 - urllib3.connectionpool - DEBUG - http://127.0.0.1:8888 "POST http://172.18.82.251:1240/summary?percentage=0.3&charLimit=600 HTTP/1.1" 200 None
Fri, 12 Jul 2019 14:43:55 - root - DEBUG - -----调试信息[debug]----article 1 has no title
Fri, 12 Jul 2019 14:43:55 - root - DEBUG - -----调试信息[debug]---test_summary_multi_article--
Fri, 12 Jul 2019 14:43:55 - urllib3.connectionpool - DEBUG - Starting new HTTP connection (1): 127.0.0.1:8888
Fri, 12 Jul 2019 14:43:55 - urllib3.connectionpool - DEBUG - http://127.0.0.1:8888 "POST http://172.18.82.251:1240/summary?percentage=0.3&charLimit=600 HTTP/1.1" 200 None
Fri, 12 Jul 2019 14:43:55 - root - DEBUG - -----调试信息[debug]----article 1 has no content
Fri, 12 Jul 2019 14:43:55 - root - DEBUG - -----调试信息[debug]---test_summary_multi_article--
Fri, 12 Jul 2019 14:43:55 - urllib3.connectionpool - DEBUG - Starting new HTTP connection (1): 127.0.0.1:8888
Fri, 12 Jul 2019 14:43:55 - urllib3.connectionpool - DEBUG - http://127.0.0.1:8888 "POST http://172.18.82.251:1240/summary?percentage=0.3&charLimit=600 HTTP/1.1" 200 None
Fri, 12 Jul 2019 14:43:55 - root - DEBUG - -----调试信息[debug]----article 0 has no title
Fri, 12 Jul 2019 14:44:32 - urllib3.connectionpool - DEBUG - Starting new HTTP connection (1): 127.0.0.1:8888
Fri, 12 Jul 2019 14:44:32 - urllib3.connectionpool - DEBUG - http://127.0.0.1:8888 "POST http://172.18.82.251:1240/summary?charLimit=1000 HTTP/1.1" 200 None
Fri, 12 Jul 2019 14:44:32 - urllib3.connectionpool - DEBUG - Starting new HTTP connection (1): 127.0.0.1:8888
Fri, 12 Jul 2019 14:44:32 - urllib3.connectionpool - DEBUG - http://127.0.0.1:8888 "POST http://172.18.82.251:1240/summary?percentage=0&charLimit=1000 HTTP/1.1" 200 None
Fri, 12 Jul 2019 14:44:32 - urllib3.connectionpool - DEBUG - Starting new HTTP connection (1): 127.0.0.1:8888
Fri, 12 Jul 2019 14:44:32 - urllib3.connectionpool - DEBUG - http://127.0.0.1:8888 "POST http://172.18.82.251:1240/summary?percentage=0.1&charLimit=1000 HTTP/1.1" 200 None
Fri, 12 Jul 2019 14:44:32 - urllib3.connectionpool - DEBUG - Starting new HTTP connection (1): 127.0.0.1:8888
Fri, 12 Jul 2019 14:44:32 - urllib3.connectionpool - DEBUG - http://127.0.0.1:8888 "POST http://172.18.82.251:1240/summary?percentage=0.5&charLimit=1000 HTTP/1.1" 200 None
Fri, 12 Jul 2019 14:44:32 - urllib3.connectionpool - DEBUG - Starting new HTTP connection (1): 127.0.0.1:8888
Fri, 12 Jul 2019 14:44:32 - urllib3.connectionpool - DEBUG - http://127.0.0.1:8888 "POST http://172.18.82.251:1240/summary?percentage=0.9&charLimit=1000 HTTP/1.1" 200 None
Fri, 12 Jul 2019 14:44:32 - urllib3.connectionpool - DEBUG - Starting new HTTP connection (1): 127.0.0.1:8888
Fri, 12 Jul 2019 14:44:32 - urllib3.connectionpool - DEBUG - http://127.0.0.1:8888 "POST http://172.18.82.251:1240/summary?percentage=1&charLimit=1000 HTTP/1.1" 200 None
Fri, 12 Jul 2019 14:44:32 - urllib3.connectionpool - DEBUG - Starting new HTTP connection (1): 127.0.0.1:8888
Fri, 12 Jul 2019 14:44:32 - urllib3.connectionpool - DEBUG - http://127.0.0.1:8888 "POST http://172.18.82.251:1240/summary?percentage=0.5 HTTP/1.1" 200 None
Fri, 12 Jul 2019 14:44:32 - urllib3.connectionpool - DEBUG - Starting new HTTP connection (1): 127.0.0.1:8888
Fri, 12 Jul 2019 14:44:32 - urllib3.connectionpool - DEBUG - http://127.0.0.1:8888 "POST http://172.18.82.251:1240/summary?percentage=0.5&charLimit=50 HTTP/1.1" 200 None
Fri, 12 Jul 2019 14:44:32 - urllib3.connectionpool - DEBUG - Starting new HTTP connection (1): 127.0.0.1:8888
Fri, 12 Jul 2019 14:44:32 - urllib3.connectionpool - DEBUG - http://127.0.0.1:8888 "POST http://172.18.82.251:1240/summary?percentage=0.5&charLimit=800 HTTP/1.1" 200 None
Fri, 12 Jul 2019 14:44:32 - urllib3.connectionpool - DEBUG - Starting new HTTP connection (1): 127.0.0.1:8888
Fri, 12 Jul 2019 14:44:32 - urllib3.connectionpool - DEBUG - http://127.0.0.1:8888 "POST http://172.18.82.251:1240/summary?percentage=0.5&charLimit=3000 HTTP/1.1" 200 None
Fri, 12 Jul 2019 14:44:32 - urllib3.connectionpool - DEBUG - Starting new HTTP connection (1): 127.0.0.1:8888
Fri, 12 Jul 2019 14:44:32 - urllib3.connectionpool - DEBUG - http://127.0.0.1:8888 "POST http://172.18.82.251:1240/summary?percentage=0.3&charLimit=600 HTTP/1.1" 200 None
Fri, 12 Jul 2019 14:44:32 - urllib3.connectionpool - DEBUG - Starting new HTTP connection (1): 127.0.0.1:8888
Fri, 12 Jul 2019 14:44:32 - urllib3.connectionpool - DEBUG - http://127.0.0.1:8888 "POST http://172.18.82.251:1240/summary?percentage=0.3&charLimit=600 HTTP/1.1" 200 None
Fri, 12 Jul 2019 14:44:32 - root - DEBUG - -----调试信息[debug]---test_summary_miss_content--
Fri, 12 Jul 2019 14:44:32 - urllib3.connectionpool - DEBUG - Starting new HTTP connection (1): 127.0.0.1:8888
Fri, 12 Jul 2019 14:44:32 - urllib3.connectionpool - DEBUG - http://127.0.0.1:8888 "POST http://172.18.82.251:1240/summary?percentage=0.3&charLimit=600 HTTP/1.1" 200 None
Fri, 12 Jul 2019 14:44:32 - root - DEBUG - -----调试信息[debug]---test_summary_no_article--
Fri, 12 Jul 2019 14:44:32 - urllib3.connectionpool - DEBUG - Starting new HTTP connection (1): 127.0.0.1:8888
Fri, 12 Jul 2019 14:44:32 - urllib3.connectionpool - DEBUG - http://127.0.0.1:8888 "POST http://172.18.82.251:1240/summary?percentage=0.3&charLimit=600 HTTP/1.1" 200 None
Fri, 12 Jul 2019 14:44:32 - root - DEBUG - -----调试信息[debug]---test_summary_multi_article--
Fri, 12 Jul 2019 14:44:32 - urllib3.connectionpool - DEBUG - Starting new HTTP connection (1): 127.0.0.1:8888
Fri, 12 Jul 2019 14:44:32 - urllib3.connectionpool - DEBUG - http://127.0.0.1:8888 "POST http://172.18.82.251:1240/summary?percentage=0.3&charLimit=600 HTTP/1.1" 200 None
Fri, 12 Jul 2019 14:44:32 - root - DEBUG - -----调试信息[debug]---test_summary_multi_article_miss_some_field--
Fri, 12 Jul 2019 14:44:32 - urllib3.connectionpool - DEBUG - Starting new HTTP connection (1): 127.0.0.1:8888
Fri, 12 Jul 2019 14:44:32 - urllib3.connectionpool - DEBUG - http://127.0.0.1:8888 "POST http://172.18.82.251:1240/summary?percentage=0.3&charLimit=600 HTTP/1.1" 200 None
Fri, 12 Jul 2019 14:44:32 - root - DEBUG - -----调试信息[debug]----article 0 has no title
Fri, 12 Jul 2019 14:44:32 - root - DEBUG - -----调试信息[debug]---test_summary_multi_article_miss_some_field--
Fri, 12 Jul 2019 14:44:32 - urllib3.connectionpool - DEBUG - Starting new HTTP connection (1): 127.0.0.1:8888
Fri, 12 Jul 2019 14:44:32 - urllib3.connectionpool - DEBUG - http://127.0.0.1:8888 "POST http://172.18.82.251:1240/summary?percentage=0.3&charLimit=600 HTTP/1.1" 200 None
Fri, 12 Jul 2019 14:44:32 - root - DEBUG - -----调试信息[debug]----article 1 has no title
Fri, 12 Jul 2019 14:44:32 - root - DEBUG - -----调试信息[debug]---test_summary_multi_article_miss_some_field--
Fri, 12 Jul 2019 14:44:32 - urllib3.connectionpool - DEBUG - Starting new HTTP connection (1): 127.0.0.1:8888
Fri, 12 Jul 2019 14:44:32 - urllib3.connectionpool - DEBUG - http://127.0.0.1:8888 "POST http://172.18.82.251:1240/summary?percentage=0.3&charLimit=600 HTTP/1.1" 200 None
Fri, 12 Jul 2019 14:44:32 - root - DEBUG - -----调试信息[debug]----article 1 has no content
Fri, 12 Jul 2019 14:44:32 - root - DEBUG - -----调试信息[debug]---test_summary_multi_article_miss_some_field--
Fri, 12 Jul 2019 14:44:32 - urllib3.connectionpool - DEBUG - Starting new HTTP connection (1): 127.0.0.1:8888
Fri, 12 Jul 2019 14:44:32 - urllib3.connectionpool - DEBUG - http://127.0.0.1:8888 "POST http://172.18.82.251:1240/summary?percentage=0.3&charLimit=600 HTTP/1.1" 200 None
Fri, 12 Jul 2019 14:44:32 - root - DEBUG - -----调试信息[debug]----article 0 has no title
Fri, 12 Jul 2019 14:44:45 - urllib3.connectionpool - DEBUG - Starting new HTTP connection (1): 127.0.0.1:8888
Fri, 12 Jul 2019 14:44:45 - urllib3.connectionpool - DEBUG - http://127.0.0.1:8888 "POST http://172.18.82.251:1240/summary?charLimit=1000 HTTP/1.1" 200 None
Fri, 12 Jul 2019 14:44:45 - urllib3.connectionpool - DEBUG - Starting new HTTP connection (1): 127.0.0.1:8888
Fri, 12 Jul 2019 14:44:45 - urllib3.connectionpool - DEBUG - http://127.0.0.1:8888 "POST http://172.18.82.251:1240/summary?percentage=0&charLimit=1000 HTTP/1.1" 200 None
Fri, 12 Jul 2019 14:44:45 - urllib3.connectionpool - DEBUG - Starting new HTTP connection (1): 127.0.0.1:8888
Fri, 12 Jul 2019 14:44:45 - urllib3.connectionpool - DEBUG - http://127.0.0.1:8888 "POST http://172.18.82.251:1240/summary?percentage=0.1&charLimit=1000 HTTP/1.1" 200 None
Fri, 12 Jul 2019 14:44:45 - urllib3.connectionpool - DEBUG - Starting new HTTP connection (1): 127.0.0.1:8888
Fri, 12 Jul 2019 14:44:45 - urllib3.connectionpool - DEBUG - http://127.0.0.1:8888 "POST http://172.18.82.251:1240/summary?percentage=0.5&charLimit=1000 HTTP/1.1" 200 None
Fri, 12 Jul 2019 14:44:45 - urllib3.connectionpool - DEBUG - Starting new HTTP connection (1): 127.0.0.1:8888
Fri, 12 Jul 2019 14:44:46 - urllib3.connectionpool - DEBUG - http://127.0.0.1:8888 "POST http://172.18.82.251:1240/summary?percentage=0.9&charLimit=1000 HTTP/1.1" 200 None
Fri, 12 Jul 2019 14:44:46 - urllib3.connectionpool - DEBUG - Starting new HTTP connection (1): 127.0.0.1:8888
Fri, 12 Jul 2019 14:44:46 - urllib3.connectionpool - DEBUG - http://127.0.0.1:8888 "POST http://172.18.82.251:1240/summary?percentage=1&charLimit=1000 HTTP/1.1" 200 None
Fri, 12 Jul 2019 14:44:46 - urllib3.connectionpool - DEBUG - Starting new HTTP connection (1): 127.0.0.1:8888
Fri, 12 Jul 2019 14:44:46 - urllib3.connectionpool - DEBUG - http://127.0.0.1:8888 "POST http://172.18.82.251:1240/summary?percentage=0.5 HTTP/1.1" 200 None
Fri, 12 Jul 2019 14:44:46 - urllib3.connectionpool - DEBUG - Starting new HTTP connection (1): 127.0.0.1:8888
Fri, 12 Jul 2019 14:44:46 - urllib3.connectionpool - DEBUG - http://127.0.0.1:8888 "POST http://172.18.82.251:1240/summary?percentage=0.5&charLimit=50 HTTP/1.1" 200 None
Fri, 12 Jul 2019 14:44:46 - urllib3.connectionpool - DEBUG - Starting new HTTP connection (1): 127.0.0.1:8888
Fri, 12 Jul 2019 14:44:46 - urllib3.connectionpool - DEBUG - http://127.0.0.1:8888 "POST http://172.18.82.251:1240/summary?percentage=0.5&charLimit=800 HTTP/1.1" 200 None
Fri, 12 Jul 2019 14:44:46 - urllib3.connectionpool - DEBUG - Starting new HTTP connection (1): 127.0.0.1:8888
Fri, 12 Jul 2019 14:44:46 - urllib3.connectionpool - DEBUG - http://127.0.0.1:8888 "POST http://172.18.82.251:1240/summary?percentage=0.5&charLimit=3000 HTTP/1.1" 200 None
Fri, 12 Jul 2019 14:44:46 - urllib3.connectionpool - DEBUG - Starting new HTTP connection (1): 127.0.0.1:8888
Fri, 12 Jul 2019 14:44:46 - urllib3.connectionpool - DEBUG - http://127.0.0.1:8888 "POST http://172.18.82.251:1240/summary?percentage=0.3&charLimit=600 HTTP/1.1" 200 None
Fri, 12 Jul 2019 14:44:46 - urllib3.connectionpool - DEBUG - Starting new HTTP connection (1): 127.0.0.1:8888
Fri, 12 Jul 2019 14:44:46 - urllib3.connectionpool - DEBUG - http://127.0.0.1:8888 "POST http://172.18.82.251:1240/summary?percentage=0.3&charLimit=600 HTTP/1.1" 200 None
Fri, 12 Jul 2019 14:44:46 - root - DEBUG - -----调试信息[debug]---test_summary_miss_content--
Fri, 12 Jul 2019 14:44:46 - urllib3.connectionpool - DEBUG - Starting new HTTP connection (1): 127.0.0.1:8888
Fri, 12 Jul 2019 14:44:46 - urllib3.connectionpool - DEBUG - http://127.0.0.1:8888 "POST http://172.18.82.251:1240/summary?percentage=0.3&charLimit=600 HTTP/1.1" 200 None
Fri, 12 Jul 2019 14:44:46 - root - DEBUG - -----调试信息[debug]---test_summary_no_article--
Fri, 12 Jul 2019 14:44:46 - urllib3.connectionpool - DEBUG - Starting new HTTP connection (1): 127.0.0.1:8888
Fri, 12 Jul 2019 14:44:46 - urllib3.connectionpool - DEBUG - http://127.0.0.1:8888 "POST http://172.18.82.251:1240/summary?percentage=0.3&charLimit=600 HTTP/1.1" 200 None
Fri, 12 Jul 2019 14:44:46 - root - DEBUG - -----调试信息[debug]---test_summary_multi_article--
Fri, 12 Jul 2019 14:44:46 - urllib3.connectionpool - DEBUG - Starting new HTTP connection (1): 127.0.0.1:8888
Fri, 12 Jul 2019 14:44:46 - urllib3.connectionpool - DEBUG - http://127.0.0.1:8888 "POST http://172.18.82.251:1240/summary?percentage=0.3&charLimit=600 HTTP/1.1" 200 None
Fri, 12 Jul 2019 14:44:46 - root - DEBUG - -----调试信息[debug]---test_summary_multi_article_miss_some_field--
Fri, 12 Jul 2019 14:44:46 - urllib3.connectionpool - DEBUG - Starting new HTTP connection (1): 127.0.0.1:8888
Fri, 12 Jul 2019 14:44:46 - urllib3.connectionpool - DEBUG - http://127.0.0.1:8888 "POST http://172.18.82.251:1240/summary?percentage=0.3&charLimit=600 HTTP/1.1" 200 None
Fri, 12 Jul 2019 14:44:46 - root - DEBUG - -----调试信息[debug]----article 0 has no title
Fri, 12 Jul 2019 14:44:46 - root - DEBUG - -----调试信息[debug]---test_summary_multi_article_miss_some_field--
Fri, 12 Jul 2019 14:44:46 - urllib3.connectionpool - DEBUG - Starting new HTTP connection (1): 127.0.0.1:8888
Fri, 12 Jul 2019 14:44:46 - urllib3.connectionpool - DEBUG - http://127.0.0.1:8888 "POST http://172.18.82.251:1240/summary?percentage=0.3&charLimit=600 HTTP/1.1" 200 None
Fri, 12 Jul 2019 14:44:46 - root - DEBUG - -----调试信息[debug]----article 1 has no title
Fri, 12 Jul 2019 14:44:46 - root - DEBUG - -----调试信息[debug]---test_summary_multi_article_miss_some_field--
Fri, 12 Jul 2019 14:44:46 - urllib3.connectionpool - DEBUG - Starting new HTTP connection (1): 127.0.0.1:8888
Fri, 12 Jul 2019 14:44:46 - urllib3.connectionpool - DEBUG - http://127.0.0.1:8888 "POST http://172.18.82.251:1240/summary?percentage=0.3&charLimit=600 HTTP/1.1" 200 None
Fri, 12 Jul 2019 14:44:46 - root - DEBUG - -----调试信息[debug]----article 1 has no content
Fri, 12 Jul 2019 14:44:46 - root - DEBUG - -----调试信息[debug]---test_summary_multi_article_miss_some_field--
Fri, 12 Jul 2019 14:44:46 - urllib3.connectionpool - DEBUG - Starting new HTTP connection (1): 127.0.0.1:8888
Fri, 12 Jul 2019 14:44:46 - urllib3.connectionpool - DEBUG - http://127.0.0.1:8888 "POST http://172.18.82.251:1240/summary?percentage=0.3&charLimit=600 HTTP/1.1" 200 None
Fri, 12 Jul 2019 14:44:46 - root - DEBUG - -----调试信息[debug]----article 0 has no title
Fri, 12 Jul 2019 14:48:02 - urllib3.connectionpool - DEBUG - Starting new HTTP connection (1): 127.0.0.1:8888
Fri, 12 Jul 2019 14:48:02 - urllib3.connectionpool - DEBUG - http://127.0.0.1:8888 "POST http://172.18.82.251:1240/summary?charLimit=1000 HTTP/1.1" 200 None
Fri, 12 Jul 2019 14:48:02 - urllib3.connectionpool - DEBUG - Starting new HTTP connection (1): 127.0.0.1:8888
Fri, 12 Jul 2019 14:48:02 - urllib3.connectionpool - DEBUG - http://127.0.0.1:8888 "POST http://172.18.82.251:1240/summary?percentage=0&charLimit=1000 HTTP/1.1" 200 None
Fri, 12 Jul 2019 14:48:02 - urllib3.connectionpool - DEBUG - Starting new HTTP connection (1): 127.0.0.1:8888
Fri, 12 Jul 2019 14:48:02 - urllib3.connectionpool - DEBUG - http://127.0.0.1:8888 "POST http://172.18.82.251:1240/summary?percentage=0.1&charLimit=1000 HTTP/1.1" 200 None
Fri, 12 Jul 2019 14:48:02 - urllib3.connectionpool - DEBUG - Starting new HTTP connection (1): 127.0.0.1:8888
Fri, 12 Jul 2019 14:48:03 - urllib3.connectionpool - DEBUG - http://127.0.0.1:8888 "POST http://172.18.82.251:1240/summary?percentage=0.5&charLimit=1000 HTTP/1.1" 200 None
Fri, 12 Jul 2019 14:48:03 - urllib3.connectionpool - DEBUG - Starting new HTTP connection (1): 127.0.0.1:8888
Fri, 12 Jul 2019 14:48:03 - urllib3.connectionpool - DEBUG - http://127.0.0.1:8888 "POST http://172.18.82.251:1240/summary?percentage=0.9&charLimit=1000 HTTP/1.1" 200 None
Fri, 12 Jul 2019 14:48:03 - urllib3.connectionpool - DEBUG - Starting new HTTP connection (1): 127.0.0.1:8888
Fri, 12 Jul 2019 14:48:03 - urllib3.connectionpool - DEBUG - http://127.0.0.1:8888 "POST http://172.18.82.251:1240/summary?percentage=1&charLimit=1000 HTTP/1.1" 200 None
Fri, 12 Jul 2019 14:48:03 - urllib3.connectionpool - DEBUG - Starting new HTTP connection (1): 127.0.0.1:8888
Fri, 12 Jul 2019 14:48:03 - urllib3.connectionpool - DEBUG - http://127.0.0.1:8888 "POST http://172.18.82.251:1240/summary?percentage=0.5 HTTP/1.1" 200 None
Fri, 12 Jul 2019 14:48:03 - urllib3.connectionpool - DEBUG - Starting new HTTP connection (1): 127.0.0.1:8888
Fri, 12 Jul 2019 14:48:03 - urllib3.connectionpool - DEBUG - http://127.0.0.1:8888 "POST http://172.18.82.251:1240/summary?percentage=0.5&charLimit=50 HTTP/1.1" 200 None
Fri, 12 Jul 2019 14:48:03 - urllib3.connectionpool - DEBUG - Starting new HTTP connection (1): 127.0.0.1:8888
Fri, 12 Jul 2019 14:48:03 - urllib3.connectionpool - DEBUG - http://127.0.0.1:8888 "POST http://172.18.82.251:1240/summary?percentage=0.5&charLimit=800 HTTP/1.1" 200 None
Fri, 12 Jul 2019 14:48:03 - urllib3.connectionpool - DEBUG - Starting new HTTP connection (1): 127.0.0.1:8888
Fri, 12 Jul 2019 14:48:03 - urllib3.connectionpool - DEBUG - http://127.0.0.1:8888 "POST http://172.18.82.251:1240/summary?percentage=0.5&charLimit=3000 HTTP/1.1" 200 None
Fri, 12 Jul 2019 14:48:03 - urllib3.connectionpool - DEBUG - Starting new HTTP connection (1): 127.0.0.1:8888
Fri, 12 Jul 2019 14:48:03 - urllib3.connectionpool - DEBUG - http://127.0.0.1:8888 "POST http://172.18.82.251:1240/summary?percentage=0.3&charLimit=600 HTTP/1.1" 200 None
Fri, 12 Jul 2019 14:48:03 - urllib3.connectionpool - DEBUG - Starting new HTTP connection (1): 127.0.0.1:8888
Fri, 12 Jul 2019 14:48:03 - urllib3.connectionpool - DEBUG - http://127.0.0.1:8888 "POST http://172.18.82.251:1240/summary?percentage=0.3&charLimit=600 HTTP/1.1" 200 None
Fri, 12 Jul 2019 14:48:03 - root - DEBUG - -----调试信息[debug]---test_summary_miss_content--
Fri, 12 Jul 2019 14:48:03 - urllib3.connectionpool - DEBUG - Starting new HTTP connection (1): 127.0.0.1:8888
Fri, 12 Jul 2019 14:48:03 - urllib3.connectionpool - DEBUG - http://127.0.0.1:8888 "POST http://172.18.82.251:1240/summary?percentage=0.3&charLimit=600 HTTP/1.1" 200 None
Fri, 12 Jul 2019 14:48:03 - root - DEBUG - -----调试信息[debug]---test_summary_no_article--
Fri, 12 Jul 2019 14:48:03 - urllib3.connectionpool - DEBUG - Starting new HTTP connection (1): 127.0.0.1:8888
Fri, 12 Jul 2019 14:48:03 - urllib3.connectionpool - DEBUG - http://127.0.0.1:8888 "POST http://172.18.82.251:1240/summary?percentage=0.3&charLimit=600 HTTP/1.1" 200 None
Fri, 12 Jul 2019 14:48:03 - root - DEBUG - -----调试信息[debug]---test_summary_multi_article--
Fri, 12 Jul 2019 14:48:03 - urllib3.connectionpool - DEBUG - Starting new HTTP connection (1): 127.0.0.1:8888
Fri, 12 Jul 2019 14:48:03 - urllib3.connectionpool - DEBUG - http://127.0.0.1:8888 "POST http://172.18.82.251:1240/summary?percentage=0.3&charLimit=600 HTTP/1.1" 200 None
Fri, 12 Jul 2019 14:48:03 - root - DEBUG - -----调试信息[debug]---test_summary_multi_article_miss_some_field--
Fri, 12 Jul 2019 14:48:03 - urllib3.connectionpool - DEBUG - Starting new HTTP connection (1): 127.0.0.1:8888
Fri, 12 Jul 2019 14:48:03 - urllib3.connectionpool - DEBUG - http://127.0.0.1:8888 "POST http://172.18.82.251:1240/summary?percentage=0.3&charLimit=600 HTTP/1.1" 200 None
Fri, 12 Jul 2019 14:48:03 - root - DEBUG - -----调试信息[debug]----article 0 has no title
Fri, 12 Jul 2019 14:48:03 - root - DEBUG - -----调试信息[debug]---test_summary_multi_article_miss_some_field--
Fri, 12 Jul 2019 14:48:03 - urllib3.connectionpool - DEBUG - Starting new HTTP connection (1): 127.0.0.1:8888
Fri, 12 Jul 2019 14:48:03 - urllib3.connectionpool - DEBUG - http://127.0.0.1:8888 "POST http://172.18.82.251:1240/summary?percentage=0.3&charLimit=600 HTTP/1.1" 200 None
Fri, 12 Jul 2019 14:48:03 - root - DEBUG - -----调试信息[debug]----article 1 has no title
Fri, 12 Jul 2019 14:48:03 - root - DEBUG - -----调试信息[debug]---test_summary_multi_article_miss_some_field--
Fri, 12 Jul 2019 14:48:03 - urllib3.connectionpool - DEBUG - Starting new HTTP connection (1): 127.0.0.1:8888
Fri, 12 Jul 2019 14:48:03 - urllib3.connectionpool - DEBUG - http://127.0.0.1:8888 "POST http://172.18.82.251:1240/summary?percentage=0.3&charLimit=600 HTTP/1.1" 200 None
Fri, 12 Jul 2019 14:48:03 - root - DEBUG - -----调试信息[debug]----article 1 has no content
Fri, 12 Jul 2019 14:48:03 - root - DEBUG - -----调试信息[debug]---test_summary_multi_article_miss_some_field--
Fri, 12 Jul 2019 14:48:03 - urllib3.connectionpool - DEBUG - Starting new HTTP connection (1): 127.0.0.1:8888
Fri, 12 Jul 2019 14:48:03 - urllib3.connectionpool - DEBUG - http://127.0.0.1:8888 "POST http://172.18.82.251:1240/summary?percentage=0.3&charLimit=600 HTTP/1.1" 200 None
Fri, 12 Jul 2019 14:48:03 - root - DEBUG - -----调试信息[debug]----article 0 has no title
Fri, 12 Jul 2019 14:49:12 - urllib3.connectionpool - DEBUG - Starting new HTTP connection (1): 127.0.0.1:8888
Fri, 12 Jul 2019 14:49:13 - urllib3.connectionpool - DEBUG - http://127.0.0.1:8888 "POST http://172.18.82.251:1240/summary?charLimit=1000 HTTP/1.1" 200 None
Fri, 12 Jul 2019 14:49:13 - urllib3.connectionpool - DEBUG - Starting new HTTP connection (1): 127.0.0.1:8888
Fri, 12 Jul 2019 14:49:13 - urllib3.connectionpool - DEBUG - http://127.0.0.1:8888 "POST http://172.18.82.251:1240/summary?percentage=0&charLimit=1000 HTTP/1.1" 200 None
Fri, 12 Jul 2019 14:49:13 - urllib3.connectionpool - DEBUG - Starting new HTTP connection (1): 127.0.0.1:8888
Fri, 12 Jul 2019 14:49:13 - urllib3.connectionpool - DEBUG - http://127.0.0.1:8888 "POST http://172.18.82.251:1240/summary?percentage=0.1&charLimit=1000 HTTP/1.1" 200 None
Fri, 12 Jul 2019 14:49:13 - urllib3.connectionpool - DEBUG - Starting new HTTP connection (1): 127.0.0.1:8888
Fri, 12 Jul 2019 14:49:13 - urllib3.connectionpool - DEBUG - http://127.0.0.1:8888 "POST http://172.18.82.251:1240/summary?percentage=0.5&charLimit=1000 HTTP/1.1" 200 None
Fri, 12 Jul 2019 14:49:13 - urllib3.connectionpool - DEBUG - Starting new HTTP connection (1): 127.0.0.1:8888
Fri, 12 Jul 2019 14:49:13 - urllib3.connectionpool - DEBUG - http://127.0.0.1:8888 "POST http://172.18.82.251:1240/summary?percentage=0.9&charLimit=1000 HTTP/1.1" 200 None
Fri, 12 Jul 2019 14:49:13 - urllib3.connectionpool - DEBUG - Starting new HTTP connection (1): 127.0.0.1:8888
Fri, 12 Jul 2019 14:49:13 - urllib3.connectionpool - DEBUG - http://127.0.0.1:8888 "POST http://172.18.82.251:1240/summary?percentage=1&charLimit=1000 HTTP/1.1" 200 None
Fri, 12 Jul 2019 14:49:13 - urllib3.connectionpool - DEBUG - Starting new HTTP connection (1): 127.0.0.1:8888
Fri, 12 Jul 2019 14:49:13 - urllib3.connectionpool - DEBUG - http://127.0.0.1:8888 "POST http://172.18.82.251:1240/summary?percentage=0.5 HTTP/1.1" 200 None
Fri, 12 Jul 2019 14:49:13 - urllib3.connectionpool - DEBUG - Starting new HTTP connection (1): 127.0.0.1:8888
Fri, 12 Jul 2019 14:49:13 - urllib3.connectionpool - DEBUG - http://127.0.0.1:8888 "POST http://172.18.82.251:1240/summary?percentage=0.5&charLimit=50 HTTP/1.1" 200 None
Fri, 12 Jul 2019 14:49:13 - urllib3.connectionpool - DEBUG - Starting new HTTP connection (1): 127.0.0.1:8888
Fri, 12 Jul 2019 14:49:13 - urllib3.connectionpool - DEBUG - http://127.0.0.1:8888 "POST http://172.18.82.251:1240/summary?percentage=0.5&charLimit=800 HTTP/1.1" 200 None
Fri, 12 Jul 2019 14:49:13 - urllib3.connectionpool - DEBUG - Starting new HTTP connection (1): 127.0.0.1:8888
Fri, 12 Jul 2019 14:49:13 - urllib3.connectionpool - DEBUG - http://127.0.0.1:8888 "POST http://172.18.82.251:1240/summary?percentage=0.5&charLimit=3000 HTTP/1.1" 200 None
Fri, 12 Jul 2019 14:49:13 - urllib3.connectionpool - DEBUG - Starting new HTTP connection (1): 127.0.0.1:8888
Fri, 12 Jul 2019 14:49:13 - urllib3.connectionpool - DEBUG - http://127.0.0.1:8888 "POST http://172.18.82.251:1240/summary?percentage=0.3&charLimit=600 HTTP/1.1" 200 None
Fri, 12 Jul 2019 14:49:13 - urllib3.connectionpool - DEBUG - Starting new HTTP connection (1): 127.0.0.1:8888
Fri, 12 Jul 2019 14:49:13 - urllib3.connectionpool - DEBUG - http://127.0.0.1:8888 "POST http://172.18.82.251:1240/summary?percentage=0.3&charLimit=600 HTTP/1.1" 200 None
Fri, 12 Jul 2019 14:49:13 - root - DEBUG - -----调试信息[debug]---test_summary_miss_content--
Fri, 12 Jul 2019 14:49:13 - urllib3.connectionpool - DEBUG - Starting new HTTP connection (1): 127.0.0.1:8888
Fri, 12 Jul 2019 14:49:13 - urllib3.connectionpool - DEBUG - http://127.0.0.1:8888 "POST http://172.18.82.251:1240/summary?percentage=0.3&charLimit=600 HTTP/1.1" 200 None
Fri, 12 Jul 2019 14:49:13 - root - DEBUG - -----调试信息[debug]---test_summary_no_article--
Fri, 12 Jul 2019 14:49:13 - urllib3.connectionpool - DEBUG - Starting new HTTP connection (1): 127.0.0.1:8888
Fri, 12 Jul 2019 14:49:13 - urllib3.connectionpool - DEBUG - http://127.0.0.1:8888 "POST http://172.18.82.251:1240/summary?percentage=0.3&charLimit=600 HTTP/1.1" 200 None
Fri, 12 Jul 2019 14:49:13 - root - DEBUG - -----调试信息[debug]---test_summary_multi_article--
Fri, 12 Jul 2019 14:49:13 - urllib3.connectionpool - DEBUG - Starting new HTTP connection (1): 127.0.0.1:8888
Fri, 12 Jul 2019 14:49:13 - urllib3.connectionpool - DEBUG - http://127.0.0.1:8888 "POST http://172.18.82.251:1240/summary?percentage=0.3&charLimit=600 HTTP/1.1" 200 None
Fri, 12 Jul 2019 14:49:13 - root - DEBUG - -----调试信息[debug]---test_summary_multi_article_miss_some_field--
Fri, 12 Jul 2019 14:49:13 - urllib3.connectionpool - DEBUG - Starting new HTTP connection (1): 127.0.0.1:8888
Fri, 12 Jul 2019 14:49:13 - urllib3.connectionpool - DEBUG - http://127.0.0.1:8888 "POST http://172.18.82.251:1240/summary?percentage=0.3&charLimit=600 HTTP/1.1" 200 None
Fri, 12 Jul 2019 14:49:13 - root - DEBUG - -----调试信息[debug]----article 0 has no title
Fri, 12 Jul 2019 14:49:13 - root - DEBUG - -----调试信息[debug]---test_summary_multi_article_miss_some_field--
Fri, 12 Jul 2019 14:49:13 - urllib3.connectionpool - DEBUG - Starting new HTTP connection (1): 127.0.0.1:8888
Fri, 12 Jul 2019 14:49:13 - urllib3.connectionpool - DEBUG - http://127.0.0.1:8888 "POST http://172.18.82.251:1240/summary?percentage=0.3&charLimit=600 HTTP/1.1" 200 None
Fri, 12 Jul 2019 14:49:13 - root - DEBUG - -----调试信息[debug]----article 1 has no title
Fri, 12 Jul 2019 14:49:13 - root - DEBUG - -----调试信息[debug]---test_summary_multi_article_miss_some_field--
Fri, 12 Jul 2019 14:49:13 - urllib3.connectionpool - DEBUG - Starting new HTTP connection (1): 127.0.0.1:8888
Fri, 12 Jul 2019 14:49:13 - urllib3.connectionpool - DEBUG - http://127.0.0.1:8888 "POST http://172.18.82.251:1240/summary?percentage=0.3&charLimit=600 HTTP/1.1" 200 None
Fri, 12 Jul 2019 14:49:13 - root - DEBUG - -----调试信息[debug]----article 1 has no content
Fri, 12 Jul 2019 14:49:13 - root - DEBUG - -----调试信息[debug]---test_summary_multi_article_miss_some_field--
Fri, 12 Jul 2019 14:49:13 - urllib3.connectionpool - DEBUG - Starting new HTTP connection (1): 127.0.0.1:8888
Fri, 12 Jul 2019 14:49:13 - urllib3.connectionpool - DEBUG - http://127.0.0.1:8888 "POST http://172.18.82.251:1240/summary?percentage=0.3&charLimit=600 HTTP/1.1" 200 None
Fri, 12 Jul 2019 14:49:13 - root - DEBUG - -----调试信息[debug]----article 0 has no title
Fri, 12 Jul 2019 14:50:05 - urllib3.connectionpool - DEBUG - Starting new HTTP connection (1): 127.0.0.1:8888
Fri, 12 Jul 2019 14:50:05 - urllib3.connectionpool - DEBUG - http://127.0.0.1:8888 "POST http://172.18.82.251:1240/summary?charLimit=1000 HTTP/1.1" 200 None
Fri, 12 Jul 2019 14:50:05 - urllib3.connectionpool - DEBUG - Starting new HTTP connection (1): 127.0.0.1:8888
Fri, 12 Jul 2019 14:50:05 - urllib3.connectionpool - DEBUG - http://127.0.0.1:8888 "POST http://172.18.82.251:1240/summary?percentage=0&charLimit=1000 HTTP/1.1" 200 None
Fri, 12 Jul 2019 14:50:05 - urllib3.connectionpool - DEBUG - Starting new HTTP connection (1): 127.0.0.1:8888
Fri, 12 Jul 2019 14:50:05 - urllib3.connectionpool - DEBUG - http://127.0.0.1:8888 "POST http://172.18.82.251:1240/summary?percentage=0.1&charLimit=1000 HTTP/1.1" 200 None
Fri, 12 Jul 2019 14:50:05 - urllib3.connectionpool - DEBUG - Starting new HTTP connection (1): 127.0.0.1:8888
Fri, 12 Jul 2019 14:50:06 - urllib3.connectionpool - DEBUG - http://127.0.0.1:8888 "POST http://172.18.82.251:1240/summary?percentage=0.5&charLimit=1000 HTTP/1.1" 200 None
Fri, 12 Jul 2019 14:50:06 - urllib3.connectionpool - DEBUG - Starting new HTTP connection (1): 127.0.0.1:8888
Fri, 12 Jul 2019 14:50:06 - urllib3.connectionpool - DEBUG - http://127.0.0.1:8888 "POST http://172.18.82.251:1240/summary?percentage=0.9&charLimit=1000 HTTP/1.1" 200 None
Fri, 12 Jul 2019 14:50:06 - urllib3.connectionpool - DEBUG - Starting new HTTP connection (1): 127.0.0.1:8888
Fri, 12 Jul 2019 14:50:06 - urllib3.connectionpool - DEBUG - http://127.0.0.1:8888 "POST http://172.18.82.251:1240/summary?percentage=1&charLimit=1000 HTTP/1.1" 200 None
Fri, 12 Jul 2019 14:50:06 - urllib3.connectionpool - DEBUG - Starting new HTTP connection (1): 127.0.0.1:8888
Fri, 12 Jul 2019 14:50:06 - urllib3.connectionpool - DEBUG - http://127.0.0.1:8888 "POST http://172.18.82.251:1240/summary?percentage=0.5 HTTP/1.1" 200 None
Fri, 12 Jul 2019 14:50:06 - urllib3.connectionpool - DEBUG - Starting new HTTP connection (1): 127.0.0.1:8888
Fri, 12 Jul 2019 14:50:06 - urllib3.connectionpool - DEBUG - http://127.0.0.1:8888 "POST http://172.18.82.251:1240/summary?percentage=0.5&charLimit=50 HTTP/1.1" 200 None
Fri, 12 Jul 2019 14:50:06 - urllib3.connectionpool - DEBUG - Starting new HTTP connection (1): 127.0.0.1:8888
Fri, 12 Jul 2019 14:50:06 - urllib3.connectionpool - DEBUG - http://127.0.0.1:8888 "POST http://172.18.82.251:1240/summary?percentage=0.5&charLimit=800 HTTP/1.1" 200 None
Fri, 12 Jul 2019 14:50:06 - urllib3.connectionpool - DEBUG - Starting new HTTP connection (1): 127.0.0.1:8888
Fri, 12 Jul 2019 14:50:06 - urllib3.connectionpool - DEBUG - http://127.0.0.1:8888 "POST http://172.18.82.251:1240/summary?percentage=0.5&charLimit=3000 HTTP/1.1" 200 None
Fri, 12 Jul 2019 14:50:06 - urllib3.connectionpool - DEBUG - Starting new HTTP connection (1): 127.0.0.1:8888
Fri, 12 Jul 2019 14:50:06 - urllib3.connectionpool - DEBUG - http://127.0.0.1:8888 "POST http://172.18.82.251:1240/summary?percentage=0.3&charLimit=600 HTTP/1.1" 200 None
Fri, 12 Jul 2019 14:50:06 - urllib3.connectionpool - DEBUG - Starting new HTTP connection (1): 127.0.0.1:8888
Fri, 12 Jul 2019 14:50:06 - urllib3.connectionpool - DEBUG - http://127.0.0.1:8888 "POST http://172.18.82.251:1240/summary?percentage=0.3&charLimit=600 HTTP/1.1" 200 None
Fri, 12 Jul 2019 14:50:06 - root - DEBUG - -----调试信息[debug]---test_summary_miss_content--
Fri, 12 Jul 2019 14:50:06 - urllib3.connectionpool - DEBUG - Starting new HTTP connection (1): 127.0.0.1:8888
Fri, 12 Jul 2019 14:50:06 - urllib3.connectionpool - DEBUG - http://127.0.0.1:8888 "POST http://172.18.82.251:1240/summary?percentage=0.3&charLimit=600 HTTP/1.1" 200 None
Fri, 12 Jul 2019 14:50:06 - root - DEBUG - -----调试信息[debug]---test_summary_no_article--
Fri, 12 Jul 2019 14:50:06 - urllib3.connectionpool - DEBUG - Starting new HTTP connection (1): 127.0.0.1:8888
Fri, 12 Jul 2019 14:50:06 - urllib3.connectionpool - DEBUG - http://127.0.0.1:8888 "POST http://172.18.82.251:1240/summary?percentage=0.3&charLimit=600 HTTP/1.1" 200 None
Fri, 12 Jul 2019 14:50:06 - root - DEBUG - -----调试信息[debug]---test_summary_multi_article--
Fri, 12 Jul 2019 14:50:06 - urllib3.connectionpool - DEBUG - Starting new HTTP connection (1): 127.0.0.1:8888
Fri, 12 Jul 2019 14:50:06 - urllib3.connectionpool - DEBUG - http://127.0.0.1:8888 "POST http://172.18.82.251:1240/summary?percentage=0.3&charLimit=600 HTTP/1.1" 200 None
Fri, 12 Jul 2019 14:50:06 - root - DEBUG - -----调试信息[debug]---test_summary_multi_article_miss_some_field--
Fri, 12 Jul 2019 14:50:06 - urllib3.connectionpool - DEBUG - Starting new HTTP connection (1): 127.0.0.1:8888
Fri, 12 Jul 2019 14:50:06 - urllib3.connectionpool - DEBUG - http://127.0.0.1:8888 "POST http://172.18.82.251:1240/summary?percentage=0.3&charLimit=600 HTTP/1.1" 200 None
Fri, 12 Jul 2019 14:50:06 - root - DEBUG - -----调试信息[debug]----article 0 has no title
Fri, 12 Jul 2019 14:50:06 - root - DEBUG - -----调试信息[debug]---test_summary_multi_article_miss_some_field--
Fri, 12 Jul 2019 14:50:06 - urllib3.connectionpool - DEBUG - Starting new HTTP connection (1): 127.0.0.1:8888
Fri, 12 Jul 2019 14:50:06 - urllib3.connectionpool - DEBUG - http://127.0.0.1:8888 "POST http://172.18.82.251:1240/summary?percentage=0.3&charLimit=600 HTTP/1.1" 200 None
Fri, 12 Jul 2019 14:50:06 - root - DEBUG - -----调试信息[debug]----article 1 has no title
Fri, 12 Jul 2019 14:50:06 - root - DEBUG - -----调试信息[debug]---test_summary_multi_article_miss_some_field--
Fri, 12 Jul 2019 14:50:06 - urllib3.connectionpool - DEBUG - Starting new HTTP connection (1): 127.0.0.1:8888
Fri, 12 Jul 2019 14:50:06 - urllib3.connectionpool - DEBUG - http://127.0.0.1:8888 "POST http://172.18.82.251:1240/summary?percentage=0.3&charLimit=600 HTTP/1.1" 200 None
Fri, 12 Jul 2019 14:50:06 - root - DEBUG - -----调试信息[debug]----article 1 has no content
Fri, 12 Jul 2019 14:50:06 - root - DEBUG - -----调试信息[debug]---test_summary_multi_article_miss_some_field--
Fri, 12 Jul 2019 14:50:06 - urllib3.connectionpool - DEBUG - Starting new HTTP connection (1): 127.0.0.1:8888
Fri, 12 Jul 2019 14:50:06 - urllib3.connectionpool - DEBUG - http://127.0.0.1:8888 "POST http://172.18.82.251:1240/summary?percentage=0.3&charLimit=600 HTTP/1.1" 200 None
Fri, 12 Jul 2019 14:50:06 - root - DEBUG - -----调试信息[debug]----article 0 has no title
Fri, 12 Jul 2019 14:50:38 - urllib3.connectionpool - DEBUG - Starting new HTTP connection (1): 127.0.0.1:8888
Fri, 12 Jul 2019 14:50:38 - urllib3.connectionpool - DEBUG - http://127.0.0.1:8888 "POST http://172.18.82.251:1240/summary?charLimit=1000 HTTP/1.1" 200 None
Fri, 12 Jul 2019 14:50:38 - urllib3.connectionpool - DEBUG - Starting new HTTP connection (1): 127.0.0.1:8888
Fri, 12 Jul 2019 14:50:38 - urllib3.connectionpool - DEBUG - http://127.0.0.1:8888 "POST http://172.18.82.251:1240/summary?percentage=0&charLimit=1000 HTTP/1.1" 200 None
Fri, 12 Jul 2019 14:50:38 - urllib3.connectionpool - DEBUG - Starting new HTTP connection (1): 127.0.0.1:8888
Fri, 12 Jul 2019 14:50:38 - urllib3.connectionpool - DEBUG - http://127.0.0.1:8888 "POST http://172.18.82.251:1240/summary?percentage=0.1&charLimit=1000 HTTP/1.1" 200 None
Fri, 12 Jul 2019 14:50:38 - urllib3.connectionpool - DEBUG - Starting new HTTP connection (1): 127.0.0.1:8888
Fri, 12 Jul 2019 14:50:38 - urllib3.connectionpool - DEBUG - http://127.0.0.1:8888 "POST http://172.18.82.251:1240/summary?percentage=0.5&charLimit=1000 HTTP/1.1" 200 None
Fri, 12 Jul 2019 14:50:38 - urllib3.connectionpool - DEBUG - Starting new HTTP connection (1): 127.0.0.1:8888
Fri, 12 Jul 2019 14:50:38 - urllib3.connectionpool - DEBUG - http://127.0.0.1:8888 "POST http://172.18.82.251:1240/summary?percentage=0.9&charLimit=1000 HTTP/1.1" 200 None
Fri, 12 Jul 2019 14:50:38 - urllib3.connectionpool - DEBUG - Starting new HTTP connection (1): 127.0.0.1:8888
Fri, 12 Jul 2019 14:50:38 - urllib3.connectionpool - DEBUG - http://127.0.0.1:8888 "POST http://172.18.82.251:1240/summary?percentage=1&charLimit=1000 HTTP/1.1" 200 None
Fri, 12 Jul 2019 14:50:38 - urllib3.connectionpool - DEBUG - Starting new HTTP connection (1): 127.0.0.1:8888
Fri, 12 Jul 2019 14:50:38 - urllib3.connectionpool - DEBUG - http://127.0.0.1:8888 "POST http://172.18.82.251:1240/summary?percentage=0.5 HTTP/1.1" 200 None
Fri, 12 Jul 2019 14:50:38 - urllib3.connectionpool - DEBUG - Starting new HTTP connection (1): 127.0.0.1:8888
Fri, 12 Jul 2019 14:50:38 - urllib3.connectionpool - DEBUG - http://127.0.0.1:8888 "POST http://172.18.82.251:1240/summary?percentage=0.5&charLimit=50 HTTP/1.1" 200 None
Fri, 12 Jul 2019 14:50:38 - urllib3.connectionpool - DEBUG - Starting new HTTP connection (1): 127.0.0.1:8888
Fri, 12 Jul 2019 14:50:39 - urllib3.connectionpool - DEBUG - http://127.0.0.1:8888 "POST http://172.18.82.251:1240/summary?percentage=0.5&charLimit=800 HTTP/1.1" 200 None
Fri, 12 Jul 2019 14:50:39 - urllib3.connectionpool - DEBUG - Starting new HTTP connection (1): 127.0.0.1:8888
Fri, 12 Jul 2019 14:50:39 - urllib3.connectionpool - DEBUG - http://127.0.0.1:8888 "POST http://172.18.82.251:1240/summary?percentage=0.5&charLimit=3000 HTTP/1.1" 200 None
Fri, 12 Jul 2019 14:50:39 - urllib3.connectionpool - DEBUG - Starting new HTTP connection (1): 127.0.0.1:8888
Fri, 12 Jul 2019 14:50:39 - urllib3.connectionpool - DEBUG - http://127.0.0.1:8888 "POST http://172.18.82.251:1240/summary?percentage=0.3&charLimit=600 HTTP/1.1" 200 None
Fri, 12 Jul 2019 14:50:39 - urllib3.connectionpool - DEBUG - Starting new HTTP connection (1): 127.0.0.1:8888
Fri, 12 Jul 2019 14:50:39 - urllib3.connectionpool - DEBUG - http://127.0.0.1:8888 "POST http://172.18.82.251:1240/summary?percentage=0.3&charLimit=600 HTTP/1.1" 200 None
Fri, 12 Jul 2019 14:50:39 - root - DEBUG - -----调试信息[debug]---test_summary_miss_content--
Fri, 12 Jul 2019 14:50:39 - urllib3.connectionpool - DEBUG - Starting new HTTP connection (1): 127.0.0.1:8888
Fri, 12 Jul 2019 14:50:39 - urllib3.connectionpool - DEBUG - http://127.0.0.1:8888 "POST http://172.18.82.251:1240/summary?percentage=0.3&charLimit=600 HTTP/1.1" 200 None
Fri, 12 Jul 2019 14:50:39 - root - DEBUG - -----调试信息[debug]---test_summary_no_article--
Fri, 12 Jul 2019 14:50:39 - urllib3.connectionpool - DEBUG - Starting new HTTP connection (1): 127.0.0.1:8888
Fri, 12 Jul 2019 14:50:39 - urllib3.connectionpool - DEBUG - http://127.0.0.1:8888 "POST http://172.18.82.251:1240/summary?percentage=0.3&charLimit=600 HTTP/1.1" 200 None
Fri, 12 Jul 2019 14:50:39 - root - DEBUG - -----调试信息[debug]---test_summary_multi_article--
Fri, 12 Jul 2019 14:50:39 - urllib3.connectionpool - DEBUG - Starting new HTTP connection (1): 127.0.0.1:8888
Fri, 12 Jul 2019 14:50:39 - urllib3.connectionpool - DEBUG - http://127.0.0.1:8888 "POST http://172.18.82.251:1240/summary?percentage=0.3&charLimit=600 HTTP/1.1" 200 None
Fri, 12 Jul 2019 14:50:39 - root - DEBUG - -----调试信息[debug]---test_summary_multi_article_miss_some_field--
Fri, 12 Jul 2019 14:50:39 - urllib3.connectionpool - DEBUG - Starting new HTTP connection (1): 127.0.0.1:8888
Fri, 12 Jul 2019 14:50:39 - urllib3.connectionpool - DEBUG - http://127.0.0.1:8888 "POST http://172.18.82.251:1240/summary?percentage=0.3&charLimit=600 HTTP/1.1" 200 None
Fri, 12 Jul 2019 14:50:39 - root - DEBUG - -----调试信息[debug]----article 0 has no title
Fri, 12 Jul 2019 14:50:39 - root - DEBUG - -----调试信息[debug]---test_summary_multi_article_miss_some_field--
Fri, 12 Jul 2019 14:50:39 - urllib3.connectionpool - DEBUG - Starting new HTTP connection (1): 127.0.0.1:8888
Fri, 12 Jul 2019 14:50:39 - urllib3.connectionpool - DEBUG - http://127.0.0.1:8888 "POST http://172.18.82.251:1240/summary?percentage=0.3&charLimit=600 HTTP/1.1" 200 None
Fri, 12 Jul 2019 14:50:39 - root - DEBUG - -----调试信息[debug]----article 1 has no title
Fri, 12 Jul 2019 14:50:39 - root - DEBUG - -----调试信息[debug]---test_summary_multi_article_miss_some_field--
Fri, 12 Jul 2019 14:50:39 - urllib3.connectionpool - DEBUG - Starting new HTTP connection (1): 127.0.0.1:8888
Fri, 12 Jul 2019 14:50:39 - urllib3.connectionpool - DEBUG - http://127.0.0.1:8888 "POST http://172.18.82.251:1240/summary?percentage=0.3&charLimit=600 HTTP/1.1" 200 None
Fri, 12 Jul 2019 14:50:39 - root - DEBUG - -----调试信息[debug]----article 1 has no content
Fri, 12 Jul 2019 14:50:39 - root - DEBUG - -----调试信息[debug]---test_summary_multi_article_miss_some_field--
Fri, 12 Jul 2019 14:50:39 - urllib3.connectionpool - DEBUG - Starting new HTTP connection (1): 127.0.0.1:8888
Fri, 12 Jul 2019 14:50:39 - urllib3.connectionpool - DEBUG - http://127.0.0.1:8888 "POST http://172.18.82.251:1240/summary?percentage=0.3&charLimit=600 HTTP/1.1" 200 None
Fri, 12 Jul 2019 14:50:39 - root - DEBUG - -----调试信息[debug]----article 0 has no title
Fri, 12 Jul 2019 15:53:25 - urllib3.connectionpool - DEBUG - Starting new HTTP connection (1): 127.0.0.1:8888
Fri, 12 Jul 2019 15:53:26 - urllib3.connectionpool - DEBUG - http://127.0.0.1:8888 "POST http://172.18.82.251:1240/sentiment?domain=content HTTP/1.1" 200 None
Fri, 12 Jul 2019 15:53:26 - urllib3.connectionpool - DEBUG - Starting new HTTP connection (1): 127.0.0.1:8888
Fri, 12 Jul 2019 15:53:26 - urllib3.connectionpool - DEBUG - http://127.0.0.1:8888 "POST http://172.18.82.251:1240/sentiment?domain=content HTTP/1.1" 200 None
Fri, 12 Jul 2019 15:53:26 - urllib3.connectionpool - DEBUG - Starting new HTTP connection (1): 127.0.0.1:8888
Fri, 12 Jul 2019 15:53:26 - urllib3.connectionpool - DEBUG - http://127.0.0.1:8888 "POST http://172.18.82.251:1240/sentiment?domain=content HTTP/1.1" 200 None
Fri, 12 Jul 2019 15:53:26 - urllib3.connectionpool - DEBUG - Starting new HTTP connection (1): 127.0.0.1:8888
Fri, 12 Jul 2019 15:53:26 - urllib3.connectionpool - DEBUG - http://127.0.0.1:8888 "POST http://172.18.82.251:1240/sentiment?domain=content HTTP/1.1" 200 None
Fri, 12 Jul 2019 15:53:26 - urllib3.connectionpool - DEBUG - Starting new HTTP connection (1): 127.0.0.1:8888
Fri, 12 Jul 2019 15:53:27 - urllib3.connectionpool - DEBUG - http://127.0.0.1:8888 "POST http://172.18.82.251:1240/sentiment?domain=content HTTP/1.1" 200 None
Fri, 12 Jul 2019 15:53:27 - urllib3.connectionpool - DEBUG - Starting new HTTP connection (1): 127.0.0.1:8888
Fri, 12 Jul 2019 15:53:27 - urllib3.connectionpool - DEBUG - http://127.0.0.1:8888 "POST http://172.18.82.251:1240/sentiment?domain=content HTTP/1.1" 200 None
Fri, 12 Jul 2019 15:53:27 - urllib3.connectionpool - DEBUG - Starting new HTTP connection (1): 127.0.0.1:8888
Fri, 12 Jul 2019 15:53:27 - urllib3.connectionpool - DEBUG - http://127.0.0.1:8888 "POST http://172.18.82.251:1240/sentiment?domain=content HTTP/1.1" 200 None
Fri, 12 Jul 2019 15:53:27 - urllib3.connectionpool - DEBUG - Starting new HTTP connection (1): 127.0.0.1:8888
Fri, 12 Jul 2019 15:53:27 - urllib3.connectionpool - DEBUG - http://127.0.0.1:8888 "POST http://172.18.82.251:1240/summary?charLimit=1000 HTTP/1.1" 200 None
Fri, 12 Jul 2019 15:53:27 - urllib3.connectionpool - DEBUG - Starting new HTTP connection (1): 127.0.0.1:8888
Fri, 12 Jul 2019 15:53:27 - urllib3.connectionpool - DEBUG - http://127.0.0.1:8888 "POST http://172.18.82.251:1240/summary?percentage=0&charLimit=1000 HTTP/1.1" 200 None
Fri, 12 Jul 2019 15:53:27 - urllib3.connectionpool - DEBUG - Starting new HTTP connection (1): 127.0.0.1:8888
Fri, 12 Jul 2019 15:53:27 - urllib3.connectionpool - DEBUG - http://127.0.0.1:8888 "POST http://172.18.82.251:1240/summary?percentage=0.1&charLimit=1000 HTTP/1.1" 200 None
Fri, 12 Jul 2019 15:53:27 - urllib3.connectionpool - DEBUG - Starting new HTTP connection (1): 127.0.0.1:8888
Fri, 12 Jul 2019 15:53:27 - urllib3.connectionpool - DEBUG - http://127.0.0.1:8888 "POST http://172.18.82.251:1240/summary?percentage=0.5&charLimit=1000 HTTP/1.1" 200 None
Fri, 12 Jul 2019 15:53:27 - urllib3.connectionpool - DEBUG - Starting new HTTP connection (1): 127.0.0.1:8888
Fri, 12 Jul 2019 15:53:27 - urllib3.connectionpool - DEBUG - http://127.0.0.1:8888 "POST http://172.18.82.251:1240/summary?percentage=0.9&charLimit=1000 HTTP/1.1" 200 None
Fri, 12 Jul 2019 15:53:27 - urllib3.connectionpool - DEBUG - Starting new HTTP connection (1): 127.0.0.1:8888
Fri, 12 Jul 2019 15:53:28 - urllib3.connectionpool - DEBUG - http://127.0.0.1:8888 "POST http://172.18.82.251:1240/summary?percentage=1&charLimit=1000 HTTP/1.1" 200 None
Fri, 12 Jul 2019 15:53:28 - urllib3.connectionpool - DEBUG - Starting new HTTP connection (1): 127.0.0.1:8888
Fri, 12 Jul 2019 15:53:28 - urllib3.connectionpool - DEBUG - http://127.0.0.1:8888 "POST http://172.18.82.251:1240/summary?percentage=0.5 HTTP/1.1" 200 None
Fri, 12 Jul 2019 15:53:28 - urllib3.connectionpool - DEBUG - Starting new HTTP connection (1): 127.0.0.1:8888
Fri, 12 Jul 2019 15:53:28 - urllib3.connectionpool - DEBUG - http://127.0.0.1:8888 "POST http://172.18.82.251:1240/summary?percentage=0.5&charLimit=50 HTTP/1.1" 200 None
Fri, 12 Jul 2019 15:53:28 - urllib3.connectionpool - DEBUG - Starting new HTTP connection (1): 127.0.0.1:8888
Fri, 12 Jul 2019 15:53:28 - urllib3.connectionpool - DEBUG - http://127.0.0.1:8888 "POST http://172.18.82.251:1240/summary?percentage=0.5&charLimit=800 HTTP/1.1" 200 None
Fri, 12 Jul 2019 15:53:28 - urllib3.connectionpool - DEBUG - Starting new HTTP connection (1): 127.0.0.1:8888
Fri, 12 Jul 2019 15:53:28 - urllib3.connectionpool - DEBUG - http://127.0.0.1:8888 "POST http://172.18.82.251:1240/summary?percentage=0.5&charLimit=3000 HTTP/1.1" 200 None
Fri, 12 Jul 2019 15:53:28 - urllib3.connectionpool - DEBUG - Starting new HTTP connection (1): 127.0.0.1:8888
Fri, 12 Jul 2019 15:53:28 - urllib3.connectionpool - DEBUG - http://127.0.0.1:8888 "POST http://172.18.82.251:1240/summary?percentage=0.3&charLimit=600 HTTP/1.1" 200 None
Fri, 12 Jul 2019 15:53:28 - urllib3.connectionpool - DEBUG - Starting new HTTP connection (1): 127.0.0.1:8888
Fri, 12 Jul 2019 15:53:28 - urllib3.connectionpool - DEBUG - http://127.0.0.1:8888 "POST http://172.18.82.251:1240/summary?percentage=0.3&charLimit=600 HTTP/1.1" 200 None
Fri, 12 Jul 2019 15:53:28 - root - DEBUG - -----调试信息[debug]---test_summary_miss_content--
Fri, 12 Jul 2019 15:53:28 - urllib3.connectionpool - DEBUG - Starting new HTTP connection (1): 127.0.0.1:8888
Fri, 12 Jul 2019 15:53:28 - urllib3.connectionpool - DEBUG - http://127.0.0.1:8888 "POST http://172.18.82.251:1240/summary?percentage=0.3&charLimit=600 HTTP/1.1" 200 None
Fri, 12 Jul 2019 15:53:28 - root - DEBUG - -----调试信息[debug]---test_summary_no_article--
Fri, 12 Jul 2019 15:53:28 - urllib3.connectionpool - DEBUG - Starting new HTTP connection (1): 127.0.0.1:8888
Fri, 12 Jul 2019 15:53:28 - urllib3.connectionpool - DEBUG - http://127.0.0.1:8888 "POST http://172.18.82.251:1240/summary?percentage=0.3&charLimit=600 HTTP/1.1" 200 None
Fri, 12 Jul 2019 15:53:28 - root - DEBUG - -----调试信息[debug]---test_summary_multi_article--
Fri, 12 Jul 2019 15:53:28 - urllib3.connectionpool - DEBUG - Starting new HTTP connection (1): 127.0.0.1:8888
Fri, 12 Jul 2019 15:53:28 - urllib3.connectionpool - DEBUG - http://127.0.0.1:8888 "POST http://172.18.82.251:1240/summary?percentage=0.3&charLimit=600 HTTP/1.1" 200 None
Fri, 12 Jul 2019 15:53:28 - root - DEBUG - -----调试信息[debug]---test_summary_multi_article_miss_some_field--
Fri, 12 Jul 2019 15:53:28 - urllib3.connectionpool - DEBUG - Starting new HTTP connection (1): 127.0.0.1:8888
Fri, 12 Jul 2019 15:53:28 - urllib3.connectionpool - DEBUG - http://127.0.0.1:8888 "POST http://172.18.82.251:1240/summary?percentage=0.3&charLimit=600 HTTP/1.1" 200 None
Fri, 12 Jul 2019 15:53:28 - root - DEBUG - -----调试信息[debug]----article 0 has no title
Fri, 12 Jul 2019 15:53:28 - root - DEBUG - -----调试信息[debug]---test_summary_multi_article_miss_some_field--
Fri, 12 Jul 2019 15:53:28 - urllib3.connectionpool - DEBUG - Starting new HTTP connection (1): 127.0.0.1:8888
Fri, 12 Jul 2019 15:53:28 - urllib3.connectionpool - DEBUG - http://127.0.0.1:8888 "POST http://172.18.82.251:1240/summary?percentage=0.3&charLimit=600 HTTP/1.1" 200 None
Fri, 12 Jul 2019 15:53:28 - root - DEBUG - -----调试信息[debug]----article 1 has no title
Fri, 12 Jul 2019 15:53:28 - root - DEBUG - -----调试信息[debug]---test_summary_multi_article_miss_some_field--
Fri, 12 Jul 2019 15:53:28 - urllib3.connectionpool - DEBUG - Starting new HTTP connection (1): 127.0.0.1:8888
Fri, 12 Jul 2019 15:53:28 - urllib3.connectionpool - DEBUG - http://127.0.0.1:8888 "POST http://172.18.82.251:1240/summary?percentage=0.3&charLimit=600 HTTP/1.1" 200 None
Fri, 12 Jul 2019 15:53:28 - root - DEBUG - -----调试信息[debug]----article 1 has no content
Fri, 12 Jul 2019 15:53:28 - root - DEBUG - -----调试信息[debug]---test_summary_multi_article_miss_some_field--
Fri, 12 Jul 2019 15:53:28 - urllib3.connectionpool - DEBUG - Starting new HTTP connection (1): 127.0.0.1:8888
Fri, 12 Jul 2019 15:53:28 - urllib3.connectionpool - DEBUG - http://127.0.0.1:8888 "POST http://172.18.82.251:1240/summary?percentage=0.3&charLimit=600 HTTP/1.1" 200 None
Fri, 12 Jul 2019 15:53:28 - root - DEBUG - -----调试信息[debug]----article 0 has no title
Fri, 12 Jul 2019 15:54:27 - urllib3.connectionpool - DEBUG - Starting new HTTP connection (1): 127.0.0.1:8888
Fri, 12 Jul 2019 15:54:27 - urllib3.connectionpool - DEBUG - http://127.0.0.1:8888 "POST http://172.18.82.251:1240/sentiment?domain=content HTTP/1.1" 200 None
Fri, 12 Jul 2019 15:54:27 - urllib3.connectionpool - DEBUG - Starting new HTTP connection (1): 127.0.0.1:8888
Fri, 12 Jul 2019 15:54:27 - urllib3.connectionpool - DEBUG - http://127.0.0.1:8888 "POST http://172.18.82.251:1240/sentiment?domain=content HTTP/1.1" 200 None
Fri, 12 Jul 2019 15:54:27 - urllib3.connectionpool - DEBUG - Starting new HTTP connection (1): 127.0.0.1:8888
Fri, 12 Jul 2019 15:54:27 - urllib3.connectionpool - DEBUG - http://127.0.0.1:8888 "POST http://172.18.82.251:1240/sentiment?domain=content HTTP/1.1" 200 None
Fri, 12 Jul 2019 15:54:27 - urllib3.connectionpool - DEBUG - Starting new HTTP connection (1): 127.0.0.1:8888
Fri, 12 Jul 2019 15:54:28 - urllib3.connectionpool - DEBUG - http://127.0.0.1:8888 "POST http://172.18.82.251:1240/sentiment?domain=content HTTP/1.1" 200 None
Fri, 12 Jul 2019 15:54:28 - urllib3.connectionpool - DEBUG - Starting new HTTP connection (1): 127.0.0.1:8888
Fri, 12 Jul 2019 15:54:28 - urllib3.connectionpool - DEBUG - http://127.0.0.1:8888 "POST http://172.18.82.251:1240/sentiment?domain=content HTTP/1.1" 200 None
Fri, 12 Jul 2019 15:54:28 - urllib3.connectionpool - DEBUG - Starting new HTTP connection (1): 127.0.0.1:8888
Fri, 12 Jul 2019 15:54:28 - urllib3.connectionpool - DEBUG - http://127.0.0.1:8888 "POST http://172.18.82.251:1240/sentiment?domain=content HTTP/1.1" 200 None
Fri, 12 Jul 2019 15:54:28 - urllib3.connectionpool - DEBUG - Starting new HTTP connection (1): 127.0.0.1:8888
Fri, 12 Jul 2019 15:54:28 - urllib3.connectionpool - DEBUG - http://127.0.0.1:8888 "POST http://172.18.82.251:1240/sentiment?domain=content HTTP/1.1" 200 None
Fri, 12 Jul 2019 16:25:42 - urllib3.connectionpool - DEBUG - Starting new HTTP connection (1): 127.0.0.1:8888
Fri, 12 Jul 2019 16:25:42 - urllib3.connectionpool - DEBUG - http://127.0.0.1:8888 "POST http://172.18.82.251:1240/summary?charLimit=1000 HTTP/1.1" 200 None
Fri, 12 Jul 2019 16:25:42 - urllib3.connectionpool - DEBUG - Starting new HTTP connection (1): 127.0.0.1:8888
Fri, 12 Jul 2019 16:25:42 - urllib3.connectionpool - DEBUG - http://127.0.0.1:8888 "POST http://172.18.82.251:1240/summary?percentage=0&charLimit=1000 HTTP/1.1" 200 None
Fri, 12 Jul 2019 16:25:42 - urllib3.connectionpool - DEBUG - Starting new HTTP connection (1): 127.0.0.1:8888
Fri, 12 Jul 2019 16:25:43 - urllib3.connectionpool - DEBUG - http://127.0.0.1:8888 "POST http://172.18.82.251:1240/summary?percentage=0.1&charLimit=1000 HTTP/1.1" 200 None
Fri, 12 Jul 2019 16:25:43 - urllib3.connectionpool - DEBUG - Starting new HTTP connection (1): 127.0.0.1:8888
Fri, 12 Jul 2019 16:25:43 - urllib3.connectionpool - DEBUG - http://127.0.0.1:8888 "POST http://172.18.82.251:1240/summary?percentage=0.5&charLimit=1000 HTTP/1.1" 200 None
Fri, 12 Jul 2019 16:25:43 - urllib3.connectionpool - DEBUG - Starting new HTTP connection (1): 127.0.0.1:8888
Fri, 12 Jul 2019 16:25:43 - urllib3.connectionpool - DEBUG - http://127.0.0.1:8888 "POST http://172.18.82.251:1240/summary?percentage=0.9&charLimit=1000 HTTP/1.1" 200 None
Fri, 12 Jul 2019 16:25:43 - urllib3.connectionpool - DEBUG - Starting new HTTP connection (1): 127.0.0.1:8888
Fri, 12 Jul 2019 16:25:43 - urllib3.connectionpool - DEBUG - http://127.0.0.1:8888 "POST http://172.18.82.251:1240/summary?percentage=1&charLimit=1000 HTTP/1.1" 200 None
Fri, 12 Jul 2019 16:25:43 - urllib3.connectionpool - DEBUG - Starting new HTTP connection (1): 127.0.0.1:8888
Fri, 12 Jul 2019 16:25:43 - urllib3.connectionpool - DEBUG - http://127.0.0.1:8888 "POST http://172.18.82.251:1240/summary?percentage=0.5 HTTP/1.1" 200 None
Fri, 12 Jul 2019 16:25:43 - urllib3.connectionpool - DEBUG - Starting new HTTP connection (1): 127.0.0.1:8888
Fri, 12 Jul 2019 16:25:43 - urllib3.connectionpool - DEBUG - http://127.0.0.1:8888 "POST http://172.18.82.251:1240/summary?percentage=0.5&charLimit=50 HTTP/1.1" 200 None
Fri, 12 Jul 2019 16:25:43 - urllib3.connectionpool - DEBUG - Starting new HTTP connection (1): 127.0.0.1:8888
Fri, 12 Jul 2019 16:25:43 - urllib3.connectionpool - DEBUG - http://127.0.0.1:8888 "POST http://172.18.82.251:1240/summary?percentage=0.5&charLimit=800 HTTP/1.1" 200 None
Fri, 12 Jul 2019 16:25:43 - urllib3.connectionpool - DEBUG - Starting new HTTP connection (1): 127.0.0.1:8888
Fri, 12 Jul 2019 16:25:43 - urllib3.connectionpool - DEBUG - http://127.0.0.1:8888 "POST http://172.18.82.251:1240/summary?percentage=0.5&charLimit=3000 HTTP/1.1" 200 None
Fri, 12 Jul 2019 16:25:43 - urllib3.connectionpool - DEBUG - Starting new HTTP connection (1): 127.0.0.1:8888
Fri, 12 Jul 2019 16:25:43 - urllib3.connectionpool - DEBUG - http://127.0.0.1:8888 "POST http://172.18.82.251:1240/summary?percentage=0.3&charLimit=600 HTTP/1.1" 200 None
Fri, 12 Jul 2019 16:25:43 - urllib3.connectionpool - DEBUG - Starting new HTTP connection (1): 127.0.0.1:8888
Fri, 12 Jul 2019 16:25:43 - urllib3.connectionpool - DEBUG - http://127.0.0.1:8888 "POST http://172.18.82.251:1240/summary?percentage=0.3&charLimit=600 HTTP/1.1" 200 None
Fri, 12 Jul 2019 16:25:43 - root - DEBUG - -----调试信息[debug]---test_summary_miss_content--
Fri, 12 Jul 2019 16:25:43 - urllib3.connectionpool - DEBUG - Starting new HTTP connection (1): 127.0.0.1:8888
Fri, 12 Jul 2019 16:25:43 - urllib3.connectionpool - DEBUG - http://127.0.0.1:8888 "POST http://172.18.82.251:1240/summary?percentage=0.3&charLimit=600 HTTP/1.1" 200 None
Fri, 12 Jul 2019 16:25:43 - root - DEBUG - -----调试信息[debug]---test_summary_no_article--
Fri, 12 Jul 2019 16:25:43 - urllib3.connectionpool - DEBUG - Starting new HTTP connection (1): 127.0.0.1:8888
Fri, 12 Jul 2019 16:25:43 - urllib3.connectionpool - DEBUG - http://127.0.0.1:8888 "POST http://172.18.82.251:1240/summary?percentage=0.3&charLimit=600 HTTP/1.1" 200 None
Fri, 12 Jul 2019 16:25:43 - root - DEBUG - -----调试信息[debug]---test_summary_multi_article--
Fri, 12 Jul 2019 16:25:43 - urllib3.connectionpool - DEBUG - Starting new HTTP connection (1): 127.0.0.1:8888
Fri, 12 Jul 2019 16:25:43 - urllib3.connectionpool - DEBUG - http://127.0.0.1:8888 "POST http://172.18.82.251:1240/summary?percentage=0.3&charLimit=600 HTTP/1.1" 200 None
Fri, 12 Jul 2019 16:25:43 - root - DEBUG - -----调试信息[debug]---test_summary_multi_article_miss_some_field--
Fri, 12 Jul 2019 16:25:43 - urllib3.connectionpool - DEBUG - Starting new HTTP connection (1): 127.0.0.1:8888
Fri, 12 Jul 2019 16:25:43 - urllib3.connectionpool - DEBUG - http://127.0.0.1:8888 "POST http://172.18.82.251:1240/summary?percentage=0.3&charLimit=600 HTTP/1.1" 200 None
Fri, 12 Jul 2019 16:25:43 - root - DEBUG - -----调试信息[debug]----article 0 has no title
Fri, 12 Jul 2019 16:25:43 - root - DEBUG - -----调试信息[debug]---test_summary_multi_article_miss_some_field--
Fri, 12 Jul 2019 16:25:43 - urllib3.connectionpool - DEBUG - Starting new HTTP connection (1): 127.0.0.1:8888
Fri, 12 Jul 2019 16:25:43 - urllib3.connectionpool - DEBUG - http://127.0.0.1:8888 "POST http://172.18.82.251:1240/summary?percentage=0.3&charLimit=600 HTTP/1.1" 200 None
Fri, 12 Jul 2019 16:25:43 - root - DEBUG - -----调试信息[debug]----article 1 has no title
Fri, 12 Jul 2019 16:25:43 - root - DEBUG - -----调试信息[debug]---test_summary_multi_article_miss_some_field--
Fri, 12 Jul 2019 16:25:43 - urllib3.connectionpool - DEBUG - Starting new HTTP connection (1): 127.0.0.1:8888
Fri, 12 Jul 2019 16:25:43 - urllib3.connectionpool - DEBUG - http://127.0.0.1:8888 "POST http://172.18.82.251:1240/summary?percentage=0.3&charLimit=600 HTTP/1.1" 200 None
Fri, 12 Jul 2019 16:25:43 - root - DEBUG - -----调试信息[debug]----article 1 has no content
Fri, 12 Jul 2019 16:25:43 - root - DEBUG - -----调试信息[debug]---test_summary_multi_article_miss_some_field--
Fri, 12 Jul 2019 16:25:43 - urllib3.connectionpool - DEBUG - Starting new HTTP connection (1): 127.0.0.1:8888
Fri, 12 Jul 2019 16:25:43 - urllib3.connectionpool - DEBUG - http://127.0.0.1:8888 "POST http://172.18.82.251:1240/summary?percentage=0.3&charLimit=600 HTTP/1.1" 200 None
Fri, 12 Jul 2019 16:25:43 - root - DEBUG - -----调试信息[debug]----article 0 has no title
Fri, 12 Jul 2019 16:25:58 - urllib3.connectionpool - DEBUG - Starting new HTTP connection (1): 127.0.0.1:8888
Fri, 12 Jul 2019 16:25:58 - urllib3.connectionpool - DEBUG - http://127.0.0.1:8888 "POST http://172.18.82.251:1240/summary?charLimit=1000 HTTP/1.1" 200 None
Fri, 12 Jul 2019 16:25:58 - urllib3.connectionpool - DEBUG - Starting new HTTP connection (1): 127.0.0.1:8888
Fri, 12 Jul 2019 16:25:58 - urllib3.connectionpool - DEBUG - http://127.0.0.1:8888 "POST http://172.18.82.251:1240/summary?percentage=0&charLimit=1000 HTTP/1.1" 200 None
Fri, 12 Jul 2019 16:25:58 - urllib3.connectionpool - DEBUG - Starting new HTTP connection (1): 127.0.0.1:8888
Fri, 12 Jul 2019 16:25:58 - urllib3.connectionpool - DEBUG - http://127.0.0.1:8888 "POST http://172.18.82.251:1240/summary?percentage=0.1&charLimit=1000 HTTP/1.1" 200 None
Fri, 12 Jul 2019 16:25:58 - urllib3.connectionpool - DEBUG - Starting new HTTP connection (1): 127.0.0.1:8888
Fri, 12 Jul 2019 16:25:59 - urllib3.connectionpool - DEBUG - http://127.0.0.1:8888 "POST http://172.18.82.251:1240/summary?percentage=0.5&charLimit=1000 HTTP/1.1" 200 None
Fri, 12 Jul 2019 16:25:59 - urllib3.connectionpool - DEBUG - Starting new HTTP connection (1): 127.0.0.1:8888
Fri, 12 Jul 2019 16:25:59 - urllib3.connectionpool - DEBUG - http://127.0.0.1:8888 "POST http://172.18.82.251:1240/summary?percentage=0.9&charLimit=1000 HTTP/1.1" 200 None
Fri, 12 Jul 2019 16:25:59 - urllib3.connectionpool - DEBUG - Starting new HTTP connection (1): 127.0.0.1:8888
Fri, 12 Jul 2019 16:25:59 - urllib3.connectionpool - DEBUG - http://127.0.0.1:8888 "POST http://172.18.82.251:1240/summary?percentage=1&charLimit=1000 HTTP/1.1" 200 None
Fri, 12 Jul 2019 16:25:59 - urllib3.connectionpool - DEBUG - Starting new HTTP connection (1): 127.0.0.1:8888
Fri, 12 Jul 2019 16:25:59 - urllib3.connectionpool - DEBUG - http://127.0.0.1:8888 "POST http://172.18.82.251:1240/summary?percentage=0.5 HTTP/1.1" 200 None
Fri, 12 Jul 2019 16:25:59 - urllib3.connectionpool - DEBUG - Starting new HTTP connection (1): 127.0.0.1:8888
Fri, 12 Jul 2019 16:25:59 - urllib3.connectionpool - DEBUG - http://127.0.0.1:8888 "POST http://172.18.82.251:1240/summary?percentage=0.5&charLimit=50 HTTP/1.1" 200 None
Fri, 12 Jul 2019 16:25:59 - urllib3.connectionpool - DEBUG - Starting new HTTP connection (1): 127.0.0.1:8888
Fri, 12 Jul 2019 16:25:59 - urllib3.connectionpool - DEBUG - http://127.0.0.1:8888 "POST http://172.18.82.251:1240/summary?percentage=0.5&charLimit=800 HTTP/1.1" 200 None
Fri, 12 Jul 2019 16:25:59 - urllib3.connectionpool - DEBUG - Starting new HTTP connection (1): 127.0.0.1:8888
Fri, 12 Jul 2019 16:25:59 - urllib3.connectionpool - DEBUG - http://127.0.0.1:8888 "POST http://172.18.82.251:1240/summary?percentage=0.5&charLimit=3000 HTTP/1.1" 200 None
Fri, 12 Jul 2019 16:25:59 - urllib3.connectionpool - DEBUG - Starting new HTTP connection (1): 127.0.0.1:8888
Fri, 12 Jul 2019 16:25:59 - urllib3.connectionpool - DEBUG - http://127.0.0.1:8888 "POST http://172.18.82.251:1240/summary?percentage=0.3&charLimit=600 HTTP/1.1" 200 None
Fri, 12 Jul 2019 16:25:59 - urllib3.connectionpool - DEBUG - Starting new HTTP connection (1): 127.0.0.1:8888
Fri, 12 Jul 2019 16:25:59 - urllib3.connectionpool - DEBUG - http://127.0.0.1:8888 "POST http://172.18.82.251:1240/summary?percentage=0.3&charLimit=600 HTTP/1.1" 200 None
Fri, 12 Jul 2019 16:25:59 - root - DEBUG - -----调试信息[debug]---test_summary_miss_content--
Fri, 12 Jul 2019 16:25:59 - urllib3.connectionpool - DEBUG - Starting new HTTP connection (1): 127.0.0.1:8888
Fri, 12 Jul 2019 16:25:59 - urllib3.connectionpool - DEBUG - http://127.0.0.1:8888 "POST http://172.18.82.251:1240/summary?percentage=0.3&charLimit=600 HTTP/1.1" 200 None
Fri, 12 Jul 2019 16:25:59 - root - DEBUG - -----调试信息[debug]---test_summary_no_article--
Fri, 12 Jul 2019 16:25:59 - urllib3.connectionpool - DEBUG - Starting new HTTP connection (1): 127.0.0.1:8888
Fri, 12 Jul 2019 16:25:59 - urllib3.connectionpool - DEBUG - http://127.0.0.1:8888 "POST http://172.18.82.251:1240/summary?percentage=0.3&charLimit=600 HTTP/1.1" 200 None
Fri, 12 Jul 2019 16:25:59 - root - DEBUG - -----调试信息[debug]---test_summary_multi_article--
Fri, 12 Jul 2019 16:25:59 - urllib3.connectionpool - DEBUG - Starting new HTTP connection (1): 127.0.0.1:8888
Fri, 12 Jul 2019 16:25:59 - urllib3.connectionpool - DEBUG - http://127.0.0.1:8888 "POST http://172.18.82.251:1240/summary?percentage=0.3&charLimit=600 HTTP/1.1" 200 None
Fri, 12 Jul 2019 16:25:59 - root - DEBUG - -----调试信息[debug]---test_summary_multi_article_miss_some_field--
Fri, 12 Jul 2019 16:25:59 - urllib3.connectionpool - DEBUG - Starting new HTTP connection (1): 127.0.0.1:8888
Fri, 12 Jul 2019 16:25:59 - urllib3.connectionpool - DEBUG - http://127.0.0.1:8888 "POST http://172.18.82.251:1240/summary?percentage=0.3&charLimit=600 HTTP/1.1" 200 None
Fri, 12 Jul 2019 16:25:59 - root - DEBUG - -----调试信息[debug]----article 0 has no title
Fri, 12 Jul 2019 16:25:59 - root - DEBUG - -----调试信息[debug]---test_summary_multi_article_miss_some_field--
Fri, 12 Jul 2019 16:25:59 - urllib3.connectionpool - DEBUG - Starting new HTTP connection (1): 127.0.0.1:8888
Fri, 12 Jul 2019 16:25:59 - urllib3.connectionpool - DEBUG - http://127.0.0.1:8888 "POST http://172.18.82.251:1240/summary?percentage=0.3&charLimit=600 HTTP/1.1" 200 None
Fri, 12 Jul 2019 16:25:59 - root - DEBUG - -----调试信息[debug]----article 1 has no title
Fri, 12 Jul 2019 16:25:59 - root - DEBUG - -----调试信息[debug]---test_summary_multi_article_miss_some_field--
Fri, 12 Jul 2019 16:25:59 - urllib3.connectionpool - DEBUG - Starting new HTTP connection (1): 127.0.0.1:8888
Fri, 12 Jul 2019 16:25:59 - urllib3.connectionpool - DEBUG - http://127.0.0.1:8888 "POST http://172.18.82.251:1240/summary?percentage=0.3&charLimit=600 HTTP/1.1" 200 None
Fri, 12 Jul 2019 16:25:59 - root - DEBUG - -----调试信息[debug]----article 1 has no content
Fri, 12 Jul 2019 16:25:59 - root - DEBUG - -----调试信息[debug]---test_summary_multi_article_miss_some_field--
Fri, 12 Jul 2019 16:25:59 - urllib3.connectionpool - DEBUG - Starting new HTTP connection (1): 127.0.0.1:8888
Fri, 12 Jul 2019 16:25:59 - urllib3.connectionpool - DEBUG - http://127.0.0.1:8888 "POST http://172.18.82.251:1240/summary?percentage=0.3&charLimit=600 HTTP/1.1" 200 None
Fri, 12 Jul 2019 16:25:59 - root - DEBUG - -----调试信息[debug]----article 0 has no title
Fri, 12 Jul 2019 16:27:02 - urllib3.connectionpool - DEBUG - Starting new HTTP connection (1): 127.0.0.1:8888
Fri, 12 Jul 2019 16:27:02 - urllib3.connectionpool - DEBUG - http://127.0.0.1:8888 "POST http://172.18.82.251:1240/sentiment?domain=content HTTP/1.1" 200 None
Fri, 12 Jul 2019 16:27:03 - urllib3.connectionpool - DEBUG - Starting new HTTP connection (1): 127.0.0.1:8888
Fri, 12 Jul 2019 16:27:03 - urllib3.connectionpool - DEBUG - http://127.0.0.1:8888 "POST http://172.18.82.251:1240/sentiment?domain=content HTTP/1.1" 200 None
Fri, 12 Jul 2019 16:27:03 - urllib3.connectionpool - DEBUG - Starting new HTTP connection (1): 127.0.0.1:8888
Fri, 12 Jul 2019 16:27:03 - urllib3.connectionpool - DEBUG - http://127.0.0.1:8888 "POST http://172.18.82.251:1240/sentiment?domain=content HTTP/1.1" 200 None
Fri, 12 Jul 2019 16:27:03 - urllib3.connectionpool - DEBUG - Starting new HTTP connection (1): 127.0.0.1:8888
Fri, 12 Jul 2019 16:27:03 - urllib3.connectionpool - DEBUG - http://127.0.0.1:8888 "POST http://172.18.82.251:1240/sentiment?domain=content HTTP/1.1" 200 None
Fri, 12 Jul 2019 16:27:03 - urllib3.connectionpool - DEBUG - Starting new HTTP connection (1): 127.0.0.1:8888
Fri, 12 Jul 2019 16:27:03 - urllib3.connectionpool - DEBUG - http://127.0.0.1:8888 "POST http://172.18.82.251:1240/sentiment?domain=content HTTP/1.1" 200 None
Fri, 12 Jul 2019 16:27:03 - urllib3.connectionpool - DEBUG - Starting new HTTP connection (1): 127.0.0.1:8888
Fri, 12 Jul 2019 16:27:04 - urllib3.connectionpool - DEBUG - http://127.0.0.1:8888 "POST http://172.18.82.251:1240/sentiment?domain=content HTTP/1.1" 200 None
Fri, 12 Jul 2019 16:27:04 - urllib3.connectionpool - DEBUG - Starting new HTTP connection (1): 127.0.0.1:8888
Fri, 12 Jul 2019 16:27:04 - urllib3.connectionpool - DEBUG - http://127.0.0.1:8888 "POST http://172.18.82.251:1240/sentiment?domain=content HTTP/1.1" 200 None
Fri, 12 Jul 2019 16:27:04 - urllib3.connectionpool - DEBUG - Starting new HTTP connection (1): 127.0.0.1:8888
Fri, 12 Jul 2019 16:27:04 - urllib3.connectionpool - DEBUG - http://127.0.0.1:8888 "POST http://172.18.82.251:1240/sentiment?domain=content HTTP/1.1" 200 None
Fri, 12 Jul 2019 16:27:04 - urllib3.connectionpool - DEBUG - Starting new HTTP connection (1): 127.0.0.1:8888
Fri, 12 Jul 2019 16:27:04 - urllib3.connectionpool - DEBUG - http://127.0.0.1:8888 "POST http://172.18.82.251:1240/sentiment?domain=content HTTP/1.1" 200 None
Fri, 12 Jul 2019 16:27:04 - root - DEBUG - -----调试信息[debug]---test_summary_miss_content--
Fri, 12 Jul 2019 16:27:04 - urllib3.connectionpool - DEBUG - Starting new HTTP connection (1): 127.0.0.1:8888
Fri, 12 Jul 2019 16:27:04 - urllib3.connectionpool - DEBUG - http://127.0.0.1:8888 "POST http://172.18.82.251:1240/sentiment?domain=content HTTP/1.1" 200 None
Fri, 12 Jul 2019 16:27:04 - root - DEBUG - -----调试信息[debug]---test_summary_no_article--
Fri, 12 Jul 2019 16:27:04 - urllib3.connectionpool - DEBUG - Starting new HTTP connection (1): 127.0.0.1:8888
Fri, 12 Jul 2019 16:27:04 - urllib3.connectionpool - DEBUG - http://127.0.0.1:8888 "POST http://172.18.82.251:1240/sentiment?domain=comment HTTP/1.1" 200 None
Fri, 12 Jul 2019 16:27:04 - root - DEBUG - -----调试信息[debug]---test_summary_multi_article--
Fri, 12 Jul 2019 16:27:04 - urllib3.connectionpool - DEBUG - Starting new HTTP connection (1): 127.0.0.1:8888
Fri, 12 Jul 2019 16:27:04 - urllib3.connectionpool - DEBUG - http://127.0.0.1:8888 "POST http://172.18.82.251:1240/sentiment?domain=comment HTTP/1.1" 200 None
Fri, 12 Jul 2019 16:27:04 - root - DEBUG - -----调试信息[debug]---test_summary_multi_article--
Fri, 12 Jul 2019 16:27:04 - urllib3.connectionpool - DEBUG - Starting new HTTP connection (1): 127.0.0.1:8888
Fri, 12 Jul 2019 16:27:04 - urllib3.connectionpool - DEBUG - http://127.0.0.1:8888 "POST http://172.18.82.251:1240/sentiment?domain=content HTTP/1.1" 200 None
Fri, 12 Jul 2019 16:27:04 - root - DEBUG - -----调试信息[debug]---test_summary_multi_article_miss_some_field--
Fri, 12 Jul 2019 16:27:04 - urllib3.connectionpool - DEBUG - Starting new HTTP connection (1): 127.0.0.1:8888
Fri, 12 Jul 2019 16:27:04 - urllib3.connectionpool - DEBUG - http://127.0.0.1:8888 "POST http://172.18.82.251:1240/sentiment?domain=content HTTP/1.1" 200 None
Fri, 12 Jul 2019 16:27:04 - root - DEBUG - -----调试信息[debug]---test_summary_multi_article_miss_some_field--
Fri, 12 Jul 2019 16:27:04 - urllib3.connectionpool - DEBUG - Starting new HTTP connection (1): 127.0.0.1:8888
Fri, 12 Jul 2019 16:27:04 - urllib3.connectionpool - DEBUG - http://127.0.0.1:8888 "POST http://172.18.82.251:1240/sentiment?domain=content HTTP/1.1" 200 None
Fri, 12 Jul 2019 16:27:04 - root - DEBUG - -----调试信息[debug]---test_summary_multi_article_miss_some_field--
Fri, 12 Jul 2019 16:27:04 - urllib3.connectionpool - DEBUG - Starting new HTTP connection (1): 127.0.0.1:8888
Fri, 12 Jul 2019 16:27:04 - urllib3.connectionpool - DEBUG - http://127.0.0.1:8888 "POST http://172.18.82.251:1240/sentiment?domain=content HTTP/1.1" 200 None
Fri, 12 Jul 2019 16:27:04 - root - DEBUG - -----调试信息[debug]---test_summary_multi_article_miss_some_field--
Fri, 12 Jul 2019 16:27:04 - urllib3.connectionpool - DEBUG - Starting new HTTP connection (1): 127.0.0.1:8888
Fri, 12 Jul 2019 16:27:04 - urllib3.connectionpool - DEBUG - http://127.0.0.1:8888 "POST http://172.18.82.251:1240/sentiment?domain=content HTTP/1.1" 200 None
Fri, 12 Jul 2019 17:08:50 - urllib3.connectionpool - DEBUG - Starting new HTTP connection (1): 127.0.0.1:8888
Fri, 12 Jul 2019 17:08:50 - urllib3.connectionpool - DEBUG - http://127.0.0.1:8888 "POST http://172.18.82.251:1240/sentiment?domain=content HTTP/1.1" 200 None
Fri, 12 Jul 2019 17:08:50 - urllib3.connectionpool - DEBUG - Starting new HTTP connection (1): 127.0.0.1:8888
Fri, 12 Jul 2019 17:08:50 - urllib3.connectionpool - DEBUG - http://127.0.0.1:8888 "POST http://172.18.82.251:1240/sentiment?domain=content HTTP/1.1" 200 None
Fri, 12 Jul 2019 17:08:50 - urllib3.connectionpool - DEBUG - Starting new HTTP connection (1): 127.0.0.1:8888
Fri, 12 Jul 2019 17:08:50 - urllib3.connectionpool - DEBUG - http://127.0.0.1:8888 "POST http://172.18.82.251:1240/sentiment?domain=content HTTP/1.1" 200 None
Fri, 12 Jul 2019 17:08:50 - urllib3.connectionpool - DEBUG - Starting new HTTP connection (1): 127.0.0.1:8888
Fri, 12 Jul 2019 17:08:50 - urllib3.connectionpool - DEBUG - http://127.0.0.1:8888 "POST http://172.18.82.251:1240/sentiment?domain=content HTTP/1.1" 200 None
Fri, 12 Jul 2019 17:08:50 - urllib3.connectionpool - DEBUG - Starting new HTTP connection (1): 127.0.0.1:8888
Fri, 12 Jul 2019 17:08:50 - urllib3.connectionpool - DEBUG - http://127.0.0.1:8888 "POST http://172.18.82.251:1240/sentiment?domain=content HTTP/1.1" 200 None
Fri, 12 Jul 2019 17:08:50 - urllib3.connectionpool - DEBUG - Starting new HTTP connection (1): 127.0.0.1:8888
Fri, 12 Jul 2019 17:08:50 - urllib3.connectionpool - DEBUG - http://127.0.0.1:8888 "POST http://172.18.82.251:1240/sentiment?domain=content HTTP/1.1" 200 None
Fri, 12 Jul 2019 17:08:50 - urllib3.connectionpool - DEBUG - Starting new HTTP connection (1): 127.0.0.1:8888
Fri, 12 Jul 2019 17:08:50 - urllib3.connectionpool - DEBUG - http://127.0.0.1:8888 "POST http://172.18.82.251:1240/sentiment?domain=content HTTP/1.1" 200 None
Fri, 12 Jul 2019 17:08:50 - urllib3.connectionpool - DEBUG - Starting new HTTP connection (1): 127.0.0.1:8888
Fri, 12 Jul 2019 17:08:50 - urllib3.connectionpool - DEBUG - http://127.0.0.1:8888 "POST http://172.18.82.251:1240/sentiment?domain=content HTTP/1.1" 200 None
Fri, 12 Jul 2019 17:08:50 - urllib3.connectionpool - DEBUG - Starting new HTTP connection (1): 127.0.0.1:8888
Fri, 12 Jul 2019 17:08:50 - urllib3.connectionpool - DEBUG - http://127.0.0.1:8888 "POST http://172.18.82.251:1240/sentiment?domain=content HTTP/1.1" 200 None
Fri, 12 Jul 2019 17:08:50 - root - DEBUG - -----调试信息[debug]---test_summary_miss_content--
Fri, 12 Jul 2019 17:08:50 - urllib3.connectionpool - DEBUG - Starting new HTTP connection (1): 127.0.0.1:8888
Fri, 12 Jul 2019 17:08:50 - urllib3.connectionpool - DEBUG - http://127.0.0.1:8888 "POST http://172.18.82.251:1240/sentiment?domain=content HTTP/1.1" 200 None
Fri, 12 Jul 2019 17:08:50 - root - DEBUG - -----调试信息[debug]---test_summary_no_article--
Fri, 12 Jul 2019 17:08:50 - urllib3.connectionpool - DEBUG - Starting new HTTP connection (1): 127.0.0.1:8888
Fri, 12 Jul 2019 17:08:50 - urllib3.connectionpool - DEBUG - http://127.0.0.1:8888 "POST http://172.18.82.251:1240/sentiment?domain=comment HTTP/1.1" 200 None
Fri, 12 Jul 2019 17:08:50 - root - DEBUG - -----调试信息[debug]---test_summary_multi_article--
Fri, 12 Jul 2019 17:08:50 - urllib3.connectionpool - DEBUG - Starting new HTTP connection (1): 127.0.0.1:8888
Fri, 12 Jul 2019 17:08:51 - urllib3.connectionpool - DEBUG - http://127.0.0.1:8888 "POST http://172.18.82.251:1240/sentiment?domain=comment HTTP/1.1" 200 None
Fri, 12 Jul 2019 17:08:51 - root - DEBUG - -----调试信息[debug]---test_summary_multi_article--
Fri, 12 Jul 2019 17:08:51 - urllib3.connectionpool - DEBUG - Starting new HTTP connection (1): 127.0.0.1:8888
Fri, 12 Jul 2019 17:08:51 - urllib3.connectionpool - DEBUG - http://127.0.0.1:8888 "POST http://172.18.82.251:1240/sentiment?domain=content HTTP/1.1" 200 None
Fri, 12 Jul 2019 17:08:51 - root - DEBUG - -----调试信息[debug]---test_summary_multi_article_miss_some_field--
Fri, 12 Jul 2019 17:08:51 - urllib3.connectionpool - DEBUG - Starting new HTTP connection (1): 127.0.0.1:8888
Fri, 12 Jul 2019 17:08:51 - urllib3.connectionpool - DEBUG - http://127.0.0.1:8888 "POST http://172.18.82.251:1240/sentiment?domain=content HTTP/1.1" 200 None
Fri, 12 Jul 2019 17:08:51 - root - DEBUG - -----调试信息[debug]---test_summary_multi_article_miss_some_field--
Fri, 12 Jul 2019 17:08:51 - urllib3.connectionpool - DEBUG - Starting new HTTP connection (1): 127.0.0.1:8888
Fri, 12 Jul 2019 17:08:51 - urllib3.connectionpool - DEBUG - http://127.0.0.1:8888 "POST http://172.18.82.251:1240/sentiment?domain=content HTTP/1.1" 200 None
Fri, 12 Jul 2019 17:08:51 - root - DEBUG - -----调试信息[debug]---test_summary_multi_article_miss_some_field--
Fri, 12 Jul 2019 17:08:51 - urllib3.connectionpool - DEBUG - Starting new HTTP connection (1): 127.0.0.1:8888
Fri, 12 Jul 2019 17:08:51 - urllib3.connectionpool - DEBUG - http://127.0.0.1:8888 "POST http://172.18.82.251:1240/sentiment?domain=content HTTP/1.1" 200 None
Fri, 12 Jul 2019 17:08:51 - root - DEBUG - -----调试信息[debug]---test_summary_multi_article_miss_some_field--
Fri, 12 Jul 2019 17:08:51 - urllib3.connectionpool - DEBUG - Starting new HTTP connection (1): 127.0.0.1:8888
Fri, 12 Jul 2019 17:08:51 - urllib3.connectionpool - DEBUG - http://127.0.0.1:8888 "POST http://172.18.82.251:1240/sentiment?domain=content HTTP/1.1" 200 None
Fri, 12 Jul 2019 17:09:06 - urllib3.connectionpool - DEBUG - Starting new HTTP connection (1): 127.0.0.1:8888
Fri, 12 Jul 2019 17:09:06 - urllib3.connectionpool - DEBUG - http://127.0.0.1:8888 "POST http://172.18.82.251:1240/summary?charLimit=1000 HTTP/1.1" 200 None
Fri, 12 Jul 2019 17:09:06 - urllib3.connectionpool - DEBUG - Starting new HTTP connection (1): 127.0.0.1:8888
Fri, 12 Jul 2019 17:09:06 - urllib3.connectionpool - DEBUG - http://127.0.0.1:8888 "POST http://172.18.82.251:1240/summary?percentage=0&charLimit=1000 HTTP/1.1" 200 None
Fri, 12 Jul 2019 17:09:06 - urllib3.connectionpool - DEBUG - Starting new HTTP connection (1): 127.0.0.1:8888
Fri, 12 Jul 2019 17:09:06 - urllib3.connectionpool - DEBUG - http://127.0.0.1:8888 "POST http://172.18.82.251:1240/summary?percentage=0.1&charLimit=1000 HTTP/1.1" 200 None
Fri, 12 Jul 2019 17:09:06 - urllib3.connectionpool - DEBUG - Starting new HTTP connection (1): 127.0.0.1:8888
Fri, 12 Jul 2019 17:09:06 - urllib3.connectionpool - DEBUG - http://127.0.0.1:8888 "POST http://172.18.82.251:1240/summary?percentage=0.5&charLimit=1000 HTTP/1.1" 200 None
Fri, 12 Jul 2019 17:09:06 - urllib3.connectionpool - DEBUG - Starting new HTTP connection (1): 127.0.0.1:8888
Fri, 12 Jul 2019 17:09:06 - urllib3.connectionpool - DEBUG - http://127.0.0.1:8888 "POST http://172.18.82.251:1240/summary?percentage=0.9&charLimit=1000 HTTP/1.1" 200 None
Fri, 12 Jul 2019 17:09:06 - urllib3.connectionpool - DEBUG - Starting new HTTP connection (1): 127.0.0.1:8888
Fri, 12 Jul 2019 17:09:06 - urllib3.connectionpool - DEBUG - http://127.0.0.1:8888 "POST http://172.18.82.251:1240/summary?percentage=1&charLimit=1000 HTTP/1.1" 200 None
Fri, 12 Jul 2019 17:09:06 - urllib3.connectionpool - DEBUG - Starting new HTTP connection (1): 127.0.0.1:8888
Fri, 12 Jul 2019 17:09:06 - urllib3.connectionpool - DEBUG - http://127.0.0.1:8888 "POST http://172.18.82.251:1240/summary?percentage=0.5 HTTP/1.1" 200 None
Fri, 12 Jul 2019 17:09:06 - urllib3.connectionpool - DEBUG - Starting new HTTP connection (1): 127.0.0.1:8888
Fri, 12 Jul 2019 17:09:06 - urllib3.connectionpool - DEBUG - http://127.0.0.1:8888 "POST http://172.18.82.251:1240/summary?percentage=0.5&charLimit=50 HTTP/1.1" 200 None
Fri, 12 Jul 2019 17:09:06 - urllib3.connectionpool - DEBUG - Starting new HTTP connection (1): 127.0.0.1:8888
Fri, 12 Jul 2019 17:09:06 - urllib3.connectionpool - DEBUG - http://127.0.0.1:8888 "POST http://172.18.82.251:1240/summary?percentage=0.5&charLimit=800 HTTP/1.1" 200 None
Fri, 12 Jul 2019 17:09:06 - urllib3.connectionpool - DEBUG - Starting new HTTP connection (1): 127.0.0.1:8888
Fri, 12 Jul 2019 17:09:06 - urllib3.connectionpool - DEBUG - http://127.0.0.1:8888 "POST http://172.18.82.251:1240/summary?percentage=0.5&charLimit=3000 HTTP/1.1" 200 None
Fri, 12 Jul 2019 17:09:06 - urllib3.connectionpool - DEBUG - Starting new HTTP connection (1): 127.0.0.1:8888
Fri, 12 Jul 2019 17:09:06 - urllib3.connectionpool - DEBUG - http://127.0.0.1:8888 "POST http://172.18.82.251:1240/summary?percentage=0.3&charLimit=600 HTTP/1.1" 200 None
Fri, 12 Jul 2019 17:09:06 - urllib3.connectionpool - DEBUG - Starting new HTTP connection (1): 127.0.0.1:8888
Fri, 12 Jul 2019 17:09:06 - urllib3.connectionpool - DEBUG - http://127.0.0.1:8888 "POST http://172.18.82.251:1240/summary?percentage=0.3&charLimit=600 HTTP/1.1" 200 None
Fri, 12 Jul 2019 17:09:06 - root - DEBUG - -----调试信息[debug]---test_summary_miss_content--
Fri, 12 Jul 2019 17:09:06 - urllib3.connectionpool - DEBUG - Starting new HTTP connection (1): 127.0.0.1:8888
Fri, 12 Jul 2019 17:09:06 - urllib3.connectionpool - DEBUG - http://127.0.0.1:8888 "POST http://172.18.82.251:1240/summary?percentage=0.3&charLimit=600 HTTP/1.1" 200 None
Fri, 12 Jul 2019 17:09:06 - root - DEBUG - -----调试信息[debug]---test_summary_no_article--
Fri, 12 Jul 2019 17:09:06 - urllib3.connectionpool - DEBUG - Starting new HTTP connection (1): 127.0.0.1:8888
Fri, 12 Jul 2019 17:09:06 - urllib3.connectionpool - DEBUG - http://127.0.0.1:8888 "POST http://172.18.82.251:1240/summary?percentage=0.3&charLimit=600 HTTP/1.1" 200 None
Fri, 12 Jul 2019 17:09:06 - root - DEBUG - -----调试信息[debug]---test_summary_multi_article--
Fri, 12 Jul 2019 17:09:06 - urllib3.connectionpool - DEBUG - Starting new HTTP connection (1): 127.0.0.1:8888
Fri, 12 Jul 2019 17:09:07 - urllib3.connectionpool - DEBUG - http://127.0.0.1:8888 "POST http://172.18.82.251:1240/summary?percentage=0.3&charLimit=600 HTTP/1.1" 200 None
Fri, 12 Jul 2019 17:09:07 - root - DEBUG - -----调试信息[debug]---test_summary_multi_article_miss_some_field--
Fri, 12 Jul 2019 17:09:07 - urllib3.connectionpool - DEBUG - Starting new HTTP connection (1): 127.0.0.1:8888
Fri, 12 Jul 2019 17:09:07 - urllib3.connectionpool - DEBUG - http://127.0.0.1:8888 "POST http://172.18.82.251:1240/summary?percentage=0.3&charLimit=600 HTTP/1.1" 200 None
Fri, 12 Jul 2019 17:09:07 - root - DEBUG - -----调试信息[debug]----article 0 has no title
Fri, 12 Jul 2019 17:09:07 - root - DEBUG - -----调试信息[debug]---test_summary_multi_article_miss_some_field--
Fri, 12 Jul 2019 17:09:07 - urllib3.connectionpool - DEBUG - Starting new HTTP connection (1): 127.0.0.1:8888
Fri, 12 Jul 2019 17:09:07 - urllib3.connectionpool - DEBUG - http://127.0.0.1:8888 "POST http://172.18.82.251:1240/summary?percentage=0.3&charLimit=600 HTTP/1.1" 200 None
Fri, 12 Jul 2019 17:09:07 - root - DEBUG - -----调试信息[debug]----article 1 has no title
Fri, 12 Jul 2019 17:09:07 - root - DEBUG - -----调试信息[debug]---test_summary_multi_article_miss_some_field--
Fri, 12 Jul 2019 17:09:07 - urllib3.connectionpool - DEBUG - Starting new HTTP connection (1): 127.0.0.1:8888
Fri, 12 Jul 2019 17:09:07 - urllib3.connectionpool - DEBUG - http://127.0.0.1:8888 "POST http://172.18.82.251:1240/summary?percentage=0.3&charLimit=600 HTTP/1.1" 200 None
Fri, 12 Jul 2019 17:09:07 - root - DEBUG - -----调试信息[debug]----article 1 has no content
Fri, 12 Jul 2019 17:09:07 - root - DEBUG - -----调试信息[debug]---test_summary_multi_article_miss_some_field--
Fri, 12 Jul 2019 17:09:07 - urllib3.connectionpool - DEBUG - Starting new HTTP connection (1): 127.0.0.1:8888
Fri, 12 Jul 2019 17:09:07 - urllib3.connectionpool - DEBUG - http://127.0.0.1:8888 "POST http://172.18.82.251:1240/summary?percentage=0.3&charLimit=600 HTTP/1.1" 200 None
Fri, 12 Jul 2019 17:09:07 - root - DEBUG - -----调试信息[debug]----article 0 has no title
Fri, 12 Jul 2019 17:18:16 - urllib3.connectionpool - DEBUG - Starting new HTTP connection (1): 127.0.0.1:8888
Fri, 12 Jul 2019 17:18:16 - urllib3.connectionpool - DEBUG - http://127.0.0.1:8888 "POST http://172.18.82.251:1240/splitWord HTTP/1.1" 200 None
Fri, 12 Jul 2019 17:18:16 - urllib3.connectionpool - DEBUG - Starting new HTTP connection (1): 127.0.0.1:8888
Fri, 12 Jul 2019 17:18:16 - urllib3.connectionpool - DEBUG - http://127.0.0.1:8888 "POST http://172.18.82.251:1240/splitWord HTTP/1.1" 200 None
Fri, 12 Jul 2019 17:18:16 - urllib3.connectionpool - DEBUG - Starting new HTTP connection (1): 127.0.0.1:8888
Fri, 12 Jul 2019 17:18:17 - urllib3.connectionpool - DEBUG - http://127.0.0.1:8888 "POST http://172.18.82.251:1240/splitWord HTTP/1.1" 200 None
Fri, 12 Jul 2019 17:18:17 - urllib3.connectionpool - DEBUG - Starting new HTTP connection (1): 127.0.0.1:8888
Fri, 12 Jul 2019 17:18:17 - urllib3.connectionpool - DEBUG - http://127.0.0.1:8888 "POST http://172.18.82.251:1240/splitWord HTTP/1.1" 200 None
Fri, 12 Jul 2019 17:45:16 - urllib3.connectionpool - DEBUG - Starting new HTTP connection (1): 127.0.0.1:8888
Fri, 12 Jul 2019 17:45:16 - urllib3.connectionpool - DEBUG - http://127.0.0.1:8888 "POST http://172.18.82.251:1240/splitWord HTTP/1.1" 200 None
Fri, 12 Jul 2019 17:45:16 - urllib3.connectionpool - DEBUG - Starting new HTTP connection (1): 127.0.0.1:8888
Fri, 12 Jul 2019 17:45:16 - urllib3.connectionpool - DEBUG - http://127.0.0.1:8888 "POST http://172.18.82.251:1240/splitWord HTTP/1.1" 200 None
Mon, 15 Jul 2019 09:39:18 - urllib3.connectionpool - DEBUG - Starting new HTTP connection (1): 172.18.82.251:1240
Mon, 15 Jul 2019 09:39:18 - urllib3.connectionpool - DEBUG - http://172.18.82.251:1240 "POST /splitWord HTTP/1.1" 200 None
Mon, 15 Jul 2019 09:39:18 - urllib3.connectionpool - DEBUG - Starting new HTTP connection (1): 172.18.82.251:1240
Mon, 15 Jul 2019 09:39:18 - urllib3.connectionpool - DEBUG - http://172.18.82.251:1240 "POST /splitWord HTTP/1.1" 200 None
Mon, 15 Jul 2019 09:40:53 - urllib3.connectionpool - DEBUG - Starting new HTTP connection (1): 172.18.82.251:1240
Mon, 15 Jul 2019 09:40:53 - urllib3.connectionpool - DEBUG - http://172.18.82.251:1240 "POST /splitWord HTTP/1.1" 200 None
Mon, 15 Jul 2019 09:40:53 - urllib3.connectionpool - DEBUG - Starting new HTTP connection (1): 172.18.82.251:1240
Mon, 15 Jul 2019 09:40:53 - urllib3.connectionpool - DEBUG - http://172.18.82.251:1240 "POST /splitWord HTTP/1.1" 200 None
Mon, 15 Jul 2019 09:41:39 - urllib3.connectionpool - DEBUG - Starting new HTTP connection (1): 172.18.82.251:1240
Mon, 15 Jul 2019 09:41:39 - urllib3.connectionpool - DEBUG - http://172.18.82.251:1240 "POST /splitWord HTTP/1.1" 200 None
Mon, 15 Jul 2019 09:41:39 - urllib3.connectionpool - DEBUG - Starting new HTTP connection (1): 172.18.82.251:1240
Mon, 15 Jul 2019 09:41:39 - urllib3.connectionpool - DEBUG - http://172.18.82.251:1240 "POST /splitWord HTTP/1.1" 200 None
Mon, 15 Jul 2019 09:42:58 - urllib3.connectionpool - DEBUG - Starting new HTTP connection (1): 172.18.82.251:1240
Mon, 15 Jul 2019 09:42:58 - urllib3.connectionpool - DEBUG - http://172.18.82.251:1240 "POST /splitWord HTTP/1.1" 200 None
Mon, 15 Jul 2019 09:42:58 - urllib3.connectionpool - DEBUG - Starting new HTTP connection (1): 172.18.82.251:1240
Mon, 15 Jul 2019 09:42:59 - urllib3.connectionpool - DEBUG - http://172.18.82.251:1240 "POST /splitWord HTTP/1.1" 200 None
Mon, 15 Jul 2019 09:43:35 - urllib3.connectionpool - DEBUG - Starting new HTTP connection (1): 172.18.82.251:1240
Mon, 15 Jul 2019 09:43:35 - urllib3.connectionpool - DEBUG - http://172.18.82.251:1240 "POST /splitWord HTTP/1.1" 200 None
Mon, 15 Jul 2019 09:43:35 - urllib3.connectionpool - DEBUG - Starting new HTTP connection (1): 172.18.82.251:1240
Mon, 15 Jul 2019 09:43:35 - urllib3.connectionpool - DEBUG - http://172.18.82.251:1240 "POST /splitWord HTTP/1.1" 200 None
Mon, 15 Jul 2019 09:44:45 - urllib3.connectionpool - DEBUG - Starting new HTTP connection (1): 172.18.82.251:1240
Mon, 15 Jul 2019 09:44:45 - urllib3.connectionpool - DEBUG - http://172.18.82.251:1240 "POST /splitWord HTTP/1.1" 200 None
Mon, 15 Jul 2019 09:44:45 - urllib3.connectionpool - DEBUG - Starting new HTTP connection (1): 172.18.82.251:1240
Mon, 15 Jul 2019 09:44:45 - urllib3.connectionpool - DEBUG - http://172.18.82.251:1240 "POST /splitWord HTTP/1.1" 200 None
Mon, 15 Jul 2019 09:48:12 - urllib3.connectionpool - DEBUG - Starting new HTTP connection (1): 172.18.82.251:1240
Mon, 15 Jul 2019 09:48:12 - urllib3.connectionpool - DEBUG - http://172.18.82.251:1240 "POST /splitWord HTTP/1.1" 200 None
Mon, 15 Jul 2019 09:48:12 - urllib3.connectionpool - DEBUG - Starting new HTTP connection (1): 172.18.82.251:1240
Mon, 15 Jul 2019 09:48:13 - urllib3.connectionpool - DEBUG - http://172.18.82.251:1240 "POST /splitWord HTTP/1.1" 200 None
Mon, 15 Jul 2019 09:48:42 - urllib3.connectionpool - DEBUG - Starting new HTTP connection (1): 172.18.82.251:1240
Mon, 15 Jul 2019 09:48:42 - urllib3.connectionpool - DEBUG - http://172.18.82.251:1240 "POST /splitWord HTTP/1.1" 200 None
Mon, 15 Jul 2019 09:48:42 - urllib3.connectionpool - DEBUG - Starting new HTTP connection (1): 172.18.82.251:1240
Mon, 15 Jul 2019 09:48:42 - urllib3.connectionpool - DEBUG - http://172.18.82.251:1240 "POST /splitWord HTTP/1.1" 200 None
Mon, 15 Jul 2019 10:15:05 - urllib3.connectionpool - DEBUG - Starting new HTTP connection (1): 172.18.82.251:1240
Mon, 15 Jul 2019 10:15:05 - urllib3.connectionpool - DEBUG - http://172.18.82.251:1240 "POST /splitWord HTTP/1.1" 200 None
Mon, 15 Jul 2019 10:15:05 - urllib3.connectionpool - DEBUG - Starting new HTTP connection (1): 172.18.82.251:1240
Mon, 15 Jul 2019 10:15:05 - urllib3.connectionpool - DEBUG - http://172.18.82.251:1240 "POST /splitWord HTTP/1.1" 200 None
Mon, 15 Jul 2019 10:15:05 - urllib3.connectionpool - DEBUG - Starting new HTTP connection (1): 172.18.82.251:1240
Mon, 15 Jul 2019 10:15:06 - urllib3.connectionpool - DEBUG - http://172.18.82.251:1240 "POST /splitWord HTTP/1.1" 200 None
Mon, 15 Jul 2019 10:46:11 - urllib3.connectionpool - DEBUG - Starting new HTTP connection (1): 172.18.82.251:1240
Mon, 15 Jul 2019 10:46:11 - urllib3.connectionpool - DEBUG - http://172.18.82.251:1240 "POST /splitWord HTTP/1.1" 200 None
Mon, 15 Jul 2019 10:46:11 - urllib3.connectionpool - DEBUG - Starting new HTTP connection (1): 172.18.82.251:1240
Mon, 15 Jul 2019 10:46:12 - urllib3.connectionpool - DEBUG - http://172.18.82.251:1240 "POST /splitWord HTTP/1.1" 200 None
Mon, 15 Jul 2019 10:46:12 - urllib3.connectionpool - DEBUG - Starting new HTTP connection (1): 172.18.82.251:1240
Mon, 15 Jul 2019 10:46:12 - urllib3.connectionpool - DEBUG - http://172.18.82.251:1240 "POST /splitWord HTTP/1.1" 200 None
Mon, 15 Jul 2019 10:46:12 - urllib3.connectionpool - DEBUG - Starting new HTTP connection (1): 172.18.82.251:1240
Mon, 15 Jul 2019 10:46:12 - urllib3.connectionpool - DEBUG - http://172.18.82.251:1240 "POST /splitWord HTTP/1.1" 200 None
Mon, 15 Jul 2019 10:46:12 - urllib3.connectionpool - DEBUG - Starting new HTTP connection (1): 172.18.82.251:1240
Mon, 15 Jul 2019 10:46:12 - urllib3.connectionpool - DEBUG - http://172.18.82.251:1240 "POST /splitWord HTTP/1.1" 200 None
Mon, 15 Jul 2019 10:46:12 - urllib3.connectionpool - DEBUG - Starting new HTTP connection (1): 172.18.82.251:1240
Mon, 15 Jul 2019 10:46:12 - urllib3.connectionpool - DEBUG - http://172.18.82.251:1240 "POST /splitWord HTTP/1.1" 200 None
Mon, 15 Jul 2019 10:46:12 - urllib3.connectionpool - DEBUG - Starting new HTTP connection (1): 172.18.82.251:1240
Mon, 15 Jul 2019 10:46:12 - urllib3.connectionpool - DEBUG - http://172.18.82.251:1240 "POST /splitWord HTTP/1.1" 200 None
Mon, 15 Jul 2019 10:46:12 - urllib3.connectionpool - DEBUG - Starting new HTTP connection (1): 172.18.82.251:1240
Mon, 15 Jul 2019 10:46:12 - urllib3.connectionpool - DEBUG - http://172.18.82.251:1240 "POST /splitWord HTTP/1.1" 200 None
Mon, 15 Jul 2019 10:46:12 - urllib3.connectionpool - DEBUG - Starting new HTTP connection (1): 172.18.82.251:1240
Mon, 15 Jul 2019 10:46:12 - urllib3.connectionpool - DEBUG - http://172.18.82.251:1240 "POST /splitWord HTTP/1.1" 200 None
Mon, 15 Jul 2019 10:46:12 - urllib3.connectionpool - DEBUG - Starting new HTTP connection (1): 172.18.82.251:1240
Mon, 15 Jul 2019 10:46:12 - urllib3.connectionpool - DEBUG - http://172.18.82.251:1240 "POST /splitWord HTTP/1.1" 200 None
Mon, 15 Jul 2019 10:46:12 - urllib3.connectionpool - DEBUG - Starting new HTTP connection (1): 172.18.82.251:1240
Mon, 15 Jul 2019 10:46:12 - urllib3.connectionpool - DEBUG - http://172.18.82.251:1240 "POST /splitWord HTTP/1.1" 200 None
Mon, 15 Jul 2019 11:04:02 - urllib3.connectionpool - DEBUG - Starting new HTTP connection (1): 172.18.82.251:1240
Mon, 15 Jul 2019 11:04:02 - urllib3.connectionpool - DEBUG - http://172.18.82.251:1240 "POST /splitSentence HTTP/1.1" 200 None
Mon, 15 Jul 2019 11:04:57 - urllib3.connectionpool - DEBUG - Starting new HTTP connection (1): 127.0.0.1:8888
Mon, 15 Jul 2019 11:04:57 - urllib3.connectionpool - DEBUG - http://127.0.0.1:8888 "POST http://172.18.82.251:1240/splitSentence HTTP/1.1" 200 None
Mon, 15 Jul 2019 11:06:20 - urllib3.connectionpool - DEBUG - Starting new HTTP connection (1): 127.0.0.1:8888
Mon, 15 Jul 2019 11:06:20 - urllib3.connectionpool - DEBUG - http://127.0.0.1:8888 "POST http://172.18.82.251:1240/splitSentence HTTP/1.1" 200 None
Mon, 15 Jul 2019 11:06:20 - urllib3.connectionpool - DEBUG - Starting new HTTP connection (1): 127.0.0.1:8888
Mon, 15 Jul 2019 11:06:20 - urllib3.connectionpool - DEBUG - http://127.0.0.1:8888 "POST http://172.18.82.251:1240/splitSentence HTTP/1.1" 200 None
Mon, 15 Jul 2019 11:06:41 - urllib3.connectionpool - DEBUG - Starting new HTTP connection (1): 127.0.0.1:8888
Mon, 15 Jul 2019 11:06:41 - urllib3.connectionpool - DEBUG - http://127.0.0.1:8888 "POST http://172.18.82.251:1240/splitSentence HTTP/1.1" 200 None
Mon, 15 Jul 2019 11:06:41 - urllib3.connectionpool - DEBUG - Starting new HTTP connection (1): 127.0.0.1:8888
Mon, 15 Jul 2019 11:06:41 - urllib3.connectionpool - DEBUG - http://127.0.0.1:8888 "POST http://172.18.82.251:1240/splitSentence HTTP/1.1" 200 None
Mon, 15 Jul 2019 11:07:43 - urllib3.connectionpool - DEBUG - Starting new HTTP connection (1): 127.0.0.1:8888
Mon, 15 Jul 2019 11:07:43 - urllib3.connectionpool - DEBUG - http://127.0.0.1:8888 "POST http://172.18.82.251:1240/splitSentence HTTP/1.1" 200 None
Mon, 15 Jul 2019 11:07:43 - urllib3.connectionpool - DEBUG - Starting new HTTP connection (1): 127.0.0.1:8888
Mon, 15 Jul 2019 11:07:43 - urllib3.connectionpool - DEBUG - http://127.0.0.1:8888 "POST http://172.18.82.251:1240/splitSentence HTTP/1.1" 200 None
Mon, 15 Jul 2019 11:32:47 - urllib3.connectionpool - DEBUG - Starting new HTTP connection (1): 127.0.0.1:8888
Mon, 15 Jul 2019 11:32:47 - urllib3.connectionpool - DEBUG - http://127.0.0.1:8888 "POST http://172.18.82.251:1240/splitSentence HTTP/1.1" 200 None
Mon, 15 Jul 2019 11:32:47 - urllib3.connectionpool - DEBUG - Starting new HTTP connection (1): 127.0.0.1:8888
Mon, 15 Jul 2019 11:32:47 - urllib3.connectionpool - DEBUG - http://127.0.0.1:8888 "POST http://172.18.82.251:1240/splitSentence HTTP/1.1" 200 None
Mon, 15 Jul 2019 11:32:47 - urllib3.connectionpool - DEBUG - Starting new HTTP connection (1): 127.0.0.1:8888
Mon, 15 Jul 2019 11:32:48 - urllib3.connectionpool - DEBUG - http://127.0.0.1:8888 "POST http://172.18.82.251:1240/splitSentence HTTP/1.1" 200 None
Mon, 15 Jul 2019 11:32:48 - urllib3.connectionpool - DEBUG - Starting new HTTP connection (1): 127.0.0.1:8888
Mon, 15 Jul 2019 11:32:49 - urllib3.connectionpool - DEBUG - http://127.0.0.1:8888 "POST http://172.18.82.251:1240/splitSentence HTTP/1.1" 200 None
Mon, 15 Jul 2019 11:46:53 - urllib3.connectionpool - DEBUG - Starting new HTTP connection (1): 127.0.0.1:8888
Mon, 15 Jul 2019 11:46:53 - urllib3.connectionpool - DEBUG - http://127.0.0.1:8888 "POST http://172.18.82.251:1240/splitSentence HTTP/1.1" 200 None
Mon, 15 Jul 2019 11:46:53 - urllib3.connectionpool - DEBUG - Starting new HTTP connection (1): 127.0.0.1:8888
Mon, 15 Jul 2019 11:46:53 - urllib3.connectionpool - DEBUG - http://127.0.0.1:8888 "POST http://172.18.82.251:1240/splitSentence HTTP/1.1" 200 None
Mon, 15 Jul 2019 11:46:53 - urllib3.connectionpool - DEBUG - Starting new HTTP connection (1): 127.0.0.1:8888
Mon, 15 Jul 2019 11:46:54 - urllib3.connectionpool - DEBUG - http://127.0.0.1:8888 "POST http://172.18.82.251:1240/splitSentence HTTP/1.1" 200 None
Mon, 15 Jul 2019 11:46:54 - urllib3.connectionpool - DEBUG - Starting new HTTP connection (1): 127.0.0.1:8888
Mon, 15 Jul 2019 11:46:54 - urllib3.connectionpool - DEBUG - http://127.0.0.1:8888 "POST http://172.18.82.251:1240/splitSentence HTTP/1.1" 200 None
Mon, 15 Jul 2019 11:46:54 - urllib3.connectionpool - DEBUG - Starting new HTTP connection (1): 127.0.0.1:8888
Mon, 15 Jul 2019 11:46:54 - urllib3.connectionpool - DEBUG - http://127.0.0.1:8888 "POST http://172.18.82.251:1240/splitSentence HTTP/1.1" 200 None
Mon, 15 Jul 2019 11:46:54 - urllib3.connectionpool - DEBUG - Starting new HTTP connection (1): 127.0.0.1:8888
Mon, 15 Jul 2019 11:46:54 - urllib3.connectionpool - DEBUG - http://127.0.0.1:8888 "POST http://172.18.82.251:1240/splitSentence HTTP/1.1" 200 None
Mon, 15 Jul 2019 11:46:54 - urllib3.connectionpool - DEBUG - Starting new HTTP connection (1): 127.0.0.1:8888
Mon, 15 Jul 2019 11:46:54 - urllib3.connectionpool - DEBUG - http://127.0.0.1:8888 "POST http://172.18.82.251:1240/splitSentence HTTP/1.1" 200 None
Mon, 15 Jul 2019 11:46:54 - urllib3.connectionpool - DEBUG - Starting new HTTP connection (1): 127.0.0.1:8888
Mon, 15 Jul 2019 11:46:54 - urllib3.connectionpool - DEBUG - http://127.0.0.1:8888 "POST http://172.18.82.251:1240/splitSentence HTTP/1.1" 200 None
Mon, 15 Jul 2019 11:46:54 - urllib3.connectionpool - DEBUG - Starting new HTTP connection (1): 127.0.0.1:8888
Mon, 15 Jul 2019 11:46:54 - urllib3.connectionpool - DEBUG - http://127.0.0.1:8888 "POST http://172.18.82.251:1240/splitSentence HTTP/1.1" 200 None
Mon, 15 Jul 2019 11:46:54 - urllib3.connectionpool - DEBUG - Starting new HTTP connection (1): 127.0.0.1:8888
Mon, 15 Jul 2019 11:46:54 - urllib3.connectionpool - DEBUG - http://127.0.0.1:8888 "POST http://172.18.82.251:1240/splitSentence HTTP/1.1" 200 None
Mon, 15 Jul 2019 13:11:39 - urllib3.connectionpool - DEBUG - Starting new HTTP connection (1): 127.0.0.1:8888
Mon, 15 Jul 2019 13:11:39 - urllib3.connectionpool - DEBUG - http://127.0.0.1:8888 "POST http://172.18.82.251:1240/splitSentence HTTP/1.1" 200 None
Mon, 15 Jul 2019 13:11:39 - urllib3.connectionpool - DEBUG - Starting new HTTP connection (1): 127.0.0.1:8888
Mon, 15 Jul 2019 13:11:39 - urllib3.connectionpool - DEBUG - http://127.0.0.1:8888 "POST http://172.18.82.251:1240/splitSentence HTTP/1.1" 200 None
Mon, 15 Jul 2019 13:11:39 - urllib3.connectionpool - DEBUG - Starting new HTTP connection (1): 127.0.0.1:8888
Mon, 15 Jul 2019 13:11:39 - urllib3.connectionpool - DEBUG - http://127.0.0.1:8888 "POST http://172.18.82.251:1240/splitSentence HTTP/1.1" 200 None
Mon, 15 Jul 2019 13:11:39 - urllib3.connectionpool - DEBUG - Starting new HTTP connection (1): 127.0.0.1:8888
Mon, 15 Jul 2019 13:11:39 - urllib3.connectionpool - DEBUG - http://127.0.0.1:8888 "POST http://172.18.82.251:1240/splitSentence HTTP/1.1" 200 None
Mon, 15 Jul 2019 13:11:39 - urllib3.connectionpool - DEBUG - Starting new HTTP connection (1): 127.0.0.1:8888
Mon, 15 Jul 2019 13:11:39 - urllib3.connectionpool - DEBUG - http://127.0.0.1:8888 "POST http://172.18.82.251:1240/splitSentence HTTP/1.1" 200 None
Mon, 15 Jul 2019 13:11:39 - urllib3.connectionpool - DEBUG - Starting new HTTP connection (1): 127.0.0.1:8888
Mon, 15 Jul 2019 13:11:39 - urllib3.connectionpool - DEBUG - http://127.0.0.1:8888 "POST http://172.18.82.251:1240/splitSentence HTTP/1.1" 200 None
Mon, 15 Jul 2019 13:11:39 - urllib3.connectionpool - DEBUG - Starting new HTTP connection (1): 127.0.0.1:8888
Mon, 15 Jul 2019 13:11:39 - urllib3.connectionpool - DEBUG - http://127.0.0.1:8888 "POST http://172.18.82.251:1240/splitSentence HTTP/1.1" 200 None
Mon, 15 Jul 2019 13:11:39 - urllib3.connectionpool - DEBUG - Starting new HTTP connection (1): 127.0.0.1:8888
Mon, 15 Jul 2019 13:11:39 - urllib3.connectionpool - DEBUG - http://127.0.0.1:8888 "POST http://172.18.82.251:1240/splitSentence HTTP/1.1" 200 None
Mon, 15 Jul 2019 13:11:39 - urllib3.connectionpool - DEBUG - Starting new HTTP connection (1): 127.0.0.1:8888
Mon, 15 Jul 2019 13:11:39 - urllib3.connectionpool - DEBUG - http://127.0.0.1:8888 "POST http://172.18.82.251:1240/splitSentence HTTP/1.1" 200 None
Mon, 15 Jul 2019 13:11:39 - urllib3.connectionpool - DEBUG - Starting new HTTP connection (1): 127.0.0.1:8888
Mon, 15 Jul 2019 13:11:40 - urllib3.connectionpool - DEBUG - http://127.0.0.1:8888 "POST http://172.18.82.251:1240/splitSentence HTTP/1.1" 200 None
Mon, 15 Jul 2019 13:11:40 - urllib3.connectionpool - DEBUG - Starting new HTTP connection (1): 127.0.0.1:8888
Mon, 15 Jul 2019 13:11:40 - urllib3.connectionpool - DEBUG - http://127.0.0.1:8888 "POST http://172.18.82.251:1240/splitSentence HTTP/1.1" 200 None
Mon, 15 Jul 2019 13:11:40 - urllib3.connectionpool - DEBUG - Starting new HTTP connection (1): 127.0.0.1:8888
Mon, 15 Jul 2019 13:11:40 - urllib3.connectionpool - DEBUG - http://127.0.0.1:8888 "POST http://172.18.82.251:1240/splitSentence HTTP/1.1" 200 None
Mon, 15 Jul 2019 13:11:40 - urllib3.connectionpool - DEBUG - Starting new HTTP connection (1): 127.0.0.1:8888
Mon, 15 Jul 2019 13:11:40 - urllib3.connectionpool - DEBUG - http://127.0.0.1:8888 "POST http://172.18.82.251:1240/splitSentence HTTP/1.1" 200 None
Mon, 15 Jul 2019 13:11:40 - urllib3.connectionpool - DEBUG - Starting new HTTP connection (1): 127.0.0.1:8888
Mon, 15 Jul 2019 13:11:40 - urllib3.connectionpool - DEBUG - http://127.0.0.1:8888 "POST http://172.18.82.251:1240/splitSentence HTTP/1.1" 200 None
Mon, 15 Jul 2019 13:11:40 - urllib3.connectionpool - DEBUG - Starting new HTTP connection (1): 127.0.0.1:8888
Mon, 15 Jul 2019 13:11:40 - urllib3.connectionpool - DEBUG - http://127.0.0.1:8888 "POST http://172.18.82.251:1240/splitSentence HTTP/1.1" 200 None
Mon, 15 Jul 2019 13:11:40 - urllib3.connectionpool - DEBUG - Starting new HTTP connection (1): 127.0.0.1:8888
Mon, 15 Jul 2019 13:11:40 - urllib3.connectionpool - DEBUG - http://127.0.0.1:8888 "POST http://172.18.82.251:1240/splitSentence HTTP/1.1" 200 None
Mon, 15 Jul 2019 13:11:40 - urllib3.connectionpool - DEBUG - Starting new HTTP connection (1): 127.0.0.1:8888
Mon, 15 Jul 2019 13:11:40 - urllib3.connectionpool - DEBUG - http://127.0.0.1:8888 "POST http://172.18.82.251:1240/splitSentence HTTP/1.1" 200 None
Mon, 15 Jul 2019 13:11:40 - urllib3.connectionpool - DEBUG - Starting new HTTP connection (1): 127.0.0.1:8888
Mon, 15 Jul 2019 13:11:40 - urllib3.connectionpool - DEBUG - http://127.0.0.1:8888 "POST http://172.18.82.251:1240/splitSentence HTTP/1.1" 200 None
Mon, 15 Jul 2019 14:23:59 - urllib3.connectionpool - DEBUG - Starting new HTTP connection (1): 127.0.0.1:8888
Mon, 15 Jul 2019 14:23:59 - urllib3.connectionpool - DEBUG - http://127.0.0.1:8888 "POST http://172.18.82.251:1240/posTag HTTP/1.1" 200 None
Mon, 15 Jul 2019 14:28:38 - urllib3.connectionpool - DEBUG - Starting new HTTP connection (1): 127.0.0.1:8888
Mon, 15 Jul 2019 14:28:39 - urllib3.connectionpool - DEBUG - http://127.0.0.1:8888 "POST http://172.18.82.251:1240/splitWord HTTP/1.1" 200 None
Mon, 15 Jul 2019 14:28:39 - urllib3.connectionpool - DEBUG - Starting new HTTP connection (1): 127.0.0.1:8888
Mon, 15 Jul 2019 14:28:39 - urllib3.connectionpool - DEBUG - http://127.0.0.1:8888 "POST http://172.18.82.251:1240/posTag HTTP/1.1" 200 None
Mon, 15 Jul 2019 14:28:39 - urllib3.connectionpool - DEBUG - Starting new HTTP connection (1): 127.0.0.1:8888
Mon, 15 Jul 2019 14:28:39 - urllib3.connectionpool - DEBUG - http://127.0.0.1:8888 "POST http://172.18.82.251:1240/posTag HTTP/1.1" 200 None
Mon, 15 Jul 2019 14:28:39 - urllib3.connectionpool - DEBUG - Starting new HTTP connection (1): 127.0.0.1:8888
Mon, 15 Jul 2019 14:28:39 - urllib3.connectionpool - DEBUG - http://127.0.0.1:8888 "POST http://172.18.82.251:1240/splitWord HTTP/1.1" 200 None
Mon, 15 Jul 2019 14:29:41 - urllib3.connectionpool - DEBUG - Starting new HTTP connection (1): 127.0.0.1:8888
Mon, 15 Jul 2019 14:29:41 - urllib3.connectionpool - DEBUG - http://127.0.0.1:8888 "POST http://172.18.82.251:1240/splitWord HTTP/1.1" 200 None
Mon, 15 Jul 2019 14:29:41 - urllib3.connectionpool - DEBUG - Starting new HTTP connection (1): 127.0.0.1:8888
Mon, 15 Jul 2019 14:29:41 - urllib3.connectionpool - DEBUG - http://127.0.0.1:8888 "POST http://172.18.82.251:1240/posTag HTTP/1.1" 200 None
Mon, 15 Jul 2019 14:29:41 - urllib3.connectionpool - DEBUG - Starting new HTTP connection (1): 127.0.0.1:8888
Mon, 15 Jul 2019 14:29:41 - urllib3.connectionpool - DEBUG - http://127.0.0.1:8888 "POST http://172.18.82.251:1240/posTag HTTP/1.1" 200 None
Mon, 15 Jul 2019 14:29:41 - urllib3.connectionpool - DEBUG - Starting new HTTP connection (1): 127.0.0.1:8888
Mon, 15 Jul 2019 14:29:41 - urllib3.connectionpool - DEBUG - http://127.0.0.1:8888 "POST http://172.18.82.251:1240/splitWord HTTP/1.1" 200 None
Mon, 15 Jul 2019 14:30:43 - urllib3.connectionpool - DEBUG - Starting new HTTP connection (1): 127.0.0.1:8888
Mon, 15 Jul 2019 14:30:43 - urllib3.connectionpool - DEBUG - http://127.0.0.1:8888 "POST http://172.18.82.251:1240/splitWord HTTP/1.1" 200 None
Mon, 15 Jul 2019 14:30:43 - urllib3.connectionpool - DEBUG - Starting new HTTP connection (1): 127.0.0.1:8888
Mon, 15 Jul 2019 14:30:43 - urllib3.connectionpool - DEBUG - http://127.0.0.1:8888 "POST http://172.18.82.251:1240/posTag HTTP/1.1" 200 None
Mon, 15 Jul 2019 14:30:43 - urllib3.connectionpool - DEBUG - Starting new HTTP connection (1): 127.0.0.1:8888
Mon, 15 Jul 2019 14:30:43 - urllib3.connectionpool - DEBUG - http://127.0.0.1:8888 "POST http://172.18.82.251:1240/posTag HTTP/1.1" 200 None
Mon, 15 Jul 2019 14:30:43 - urllib3.connectionpool - DEBUG - Starting new HTTP connection (1): 127.0.0.1:8888
Mon, 15 Jul 2019 14:30:43 - urllib3.connectionpool - DEBUG - http://127.0.0.1:8888 "POST http://172.18.82.251:1240/splitWord HTTP/1.1" 200 None
Mon, 15 Jul 2019 14:35:54 - urllib3.connectionpool - DEBUG - Starting new HTTP connection (1): 127.0.0.1:8888
Mon, 15 Jul 2019 14:35:54 - urllib3.connectionpool - DEBUG - http://127.0.0.1:8888 "POST http://172.18.82.251:1240/splitWord HTTP/1.1" 200 None
Mon, 15 Jul 2019 14:35:54 - urllib3.connectionpool - DEBUG - Starting new HTTP connection (1): 127.0.0.1:8888
Mon, 15 Jul 2019 14:35:54 - urllib3.connectionpool - DEBUG - http://127.0.0.1:8888 "POST http://172.18.82.251:1240/posTag HTTP/1.1" 200 None
Mon, 15 Jul 2019 14:35:54 - urllib3.connectionpool - DEBUG - Starting new HTTP connection (1): 127.0.0.1:8888
Mon, 15 Jul 2019 14:35:54 - urllib3.connectionpool - DEBUG - http://127.0.0.1:8888 "POST http://172.18.82.251:1240/posTag HTTP/1.1" 200 None
Mon, 15 Jul 2019 14:35:54 - urllib3.connectionpool - DEBUG - Starting new HTTP connection (1): 127.0.0.1:8888
Mon, 15 Jul 2019 14:35:54 - urllib3.connectionpool - DEBUG - http://127.0.0.1:8888 "POST http://172.18.82.251:1240/splitWord HTTP/1.1" 200 None
Mon, 15 Jul 2019 14:35:54 - urllib3.connectionpool - DEBUG - Starting new HTTP connection (1): 127.0.0.1:8888
Mon, 15 Jul 2019 14:35:55 - urllib3.connectionpool - DEBUG - http://127.0.0.1:8888 "POST http://172.18.82.251:1240/posTag HTTP/1.1" 200 None
Mon, 15 Jul 2019 14:35:55 - urllib3.connectionpool - DEBUG - Starting new HTTP connection (1): 127.0.0.1:8888
Mon, 15 Jul 2019 14:35:55 - urllib3.connectionpool - DEBUG - http://127.0.0.1:8888 "POST http://172.18.82.251:1240/posTag HTTP/1.1" 200 None
Mon, 15 Jul 2019 14:36:19 - urllib3.connectionpool - DEBUG - Starting new HTTP connection (1): 127.0.0.1:8888
Mon, 15 Jul 2019 14:36:19 - urllib3.connectionpool - DEBUG - http://127.0.0.1:8888 "POST http://172.18.82.251:1240/splitWord HTTP/1.1" 200 None
Mon, 15 Jul 2019 14:36:19 - urllib3.connectionpool - DEBUG - Starting new HTTP connection (1): 127.0.0.1:8888
Mon, 15 Jul 2019 14:36:19 - urllib3.connectionpool - DEBUG - http://127.0.0.1:8888 "POST http://172.18.82.251:1240/posTag HTTP/1.1" 200 None
Mon, 15 Jul 2019 14:36:19 - urllib3.connectionpool - DEBUG - Starting new HTTP connection (1): 127.0.0.1:8888
Mon, 15 Jul 2019 14:36:19 - urllib3.connectionpool - DEBUG - http://127.0.0.1:8888 "POST http://172.18.82.251:1240/posTag HTTP/1.1" 200 None
Mon, 15 Jul 2019 14:36:19 - urllib3.connectionpool - DEBUG - Starting new HTTP connection (1): 127.0.0.1:8888
Mon, 15 Jul 2019 14:36:19 - urllib3.connectionpool - DEBUG - http://127.0.0.1:8888 "POST http://172.18.82.251:1240/splitWord HTTP/1.1" 200 None
Mon, 15 Jul 2019 14:36:19 - urllib3.connectionpool - DEBUG - Starting new HTTP connection (1): 127.0.0.1:8888
Mon, 15 Jul 2019 14:36:19 - urllib3.connectionpool - DEBUG - http://127.0.0.1:8888 "POST http://172.18.82.251:1240/posTag HTTP/1.1" 200 None
Mon, 15 Jul 2019 14:36:19 - urllib3.connectionpool - DEBUG - Starting new HTTP connection (1): 127.0.0.1:8888
Mon, 15 Jul 2019 14:36:19 - urllib3.connectionpool - DEBUG - http://127.0.0.1:8888 "POST http://172.18.82.251:1240/splitWord HTTP/1.1" 200 None
Mon, 15 Jul 2019 14:36:20 - urllib3.connectionpool - DEBUG - Starting new HTTP connection (1): 127.0.0.1:8888
Mon, 15 Jul 2019 14:36:20 - urllib3.connectionpool - DEBUG - http://127.0.0.1:8888 "POST http://172.18.82.251:1240/posTag HTTP/1.1" 200 None
Mon, 15 Jul 2019 14:36:20 - urllib3.connectionpool - DEBUG - Starting new HTTP connection (1): 127.0.0.1:8888
Mon, 15 Jul 2019 14:36:20 - urllib3.connectionpool - DEBUG - http://127.0.0.1:8888 "POST http://172.18.82.251:1240/splitWord HTTP/1.1" 200 None
Mon, 15 Jul 2019 14:39:33 - urllib3.connectionpool - DEBUG - Starting new HTTP connection (1): 127.0.0.1:8888
Mon, 15 Jul 2019 14:39:33 - urllib3.connectionpool - DEBUG - http://127.0.0.1:8888 "POST http://172.18.82.251:1240/splitWord HTTP/1.1" 200 None
Mon, 15 Jul 2019 14:39:33 - urllib3.connectionpool - DEBUG - Starting new HTTP connection (1): 127.0.0.1:8888
Mon, 15 Jul 2019 14:39:33 - urllib3.connectionpool - DEBUG - http://127.0.0.1:8888 "POST http://172.18.82.251:1240/posTag HTTP/1.1" 200 None
Mon, 15 Jul 2019 14:39:33 - urllib3.connectionpool - DEBUG - Starting new HTTP connection (1): 127.0.0.1:8888
Mon, 15 Jul 2019 14:39:33 - urllib3.connectionpool - DEBUG - http://127.0.0.1:8888 "POST http://172.18.82.251:1240/posTag HTTP/1.1" 200 None
Mon, 15 Jul 2019 14:39:34 - urllib3.connectionpool - DEBUG - Starting new HTTP connection (1): 127.0.0.1:8888
Mon, 15 Jul 2019 14:39:34 - urllib3.connectionpool - DEBUG - http://127.0.0.1:8888 "POST http://172.18.82.251:1240/splitWord HTTP/1.1" 200 None
Mon, 15 Jul 2019 14:39:34 - urllib3.connectionpool - DEBUG - Starting new HTTP connection (1): 127.0.0.1:8888
Mon, 15 Jul 2019 14:39:34 - urllib3.connectionpool - DEBUG - http://127.0.0.1:8888 "POST http://172.18.82.251:1240/posTag HTTP/1.1" 200 None
Mon, 15 Jul 2019 14:39:34 - urllib3.connectionpool - DEBUG - Starting new HTTP connection (1): 127.0.0.1:8888
Mon, 15 Jul 2019 14:39:35 - urllib3.connectionpool - DEBUG - http://127.0.0.1:8888 "POST http://172.18.82.251:1240/splitWord HTTP/1.1" 200 None
Mon, 15 Jul 2019 14:39:35 - urllib3.connectionpool - DEBUG - Starting new HTTP connection (1): 127.0.0.1:8888
Mon, 15 Jul 2019 14:39:35 - urllib3.connectionpool - DEBUG - http://127.0.0.1:8888 "POST http://172.18.82.251:1240/posTag HTTP/1.1" 200 None
Mon, 15 Jul 2019 14:39:35 - urllib3.connectionpool - DEBUG - Starting new HTTP connection (1): 127.0.0.1:8888
Mon, 15 Jul 2019 14:39:35 - urllib3.connectionpool - DEBUG - http://127.0.0.1:8888 "POST http://172.18.82.251:1240/splitWord HTTP/1.1" 200 None
Mon, 15 Jul 2019 14:41:48 - urllib3.connectionpool - DEBUG - Starting new HTTP connection (1): 127.0.0.1:8888
Mon, 15 Jul 2019 14:41:48 - urllib3.connectionpool - DEBUG - http://127.0.0.1:8888 "POST http://172.18.82.251:1240/splitWord HTTP/1.1" 200 None
Mon, 15 Jul 2019 14:41:48 - urllib3.connectionpool - DEBUG - Starting new HTTP connection (1): 127.0.0.1:8888
Mon, 15 Jul 2019 14:41:48 - urllib3.connectionpool - DEBUG - http://127.0.0.1:8888 "POST http://172.18.82.251:1240/posTag HTTP/1.1" 200 None
Mon, 15 Jul 2019 14:41:48 - urllib3.connectionpool - DEBUG - Starting new HTTP connection (1): 127.0.0.1:8888
Mon, 15 Jul 2019 14:41:48 - urllib3.connectionpool - DEBUG - http://127.0.0.1:8888 "POST http://172.18.82.251:1240/posTag HTTP/1.1" 200 None
Mon, 15 Jul 2019 14:41:48 - urllib3.connectionpool - DEBUG - Starting new HTTP connection (1): 127.0.0.1:8888
Mon, 15 Jul 2019 14:41:48 - urllib3.connectionpool - DEBUG - http://127.0.0.1:8888 "POST http://172.18.82.251:1240/splitWord HTTP/1.1" 200 None
Mon, 15 Jul 2019 14:41:49 - urllib3.connectionpool - DEBUG - Starting new HTTP connection (1): 127.0.0.1:8888
Mon, 15 Jul 2019 14:41:49 - urllib3.connectionpool - DEBUG - http://127.0.0.1:8888 "POST http://172.18.82.251:1240/posTag HTTP/1.1" 200 None
Mon, 15 Jul 2019 14:41:49 - urllib3.connectionpool - DEBUG - Starting new HTTP connection (1): 127.0.0.1:8888
Mon, 15 Jul 2019 14:41:49 - urllib3.connectionpool - DEBUG - http://127.0.0.1:8888 "POST http://172.18.82.251:1240/splitWord HTTP/1.1" 200 None
Mon, 15 Jul 2019 14:41:49 - urllib3.connectionpool - DEBUG - Starting new HTTP connection (1): 127.0.0.1:8888
Mon, 15 Jul 2019 14:41:49 - urllib3.connectionpool - DEBUG - http://127.0.0.1:8888 "POST http://172.18.82.251:1240/posTag HTTP/1.1" 200 None
Mon, 15 Jul 2019 14:41:49 - urllib3.connectionpool - DEBUG - Starting new HTTP connection (1): 127.0.0.1:8888
Mon, 15 Jul 2019 14:41:49 - urllib3.connectionpool - DEBUG - http://127.0.0.1:8888 "POST http://172.18.82.251:1240/splitWord HTTP/1.1" 200 None
Mon, 15 Jul 2019 14:43:42 - urllib3.connectionpool - DEBUG - Starting new HTTP connection (1): 127.0.0.1:8888
Mon, 15 Jul 2019 14:43:42 - urllib3.connectionpool - DEBUG - http://127.0.0.1:8888 "POST http://172.18.82.251:1240/splitWord HTTP/1.1" 200 None
Mon, 15 Jul 2019 14:43:42 - urllib3.connectionpool - DEBUG - Starting new HTTP connection (1): 127.0.0.1:8888
Mon, 15 Jul 2019 14:43:42 - urllib3.connectionpool - DEBUG - http://127.0.0.1:8888 "POST http://172.18.82.251:1240/posTag HTTP/1.1" 200 None
Mon, 15 Jul 2019 14:43:42 - urllib3.connectionpool - DEBUG - Starting new HTTP connection (1): 127.0.0.1:8888
Mon, 15 Jul 2019 14:43:42 - urllib3.connectionpool - DEBUG - http://127.0.0.1:8888 "POST http://172.18.82.251:1240/posTag HTTP/1.1" 200 None
Mon, 15 Jul 2019 14:43:42 - urllib3.connectionpool - DEBUG - Starting new HTTP connection (1): 127.0.0.1:8888
Mon, 15 Jul 2019 14:43:42 - urllib3.connectionpool - DEBUG - http://127.0.0.1:8888 "POST http://172.18.82.251:1240/splitWord HTTP/1.1" 200 None
Mon, 15 Jul 2019 14:44:19 - urllib3.connectionpool - DEBUG - Starting new HTTP connection (1): 127.0.0.1:8888
Mon, 15 Jul 2019 14:44:19 - urllib3.connectionpool - DEBUG - http://127.0.0.1:8888 "POST http://172.18.82.251:1240/splitWord HTTP/1.1" 200 None
Mon, 15 Jul 2019 14:44:19 - urllib3.connectionpool - DEBUG - Starting new HTTP connection (1): 127.0.0.1:8888
Mon, 15 Jul 2019 14:44:19 - urllib3.connectionpool - DEBUG - http://127.0.0.1:8888 "POST http://172.18.82.251:1240/posTag HTTP/1.1" 200 None
Mon, 15 Jul 2019 14:44:19 - urllib3.connectionpool - DEBUG - Starting new HTTP connection (1): 127.0.0.1:8888
Mon, 15 Jul 2019 14:44:19 - urllib3.connectionpool - DEBUG - http://127.0.0.1:8888 "POST http://172.18.82.251:1240/posTag HTTP/1.1" 200 None
Mon, 15 Jul 2019 14:44:19 - urllib3.connectionpool - DEBUG - Starting new HTTP connection (1): 127.0.0.1:8888
Mon, 15 Jul 2019 14:44:19 - urllib3.connectionpool - DEBUG - http://127.0.0.1:8888 "POST http://172.18.82.251:1240/splitWord HTTP/1.1" 200 None
Mon, 15 Jul 2019 14:44:19 - urllib3.connectionpool - DEBUG - Starting new HTTP connection (1): 127.0.0.1:8888
Mon, 15 Jul 2019 14:44:19 - urllib3.connectionpool - DEBUG - http://127.0.0.1:8888 "POST http://172.18.82.251:1240/posTag HTTP/1.1" 200 None
Mon, 15 Jul 2019 14:44:19 - urllib3.connectionpool - DEBUG - Starting new HTTP connection (1): 127.0.0.1:8888
Mon, 15 Jul 2019 14:44:19 - urllib3.connectionpool - DEBUG - http://127.0.0.1:8888 "POST http://172.18.82.251:1240/splitWord HTTP/1.1" 200 None
Mon, 15 Jul 2019 14:45:04 - urllib3.connectionpool - DEBUG - Starting new HTTP connection (1): 127.0.0.1:8888
Mon, 15 Jul 2019 14:45:05 - urllib3.connectionpool - DEBUG - http://127.0.0.1:8888 "POST http://172.18.82.251:1240/splitWord HTTP/1.1" 200 None
Mon, 15 Jul 2019 14:45:05 - urllib3.connectionpool - DEBUG - Starting new HTTP connection (1): 127.0.0.1:8888
Mon, 15 Jul 2019 14:45:05 - urllib3.connectionpool - DEBUG - http://127.0.0.1:8888 "POST http://172.18.82.251:1240/posTag HTTP/1.1" 200 None
Mon, 15 Jul 2019 14:45:05 - urllib3.connectionpool - DEBUG - Starting new HTTP connection (1): 127.0.0.1:8888
Mon, 15 Jul 2019 14:45:05 - urllib3.connectionpool - DEBUG - http://127.0.0.1:8888 "POST http://172.18.82.251:1240/posTag HTTP/1.1" 200 None
Mon, 15 Jul 2019 14:45:05 - urllib3.connectionpool - DEBUG - Starting new HTTP connection (1): 127.0.0.1:8888
Mon, 15 Jul 2019 14:45:05 - urllib3.connectionpool - DEBUG - http://127.0.0.1:8888 "POST http://172.18.82.251:1240/splitWord HTTP/1.1" 200 None
Mon, 15 Jul 2019 14:45:05 - urllib3.connectionpool - DEBUG - Starting new HTTP connection (1): 127.0.0.1:8888
Mon, 15 Jul 2019 14:45:05 - urllib3.connectionpool - DEBUG - http://127.0.0.1:8888 "POST http://172.18.82.251:1240/posTag HTTP/1.1" 200 None
Mon, 15 Jul 2019 14:45:05 - urllib3.connectionpool - DEBUG - Starting new HTTP connection (1): 127.0.0.1:8888
Mon, 15 Jul 2019 14:45:05 - urllib3.connectionpool - DEBUG - http://127.0.0.1:8888 "POST http://172.18.82.251:1240/splitWord HTTP/1.1" 200 None
Mon, 15 Jul 2019 14:46:12 - urllib3.connectionpool - DEBUG - Starting new HTTP connection (1): 127.0.0.1:8888
Mon, 15 Jul 2019 14:46:12 - urllib3.connectionpool - DEBUG - http://127.0.0.1:8888 "POST http://172.18.82.251:1240/splitWord HTTP/1.1" 200 None
Mon, 15 Jul 2019 14:46:12 - urllib3.connectionpool - DEBUG - Starting new HTTP connection (1): 127.0.0.1:8888
Mon, 15 Jul 2019 14:46:12 - urllib3.connectionpool - DEBUG - http://127.0.0.1:8888 "POST http://172.18.82.251:1240/posTag HTTP/1.1" 200 None
Mon, 15 Jul 2019 14:46:12 - urllib3.connectionpool - DEBUG - Starting new HTTP connection (1): 127.0.0.1:8888
Mon, 15 Jul 2019 14:46:12 - urllib3.connectionpool - DEBUG - http://127.0.0.1:8888 "POST http://172.18.82.251:1240/posTag HTTP/1.1" 200 None
Mon, 15 Jul 2019 14:46:12 - urllib3.connectionpool - DEBUG - Starting new HTTP connection (1): 127.0.0.1:8888
Mon, 15 Jul 2019 14:46:12 - urllib3.connectionpool - DEBUG - http://127.0.0.1:8888 "POST http://172.18.82.251:1240/splitWord HTTP/1.1" 200 None
Mon, 15 Jul 2019 14:46:12 - urllib3.connectionpool - DEBUG - Starting new HTTP connection (1): 127.0.0.1:8888
Mon, 15 Jul 2019 14:46:12 - urllib3.connectionpool - DEBUG - http://127.0.0.1:8888 "POST http://172.18.82.251:1240/posTag HTTP/1.1" 200 None
Mon, 15 Jul 2019 14:46:12 - urllib3.connectionpool - DEBUG - Starting new HTTP connection (1): 127.0.0.1:8888
Mon, 15 Jul 2019 14:46:13 - urllib3.connectionpool - DEBUG - http://127.0.0.1:8888 "POST http://172.18.82.251:1240/splitWord HTTP/1.1" 200 None
Mon, 15 Jul 2019 14:46:47 - urllib3.connectionpool - DEBUG - Starting new HTTP connection (1): 127.0.0.1:8888
Mon, 15 Jul 2019 14:46:48 - urllib3.connectionpool - DEBUG - http://127.0.0.1:8888 "POST http://172.18.82.251:1240/splitWord HTTP/1.1" 200 None
Mon, 15 Jul 2019 14:46:48 - urllib3.connectionpool - DEBUG - Starting new HTTP connection (1): 127.0.0.1:8888
Mon, 15 Jul 2019 14:46:48 - urllib3.connectionpool - DEBUG - http://127.0.0.1:8888 "POST http://172.18.82.251:1240/posTag HTTP/1.1" 200 None
Mon, 15 Jul 2019 14:46:48 - urllib3.connectionpool - DEBUG - Starting new HTTP connection (1): 127.0.0.1:8888
Mon, 15 Jul 2019 14:46:48 - urllib3.connectionpool - DEBUG - http://127.0.0.1:8888 "POST http://172.18.82.251:1240/posTag HTTP/1.1" 200 None
Mon, 15 Jul 2019 14:46:48 - urllib3.connectionpool - DEBUG - Starting new HTTP connection (1): 127.0.0.1:8888
Mon, 15 Jul 2019 14:46:48 - urllib3.connectionpool - DEBUG - http://127.0.0.1:8888 "POST http://172.18.82.251:1240/splitWord HTTP/1.1" 200 None
Mon, 15 Jul 2019 14:46:48 - urllib3.connectionpool - DEBUG - Starting new HTTP connection (1): 127.0.0.1:8888
Mon, 15 Jul 2019 14:46:48 - urllib3.connectionpool - DEBUG - http://127.0.0.1:8888 "POST http://172.18.82.251:1240/posTag HTTP/1.1" 200 None
Mon, 15 Jul 2019 14:46:48 - urllib3.connectionpool - DEBUG - Starting new HTTP connection (1): 127.0.0.1:8888
Mon, 15 Jul 2019 14:46:48 - urllib3.connectionpool - DEBUG - http://127.0.0.1:8888 "POST http://172.18.82.251:1240/splitWord HTTP/1.1" 200 None
Mon, 15 Jul 2019 14:53:51 - urllib3.connectionpool - DEBUG - Starting new HTTP connection (1): 127.0.0.1:8888
Mon, 15 Jul 2019 14:53:51 - urllib3.connectionpool - DEBUG - http://127.0.0.1:8888 "POST http://172.18.82.251:1240/splitWord HTTP/1.1" 200 None
Mon, 15 Jul 2019 14:53:51 - urllib3.connectionpool - DEBUG - Starting new HTTP connection (1): 127.0.0.1:8888
Mon, 15 Jul 2019 14:53:51 - urllib3.connectionpool - DEBUG - http://127.0.0.1:8888 "POST http://172.18.82.251:1240/splitWord HTTP/1.1" 200 None
Mon, 15 Jul 2019 14:53:51 - urllib3.connectionpool - DEBUG - Starting new HTTP connection (1): 127.0.0.1:8888
Mon, 15 Jul 2019 14:53:51 - urllib3.connectionpool - DEBUG - http://127.0.0.1:8888 "POST http://172.18.82.251:1240/splitWord HTTP/1.1" 200 None
Mon, 15 Jul 2019 14:53:51 - urllib3.connectionpool - DEBUG - Starting new HTTP connection (1): 127.0.0.1:8888
Mon, 15 Jul 2019 14:53:51 - urllib3.connectionpool - DEBUG - http://127.0.0.1:8888 "POST http://172.18.82.251:1240/splitWord HTTP/1.1" 200 None
Mon, 15 Jul 2019 14:53:51 - urllib3.connectionpool - DEBUG - Starting new HTTP connection (1): 127.0.0.1:8888
Mon, 15 Jul 2019 14:53:51 - urllib3.connectionpool - DEBUG - http://127.0.0.1:8888 "POST http://172.18.82.251:1240/splitWord HTTP/1.1" 200 None
Mon, 15 Jul 2019 14:53:51 - urllib3.connectionpool - DEBUG - Starting new HTTP connection (1): 127.0.0.1:8888
Mon, 15 Jul 2019 14:53:51 - urllib3.connectionpool - DEBUG - http://127.0.0.1:8888 "POST http://172.18.82.251:1240/splitWord HTTP/1.1" 200 None
Mon, 15 Jul 2019 14:53:51 - urllib3.connectionpool - DEBUG - Starting new HTTP connection (1): 127.0.0.1:8888
Mon, 15 Jul 2019 14:53:51 - urllib3.connectionpool - DEBUG - http://127.0.0.1:8888 "POST http://172.18.82.251:1240/splitWord HTTP/1.1" 200 None
Mon, 15 Jul 2019 14:53:51 - urllib3.connectionpool - DEBUG - Starting new HTTP connection (1): 127.0.0.1:8888
Mon, 15 Jul 2019 14:53:51 - urllib3.connectionpool - DEBUG - http://127.0.0.1:8888 "POST http://172.18.82.251:1240/splitWord HTTP/1.1" 200 None
Mon, 15 Jul 2019 14:53:51 - urllib3.connectionpool - DEBUG - Starting new HTTP connection (1): 127.0.0.1:8888
Mon, 15 Jul 2019 14:53:51 - urllib3.connectionpool - DEBUG - http://127.0.0.1:8888 "POST http://172.18.82.251:1240/splitWord HTTP/1.1" 200 None
Mon, 15 Jul 2019 14:53:51 - urllib3.connectionpool - DEBUG - Starting new HTTP connection (1): 127.0.0.1:8888
Mon, 15 Jul 2019 14:53:51 - urllib3.connectionpool - DEBUG - http://127.0.0.1:8888 "POST http://172.18.82.251:1240/splitWord HTTP/1.1" 200 None
Mon, 15 Jul 2019 14:53:51 - urllib3.connectionpool - DEBUG - Starting new HTTP connection (1): 127.0.0.1:8888
Mon, 15 Jul 2019 14:53:51 - urllib3.connectionpool - DEBUG - http://127.0.0.1:8888 "POST http://172.18.82.251:1240/splitWord HTTP/1.1" 200 None
Mon, 15 Jul 2019 14:53:51 - urllib3.connectionpool - DEBUG - Starting new HTTP connection (1): 127.0.0.1:8888
Mon, 15 Jul 2019 14:53:51 - urllib3.connectionpool - DEBUG - http://127.0.0.1:8888 "POST http://172.18.82.251:1240/splitWord HTTP/1.1" 200 None
Mon, 15 Jul 2019 15:47:13 - urllib3.connectionpool - DEBUG - Starting new HTTP connection (1): 127.0.0.1:8888
Mon, 15 Jul 2019 15:47:13 - urllib3.connectionpool - DEBUG - http://127.0.0.1:8888 "POST http://172.18.82.251:1240/splitWord HTTP/1.1" 200 None
Mon, 15 Jul 2019 15:47:13 - urllib3.connectionpool - DEBUG - Starting new HTTP connection (1): 127.0.0.1:8888
Mon, 15 Jul 2019 15:47:13 - urllib3.connectionpool - DEBUG - http://127.0.0.1:8888 "POST http://172.18.82.251:1240/posTag HTTP/1.1" 200 None
Mon, 15 Jul 2019 15:47:13 - urllib3.connectionpool - DEBUG - Starting new HTTP connection (1): 127.0.0.1:8888
Mon, 15 Jul 2019 15:47:13 - urllib3.connectionpool - DEBUG - http://127.0.0.1:8888 "POST http://172.18.82.251:1240/splitWord HTTP/1.1" 200 None
Mon, 15 Jul 2019 15:47:13 - urllib3.connectionpool - DEBUG - Starting new HTTP connection (1): 127.0.0.1:8888
Mon, 15 Jul 2019 15:47:13 - urllib3.connectionpool - DEBUG - http://127.0.0.1:8888 "POST http://172.18.82.251:1240/posTag HTTP/1.1" 200 None
Mon, 15 Jul 2019 15:47:13 - urllib3.connectionpool - DEBUG - Starting new HTTP connection (1): 127.0.0.1:8888
Mon, 15 Jul 2019 15:47:13 - urllib3.connectionpool - DEBUG - http://127.0.0.1:8888 "POST http://172.18.82.251:1240/posTag HTTP/1.1" 200 None
Mon, 15 Jul 2019 15:47:13 - urllib3.connectionpool - DEBUG - Starting new HTTP connection (1): 127.0.0.1:8888
Mon, 15 Jul 2019 15:47:14 - urllib3.connectionpool - DEBUG - http://127.0.0.1:8888 "POST http://172.18.82.251:1240/splitWord HTTP/1.1" 200 None
Mon, 15 Jul 2019 15:47:14 - urllib3.connectionpool - DEBUG - Starting new HTTP connection (1): 127.0.0.1:8888
Mon, 15 Jul 2019 15:47:14 - urllib3.connectionpool - DEBUG - http://127.0.0.1:8888 "POST http://172.18.82.251:1240/posTag HTTP/1.1" 200 None
Mon, 15 Jul 2019 15:47:14 - urllib3.connectionpool - DEBUG - Starting new HTTP connection (1): 127.0.0.1:8888
Mon, 15 Jul 2019 15:47:14 - urllib3.connectionpool - DEBUG - http://127.0.0.1:8888 "POST http://172.18.82.251:1240/splitWord HTTP/1.1" 200 None
Mon, 15 Jul 2019 15:47:14 - urllib3.connectionpool - DEBUG - Starting new HTTP connection (1): 127.0.0.1:8888
Mon, 15 Jul 2019 15:47:14 - urllib3.connectionpool - DEBUG - http://127.0.0.1:8888 "POST http://172.18.82.251:1240/posTag HTTP/1.1" 200 None
Mon, 15 Jul 2019 15:47:14 - urllib3.connectionpool - DEBUG - Starting new HTTP connection (1): 127.0.0.1:8888
Mon, 15 Jul 2019 15:47:14 - urllib3.connectionpool - DEBUG - http://127.0.0.1:8888 "POST http://172.18.82.251:1240/posTag HTTP/1.1" 200 None
Mon, 15 Jul 2019 15:47:14 - urllib3.connectionpool - DEBUG - Starting new HTTP connection (1): 127.0.0.1:8888
Mon, 15 Jul 2019 15:47:14 - urllib3.connectionpool - DEBUG - http://127.0.0.1:8888 "POST http://172.18.82.251:1240/posTag HTTP/1.1" 200 None
Mon, 15 Jul 2019 15:47:14 - urllib3.connectionpool - DEBUG - Starting new HTTP connection (1): 127.0.0.1:8888
Mon, 15 Jul 2019 15:47:14 - urllib3.connectionpool - DEBUG - http://127.0.0.1:8888 "POST http://172.18.82.251:1240/posTag HTTP/1.1" 200 None
Mon, 15 Jul 2019 15:47:14 - urllib3.connectionpool - DEBUG - Starting new HTTP connection (1): 127.0.0.1:8888
Mon, 15 Jul 2019 15:47:14 - urllib3.connectionpool - DEBUG - http://127.0.0.1:8888 "POST http://172.18.82.251:1240/splitWord HTTP/1.1" 200 None
Mon, 15 Jul 2019 15:49:42 - urllib3.connectionpool - DEBUG - Starting new HTTP connection (1): 127.0.0.1:8888
Mon, 15 Jul 2019 15:49:42 - urllib3.connectionpool - DEBUG - http://127.0.0.1:8888 "POST http://172.18.82.251:1240/splitWord HTTP/1.1" 200 None
Mon, 15 Jul 2019 15:49:42 - urllib3.connectionpool - DEBUG - Starting new HTTP connection (1): 127.0.0.1:8888
Mon, 15 Jul 2019 15:49:42 - urllib3.connectionpool - DEBUG - http://127.0.0.1:8888 "POST http://172.18.82.251:1240/posTag HTTP/1.1" 200 None
Mon, 15 Jul 2019 15:49:42 - urllib3.connectionpool - DEBUG - Starting new HTTP connection (1): 127.0.0.1:8888
Mon, 15 Jul 2019 15:49:42 - urllib3.connectionpool - DEBUG - http://127.0.0.1:8888 "POST http://172.18.82.251:1240/splitWord HTTP/1.1" 200 None
Mon, 15 Jul 2019 15:49:42 - urllib3.connectionpool - DEBUG - Starting new HTTP connection (1): 127.0.0.1:8888
Mon, 15 Jul 2019 15:49:42 - urllib3.connectionpool - DEBUG - http://127.0.0.1:8888 "POST http://172.18.82.251:1240/posTag HTTP/1.1" 200 None
Mon, 15 Jul 2019 15:49:42 - urllib3.connectionpool - DEBUG - Starting new HTTP connection (1): 127.0.0.1:8888
Mon, 15 Jul 2019 15:49:43 - urllib3.connectionpool - DEBUG - http://127.0.0.1:8888 "POST http://172.18.82.251:1240/posTag HTTP/1.1" 200 None
Mon, 15 Jul 2019 15:49:43 - urllib3.connectionpool - DEBUG - Starting new HTTP connection (1): 127.0.0.1:8888
Mon, 15 Jul 2019 15:49:43 - urllib3.connectionpool - DEBUG - http://127.0.0.1:8888 "POST http://172.18.82.251:1240/splitWord HTTP/1.1" 200 None
Mon, 15 Jul 2019 15:49:43 - urllib3.connectionpool - DEBUG - Starting new HTTP connection (1): 127.0.0.1:8888
Mon, 15 Jul 2019 15:49:43 - urllib3.connectionpool - DEBUG - http://127.0.0.1:8888 "POST http://172.18.82.251:1240/posTag HTTP/1.1" 200 None
Mon, 15 Jul 2019 15:49:43 - urllib3.connectionpool - DEBUG - Starting new HTTP connection (1): 127.0.0.1:8888
Mon, 15 Jul 2019 15:49:43 - urllib3.connectionpool - DEBUG - http://127.0.0.1:8888 "POST http://172.18.82.251:1240/splitWord HTTP/1.1" 200 None
Mon, 15 Jul 2019 15:49:43 - urllib3.connectionpool - DEBUG - Starting new HTTP connection (1): 127.0.0.1:8888
Mon, 15 Jul 2019 15:49:43 - urllib3.connectionpool - DEBUG - http://127.0.0.1:8888 "POST http://172.18.82.251:1240/posTag HTTP/1.1" 200 None
Mon, 15 Jul 2019 15:49:43 - urllib3.connectionpool - DEBUG - Starting new HTTP connection (1): 127.0.0.1:8888
Mon, 15 Jul 2019 15:49:43 - urllib3.connectionpool - DEBUG - http://127.0.0.1:8888 "POST http://172.18.82.251:1240/posTag HTTP/1.1" 200 None
Mon, 15 Jul 2019 15:49:43 - urllib3.connectionpool - DEBUG - Starting new HTTP connection (1): 127.0.0.1:8888
Mon, 15 Jul 2019 15:49:43 - urllib3.connectionpool - DEBUG - http://127.0.0.1:8888 "POST http://172.18.82.251:1240/posTag HTTP/1.1" 200 None
Mon, 15 Jul 2019 15:49:43 - urllib3.connectionpool - DEBUG - Starting new HTTP connection (1): 127.0.0.1:8888
Mon, 15 Jul 2019 15:49:43 - urllib3.connectionpool - DEBUG - http://127.0.0.1:8888 "POST http://172.18.82.251:1240/posTag HTTP/1.1" 200 None
Mon, 15 Jul 2019 15:49:43 - urllib3.connectionpool - DEBUG - Starting new HTTP connection (1): 127.0.0.1:8888
Mon, 15 Jul 2019 15:49:43 - urllib3.connectionpool - DEBUG - http://127.0.0.1:8888 "POST http://172.18.82.251:1240/splitWord HTTP/1.1" 200 None
Mon, 15 Jul 2019 15:50:41 - urllib3.connectionpool - DEBUG - Starting new HTTP connection (1): 127.0.0.1:8888
Mon, 15 Jul 2019 15:50:41 - urllib3.connectionpool - DEBUG - http://127.0.0.1:8888 "POST http://172.18.82.251:1240/splitWord HTTP/1.1" 200 None
Mon, 15 Jul 2019 15:50:41 - urllib3.connectionpool - DEBUG - Starting new HTTP connection (1): 127.0.0.1:8888
Mon, 15 Jul 2019 15:50:41 - urllib3.connectionpool - DEBUG - http://127.0.0.1:8888 "POST http://172.18.82.251:1240/posTag HTTP/1.1" 200 None
Mon, 15 Jul 2019 15:50:41 - urllib3.connectionpool - DEBUG - Starting new HTTP connection (1): 127.0.0.1:8888
Mon, 15 Jul 2019 15:50:41 - urllib3.connectionpool - DEBUG - http://127.0.0.1:8888 "POST http://172.18.82.251:1240/splitWord HTTP/1.1" 200 None
Mon, 15 Jul 2019 15:50:41 - urllib3.connectionpool - DEBUG - Starting new HTTP connection (1): 127.0.0.1:8888
Mon, 15 Jul 2019 15:50:41 - urllib3.connectionpool - DEBUG - http://127.0.0.1:8888 "POST http://172.18.82.251:1240/posTag HTTP/1.1" 200 None
Mon, 15 Jul 2019 15:50:41 - urllib3.connectionpool - DEBUG - Starting new HTTP connection (1): 127.0.0.1:8888
Mon, 15 Jul 2019 15:50:41 - urllib3.connectionpool - DEBUG - http://127.0.0.1:8888 "POST http://172.18.82.251:1240/posTag HTTP/1.1" 200 None
Mon, 15 Jul 2019 15:50:41 - urllib3.connectionpool - DEBUG - Starting new HTTP connection (1): 127.0.0.1:8888
Mon, 15 Jul 2019 15:50:41 - urllib3.connectionpool - DEBUG - http://127.0.0.1:8888 "POST http://172.18.82.251:1240/splitWord HTTP/1.1" 200 None
Mon, 15 Jul 2019 15:50:41 - urllib3.connectionpool - DEBUG - Starting new HTTP connection (1): 127.0.0.1:8888
Mon, 15 Jul 2019 15:50:41 - urllib3.connectionpool - DEBUG - http://127.0.0.1:8888 "POST http://172.18.82.251:1240/posTag HTTP/1.1" 200 None
Mon, 15 Jul 2019 15:50:41 - urllib3.connectionpool - DEBUG - Starting new HTTP connection (1): 127.0.0.1:8888
Mon, 15 Jul 2019 15:50:41 - urllib3.connectionpool - DEBUG - http://127.0.0.1:8888 "POST http://172.18.82.251:1240/splitWord HTTP/1.1" 200 None
Mon, 15 Jul 2019 15:50:41 - urllib3.connectionpool - DEBUG - Starting new HTTP connection (1): 127.0.0.1:8888
Mon, 15 Jul 2019 15:50:41 - urllib3.connectionpool - DEBUG - http://127.0.0.1:8888 "POST http://172.18.82.251:1240/posTag HTTP/1.1" 200 None
Mon, 15 Jul 2019 15:50:41 - urllib3.connectionpool - DEBUG - Starting new HTTP connection (1): 127.0.0.1:8888
Mon, 15 Jul 2019 15:50:41 - urllib3.connectionpool - DEBUG - http://127.0.0.1:8888 "POST http://172.18.82.251:1240/posTag HTTP/1.1" 200 None
Mon, 15 Jul 2019 15:50:41 - urllib3.connectionpool - DEBUG - Starting new HTTP connection (1): 127.0.0.1:8888
Mon, 15 Jul 2019 15:50:41 - urllib3.connectionpool - DEBUG - http://127.0.0.1:8888 "POST http://172.18.82.251:1240/posTag HTTP/1.1" 200 None
Mon, 15 Jul 2019 15:50:41 - urllib3.connectionpool - DEBUG - Starting new HTTP connection (1): 127.0.0.1:8888
Mon, 15 Jul 2019 15:50:41 - urllib3.connectionpool - DEBUG - http://127.0.0.1:8888 "POST http://172.18.82.251:1240/posTag HTTP/1.1" 200 None
Mon, 15 Jul 2019 15:50:41 - urllib3.connectionpool - DEBUG - Starting new HTTP connection (1): 127.0.0.1:8888
Mon, 15 Jul 2019 15:50:42 - urllib3.connectionpool - DEBUG - http://127.0.0.1:8888 "POST http://172.18.82.251:1240/splitWord HTTP/1.1" 200 None
Mon, 15 Jul 2019 15:52:45 - urllib3.connectionpool - DEBUG - Starting new HTTP connection (1): 127.0.0.1:8888
Mon, 15 Jul 2019 15:52:45 - urllib3.connectionpool - DEBUG - http://127.0.0.1:8888 "POST http://172.18.82.251:1240/splitWord HTTP/1.1" 200 None
Mon, 15 Jul 2019 15:52:45 - urllib3.connectionpool - DEBUG - Starting new HTTP connection (1): 127.0.0.1:8888
Mon, 15 Jul 2019 15:52:45 - urllib3.connectionpool - DEBUG - http://127.0.0.1:8888 "POST http://172.18.82.251:1240/posTag HTTP/1.1" 200 None
Mon, 15 Jul 2019 15:52:45 - urllib3.connectionpool - DEBUG - Starting new HTTP connection (1): 127.0.0.1:8888
Mon, 15 Jul 2019 15:52:45 - urllib3.connectionpool - DEBUG - http://127.0.0.1:8888 "POST http://172.18.82.251:1240/splitWord HTTP/1.1" 200 None
Mon, 15 Jul 2019 15:52:45 - urllib3.connectionpool - DEBUG - Starting new HTTP connection (1): 127.0.0.1:8888
Mon, 15 Jul 2019 15:52:45 - urllib3.connectionpool - DEBUG - http://127.0.0.1:8888 "POST http://172.18.82.251:1240/posTag HTTP/1.1" 200 None
Mon, 15 Jul 2019 15:52:45 - urllib3.connectionpool - DEBUG - Starting new HTTP connection (1): 127.0.0.1:8888
Mon, 15 Jul 2019 15:52:45 - urllib3.connectionpool - DEBUG - http://127.0.0.1:8888 "POST http://172.18.82.251:1240/posTag HTTP/1.1" 200 None
Mon, 15 Jul 2019 15:52:45 - urllib3.connectionpool - DEBUG - Starting new HTTP connection (1): 127.0.0.1:8888
Mon, 15 Jul 2019 15:52:45 - urllib3.connectionpool - DEBUG - http://127.0.0.1:8888 "POST http://172.18.82.251:1240/splitWord HTTP/1.1" 200 None
Mon, 15 Jul 2019 15:52:45 - urllib3.connectionpool - DEBUG - Starting new HTTP connection (1): 127.0.0.1:8888
Mon, 15 Jul 2019 15:52:45 - urllib3.connectionpool - DEBUG - http://127.0.0.1:8888 "POST http://172.18.82.251:1240/posTag HTTP/1.1" 200 None
Mon, 15 Jul 2019 15:52:45 - urllib3.connectionpool - DEBUG - Starting new HTTP connection (1): 127.0.0.1:8888
Mon, 15 Jul 2019 15:52:45 - urllib3.connectionpool - DEBUG - http://127.0.0.1:8888 "POST http://172.18.82.251:1240/splitWord HTTP/1.1" 200 None
Mon, 15 Jul 2019 15:52:45 - urllib3.connectionpool - DEBUG - Starting new HTTP connection (1): 127.0.0.1:8888
Mon, 15 Jul 2019 15:52:45 - urllib3.connectionpool - DEBUG - http://127.0.0.1:8888 "POST http://172.18.82.251:1240/posTag HTTP/1.1" 200 None
Mon, 15 Jul 2019 15:52:45 - urllib3.connectionpool - DEBUG - Starting new HTTP connection (1): 127.0.0.1:8888
Mon, 15 Jul 2019 15:52:45 - urllib3.connectionpool - DEBUG - http://127.0.0.1:8888 "POST http://172.18.82.251:1240/posTag HTTP/1.1" 200 None
Mon, 15 Jul 2019 15:52:45 - urllib3.connectionpool - DEBUG - Starting new HTTP connection (1): 127.0.0.1:8888
Mon, 15 Jul 2019 15:52:45 - urllib3.connectionpool - DEBUG - http://127.0.0.1:8888 "POST http://172.18.82.251:1240/posTag HTTP/1.1" 200 None
Mon, 15 Jul 2019 15:52:45 - urllib3.connectionpool - DEBUG - Starting new HTTP connection (1): 127.0.0.1:8888
Mon, 15 Jul 2019 15:52:46 - urllib3.connectionpool - DEBUG - http://127.0.0.1:8888 "POST http://172.18.82.251:1240/posTag HTTP/1.1" 200 None
Mon, 15 Jul 2019 15:52:46 - urllib3.connectionpool - DEBUG - Starting new HTTP connection (1): 127.0.0.1:8888
Mon, 15 Jul 2019 15:52:46 - urllib3.connectionpool - DEBUG - http://127.0.0.1:8888 "POST http://172.18.82.251:1240/splitWord HTTP/1.1" 200 None
Mon, 15 Jul 2019 15:52:46 - urllib3.connectionpool - DEBUG - Starting new HTTP connection (1): 127.0.0.1:8888
Mon, 15 Jul 2019 15:52:46 - urllib3.connectionpool - DEBUG - http://127.0.0.1:8888 "POST http://172.18.82.251:1240/posTag HTTP/1.1" 200 None
Mon, 15 Jul 2019 15:52:46 - urllib3.connectionpool - DEBUG - Starting new HTTP connection (1): 127.0.0.1:8888
Mon, 15 Jul 2019 15:52:46 - urllib3.connectionpool - DEBUG - http://127.0.0.1:8888 "POST http://172.18.82.251:1240/posTag HTTP/1.1" 200 None
Mon, 15 Jul 2019 15:52:46 - urllib3.connectionpool - DEBUG - Starting new HTTP connection (1): 127.0.0.1:8888
Mon, 15 Jul 2019 15:52:46 - urllib3.connectionpool - DEBUG - http://127.0.0.1:8888 "POST http://172.18.82.251:1240/posTag HTTP/1.1" 200 None
Mon, 15 Jul 2019 15:52:46 - urllib3.connectionpool - DEBUG - Starting new HTTP connection (1): 127.0.0.1:8888
Mon, 15 Jul 2019 15:52:46 - urllib3.connectionpool - DEBUG - http://127.0.0.1:8888 "POST http://172.18.82.251:1240/posTag HTTP/1.1" 200 None
Mon, 15 Jul 2019 15:53:04 - urllib3.connectionpool - DEBUG - Starting new HTTP connection (1): 127.0.0.1:8888
Mon, 15 Jul 2019 15:53:04 - urllib3.connectionpool - DEBUG - http://127.0.0.1:8888 "POST http://172.18.82.251:1240/splitWord HTTP/1.1" 200 None
Mon, 15 Jul 2019 15:53:04 - urllib3.connectionpool - DEBUG - Starting new HTTP connection (1): 127.0.0.1:8888
Mon, 15 Jul 2019 15:53:04 - urllib3.connectionpool - DEBUG - http://127.0.0.1:8888 "POST http://172.18.82.251:1240/posTag HTTP/1.1" 200 None
Mon, 15 Jul 2019 15:53:04 - urllib3.connectionpool - DEBUG - Starting new HTTP connection (1): 127.0.0.1:8888
Mon, 15 Jul 2019 15:53:04 - urllib3.connectionpool - DEBUG - http://127.0.0.1:8888 "POST http://172.18.82.251:1240/splitWord HTTP/1.1" 200 None
Mon, 15 Jul 2019 15:53:04 - urllib3.connectionpool - DEBUG - Starting new HTTP connection (1): 127.0.0.1:8888
Mon, 15 Jul 2019 15:53:04 - urllib3.connectionpool - DEBUG - http://127.0.0.1:8888 "POST http://172.18.82.251:1240/posTag HTTP/1.1" 200 None
Mon, 15 Jul 2019 15:53:04 - urllib3.connectionpool - DEBUG - Starting new HTTP connection (1): 127.0.0.1:8888
Mon, 15 Jul 2019 15:53:04 - urllib3.connectionpool - DEBUG - http://127.0.0.1:8888 "POST http://172.18.82.251:1240/posTag HTTP/1.1" 200 None
Mon, 15 Jul 2019 15:53:04 - urllib3.connectionpool - DEBUG - Starting new HTTP connection (1): 127.0.0.1:8888
Mon, 15 Jul 2019 15:53:04 - urllib3.connectionpool - DEBUG - http://127.0.0.1:8888 "POST http://172.18.82.251:1240/splitWord HTTP/1.1" 200 None
Mon, 15 Jul 2019 15:53:04 - urllib3.connectionpool - DEBUG - Starting new HTTP connection (1): 127.0.0.1:8888
Mon, 15 Jul 2019 15:53:04 - urllib3.connectionpool - DEBUG - http://127.0.0.1:8888 "POST http://172.18.82.251:1240/posTag HTTP/1.1" 200 None
Mon, 15 Jul 2019 15:53:04 - urllib3.connectionpool - DEBUG - Starting new HTTP connection (1): 127.0.0.1:8888
Mon, 15 Jul 2019 15:53:05 - urllib3.connectionpool - DEBUG - http://127.0.0.1:8888 "POST http://172.18.82.251:1240/splitWord HTTP/1.1" 200 None
Mon, 15 Jul 2019 15:53:05 - urllib3.connectionpool - DEBUG - Starting new HTTP connection (1): 127.0.0.1:8888
Mon, 15 Jul 2019 15:53:05 - urllib3.connectionpool - DEBUG - http://127.0.0.1:8888 "POST http://172.18.82.251:1240/posTag HTTP/1.1" 200 None
Mon, 15 Jul 2019 15:53:05 - urllib3.connectionpool - DEBUG - Starting new HTTP connection (1): 127.0.0.1:8888
Mon, 15 Jul 2019 15:53:05 - urllib3.connectionpool - DEBUG - http://127.0.0.1:8888 "POST http://172.18.82.251:1240/posTag HTTP/1.1" 200 None
Mon, 15 Jul 2019 15:53:05 - urllib3.connectionpool - DEBUG - Starting new HTTP connection (1): 127.0.0.1:8888
Mon, 15 Jul 2019 15:53:05 - urllib3.connectionpool - DEBUG - http://127.0.0.1:8888 "POST http://172.18.82.251:1240/posTag HTTP/1.1" 200 None
Mon, 15 Jul 2019 15:53:05 - urllib3.connectionpool - DEBUG - Starting new HTTP connection (1): 127.0.0.1:8888
Mon, 15 Jul 2019 15:53:05 - urllib3.connectionpool - DEBUG - http://127.0.0.1:8888 "POST http://172.18.82.251:1240/posTag HTTP/1.1" 200 None
Mon, 15 Jul 2019 15:53:05 - urllib3.connectionpool - DEBUG - Starting new HTTP connection (1): 127.0.0.1:8888
Mon, 15 Jul 2019 15:53:05 - urllib3.connectionpool - DEBUG - http://127.0.0.1:8888 "POST http://172.18.82.251:1240/splitWord HTTP/1.1" 200 None
Mon, 15 Jul 2019 15:53:05 - urllib3.connectionpool - DEBUG - Starting new HTTP connection (1): 127.0.0.1:8888
Mon, 15 Jul 2019 15:53:05 - urllib3.connectionpool - DEBUG - http://127.0.0.1:8888 "POST http://172.18.82.251:1240/posTag HTTP/1.1" 200 None
Mon, 15 Jul 2019 15:53:05 - urllib3.connectionpool - DEBUG - Starting new HTTP connection (1): 127.0.0.1:8888
Mon, 15 Jul 2019 15:53:05 - urllib3.connectionpool - DEBUG - http://127.0.0.1:8888 "POST http://172.18.82.251:1240/posTag HTTP/1.1" 200 None
Mon, 15 Jul 2019 15:53:05 - urllib3.connectionpool - DEBUG - Starting new HTTP connection (1): 127.0.0.1:8888
Mon, 15 Jul 2019 15:53:05 - urllib3.connectionpool - DEBUG - http://127.0.0.1:8888 "POST http://172.18.82.251:1240/posTag HTTP/1.1" 200 None
Mon, 15 Jul 2019 15:53:05 - urllib3.connectionpool - DEBUG - Starting new HTTP connection (1): 127.0.0.1:8888
Mon, 15 Jul 2019 15:53:05 - urllib3.connectionpool - DEBUG - http://127.0.0.1:8888 "POST http://172.18.82.251:1240/posTag HTTP/1.1" 200 None
Mon, 15 Jul 2019 15:55:02 - urllib3.connectionpool - DEBUG - Starting new HTTP connection (1): 127.0.0.1:8888
Mon, 15 Jul 2019 15:55:02 - urllib3.connectionpool - DEBUG - http://127.0.0.1:8888 "POST http://172.18.82.251:1240/splitWord HTTP/1.1" 200 None
Mon, 15 Jul 2019 15:55:02 - urllib3.connectionpool - DEBUG - Starting new HTTP connection (1): 127.0.0.1:8888
Mon, 15 Jul 2019 15:55:02 - urllib3.connectionpool - DEBUG - http://127.0.0.1:8888 "POST http://172.18.82.251:1240/posTag HTTP/1.1" 200 None
Mon, 15 Jul 2019 15:55:02 - urllib3.connectionpool - DEBUG - Starting new HTTP connection (1): 127.0.0.1:8888
Mon, 15 Jul 2019 15:55:02 - urllib3.connectionpool - DEBUG - http://127.0.0.1:8888 "POST http://172.18.82.251:1240/splitWord HTTP/1.1" 200 None
Mon, 15 Jul 2019 15:55:02 - urllib3.connectionpool - DEBUG - Starting new HTTP connection (1): 127.0.0.1:8888
Mon, 15 Jul 2019 15:55:02 - urllib3.connectionpool - DEBUG - http://127.0.0.1:8888 "POST http://172.18.82.251:1240/posTag HTTP/1.1" 200 None
Mon, 15 Jul 2019 15:55:02 - urllib3.connectionpool - DEBUG - Starting new HTTP connection (1): 127.0.0.1:8888
Mon, 15 Jul 2019 15:55:02 - urllib3.connectionpool - DEBUG - http://127.0.0.1:8888 "POST http://172.18.82.251:1240/posTag HTTP/1.1" 200 None
Mon, 15 Jul 2019 15:55:02 - urllib3.connectionpool - DEBUG - Starting new HTTP connection (1): 127.0.0.1:8888
Mon, 15 Jul 2019 15:55:02 - urllib3.connectionpool - DEBUG - http://127.0.0.1:8888 "POST http://172.18.82.251:1240/splitWord HTTP/1.1" 200 None
Mon, 15 Jul 2019 15:55:02 - urllib3.connectionpool - DEBUG - Starting new HTTP connection (1): 127.0.0.1:8888
Mon, 15 Jul 2019 15:55:02 - urllib3.connectionpool - DEBUG - http://127.0.0.1:8888 "POST http://172.18.82.251:1240/posTag HTTP/1.1" 200 None
Mon, 15 Jul 2019 15:55:02 - urllib3.connectionpool - DEBUG - Starting new HTTP connection (1): 127.0.0.1:8888
Mon, 15 Jul 2019 15:55:02 - urllib3.connectionpool - DEBUG - http://127.0.0.1:8888 "POST http://172.18.82.251:1240/splitWord HTTP/1.1" 200 None
Mon, 15 Jul 2019 15:55:02 - urllib3.connectionpool - DEBUG - Starting new HTTP connection (1): 127.0.0.1:8888
Mon, 15 Jul 2019 15:55:02 - urllib3.connectionpool - DEBUG - http://127.0.0.1:8888 "POST http://172.18.82.251:1240/posTag HTTP/1.1" 200 None
Mon, 15 Jul 2019 15:55:02 - urllib3.connectionpool - DEBUG - Starting new HTTP connection (1): 127.0.0.1:8888
Mon, 15 Jul 2019 15:55:02 - urllib3.connectionpool - DEBUG - http://127.0.0.1:8888 "POST http://172.18.82.251:1240/posTag HTTP/1.1" 200 None
Mon, 15 Jul 2019 15:55:02 - urllib3.connectionpool - DEBUG - Starting new HTTP connection (1): 127.0.0.1:8888
Mon, 15 Jul 2019 15:55:02 - urllib3.connectionpool - DEBUG - http://127.0.0.1:8888 "POST http://172.18.82.251:1240/posTag HTTP/1.1" 200 None
Mon, 15 Jul 2019 15:55:02 - urllib3.connectionpool - DEBUG - Starting new HTTP connection (1): 127.0.0.1:8888
Mon, 15 Jul 2019 15:55:02 - urllib3.connectionpool - DEBUG - http://127.0.0.1:8888 "POST http://172.18.82.251:1240/posTag HTTP/1.1" 200 None
Mon, 15 Jul 2019 15:55:02 - urllib3.connectionpool - DEBUG - Starting new HTTP connection (1): 127.0.0.1:8888
Mon, 15 Jul 2019 15:55:03 - urllib3.connectionpool - DEBUG - http://127.0.0.1:8888 "POST http://172.18.82.251:1240/splitWord HTTP/1.1" 200 None
Mon, 15 Jul 2019 15:55:03 - urllib3.connectionpool - DEBUG - Starting new HTTP connection (1): 127.0.0.1:8888
Mon, 15 Jul 2019 15:55:03 - urllib3.connectionpool - DEBUG - http://127.0.0.1:8888 "POST http://172.18.82.251:1240/posTag HTTP/1.1" 200 None
Mon, 15 Jul 2019 15:55:03 - urllib3.connectionpool - DEBUG - Starting new HTTP connection (1): 127.0.0.1:8888
Mon, 15 Jul 2019 15:55:03 - urllib3.connectionpool - DEBUG - http://127.0.0.1:8888 "POST http://172.18.82.251:1240/posTag HTTP/1.1" 200 None
Mon, 15 Jul 2019 15:55:03 - urllib3.connectionpool - DEBUG - Starting new HTTP connection (1): 127.0.0.1:8888
Mon, 15 Jul 2019 15:55:03 - urllib3.connectionpool - DEBUG - http://127.0.0.1:8888 "POST http://172.18.82.251:1240/posTag HTTP/1.1" 200 None
Mon, 15 Jul 2019 15:55:03 - urllib3.connectionpool - DEBUG - Starting new HTTP connection (1): 127.0.0.1:8888
Mon, 15 Jul 2019 15:55:03 - urllib3.connectionpool - DEBUG - http://127.0.0.1:8888 "POST http://172.18.82.251:1240/posTag HTTP/1.1" 200 None
Mon, 15 Jul 2019 16:13:55 - urllib3.connectionpool - DEBUG - Starting new HTTP connection (1): 127.0.0.1:8888
Mon, 15 Jul 2019 16:13:55 - urllib3.connectionpool - DEBUG - http://127.0.0.1:8888 "POST http://172.18.82.251:1240/splitWord HTTP/1.1" 200 None
Mon, 15 Jul 2019 16:13:55 - urllib3.connectionpool - DEBUG - Starting new HTTP connection (1): 127.0.0.1:8888
Mon, 15 Jul 2019 16:13:55 - urllib3.connectionpool - DEBUG - http://127.0.0.1:8888 "POST http://172.18.82.251:1240/mlableClassifier HTTP/1.1" 200 None
Mon, 15 Jul 2019 16:13:55 - urllib3.connectionpool - DEBUG - Starting new HTTP connection (1): 127.0.0.1:8888
Mon, 15 Jul 2019 16:13:56 - urllib3.connectionpool - DEBUG - http://127.0.0.1:8888 "POST http://172.18.82.251:1240/mlableClassifier HTTP/1.1" 200 None
Mon, 15 Jul 2019 16:14:47 - urllib3.connectionpool - DEBUG - Starting new HTTP connection (1): 127.0.0.1:8888
Mon, 15 Jul 2019 16:14:47 - urllib3.connectionpool - DEBUG - http://127.0.0.1:8888 "POST http://172.18.82.251:1240/splitWord HTTP/1.1" 200 None
Mon, 15 Jul 2019 16:14:47 - urllib3.connectionpool - DEBUG - Starting new HTTP connection (1): 127.0.0.1:8888
Mon, 15 Jul 2019 16:14:47 - urllib3.connectionpool - DEBUG - http://127.0.0.1:8888 "POST http://172.18.82.251:1240/mlableClassifier HTTP/1.1" 200 None
Mon, 15 Jul 2019 16:14:47 - urllib3.connectionpool - DEBUG - Starting new HTTP connection (1): 127.0.0.1:8888
Mon, 15 Jul 2019 16:14:47 - urllib3.connectionpool - DEBUG - http://127.0.0.1:8888 "POST http://172.18.82.251:1240/mlableClassifier HTTP/1.1" 200 None
Mon, 15 Jul 2019 16:15:50 - urllib3.connectionpool - DEBUG - Starting new HTTP connection (1): 127.0.0.1:8888
Mon, 15 Jul 2019 16:15:50 - urllib3.connectionpool - DEBUG - http://127.0.0.1:8888 "POST http://172.18.82.251:1240/splitWord HTTP/1.1" 200 None
Mon, 15 Jul 2019 16:15:50 - urllib3.connectionpool - DEBUG - Starting new HTTP connection (1): 127.0.0.1:8888
Mon, 15 Jul 2019 16:15:50 - urllib3.connectionpool - DEBUG - http://127.0.0.1:8888 "POST http://172.18.82.251:1240/mlableClassifier HTTP/1.1" 200 None
Mon, 15 Jul 2019 16:15:50 - urllib3.connectionpool - DEBUG - Starting new HTTP connection (1): 127.0.0.1:8888
Mon, 15 Jul 2019 16:15:50 - urllib3.connectionpool - DEBUG - http://127.0.0.1:8888 "POST http://172.18.82.251:1240/mlableClassifier HTTP/1.1" 200 None
Mon, 15 Jul 2019 16:16:33 - urllib3.connectionpool - DEBUG - Starting new HTTP connection (1): 127.0.0.1:8888
Mon, 15 Jul 2019 16:16:33 - urllib3.connectionpool - DEBUG - http://127.0.0.1:8888 "POST http://172.18.82.251:1240/splitWord HTTP/1.1" 200 None
Mon, 15 Jul 2019 16:16:57 - urllib3.connectionpool - DEBUG - Starting new HTTP connection (1): 127.0.0.1:8888
Mon, 15 Jul 2019 16:16:57 - urllib3.connectionpool - DEBUG - http://127.0.0.1:8888 "POST http://172.18.82.251:1240/splitWord HTTP/1.1" 200 None
Mon, 15 Jul 2019 16:17:15 - urllib3.connectionpool - DEBUG - Starting new HTTP connection (1): 127.0.0.1:8888
Mon, 15 Jul 2019 16:17:15 - urllib3.connectionpool - DEBUG - http://127.0.0.1:8888 "POST http://172.18.82.251:1240/splitWord HTTP/1.1" 200 None
Mon, 15 Jul 2019 16:17:15 - urllib3.connectionpool - DEBUG - Starting new HTTP connection (1): 127.0.0.1:8888
Mon, 15 Jul 2019 16:17:15 - urllib3.connectionpool - DEBUG - http://127.0.0.1:8888 "POST http://172.18.82.251:1240/mlableClassifier HTTP/1.1" 200 None
Mon, 15 Jul 2019 16:17:15 - urllib3.connectionpool - DEBUG - Starting new HTTP connection (1): 127.0.0.1:8888
Mon, 15 Jul 2019 16:17:15 - urllib3.connectionpool - DEBUG - http://127.0.0.1:8888 "POST http://172.18.82.251:1240/mlableClassifier HTTP/1.1" 200 None
Mon, 15 Jul 2019 16:19:30 - urllib3.connectionpool - DEBUG - Starting new HTTP connection (1): 127.0.0.1:8888
Mon, 15 Jul 2019 16:19:30 - urllib3.connectionpool - DEBUG - http://127.0.0.1:8888 "POST http://172.18.82.251:1240/splitWord HTTP/1.1" 200 None
Mon, 15 Jul 2019 16:19:30 - urllib3.connectionpool - DEBUG - Starting new HTTP connection (1): 127.0.0.1:8888
Mon, 15 Jul 2019 16:19:30 - urllib3.connectionpool - DEBUG - http://127.0.0.1:8888 "POST http://172.18.82.251:1240/mlableClassifier HTTP/1.1" 200 None
Mon, 15 Jul 2019 16:19:30 - urllib3.connectionpool - DEBUG - Starting new HTTP connection (1): 127.0.0.1:8888
Mon, 15 Jul 2019 16:19:30 - urllib3.connectionpool - DEBUG - http://127.0.0.1:8888 "POST http://172.18.82.251:1240/mlableClassifier HTTP/1.1" 200 None
Mon, 15 Jul 2019 16:19:30 - urllib3.connectionpool - DEBUG - Starting new HTTP connection (1): 127.0.0.1:8888
Mon, 15 Jul 2019 16:19:30 - urllib3.connectionpool - DEBUG - http://127.0.0.1:8888 "POST http://172.18.82.251:1240/mlableClassifier HTTP/1.1" 200 None
Mon, 15 Jul 2019 16:21:41 - urllib3.connectionpool - DEBUG - Starting new HTTP connection (1): 127.0.0.1:8888
Mon, 15 Jul 2019 16:21:41 - urllib3.connectionpool - DEBUG - http://127.0.0.1:8888 "POST http://172.18.82.251:1240/splitWord HTTP/1.1" 200 None
Mon, 15 Jul 2019 16:21:41 - urllib3.connectionpool - DEBUG - Starting new HTTP connection (1): 127.0.0.1:8888
Mon, 15 Jul 2019 16:21:41 - urllib3.connectionpool - DEBUG - http://127.0.0.1:8888 "POST http://172.18.82.251:1240/mlableClassifier HTTP/1.1" 200 None
Mon, 15 Jul 2019 16:21:41 - urllib3.connectionpool - DEBUG - Starting new HTTP connection (1): 127.0.0.1:8888
Mon, 15 Jul 2019 16:21:41 - urllib3.connectionpool - DEBUG - http://127.0.0.1:8888 "POST http://172.18.82.251:1240/mlableClassifier HTTP/1.1" 200 None
Mon, 15 Jul 2019 16:21:41 - urllib3.connectionpool - DEBUG - Starting new HTTP connection (1): 127.0.0.1:8888
Mon, 15 Jul 2019 16:21:41 - urllib3.connectionpool - DEBUG - http://127.0.0.1:8888 "POST http://172.18.82.251:1240/mlableClassifier HTTP/1.1" 200 None
Mon, 15 Jul 2019 16:23:53 - urllib3.connectionpool - DEBUG - Starting new HTTP connection (1): 127.0.0.1:8888
Mon, 15 Jul 2019 16:23:53 - urllib3.connectionpool - DEBUG - http://127.0.0.1:8888 "POST http://172.18.82.251:1240/splitWord HTTP/1.1" 200 None
Mon, 15 Jul 2019 16:23:53 - urllib3.connectionpool - DEBUG - Starting new HTTP connection (1): 127.0.0.1:8888
Mon, 15 Jul 2019 16:23:53 - urllib3.connectionpool - DEBUG - http://127.0.0.1:8888 "POST http://172.18.82.251:1240/mlableClassifier HTTP/1.1" 200 None
Mon, 15 Jul 2019 16:23:53 - urllib3.connectionpool - DEBUG - Starting new HTTP connection (1): 127.0.0.1:8888
Mon, 15 Jul 2019 16:23:53 - urllib3.connectionpool - DEBUG - http://127.0.0.1:8888 "POST http://172.18.82.251:1240/mlableClassifier HTTP/1.1" 200 None
Mon, 15 Jul 2019 16:23:53 - urllib3.connectionpool - DEBUG - Starting new HTTP connection (1): 127.0.0.1:8888
Mon, 15 Jul 2019 16:23:54 - urllib3.connectionpool - DEBUG - http://127.0.0.1:8888 "POST http://172.18.82.251:1240/mlableClassifier HTTP/1.1" 200 None
Mon, 15 Jul 2019 16:25:31 - urllib3.connectionpool - DEBUG - Starting new HTTP connection (1): 127.0.0.1:8888
Mon, 15 Jul 2019 16:25:31 - urllib3.connectionpool - DEBUG - http://127.0.0.1:8888 "POST http://172.18.82.251:1240/splitWord HTTP/1.1" 200 None
Mon, 15 Jul 2019 16:25:31 - urllib3.connectionpool - DEBUG - Starting new HTTP connection (1): 127.0.0.1:8888
Mon, 15 Jul 2019 16:25:31 - urllib3.connectionpool - DEBUG - http://127.0.0.1:8888 "POST http://172.18.82.251:1240/mlableClassifier HTTP/1.1" 200 None
Mon, 15 Jul 2019 16:25:31 - urllib3.connectionpool - DEBUG - Starting new HTTP connection (1): 127.0.0.1:8888
Mon, 15 Jul 2019 16:25:31 - urllib3.connectionpool - DEBUG - http://127.0.0.1:8888 "POST http://172.18.82.251:1240/mlableClassifier HTTP/1.1" 200 None
Mon, 15 Jul 2019 16:25:31 - urllib3.connectionpool - DEBUG - Starting new HTTP connection (1): 127.0.0.1:8888
Mon, 15 Jul 2019 16:25:31 - urllib3.connectionpool - DEBUG - http://127.0.0.1:8888 "POST http://172.18.82.251:1240/mlableClassifier HTTP/1.1" 200 None
Mon, 15 Jul 2019 16:25:31 - urllib3.connectionpool - DEBUG - Starting new HTTP connection (1): 127.0.0.1:8888
Mon, 15 Jul 2019 16:25:32 - urllib3.connectionpool - DEBUG - http://127.0.0.1:8888 "POST http://172.18.82.251:1240/mlableClassifier HTTP/1.1" 200 None
Mon, 15 Jul 2019 16:27:15 - urllib3.connectionpool - DEBUG - Starting new HTTP connection (1): 127.0.0.1:8888
Mon, 15 Jul 2019 16:27:15 - urllib3.connectionpool - DEBUG - http://127.0.0.1:8888 "POST http://172.18.82.251:1240/splitWord HTTP/1.1" 200 None
Mon, 15 Jul 2019 16:27:15 - urllib3.connectionpool - DEBUG - Starting new HTTP connection (1): 127.0.0.1:8888
Mon, 15 Jul 2019 16:27:15 - urllib3.connectionpool - DEBUG - http://127.0.0.1:8888 "POST http://172.18.82.251:1240/mlableClassifier HTTP/1.1" 200 None
Mon, 15 Jul 2019 16:27:15 - urllib3.connectionpool - DEBUG - Starting new HTTP connection (1): 127.0.0.1:8888
Mon, 15 Jul 2019 16:27:15 - urllib3.connectionpool - DEBUG - http://127.0.0.1:8888 "POST http://172.18.82.251:1240/mlableClassifier HTTP/1.1" 200 None
Mon, 15 Jul 2019 16:27:15 - urllib3.connectionpool - DEBUG - Starting new HTTP connection (1): 127.0.0.1:8888
Mon, 15 Jul 2019 16:27:16 - urllib3.connectionpool - DEBUG - http://127.0.0.1:8888 "POST http://172.18.82.251:1240/mlableClassifier HTTP/1.1" 200 None
Mon, 15 Jul 2019 16:27:16 - urllib3.connectionpool - DEBUG - Starting new HTTP connection (1): 127.0.0.1:8888
Mon, 15 Jul 2019 16:27:16 - urllib3.connectionpool - DEBUG - http://127.0.0.1:8888 "POST http://172.18.82.251:1240/mlableClassifier HTTP/1.1" 200 None
Mon, 15 Jul 2019 16:27:16 - urllib3.connectionpool - DEBUG - Starting new HTTP connection (1): 127.0.0.1:8888
Mon, 15 Jul 2019 16:27:17 - urllib3.connectionpool - DEBUG - http://127.0.0.1:8888 "POST http://172.18.82.251:1240/mlableClassifier HTTP/1.1" 200 None
Mon, 15 Jul 2019 16:28:32 - urllib3.connectionpool - DEBUG - Starting new HTTP connection (1): 127.0.0.1:8888
Mon, 15 Jul 2019 16:28:32 - urllib3.connectionpool - DEBUG - http://127.0.0.1:8888 "POST http://172.18.82.251:1240/splitWord HTTP/1.1" 200 None
Mon, 15 Jul 2019 16:28:32 - urllib3.connectionpool - DEBUG - Starting new HTTP connection (1): 127.0.0.1:8888
Mon, 15 Jul 2019 16:28:32 - urllib3.connectionpool - DEBUG - http://127.0.0.1:8888 "POST http://172.18.82.251:1240/mlableClassifier HTTP/1.1" 200 None
Mon, 15 Jul 2019 16:28:32 - urllib3.connectionpool - DEBUG - Starting new HTTP connection (1): 127.0.0.1:8888
Mon, 15 Jul 2019 16:28:32 - urllib3.connectionpool - DEBUG - http://127.0.0.1:8888 "POST http://172.18.82.251:1240/mlableClassifier HTTP/1.1" 200 None
Mon, 15 Jul 2019 16:28:32 - urllib3.connectionpool - DEBUG - Starting new HTTP connection (1): 127.0.0.1:8888
Mon, 15 Jul 2019 16:28:32 - urllib3.connectionpool - DEBUG - http://127.0.0.1:8888 "POST http://172.18.82.251:1240/mlableClassifier HTTP/1.1" 200 None
Mon, 15 Jul 2019 16:28:32 - urllib3.connectionpool - DEBUG - Starting new HTTP connection (1): 127.0.0.1:8888
Mon, 15 Jul 2019 16:28:32 - urllib3.connectionpool - DEBUG - http://127.0.0.1:8888 "POST http://172.18.82.251:1240/mlableClassifier HTTP/1.1" 200 None
Mon, 15 Jul 2019 16:28:32 - urllib3.connectionpool - DEBUG - Starting new HTTP connection (1): 127.0.0.1:8888
Mon, 15 Jul 2019 16:28:34 - urllib3.connectionpool - DEBUG - http://127.0.0.1:8888 "POST http://172.18.82.251:1240/mlableClassifier HTTP/1.1" 200 None
Mon, 15 Jul 2019 16:31:18 - urllib3.connectionpool - DEBUG - Starting new HTTP connection (1): 127.0.0.1:8888
Mon, 15 Jul 2019 16:31:18 - urllib3.connectionpool - DEBUG - http://127.0.0.1:8888 "POST http://172.18.82.251:1240/splitWord HTTP/1.1" 200 None
Mon, 15 Jul 2019 16:31:18 - urllib3.connectionpool - DEBUG - Starting new HTTP connection (1): 127.0.0.1:8888
Mon, 15 Jul 2019 16:31:18 - urllib3.connectionpool - DEBUG - http://127.0.0.1:8888 "POST http://172.18.82.251:1240/mlableClassifier HTTP/1.1" 200 None
Mon, 15 Jul 2019 16:31:18 - urllib3.connectionpool - DEBUG - Starting new HTTP connection (1): 127.0.0.1:8888
Mon, 15 Jul 2019 16:31:18 - urllib3.connectionpool - DEBUG - http://127.0.0.1:8888 "POST http://172.18.82.251:1240/mlableClassifier HTTP/1.1" 200 None
Mon, 15 Jul 2019 16:31:18 - urllib3.connectionpool - DEBUG - Starting new HTTP connection (1): 127.0.0.1:8888
Mon, 15 Jul 2019 16:31:18 - urllib3.connectionpool - DEBUG - http://127.0.0.1:8888 "POST http://172.18.82.251:1240/mlableClassifier HTTP/1.1" 200 None
Mon, 15 Jul 2019 16:31:18 - urllib3.connectionpool - DEBUG - Starting new HTTP connection (1): 127.0.0.1:8888
Mon, 15 Jul 2019 16:31:18 - urllib3.connectionpool - DEBUG - http://127.0.0.1:8888 "POST http://172.18.82.251:1240/mlableClassifier HTTP/1.1" 200 None
Mon, 15 Jul 2019 16:31:18 - urllib3.connectionpool - DEBUG - Starting new HTTP connection (1): 127.0.0.1:8888
Mon, 15 Jul 2019 16:31:19 - urllib3.connectionpool - DEBUG - http://127.0.0.1:8888 "POST http://172.18.82.251:1240/mlableClassifier HTTP/1.1" 200 None
Mon, 15 Jul 2019 16:42:42 - urllib3.connectionpool - DEBUG - Starting new HTTP connection (1): 127.0.0.1:8888
Mon, 15 Jul 2019 16:42:42 - urllib3.connectionpool - DEBUG - http://127.0.0.1:8888 "POST http://172.18.82.251:1240/splitWord HTTP/1.1" 200 None
Mon, 15 Jul 2019 16:42:42 - urllib3.connectionpool - DEBUG - Starting new HTTP connection (1): 127.0.0.1:8888
Mon, 15 Jul 2019 16:42:42 - urllib3.connectionpool - DEBUG - http://127.0.0.1:8888 "POST http://172.18.82.251:1240/mlableClassifier HTTP/1.1" 200 None
Mon, 15 Jul 2019 16:42:42 - urllib3.connectionpool - DEBUG - Starting new HTTP connection (1): 127.0.0.1:8888
Mon, 15 Jul 2019 16:42:42 - urllib3.connectionpool - DEBUG - http://127.0.0.1:8888 "POST http://172.18.82.251:1240/mlableClassifier HTTP/1.1" 200 None
Mon, 15 Jul 2019 16:42:42 - urllib3.connectionpool - DEBUG - Starting new HTTP connection (1): 127.0.0.1:8888
Mon, 15 Jul 2019 16:42:42 - urllib3.connectionpool - DEBUG - http://127.0.0.1:8888 "POST http://172.18.82.251:1240/mlableClassifier HTTP/1.1" 200 None
Mon, 15 Jul 2019 16:42:42 - urllib3.connectionpool - DEBUG - Starting new HTTP connection (1): 127.0.0.1:8888
Mon, 15 Jul 2019 16:42:42 - urllib3.connectionpool - DEBUG - http://127.0.0.1:8888 "POST http://172.18.82.251:1240/mlableClassifier HTTP/1.1" 200 None
Mon, 15 Jul 2019 16:42:42 - urllib3.connectionpool - DEBUG - Starting new HTTP connection (1): 127.0.0.1:8888
Mon, 15 Jul 2019 16:42:44 - urllib3.connectionpool - DEBUG - http://127.0.0.1:8888 "POST http://172.18.82.251:1240/mlableClassifier HTTP/1.1" 200 None
Mon, 15 Jul 2019 16:42:44 - urllib3.connectionpool - DEBUG - Starting new HTTP connection (1): 127.0.0.1:8888
Mon, 15 Jul 2019 16:42:44 - urllib3.connectionpool - DEBUG - http://127.0.0.1:8888 "POST http://172.18.82.251:1240/mlableClassifier HTTP/1.1" 200 None
Mon, 15 Jul 2019 16:45:44 - urllib3.connectionpool - DEBUG - Starting new HTTP connection (1): 127.0.0.1:8888
Mon, 15 Jul 2019 16:45:44 - urllib3.connectionpool - DEBUG - http://127.0.0.1:8888 "POST http://172.18.82.251:1240/splitWord HTTP/1.1" 200 None
Mon, 15 Jul 2019 16:45:44 - urllib3.connectionpool - DEBUG - Starting new HTTP connection (1): 127.0.0.1:8888
Mon, 15 Jul 2019 16:45:44 - urllib3.connectionpool - DEBUG - http://127.0.0.1:8888 "POST http://172.18.82.251:1240/mlableClassifier HTTP/1.1" 200 None
Mon, 15 Jul 2019 16:45:44 - urllib3.connectionpool - DEBUG - Starting new HTTP connection (1): 127.0.0.1:8888
Mon, 15 Jul 2019 16:45:44 - urllib3.connectionpool - DEBUG - http://127.0.0.1:8888 "POST http://172.18.82.251:1240/mlableClassifier HTTP/1.1" 200 None
Mon, 15 Jul 2019 16:45:44 - urllib3.connectionpool - DEBUG - Starting new HTTP connection (1): 127.0.0.1:8888
Mon, 15 Jul 2019 16:45:44 - urllib3.connectionpool - DEBUG - http://127.0.0.1:8888 "POST http://172.18.82.251:1240/mlableClassifier HTTP/1.1" 200 None
Mon, 15 Jul 2019 16:45:44 - urllib3.connectionpool - DEBUG - Starting new HTTP connection (1): 127.0.0.1:8888
Mon, 15 Jul 2019 16:45:44 - urllib3.connectionpool - DEBUG - http://127.0.0.1:8888 "POST http://172.18.82.251:1240/mlableClassifier HTTP/1.1" 200 None
Mon, 15 Jul 2019 16:45:44 - urllib3.connectionpool - DEBUG - Starting new HTTP connection (1): 127.0.0.1:8888
Mon, 15 Jul 2019 16:45:44 - urllib3.connectionpool - DEBUG - http://127.0.0.1:8888 "POST http://172.18.82.251:1240/mlableClassifier HTTP/1.1" 200 None
Mon, 15 Jul 2019 16:45:44 - urllib3.connectionpool - DEBUG - Starting new HTTP connection (1): 127.0.0.1:8888
Mon, 15 Jul 2019 16:45:46 - urllib3.connectionpool - DEBUG - http://127.0.0.1:8888 "POST http://172.18.82.251:1240/mlableClassifier HTTP/1.1" 200 None
Mon, 15 Jul 2019 16:45:46 - urllib3.connectionpool - DEBUG - Starting new HTTP connection (1): 127.0.0.1:8888
Mon, 15 Jul 2019 16:45:46 - urllib3.connectionpool - DEBUG - http://127.0.0.1:8888 "POST http://172.18.82.251:1240/mlableClassifier HTTP/1.1" 200 None
Mon, 15 Jul 2019 16:47:23 - urllib3.connectionpool - DEBUG - Starting new HTTP connection (1): 127.0.0.1:8888
Mon, 15 Jul 2019 16:47:23 - urllib3.connectionpool - DEBUG - http://127.0.0.1:8888 "POST http://172.18.82.251:1240/splitWord HTTP/1.1" 200 None
Mon, 15 Jul 2019 16:47:23 - urllib3.connectionpool - DEBUG - Starting new HTTP connection (1): 127.0.0.1:8888
Mon, 15 Jul 2019 16:47:23 - urllib3.connectionpool - DEBUG - http://127.0.0.1:8888 "POST http://172.18.82.251:1240/mlableClassifier HTTP/1.1" 200 None
Mon, 15 Jul 2019 16:47:23 - urllib3.connectionpool - DEBUG - Starting new HTTP connection (1): 127.0.0.1:8888
Mon, 15 Jul 2019 16:47:23 - urllib3.connectionpool - DEBUG - http://127.0.0.1:8888 "POST http://172.18.82.251:1240/mlableClassifier HTTP/1.1" 200 None
Mon, 15 Jul 2019 16:47:23 - urllib3.connectionpool - DEBUG - Starting new HTTP connection (1): 127.0.0.1:8888
Mon, 15 Jul 2019 16:47:23 - urllib3.connectionpool - DEBUG - http://127.0.0.1:8888 "POST http://172.18.82.251:1240/mlableClassifier HTTP/1.1" 200 None
Mon, 15 Jul 2019 16:47:23 - urllib3.connectionpool - DEBUG - Starting new HTTP connection (1): 127.0.0.1:8888
Mon, 15 Jul 2019 16:47:23 - urllib3.connectionpool - DEBUG - http://127.0.0.1:8888 "POST http://172.18.82.251:1240/mlableClassifier HTTP/1.1" 200 None
Mon, 15 Jul 2019 16:47:23 - urllib3.connectionpool - DEBUG - Starting new HTTP connection (1): 127.0.0.1:8888
Mon, 15 Jul 2019 16:47:23 - urllib3.connectionpool - DEBUG - http://127.0.0.1:8888 "POST http://172.18.82.251:1240/mlableClassifier HTTP/1.1" 200 None
Mon, 15 Jul 2019 16:47:23 - urllib3.connectionpool - DEBUG - Starting new HTTP connection (1): 127.0.0.1:8888
Mon, 15 Jul 2019 16:47:23 - urllib3.connectionpool - DEBUG - http://127.0.0.1:8888 "POST http://172.18.82.251:1240/mlableClassifier HTTP/1.1" 200 None
Mon, 15 Jul 2019 16:48:13 - urllib3.connectionpool - DEBUG - Starting new HTTP connection (1): 127.0.0.1:8888
Mon, 15 Jul 2019 16:48:13 - urllib3.connectionpool - DEBUG - http://127.0.0.1:8888 "POST http://172.18.82.251:1240/splitWord HTTP/1.1" 200 None
Mon, 15 Jul 2019 16:48:13 - urllib3.connectionpool - DEBUG - Starting new HTTP connection (1): 127.0.0.1:8888
Mon, 15 Jul 2019 16:48:13 - urllib3.connectionpool - DEBUG - http://127.0.0.1:8888 "POST http://172.18.82.251:1240/mlableClassifier HTTP/1.1" 200 None
Mon, 15 Jul 2019 16:48:13 - urllib3.connectionpool - DEBUG - Starting new HTTP connection (1): 127.0.0.1:8888
Mon, 15 Jul 2019 16:48:13 - urllib3.connectionpool - DEBUG - http://127.0.0.1:8888 "POST http://172.18.82.251:1240/mlableClassifier HTTP/1.1" 200 None
Mon, 15 Jul 2019 16:48:13 - urllib3.connectionpool - DEBUG - Starting new HTTP connection (1): 127.0.0.1:8888
Mon, 15 Jul 2019 16:48:13 - urllib3.connectionpool - DEBUG - http://127.0.0.1:8888 "POST http://172.18.82.251:1240/mlableClassifier HTTP/1.1" 200 None
Mon, 15 Jul 2019 16:48:13 - urllib3.connectionpool - DEBUG - Starting new HTTP connection (1): 127.0.0.1:8888
Mon, 15 Jul 2019 16:48:13 - urllib3.connectionpool - DEBUG - http://127.0.0.1:8888 "POST http://172.18.82.251:1240/mlableClassifier HTTP/1.1" 200 None
Mon, 15 Jul 2019 16:48:13 - urllib3.connectionpool - DEBUG - Starting new HTTP connection (1): 127.0.0.1:8888
Mon, 15 Jul 2019 16:48:13 - urllib3.connectionpool - DEBUG - http://127.0.0.1:8888 "POST http://172.18.82.251:1240/mlableClassifier HTTP/1.1" 200 None
Mon, 15 Jul 2019 16:48:13 - urllib3.connectionpool - DEBUG - Starting new HTTP connection (1): 127.0.0.1:8888
Mon, 15 Jul 2019 16:48:16 - urllib3.connectionpool - DEBUG - http://127.0.0.1:8888 "POST http://172.18.82.251:1240/mlableClassifier HTTP/1.1" 200 None
Mon, 15 Jul 2019 16:50:42 - urllib3.connectionpool - DEBUG - Starting new HTTP connection (1): 127.0.0.1:8888
Mon, 15 Jul 2019 16:50:42 - urllib3.connectionpool - DEBUG - http://127.0.0.1:8888 "POST http://172.18.82.251:1240/splitWord HTTP/1.1" 200 None
Mon, 15 Jul 2019 16:50:42 - urllib3.connectionpool - DEBUG - Starting new HTTP connection (1): 127.0.0.1:8888
Mon, 15 Jul 2019 16:50:42 - urllib3.connectionpool - DEBUG - http://127.0.0.1:8888 "POST http://172.18.82.251:1240/mlableClassifier HTTP/1.1" 200 None
Mon, 15 Jul 2019 16:50:42 - urllib3.connectionpool - DEBUG - Starting new HTTP connection (1): 127.0.0.1:8888
Mon, 15 Jul 2019 16:50:42 - urllib3.connectionpool - DEBUG - http://127.0.0.1:8888 "POST http://172.18.82.251:1240/mlableClassifier HTTP/1.1" 200 None
Mon, 15 Jul 2019 16:50:42 - urllib3.connectionpool - DEBUG - Starting new HTTP connection (1): 127.0.0.1:8888
Mon, 15 Jul 2019 16:50:42 - urllib3.connectionpool - DEBUG - http://127.0.0.1:8888 "POST http://172.18.82.251:1240/mlableClassifier HTTP/1.1" 200 None
Mon, 15 Jul 2019 16:50:42 - urllib3.connectionpool - DEBUG - Starting new HTTP connection (1): 127.0.0.1:8888
Mon, 15 Jul 2019 16:50:43 - urllib3.connectionpool - DEBUG - http://127.0.0.1:8888 "POST http://172.18.82.251:1240/mlableClassifier HTTP/1.1" 200 None
Mon, 15 Jul 2019 16:50:43 - urllib3.connectionpool - DEBUG - Starting new HTTP connection (1): 127.0.0.1:8888
Mon, 15 Jul 2019 16:50:43 - urllib3.connectionpool - DEBUG - http://127.0.0.1:8888 "POST http://172.18.82.251:1240/mlableClassifier HTTP/1.1" 200 None
Mon, 15 Jul 2019 16:50:43 - urllib3.connectionpool - DEBUG - Starting new HTTP connection (1): 127.0.0.1:8888
Mon, 15 Jul 2019 16:50:43 - urllib3.connectionpool - DEBUG - http://127.0.0.1:8888 "POST http://172.18.82.251:1240/mlableClassifier HTTP/1.1" 200 None
Mon, 15 Jul 2019 16:52:32 - urllib3.connectionpool - DEBUG - Starting new HTTP connection (1): 127.0.0.1:8888
Mon, 15 Jul 2019 16:52:32 - urllib3.connectionpool - DEBUG - http://127.0.0.1:8888 "POST http://172.18.82.251:1240/splitWord HTTP/1.1" 200 None
Mon, 15 Jul 2019 16:52:32 - urllib3.connectionpool - DEBUG - Starting new HTTP connection (1): 127.0.0.1:8888
Mon, 15 Jul 2019 16:52:32 - urllib3.connectionpool - DEBUG - http://127.0.0.1:8888 "POST http://172.18.82.251:1240/mlableClassifier HTTP/1.1" 200 None
Mon, 15 Jul 2019 16:52:32 - urllib3.connectionpool - DEBUG - Starting new HTTP connection (1): 127.0.0.1:8888
Mon, 15 Jul 2019 16:52:32 - urllib3.connectionpool - DEBUG - http://127.0.0.1:8888 "POST http://172.18.82.251:1240/mlableClassifier HTTP/1.1" 200 None
Mon, 15 Jul 2019 16:52:32 - urllib3.connectionpool - DEBUG - Starting new HTTP connection (1): 127.0.0.1:8888
Mon, 15 Jul 2019 16:52:32 - urllib3.connectionpool - DEBUG - http://127.0.0.1:8888 "POST http://172.18.82.251:1240/mlableClassifier HTTP/1.1" 200 None
Mon, 15 Jul 2019 16:52:32 - urllib3.connectionpool - DEBUG - Starting new HTTP connection (1): 127.0.0.1:8888
Mon, 15 Jul 2019 16:52:32 - urllib3.connectionpool - DEBUG - http://127.0.0.1:8888 "POST http://172.18.82.251:1240/mlableClassifier HTTP/1.1" 200 None
Mon, 15 Jul 2019 16:52:32 - urllib3.connectionpool - DEBUG - Starting new HTTP connection (1): 127.0.0.1:8888
Mon, 15 Jul 2019 16:52:32 - urllib3.connectionpool - DEBUG - http://127.0.0.1:8888 "POST http://172.18.82.251:1240/mlableClassifier HTTP/1.1" 200 None
Mon, 15 Jul 2019 16:52:32 - urllib3.connectionpool - DEBUG - Starting new HTTP connection (1): 127.0.0.1:8888
Mon, 15 Jul 2019 16:52:32 - urllib3.connectionpool - DEBUG - http://127.0.0.1:8888 "POST http://172.18.82.251:1240/mlableClassifier HTTP/1.1" 200 None
Mon, 15 Jul 2019 16:52:33 - urllib3.connectionpool - DEBUG - Starting new HTTP connection (1): 127.0.0.1:8888
Mon, 15 Jul 2019 16:52:34 - urllib3.connectionpool - DEBUG - http://127.0.0.1:8888 "POST http://172.18.82.251:1240/mlableClassifier HTTP/1.1" 200 None
Mon, 15 Jul 2019 16:54:07 - urllib3.connectionpool - DEBUG - Starting new HTTP connection (1): 127.0.0.1:8888
Mon, 15 Jul 2019 16:54:07 - urllib3.connectionpool - DEBUG - http://127.0.0.1:8888 "POST http://172.18.82.251:1240/splitWord HTTP/1.1" 200 None
Mon, 15 Jul 2019 16:54:07 - urllib3.connectionpool - DEBUG - Starting new HTTP connection (1): 127.0.0.1:8888
Mon, 15 Jul 2019 16:54:07 - urllib3.connectionpool - DEBUG - http://127.0.0.1:8888 "POST http://172.18.82.251:1240/mlableClassifier HTTP/1.1" 200 None
Mon, 15 Jul 2019 16:54:07 - urllib3.connectionpool - DEBUG - Starting new HTTP connection (1): 127.0.0.1:8888
Mon, 15 Jul 2019 16:54:07 - urllib3.connectionpool - DEBUG - http://127.0.0.1:8888 "POST http://172.18.82.251:1240/mlableClassifier HTTP/1.1" 200 None
Mon, 15 Jul 2019 16:54:07 - urllib3.connectionpool - DEBUG - Starting new HTTP connection (1): 127.0.0.1:8888
Mon, 15 Jul 2019 16:54:07 - urllib3.connectionpool - DEBUG - http://127.0.0.1:8888 "POST http://172.18.82.251:1240/mlableClassifier HTTP/1.1" 200 None
Mon, 15 Jul 2019 16:54:07 - urllib3.connectionpool - DEBUG - Starting new HTTP connection (1): 127.0.0.1:8888
Mon, 15 Jul 2019 16:54:07 - urllib3.connectionpool - DEBUG - http://127.0.0.1:8888 "POST http://172.18.82.251:1240/mlableClassifier HTTP/1.1" 200 None
Mon, 15 Jul 2019 16:54:07 - urllib3.connectionpool - DEBUG - Starting new HTTP connection (1): 127.0.0.1:8888
Mon, 15 Jul 2019 16:54:07 - urllib3.connectionpool - DEBUG - http://127.0.0.1:8888 "POST http://172.18.82.251:1240/mlableClassifier HTTP/1.1" 200 None
Mon, 15 Jul 2019 16:54:07 - urllib3.connectionpool - DEBUG - Starting new HTTP connection (1): 127.0.0.1:8888
Mon, 15 Jul 2019 16:54:07 - urllib3.connectionpool - DEBUG - http://127.0.0.1:8888 "POST http://172.18.82.251:1240/mlableClassifier HTTP/1.1" 200 None
Mon, 15 Jul 2019 16:54:07 - urllib3.connectionpool - DEBUG - Starting new HTTP connection (1): 127.0.0.1:8888
Mon, 15 Jul 2019 16:54:07 - urllib3.connectionpool - DEBUG - http://127.0.0.1:8888 "POST http://172.18.82.251:1240/mlableClassifier HTTP/1.1" 200 None
Mon, 15 Jul 2019 16:54:07 - urllib3.connectionpool - DEBUG - Starting new HTTP connection (1): 127.0.0.1:8888
Mon, 15 Jul 2019 16:54:08 - urllib3.connectionpool - DEBUG - http://127.0.0.1:8888 "POST http://172.18.82.251:1240/mlableClassifier HTTP/1.1" 200 None
Mon, 15 Jul 2019 16:58:18 - urllib3.connectionpool - DEBUG - Starting new HTTP connection (1): 127.0.0.1:8888
Mon, 15 Jul 2019 16:58:18 - urllib3.connectionpool - DEBUG - http://127.0.0.1:8888 "POST http://172.18.82.251:1240/splitWord HTTP/1.1" 200 None
Mon, 15 Jul 2019 16:58:18 - urllib3.connectionpool - DEBUG - Starting new HTTP connection (1): 127.0.0.1:8888
Mon, 15 Jul 2019 16:58:18 - urllib3.connectionpool - DEBUG - http://127.0.0.1:8888 "POST http://172.18.82.251:1240/mlableClassifier HTTP/1.1" 200 None
Mon, 15 Jul 2019 16:58:18 - urllib3.connectionpool - DEBUG - Starting new HTTP connection (1): 127.0.0.1:8888
Mon, 15 Jul 2019 16:58:18 - urllib3.connectionpool - DEBUG - http://127.0.0.1:8888 "POST http://172.18.82.251:1240/mlableClassifier HTTP/1.1" 200 None
Mon, 15 Jul 2019 16:58:18 - urllib3.connectionpool - DEBUG - Starting new HTTP connection (1): 127.0.0.1:8888
Mon, 15 Jul 2019 16:58:18 - urllib3.connectionpool - DEBUG - http://127.0.0.1:8888 "POST http://172.18.82.251:1240/mlableClassifier HTTP/1.1" 200 None
Mon, 15 Jul 2019 16:58:18 - urllib3.connectionpool - DEBUG - Starting new HTTP connection (1): 127.0.0.1:8888
Mon, 15 Jul 2019 16:58:19 - urllib3.connectionpool - DEBUG - http://127.0.0.1:8888 "POST http://172.18.82.251:1240/mlableClassifier HTTP/1.1" 200 None
Mon, 15 Jul 2019 16:58:19 - urllib3.connectionpool - DEBUG - Starting new HTTP connection (1): 127.0.0.1:8888
Mon, 15 Jul 2019 16:58:19 - urllib3.connectionpool - DEBUG - http://127.0.0.1:8888 "POST http://172.18.82.251:1240/mlableClassifier HTTP/1.1" 200 None
Mon, 15 Jul 2019 16:58:19 - urllib3.connectionpool - DEBUG - Starting new HTTP connection (1): 127.0.0.1:8888
Mon, 15 Jul 2019 16:58:19 - urllib3.connectionpool - DEBUG - http://127.0.0.1:8888 "POST http://172.18.82.251:1240/mlableClassifier HTTP/1.1" 200 None
Mon, 15 Jul 2019 16:58:19 - urllib3.connectionpool - DEBUG - Starting new HTTP connection (1): 127.0.0.1:8888
Mon, 15 Jul 2019 16:58:19 - urllib3.connectionpool - DEBUG - http://127.0.0.1:8888 "POST http://172.18.82.251:1240/mlableClassifier HTTP/1.1" 200 None
Mon, 15 Jul 2019 16:58:19 - urllib3.connectionpool - DEBUG - Starting new HTTP connection (1): 127.0.0.1:8888
Mon, 15 Jul 2019 16:58:19 - urllib3.connectionpool - DEBUG - http://127.0.0.1:8888 "POST http://172.18.82.251:1240/mlableClassifier HTTP/1.1" 200 None
Mon, 15 Jul 2019 16:58:19 - urllib3.connectionpool - DEBUG - Starting new HTTP connection (1): 127.0.0.1:8888
Mon, 15 Jul 2019 16:58:20 - urllib3.connectionpool - DEBUG - http://127.0.0.1:8888 "POST http://172.18.82.251:1240/mlableClassifier HTTP/1.1" 200 None
Mon, 15 Jul 2019 17:00:04 - urllib3.connectionpool - DEBUG - Starting new HTTP connection (1): 127.0.0.1:8888
Mon, 15 Jul 2019 17:00:05 - urllib3.connectionpool - DEBUG - http://127.0.0.1:8888 "POST http://172.18.82.251:1240/splitWord HTTP/1.1" 200 None
Mon, 15 Jul 2019 17:00:05 - urllib3.connectionpool - DEBUG - Starting new HTTP connection (1): 127.0.0.1:8888
Mon, 15 Jul 2019 17:00:05 - urllib3.connectionpool - DEBUG - http://127.0.0.1:8888 "POST http://172.18.82.251:1240/mlableClassifier HTTP/1.1" 200 None
Mon, 15 Jul 2019 17:00:05 - urllib3.connectionpool - DEBUG - Starting new HTTP connection (1): 127.0.0.1:8888
Mon, 15 Jul 2019 17:00:05 - urllib3.connectionpool - DEBUG - http://127.0.0.1:8888 "POST http://172.18.82.251:1240/mlableClassifier HTTP/1.1" 200 None
Mon, 15 Jul 2019 17:00:05 - urllib3.connectionpool - DEBUG - Starting new HTTP connection (1): 127.0.0.1:8888
Mon, 15 Jul 2019 17:00:05 - urllib3.connectionpool - DEBUG - http://127.0.0.1:8888 "POST http://172.18.82.251:1240/mlableClassifier HTTP/1.1" 200 None
Mon, 15 Jul 2019 17:00:05 - urllib3.connectionpool - DEBUG - Starting new HTTP connection (1): 127.0.0.1:8888
Mon, 15 Jul 2019 17:00:05 - urllib3.connectionpool - DEBUG - http://127.0.0.1:8888 "POST http://172.18.82.251:1240/mlableClassifier HTTP/1.1" 200 None
Mon, 15 Jul 2019 17:00:05 - urllib3.connectionpool - DEBUG - Starting new HTTP connection (1): 127.0.0.1:8888
Mon, 15 Jul 2019 17:00:05 - urllib3.connectionpool - DEBUG - http://127.0.0.1:8888 "POST http://172.18.82.251:1240/mlableClassifier HTTP/1.1" 200 None
Mon, 15 Jul 2019 17:00:05 - urllib3.connectionpool - DEBUG - Starting new HTTP connection (1): 127.0.0.1:8888
Mon, 15 Jul 2019 17:00:05 - urllib3.connectionpool - DEBUG - http://127.0.0.1:8888 "POST http://172.18.82.251:1240/mlableClassifier HTTP/1.1" 200 None
Mon, 15 Jul 2019 17:00:05 - urllib3.connectionpool - DEBUG - Starting new HTTP connection (1): 127.0.0.1:8888
Mon, 15 Jul 2019 17:00:05 - urllib3.connectionpool - DEBUG - http://127.0.0.1:8888 "POST http://172.18.82.251:1240/mlableClassifier HTTP/1.1" 200 None
Mon, 15 Jul 2019 17:00:05 - urllib3.connectionpool - DEBUG - Starting new HTTP connection (1): 127.0.0.1:8888
Mon, 15 Jul 2019 17:00:05 - urllib3.connectionpool - DEBUG - http://127.0.0.1:8888 "POST http://172.18.82.251:1240/mlableClassifier HTTP/1.1" 200 None
Mon, 15 Jul 2019 17:00:05 - urllib3.connectionpool - DEBUG - Starting new HTTP connection (1): 127.0.0.1:8888
Mon, 15 Jul 2019 17:00:05 - urllib3.connectionpool - DEBUG - http://127.0.0.1:8888 "POST http://172.18.82.251:1240/mlableClassifier HTTP/1.1" 200 None
Mon, 15 Jul 2019 17:00:05 - urllib3.connectionpool - DEBUG - Starting new HTTP connection (1): 127.0.0.1:8888
Mon, 15 Jul 2019 17:00:06 - urllib3.connectionpool - DEBUG - http://127.0.0.1:8888 "POST http://172.18.82.251:1240/mlableClassifier HTTP/1.1" 200 None
Mon, 15 Jul 2019 17:02:59 - urllib3.connectionpool - DEBUG - Starting new HTTP connection (1): 127.0.0.1:8888
Mon, 15 Jul 2019 17:02:59 - urllib3.connectionpool - DEBUG - http://127.0.0.1:8888 "POST http://172.18.82.251:1240/splitWord HTTP/1.1" 200 None
Mon, 15 Jul 2019 17:02:59 - urllib3.connectionpool - DEBUG - Starting new HTTP connection (1): 127.0.0.1:8888
Mon, 15 Jul 2019 17:02:59 - urllib3.connectionpool - DEBUG - http://127.0.0.1:8888 "POST http://172.18.82.251:1240/mlableClassifier HTTP/1.1" 200 None
Mon, 15 Jul 2019 17:02:59 - urllib3.connectionpool - DEBUG - Starting new HTTP connection (1): 127.0.0.1:8888
Mon, 15 Jul 2019 17:02:59 - urllib3.connectionpool - DEBUG - http://127.0.0.1:8888 "POST http://172.18.82.251:1240/mlableClassifier HTTP/1.1" 200 None
Mon, 15 Jul 2019 17:02:59 - urllib3.connectionpool - DEBUG - Starting new HTTP connection (1): 127.0.0.1:8888
Mon, 15 Jul 2019 17:03:00 - urllib3.connectionpool - DEBUG - http://127.0.0.1:8888 "POST http://172.18.82.251:1240/mlableClassifier HTTP/1.1" 200 None
Mon, 15 Jul 2019 17:03:00 - urllib3.connectionpool - DEBUG - Starting new HTTP connection (1): 127.0.0.1:8888
Mon, 15 Jul 2019 17:03:00 - urllib3.connectionpool - DEBUG - http://127.0.0.1:8888 "POST http://172.18.82.251:1240/mlableClassifier HTTP/1.1" 200 None
Mon, 15 Jul 2019 17:03:00 - urllib3.connectionpool - DEBUG - Starting new HTTP connection (1): 127.0.0.1:8888
Mon, 15 Jul 2019 17:03:00 - urllib3.connectionpool - DEBUG - http://127.0.0.1:8888 "POST http://172.18.82.251:1240/mlableClassifier HTTP/1.1" 200 None
Mon, 15 Jul 2019 17:03:00 - urllib3.connectionpool - DEBUG - Starting new HTTP connection (1): 127.0.0.1:8888
Mon, 15 Jul 2019 17:03:00 - urllib3.connectionpool - DEBUG - http://127.0.0.1:8888 "POST http://172.18.82.251:1240/mlableClassifier HTTP/1.1" 200 None
Mon, 15 Jul 2019 17:03:00 - urllib3.connectionpool - DEBUG - Starting new HTTP connection (1): 127.0.0.1:8888
Mon, 15 Jul 2019 17:03:00 - urllib3.connectionpool - DEBUG - http://127.0.0.1:8888 "POST http://172.18.82.251:1240/mlableClassifier HTTP/1.1" 200 None
Mon, 15 Jul 2019 17:03:00 - urllib3.connectionpool - DEBUG - Starting new HTTP connection (1): 127.0.0.1:8888
Mon, 15 Jul 2019 17:03:00 - urllib3.connectionpool - DEBUG - http://127.0.0.1:8888 "POST http://172.18.82.251:1240/mlableClassifier HTTP/1.1" 200 None
Mon, 15 Jul 2019 17:03:00 - urllib3.connectionpool - DEBUG - Starting new HTTP connection (1): 127.0.0.1:8888
Mon, 15 Jul 2019 17:03:00 - urllib3.connectionpool - DEBUG - http://127.0.0.1:8888 "POST http://172.18.82.251:1240/mlableClassifier HTTP/1.1" 200 None
Mon, 15 Jul 2019 17:03:00 - urllib3.connectionpool - DEBUG - Starting new HTTP connection (1): 127.0.0.1:8888
Mon, 15 Jul 2019 17:03:00 - urllib3.connectionpool - DEBUG - http://127.0.0.1:8888 "POST http://172.18.82.251:1240/mlableClassifier HTTP/1.1" 200 None
Mon, 15 Jul 2019 17:03:00 - urllib3.connectionpool - DEBUG - Starting new HTTP connection (1): 127.0.0.1:8888
Mon, 15 Jul 2019 17:03:01 - urllib3.connectionpool - DEBUG - http://127.0.0.1:8888 "POST http://172.18.82.251:1240/mlableClassifier HTTP/1.1" 200 None
Mon, 15 Jul 2019 17:04:30 - urllib3.connectionpool - DEBUG - Starting new HTTP connection (1): 127.0.0.1:8888
Mon, 15 Jul 2019 17:04:30 - urllib3.connectionpool - DEBUG - http://127.0.0.1:8888 "POST http://172.18.82.251:1240/splitWord HTTP/1.1" 200 None
Mon, 15 Jul 2019 17:04:30 - urllib3.connectionpool - DEBUG - Starting new HTTP connection (1): 127.0.0.1:8888
Mon, 15 Jul 2019 17:04:30 - urllib3.connectionpool - DEBUG - http://127.0.0.1:8888 "POST http://172.18.82.251:1240/mlableClassifier HTTP/1.1" 200 None
Mon, 15 Jul 2019 17:04:30 - urllib3.connectionpool - DEBUG - Starting new HTTP connection (1): 127.0.0.1:8888
Mon, 15 Jul 2019 17:04:30 - urllib3.connectionpool - DEBUG - http://127.0.0.1:8888 "POST http://172.18.82.251:1240/mlableClassifier HTTP/1.1" 200 None
Mon, 15 Jul 2019 17:04:30 - urllib3.connectionpool - DEBUG - Starting new HTTP connection (1): 127.0.0.1:8888
Mon, 15 Jul 2019 17:04:30 - urllib3.connectionpool - DEBUG - http://127.0.0.1:8888 "POST http://172.18.82.251:1240/mlableClassifier HTTP/1.1" 200 None
Mon, 15 Jul 2019 17:04:30 - urllib3.connectionpool - DEBUG - Starting new HTTP connection (1): 127.0.0.1:8888
Mon, 15 Jul 2019 17:04:30 - urllib3.connectionpool - DEBUG - http://127.0.0.1:8888 "POST http://172.18.82.251:1240/mlableClassifier HTTP/1.1" 200 None
Mon, 15 Jul 2019 17:04:30 - urllib3.connectionpool - DEBUG - Starting new HTTP connection (1): 127.0.0.1:8888
Mon, 15 Jul 2019 17:04:30 - urllib3.connectionpool - DEBUG - http://127.0.0.1:8888 "POST http://172.18.82.251:1240/mlableClassifier HTTP/1.1" 200 None
Mon, 15 Jul 2019 17:04:30 - urllib3.connectionpool - DEBUG - Starting new HTTP connection (1): 127.0.0.1:8888
Mon, 15 Jul 2019 17:04:30 - urllib3.connectionpool - DEBUG - http://127.0.0.1:8888 "POST http://172.18.82.251:1240/mlableClassifier HTTP/1.1" 200 None
Mon, 15 Jul 2019 17:04:30 - urllib3.connectionpool - DEBUG - Starting new HTTP connection (1): 127.0.0.1:8888
Mon, 15 Jul 2019 17:04:30 - urllib3.connectionpool - DEBUG - http://127.0.0.1:8888 "POST http://172.18.82.251:1240/mlableClassifier HTTP/1.1" 200 None
Mon, 15 Jul 2019 17:04:30 - urllib3.connectionpool - DEBUG - Starting new HTTP connection (1): 127.0.0.1:8888
Mon, 15 Jul 2019 17:04:30 - urllib3.connectionpool - DEBUG - http://127.0.0.1:8888 "POST http://172.18.82.251:1240/mlableClassifier HTTP/1.1" 200 None
Mon, 15 Jul 2019 17:04:30 - urllib3.connectionpool - DEBUG - Starting new HTTP connection (1): 127.0.0.1:8888
Mon, 15 Jul 2019 17:04:30 - urllib3.connectionpool - DEBUG - http://127.0.0.1:8888 "POST http://172.18.82.251:1240/mlableClassifier HTTP/1.1" 200 None
Mon, 15 Jul 2019 17:04:30 - urllib3.connectionpool - DEBUG - Starting new HTTP connection (1): 127.0.0.1:8888
Mon, 15 Jul 2019 17:04:30 - urllib3.connectionpool - DEBUG - http://127.0.0.1:8888 "POST http://172.18.82.251:1240/mlableClassifier HTTP/1.1" 200 None
Mon, 15 Jul 2019 17:04:30 - urllib3.connectionpool - DEBUG - Starting new HTTP connection (1): 127.0.0.1:8888
Mon, 15 Jul 2019 17:04:30 - urllib3.connectionpool - DEBUG - http://127.0.0.1:8888 "POST http://172.18.82.251:1240/mlableClassifier HTTP/1.1" 200 None
Mon, 15 Jul 2019 17:04:30 - urllib3.connectionpool - DEBUG - Starting new HTTP connection (1): 127.0.0.1:8888
Mon, 15 Jul 2019 17:04:32 - urllib3.connectionpool - DEBUG - http://127.0.0.1:8888 "POST http://172.18.82.251:1240/mlableClassifier HTTP/1.1" 200 None
Mon, 15 Jul 2019 17:07:02 - urllib3.connectionpool - DEBUG - Starting new HTTP connection (1): 127.0.0.1:8888
Mon, 15 Jul 2019 17:07:02 - urllib3.connectionpool - DEBUG - http://127.0.0.1:8888 "POST http://172.18.82.251:1240/splitWord HTTP/1.1" 200 None
Mon, 15 Jul 2019 17:07:02 - urllib3.connectionpool - DEBUG - Starting new HTTP connection (1): 127.0.0.1:8888
Mon, 15 Jul 2019 17:07:02 - urllib3.connectionpool - DEBUG - http://127.0.0.1:8888 "POST http://172.18.82.251:1240/mlableClassifier HTTP/1.1" 200 None
Mon, 15 Jul 2019 17:07:02 - urllib3.connectionpool - DEBUG - Starting new HTTP connection (1): 127.0.0.1:8888
Mon, 15 Jul 2019 17:07:02 - urllib3.connectionpool - DEBUG - http://127.0.0.1:8888 "POST http://172.18.82.251:1240/mlableClassifier HTTP/1.1" 200 None
Mon, 15 Jul 2019 17:07:02 - urllib3.connectionpool - DEBUG - Starting new HTTP connection (1): 127.0.0.1:8888
Mon, 15 Jul 2019 17:07:02 - urllib3.connectionpool - DEBUG - http://127.0.0.1:8888 "POST http://172.18.82.251:1240/mlableClassifier HTTP/1.1" 200 None
Mon, 15 Jul 2019 17:07:02 - urllib3.connectionpool - DEBUG - Starting new HTTP connection (1): 127.0.0.1:8888
Mon, 15 Jul 2019 17:07:02 - urllib3.connectionpool - DEBUG - http://127.0.0.1:8888 "POST http://172.18.82.251:1240/mlableClassifier HTTP/1.1" 200 None
Mon, 15 Jul 2019 17:07:02 - urllib3.connectionpool - DEBUG - Starting new HTTP connection (1): 127.0.0.1:8888
Mon, 15 Jul 2019 17:07:02 - urllib3.connectionpool - DEBUG - http://127.0.0.1:8888 "POST http://172.18.82.251:1240/mlableClassifier HTTP/1.1" 200 None
Mon, 15 Jul 2019 17:07:03 - urllib3.connectionpool - DEBUG - Starting new HTTP connection (1): 127.0.0.1:8888
Mon, 15 Jul 2019 17:07:03 - urllib3.connectionpool - DEBUG - http://127.0.0.1:8888 "POST http://172.18.82.251:1240/mlableClassifier HTTP/1.1" 200 None
Mon, 15 Jul 2019 17:07:03 - urllib3.connectionpool - DEBUG - Starting new HTTP connection (1): 127.0.0.1:8888
Mon, 15 Jul 2019 17:07:03 - urllib3.connectionpool - DEBUG - http://127.0.0.1:8888 "POST http://172.18.82.251:1240/mlableClassifier HTTP/1.1" 200 None
Mon, 15 Jul 2019 17:07:03 - urllib3.connectionpool - DEBUG - Starting new HTTP connection (1): 127.0.0.1:8888
Mon, 15 Jul 2019 17:07:03 - urllib3.connectionpool - DEBUG - http://127.0.0.1:8888 "POST http://172.18.82.251:1240/mlableClassifier HTTP/1.1" 200 None
Mon, 15 Jul 2019 17:07:03 - urllib3.connectionpool - DEBUG - Starting new HTTP connection (1): 127.0.0.1:8888
Mon, 15 Jul 2019 17:07:03 - urllib3.connectionpool - DEBUG - http://127.0.0.1:8888 "POST http://172.18.82.251:1240/mlableClassifier HTTP/1.1" 200 None
Mon, 15 Jul 2019 17:07:03 - urllib3.connectionpool - DEBUG - Starting new HTTP connection (1): 127.0.0.1:8888
Mon, 15 Jul 2019 17:07:03 - urllib3.connectionpool - DEBUG - http://127.0.0.1:8888 "POST http://172.18.82.251:1240/mlableClassifier HTTP/1.1" 200 None
Mon, 15 Jul 2019 17:07:03 - urllib3.connectionpool - DEBUG - Starting new HTTP connection (1): 127.0.0.1:8888
Mon, 15 Jul 2019 17:07:03 - urllib3.connectionpool - DEBUG - http://127.0.0.1:8888 "POST http://172.18.82.251:1240/mlableClassifier HTTP/1.1" 200 None
Mon, 15 Jul 2019 17:07:03 - urllib3.connectionpool - DEBUG - Starting new HTTP connection (1): 127.0.0.1:8888
Mon, 15 Jul 2019 17:07:03 - urllib3.connectionpool - DEBUG - http://127.0.0.1:8888 "POST http://172.18.82.251:1240/mlableClassifier HTTP/1.1" 200 None
Mon, 15 Jul 2019 17:07:03 - urllib3.connectionpool - DEBUG - Starting new HTTP connection (1): 127.0.0.1:8888
Mon, 15 Jul 2019 17:07:04 - urllib3.connectionpool - DEBUG - http://127.0.0.1:8888 "POST http://172.18.82.251:1240/mlableClassifier HTTP/1.1" 200 None
Mon, 15 Jul 2019 17:07:59 - urllib3.connectionpool - DEBUG - Starting new HTTP connection (1): 127.0.0.1:8888
Mon, 15 Jul 2019 17:07:59 - urllib3.connectionpool - DEBUG - http://127.0.0.1:8888 "POST http://172.18.82.251:1240/splitWord HTTP/1.1" 200 None
Mon, 15 Jul 2019 17:07:59 - urllib3.connectionpool - DEBUG - Starting new HTTP connection (1): 127.0.0.1:8888
Mon, 15 Jul 2019 17:07:59 - urllib3.connectionpool - DEBUG - http://127.0.0.1:8888 "POST http://172.18.82.251:1240/mlableClassifier HTTP/1.1" 200 None
Mon, 15 Jul 2019 17:07:59 - urllib3.connectionpool - DEBUG - Starting new HTTP connection (1): 127.0.0.1:8888
Mon, 15 Jul 2019 17:07:59 - urllib3.connectionpool - DEBUG - http://127.0.0.1:8888 "POST http://172.18.82.251:1240/mlableClassifier HTTP/1.1" 200 None
Mon, 15 Jul 2019 17:07:59 - urllib3.connectionpool - DEBUG - Starting new HTTP connection (1): 127.0.0.1:8888
Mon, 15 Jul 2019 17:07:59 - urllib3.connectionpool - DEBUG - http://127.0.0.1:8888 "POST http://172.18.82.251:1240/mlableClassifier HTTP/1.1" 200 None
Mon, 15 Jul 2019 17:07:59 - urllib3.connectionpool - DEBUG - Starting new HTTP connection (1): 127.0.0.1:8888
Mon, 15 Jul 2019 17:07:59 - urllib3.connectionpool - DEBUG - http://127.0.0.1:8888 "POST http://172.18.82.251:1240/mlableClassifier HTTP/1.1" 200 None
Mon, 15 Jul 2019 17:07:59 - urllib3.connectionpool - DEBUG - Starting new HTTP connection (1): 127.0.0.1:8888
Mon, 15 Jul 2019 17:08:00 - urllib3.connectionpool - DEBUG - http://127.0.0.1:8888 "POST http://172.18.82.251:1240/mlableClassifier HTTP/1.1" 200 None
Mon, 15 Jul 2019 17:08:00 - urllib3.connectionpool - DEBUG - Starting new HTTP connection (1): 127.0.0.1:8888
Mon, 15 Jul 2019 17:08:00 - urllib3.connectionpool - DEBUG - http://127.0.0.1:8888 "POST http://172.18.82.251:1240/mlableClassifier HTTP/1.1" 200 None
Mon, 15 Jul 2019 17:08:00 - urllib3.connectionpool - DEBUG - Starting new HTTP connection (1): 127.0.0.1:8888
Mon, 15 Jul 2019 17:08:00 - urllib3.connectionpool - DEBUG - http://127.0.0.1:8888 "POST http://172.18.82.251:1240/mlableClassifier HTTP/1.1" 200 None
Mon, 15 Jul 2019 17:08:00 - urllib3.connectionpool - DEBUG - Starting new HTTP connection (1): 127.0.0.1:8888
Mon, 15 Jul 2019 17:08:00 - urllib3.connectionpool - DEBUG - http://127.0.0.1:8888 "POST http://172.18.82.251:1240/mlableClassifier HTTP/1.1" 200 None
Mon, 15 Jul 2019 17:08:00 - urllib3.connectionpool - DEBUG - Starting new HTTP connection (1): 127.0.0.1:8888
Mon, 15 Jul 2019 17:08:00 - urllib3.connectionpool - DEBUG - http://127.0.0.1:8888 "POST http://172.18.82.251:1240/mlableClassifier HTTP/1.1" 200 None
Mon, 15 Jul 2019 17:08:00 - urllib3.connectionpool - DEBUG - Starting new HTTP connection (1): 127.0.0.1:8888
Mon, 15 Jul 2019 17:08:00 - urllib3.connectionpool - DEBUG - http://127.0.0.1:8888 "POST http://172.18.82.251:1240/mlableClassifier HTTP/1.1" 200 None
Mon, 15 Jul 2019 17:08:00 - urllib3.connectionpool - DEBUG - Starting new HTTP connection (1): 127.0.0.1:8888
Mon, 15 Jul 2019 17:08:00 - urllib3.connectionpool - DEBUG - http://127.0.0.1:8888 "POST http://172.18.82.251:1240/mlableClassifier HTTP/1.1" 200 None
Mon, 15 Jul 2019 17:08:00 - urllib3.connectionpool - DEBUG - Starting new HTTP connection (1): 127.0.0.1:8888
Mon, 15 Jul 2019 17:08:00 - urllib3.connectionpool - DEBUG - http://127.0.0.1:8888 "POST http://172.18.82.251:1240/mlableClassifier HTTP/1.1" 200 None
Mon, 15 Jul 2019 17:08:00 - urllib3.connectionpool - DEBUG - Starting new HTTP connection (1): 127.0.0.1:8888
Mon, 15 Jul 2019 17:08:01 - urllib3.connectionpool - DEBUG - http://127.0.0.1:8888 "POST http://172.18.82.251:1240/mlableClassifier HTTP/1.1" 200 None
Mon, 15 Jul 2019 17:12:51 - urllib3.connectionpool - DEBUG - Starting new HTTP connection (1): 127.0.0.1:8888
Mon, 15 Jul 2019 17:12:52 - urllib3.connectionpool - DEBUG - http://127.0.0.1:8888 "POST http://172.18.82.251:1240/splitWord HTTP/1.1" 200 None
Mon, 15 Jul 2019 17:12:52 - urllib3.connectionpool - DEBUG - Starting new HTTP connection (1): 127.0.0.1:8888
Mon, 15 Jul 2019 17:12:52 - urllib3.connectionpool - DEBUG - http://127.0.0.1:8888 "POST http://172.18.82.251:1240/mlableClassifier HTTP/1.1" 200 None
Mon, 15 Jul 2019 17:12:52 - urllib3.connectionpool - DEBUG - Starting new HTTP connection (1): 127.0.0.1:8888
Mon, 15 Jul 2019 17:12:52 - urllib3.connectionpool - DEBUG - http://127.0.0.1:8888 "POST http://172.18.82.251:1240/mlableClassifier HTTP/1.1" 200 None
Mon, 15 Jul 2019 17:12:52 - urllib3.connectionpool - DEBUG - Starting new HTTP connection (1): 127.0.0.1:8888
Mon, 15 Jul 2019 17:12:52 - urllib3.connectionpool - DEBUG - http://127.0.0.1:8888 "POST http://172.18.82.251:1240/mlableClassifier HTTP/1.1" 200 None
Mon, 15 Jul 2019 17:12:52 - urllib3.connectionpool - DEBUG - Starting new HTTP connection (1): 127.0.0.1:8888
Mon, 15 Jul 2019 17:12:52 - urllib3.connectionpool - DEBUG - http://127.0.0.1:8888 "POST http://172.18.82.251:1240/mlableClassifier HTTP/1.1" 200 None
Mon, 15 Jul 2019 17:12:52 - urllib3.connectionpool - DEBUG - Starting new HTTP connection (1): 127.0.0.1:8888
Mon, 15 Jul 2019 17:12:52 - urllib3.connectionpool - DEBUG - http://127.0.0.1:8888 "POST http://172.18.82.251:1240/mlableClassifier HTTP/1.1" 200 None
Mon, 15 Jul 2019 17:12:52 - urllib3.connectionpool - DEBUG - Starting new HTTP connection (1): 127.0.0.1:8888
Mon, 15 Jul 2019 17:12:52 - urllib3.connectionpool - DEBUG - http://127.0.0.1:8888 "POST http://172.18.82.251:1240/mlableClassifier HTTP/1.1" 200 None
Mon, 15 Jul 2019 17:12:52 - urllib3.connectionpool - DEBUG - Starting new HTTP connection (1): 127.0.0.1:8888
Mon, 15 Jul 2019 17:12:52 - urllib3.connectionpool - DEBUG - http://127.0.0.1:8888 "POST http://172.18.82.251:1240/mlableClassifier HTTP/1.1" 200 None
Mon, 15 Jul 2019 17:12:52 - urllib3.connectionpool - DEBUG - Starting new HTTP connection (1): 127.0.0.1:8888
Mon, 15 Jul 2019 17:12:52 - urllib3.connectionpool - DEBUG - http://127.0.0.1:8888 "POST http://172.18.82.251:1240/mlableClassifier HTTP/1.1" 200 None
Mon, 15 Jul 2019 17:12:52 - urllib3.connectionpool - DEBUG - Starting new HTTP connection (1): 127.0.0.1:8888
Mon, 15 Jul 2019 17:12:52 - urllib3.connectionpool - DEBUG - http://127.0.0.1:8888 "POST http://172.18.82.251:1240/mlableClassifier HTTP/1.1" 200 None
Mon, 15 Jul 2019 17:12:52 - urllib3.connectionpool - DEBUG - Starting new HTTP connection (1): 127.0.0.1:8888
Mon, 15 Jul 2019 17:12:52 - urllib3.connectionpool - DEBUG - http://127.0.0.1:8888 "POST http://172.18.82.251:1240/mlableClassifier HTTP/1.1" 200 None
Mon, 15 Jul 2019 17:12:52 - urllib3.connectionpool - DEBUG - Starting new HTTP connection (1): 127.0.0.1:8888
Mon, 15 Jul 2019 17:12:52 - urllib3.connectionpool - DEBUG - http://127.0.0.1:8888 "POST http://172.18.82.251:1240/mlableClassifier HTTP/1.1" 200 None
Mon, 15 Jul 2019 17:12:52 - urllib3.connectionpool - DEBUG - Starting new HTTP connection (1): 127.0.0.1:8888
Mon, 15 Jul 2019 17:12:52 - urllib3.connectionpool - DEBUG - http://127.0.0.1:8888 "POST http://172.18.82.251:1240/mlableClassifier HTTP/1.1" 200 None
Mon, 15 Jul 2019 17:12:52 - urllib3.connectionpool - DEBUG - Starting new HTTP connection (1): 127.0.0.1:8888
Mon, 15 Jul 2019 17:12:52 - urllib3.connectionpool - DEBUG - http://127.0.0.1:8888 "POST http://172.18.82.251:1240/mlableClassifier HTTP/1.1" 200 None
Mon, 15 Jul 2019 17:12:52 - urllib3.connectionpool - DEBUG - Starting new HTTP connection (1): 127.0.0.1:8888
Mon, 15 Jul 2019 17:12:53 - urllib3.connectionpool - DEBUG - http://127.0.0.1:8888 "POST http://172.18.82.251:1240/mlableClassifier HTTP/1.1" 200 None
Mon, 15 Jul 2019 17:13:37 - urllib3.connectionpool - DEBUG - Starting new HTTP connection (1): 127.0.0.1:8888
Mon, 15 Jul 2019 17:13:37 - urllib3.connectionpool - DEBUG - http://127.0.0.1:8888 "POST http://172.18.82.251:1240/splitWord HTTP/1.1" 200 None
Mon, 15 Jul 2019 17:13:37 - urllib3.connectionpool - DEBUG - Starting new HTTP connection (1): 127.0.0.1:8888
Mon, 15 Jul 2019 17:13:37 - urllib3.connectionpool - DEBUG - http://127.0.0.1:8888 "POST http://172.18.82.251:1240/mlableClassifier HTTP/1.1" 200 None
Mon, 15 Jul 2019 17:13:37 - urllib3.connectionpool - DEBUG - Starting new HTTP connection (1): 127.0.0.1:8888
Mon, 15 Jul 2019 17:13:37 - urllib3.connectionpool - DEBUG - http://127.0.0.1:8888 "POST http://172.18.82.251:1240/mlableClassifier HTTP/1.1" 200 None
Mon, 15 Jul 2019 17:13:38 - urllib3.connectionpool - DEBUG - Starting new HTTP connection (1): 127.0.0.1:8888
Mon, 15 Jul 2019 17:13:38 - urllib3.connectionpool - DEBUG - http://127.0.0.1:8888 "POST http://172.18.82.251:1240/mlableClassifier HTTP/1.1" 200 None
Mon, 15 Jul 2019 17:13:38 - urllib3.connectionpool - DEBUG - Starting new HTTP connection (1): 127.0.0.1:8888
Mon, 15 Jul 2019 17:13:38 - urllib3.connectionpool - DEBUG - http://127.0.0.1:8888 "POST http://172.18.82.251:1240/mlableClassifier HTTP/1.1" 200 None
Mon, 15 Jul 2019 17:13:38 - urllib3.connectionpool - DEBUG - Starting new HTTP connection (1): 127.0.0.1:8888
Mon, 15 Jul 2019 17:13:38 - urllib3.connectionpool - DEBUG - http://127.0.0.1:8888 "POST http://172.18.82.251:1240/mlableClassifier HTTP/1.1" 200 None
Mon, 15 Jul 2019 17:13:38 - urllib3.connectionpool - DEBUG - Starting new HTTP connection (1): 127.0.0.1:8888
Mon, 15 Jul 2019 17:13:38 - urllib3.connectionpool - DEBUG - http://127.0.0.1:8888 "POST http://172.18.82.251:1240/mlableClassifier HTTP/1.1" 200 None
Mon, 15 Jul 2019 17:13:38 - urllib3.connectionpool - DEBUG - Starting new HTTP connection (1): 127.0.0.1:8888
Mon, 15 Jul 2019 17:13:38 - urllib3.connectionpool - DEBUG - http://127.0.0.1:8888 "POST http://172.18.82.251:1240/mlableClassifier HTTP/1.1" 200 None
Mon, 15 Jul 2019 17:13:38 - urllib3.connectionpool - DEBUG - Starting new HTTP connection (1): 127.0.0.1:8888
Mon, 15 Jul 2019 17:13:38 - urllib3.connectionpool - DEBUG - http://127.0.0.1:8888 "POST http://172.18.82.251:1240/mlableClassifier HTTP/1.1" 200 None
Mon, 15 Jul 2019 17:13:38 - urllib3.connectionpool - DEBUG - Starting new HTTP connection (1): 127.0.0.1:8888
Mon, 15 Jul 2019 17:13:38 - urllib3.connectionpool - DEBUG - http://127.0.0.1:8888 "POST http://172.18.82.251:1240/mlableClassifier HTTP/1.1" 200 None
Mon, 15 Jul 2019 17:13:38 - urllib3.connectionpool - DEBUG - Starting new HTTP connection (1): 127.0.0.1:8888
Mon, 15 Jul 2019 17:13:38 - urllib3.connectionpool - DEBUG - http://127.0.0.1:8888 "POST http://172.18.82.251:1240/mlableClassifier HTTP/1.1" 200 None
Mon, 15 Jul 2019 17:13:38 - urllib3.connectionpool - DEBUG - Starting new HTTP connection (1): 127.0.0.1:8888
Mon, 15 Jul 2019 17:13:38 - urllib3.connectionpool - DEBUG - http://127.0.0.1:8888 "POST http://172.18.82.251:1240/mlableClassifier HTTP/1.1" 200 None
Mon, 15 Jul 2019 17:13:38 - urllib3.connectionpool - DEBUG - Starting new HTTP connection (1): 127.0.0.1:8888
Mon, 15 Jul 2019 17:13:38 - urllib3.connectionpool - DEBUG - http://127.0.0.1:8888 "POST http://172.18.82.251:1240/mlableClassifier HTTP/1.1" 200 None
Mon, 15 Jul 2019 17:13:38 - urllib3.connectionpool - DEBUG - Starting new HTTP connection (1): 127.0.0.1:8888
Mon, 15 Jul 2019 17:13:38 - urllib3.connectionpool - DEBUG - http://127.0.0.1:8888 "POST http://172.18.82.251:1240/mlableClassifier HTTP/1.1" 200 None
Mon, 15 Jul 2019 17:13:38 - urllib3.connectionpool - DEBUG - Starting new HTTP connection (1): 127.0.0.1:8888
Mon, 15 Jul 2019 17:13:39 - urllib3.connectionpool - DEBUG - http://127.0.0.1:8888 "POST http://172.18.82.251:1240/mlableClassifier HTTP/1.1" 200 None
Mon, 15 Jul 2019 17:16:43 - urllib3.connectionpool - DEBUG - Starting new HTTP connection (1): 127.0.0.1:8888
Mon, 15 Jul 2019 17:16:43 - urllib3.connectionpool - DEBUG - http://127.0.0.1:8888 "POST http://172.18.82.251:1240/splitWord HTTP/1.1" 200 None
Mon, 15 Jul 2019 17:16:43 - urllib3.connectionpool - DEBUG - Starting new HTTP connection (1): 127.0.0.1:8888
Mon, 15 Jul 2019 17:16:43 - urllib3.connectionpool - DEBUG - http://127.0.0.1:8888 "POST http://172.18.82.251:1240/mlableClassifier HTTP/1.1" 200 None
Mon, 15 Jul 2019 17:16:43 - urllib3.connectionpool - DEBUG - Starting new HTTP connection (1): 127.0.0.1:8888
Mon, 15 Jul 2019 17:16:43 - urllib3.connectionpool - DEBUG - http://127.0.0.1:8888 "POST http://172.18.82.251:1240/mlableClassifier HTTP/1.1" 200 None
Mon, 15 Jul 2019 17:16:43 - urllib3.connectionpool - DEBUG - Starting new HTTP connection (1): 127.0.0.1:8888
Mon, 15 Jul 2019 17:16:43 - urllib3.connectionpool - DEBUG - http://127.0.0.1:8888 "POST http://172.18.82.251:1240/mlableClassifier HTTP/1.1" 200 None
Mon, 15 Jul 2019 17:16:43 - urllib3.connectionpool - DEBUG - Starting new HTTP connection (1): 127.0.0.1:8888
Mon, 15 Jul 2019 17:16:43 - urllib3.connectionpool - DEBUG - http://127.0.0.1:8888 "POST http://172.18.82.251:1240/mlableClassifier HTTP/1.1" 200 None
Mon, 15 Jul 2019 17:16:43 - urllib3.connectionpool - DEBUG - Starting new HTTP connection (1): 127.0.0.1:8888
Mon, 15 Jul 2019 17:16:43 - urllib3.connectionpool - DEBUG - http://127.0.0.1:8888 "POST http://172.18.82.251:1240/mlableClassifier HTTP/1.1" 200 None
Mon, 15 Jul 2019 17:16:43 - urllib3.connectionpool - DEBUG - Starting new HTTP connection (1): 127.0.0.1:8888
Mon, 15 Jul 2019 17:16:44 - urllib3.connectionpool - DEBUG - http://127.0.0.1:8888 "POST http://172.18.82.251:1240/mlableClassifier HTTP/1.1" 200 None
Mon, 15 Jul 2019 17:16:44 - urllib3.connectionpool - DEBUG - Starting new HTTP connection (1): 127.0.0.1:8888
Mon, 15 Jul 2019 17:16:44 - urllib3.connectionpool - DEBUG - http://127.0.0.1:8888 "POST http://172.18.82.251:1240/mlableClassifier HTTP/1.1" 200 None
Mon, 15 Jul 2019 17:16:44 - urllib3.connectionpool - DEBUG - Starting new HTTP connection (1): 127.0.0.1:8888
Mon, 15 Jul 2019 17:16:44 - urllib3.connectionpool - DEBUG - http://127.0.0.1:8888 "POST http://172.18.82.251:1240/mlableClassifier HTTP/1.1" 200 None
Mon, 15 Jul 2019 17:16:44 - urllib3.connectionpool - DEBUG - Starting new HTTP connection (1): 127.0.0.1:8888
Mon, 15 Jul 2019 17:16:44 - urllib3.connectionpool - DEBUG - http://127.0.0.1:8888 "POST http://172.18.82.251:1240/mlableClassifier HTTP/1.1" 200 None
Mon, 15 Jul 2019 17:16:44 - urllib3.connectionpool - DEBUG - Starting new HTTP connection (1): 127.0.0.1:8888
Mon, 15 Jul 2019 17:16:44 - urllib3.connectionpool - DEBUG - http://127.0.0.1:8888 "POST http://172.18.82.251:1240/mlableClassifier HTTP/1.1" 200 None
Mon, 15 Jul 2019 17:16:44 - urllib3.connectionpool - DEBUG - Starting new HTTP connection (1): 127.0.0.1:8888
Mon, 15 Jul 2019 17:16:44 - urllib3.connectionpool - DEBUG - http://127.0.0.1:8888 "POST http://172.18.82.251:1240/mlableClassifier HTTP/1.1" 200 None
Mon, 15 Jul 2019 17:16:44 - urllib3.connectionpool - DEBUG - Starting new HTTP connection (1): 127.0.0.1:8888
Mon, 15 Jul 2019 17:16:44 - urllib3.connectionpool - DEBUG - http://127.0.0.1:8888 "POST http://172.18.82.251:1240/mlableClassifier HTTP/1.1" 200 None
Mon, 15 Jul 2019 17:16:44 - urllib3.connectionpool - DEBUG - Starting new HTTP connection (1): 127.0.0.1:8888
Mon, 15 Jul 2019 17:16:44 - urllib3.connectionpool - DEBUG - http://127.0.0.1:8888 "POST http://172.18.82.251:1240/mlableClassifier HTTP/1.1" 200 None
Mon, 15 Jul 2019 17:16:44 - urllib3.connectionpool - DEBUG - Starting new HTTP connection (1): 127.0.0.1:8888
Mon, 15 Jul 2019 17:16:44 - urllib3.connectionpool - DEBUG - http://127.0.0.1:8888 "POST http://172.18.82.251:1240/mlableClassifier HTTP/1.1" 200 None
Mon, 15 Jul 2019 17:16:44 - urllib3.connectionpool - DEBUG - Starting new HTTP connection (1): 127.0.0.1:8888
Mon, 15 Jul 2019 17:16:44 - urllib3.connectionpool - DEBUG - http://127.0.0.1:8888 "POST http://172.18.82.251:1240/mlableClassifier HTTP/1.1" 200 None
Mon, 15 Jul 2019 17:19:45 - urllib3.connectionpool - DEBUG - Starting new HTTP connection (1): 127.0.0.1:8888
Mon, 15 Jul 2019 17:19:45 - urllib3.connectionpool - DEBUG - http://127.0.0.1:8888 "POST http://172.18.82.251:1240/splitWord HTTP/1.1" 200 None
Mon, 15 Jul 2019 17:19:45 - urllib3.connectionpool - DEBUG - Starting new HTTP connection (1): 127.0.0.1:8888
Mon, 15 Jul 2019 17:19:45 - urllib3.connectionpool - DEBUG - http://127.0.0.1:8888 "POST http://172.18.82.251:1240/mlableClassifier HTTP/1.1" 200 None
Mon, 15 Jul 2019 17:19:45 - urllib3.connectionpool - DEBUG - Starting new HTTP connection (1): 127.0.0.1:8888
Mon, 15 Jul 2019 17:19:45 - urllib3.connectionpool - DEBUG - http://127.0.0.1:8888 "POST http://172.18.82.251:1240/mlableClassifier HTTP/1.1" 200 None
Mon, 15 Jul 2019 17:19:45 - urllib3.connectionpool - DEBUG - Starting new HTTP connection (1): 127.0.0.1:8888
Mon, 15 Jul 2019 17:19:45 - urllib3.connectionpool - DEBUG - http://127.0.0.1:8888 "POST http://172.18.82.251:1240/mlableClassifier HTTP/1.1" 200 None
Mon, 15 Jul 2019 17:19:45 - urllib3.connectionpool - DEBUG - Starting new HTTP connection (1): 127.0.0.1:8888
Mon, 15 Jul 2019 17:19:45 - urllib3.connectionpool - DEBUG - http://127.0.0.1:8888 "POST http://172.18.82.251:1240/mlableClassifier HTTP/1.1" 200 None
Mon, 15 Jul 2019 17:19:45 - urllib3.connectionpool - DEBUG - Starting new HTTP connection (1): 127.0.0.1:8888
Mon, 15 Jul 2019 17:19:45 - urllib3.connectionpool - DEBUG - http://127.0.0.1:8888 "POST http://172.18.82.251:1240/mlableClassifier HTTP/1.1" 200 None
Mon, 15 Jul 2019 17:19:45 - urllib3.connectionpool - DEBUG - Starting new HTTP connection (1): 127.0.0.1:8888
Mon, 15 Jul 2019 17:19:45 - urllib3.connectionpool - DEBUG - http://127.0.0.1:8888 "POST http://172.18.82.251:1240/mlableClassifier HTTP/1.1" 200 None
Mon, 15 Jul 2019 17:19:45 - urllib3.connectionpool - DEBUG - Starting new HTTP connection (1): 127.0.0.1:8888
Mon, 15 Jul 2019 17:19:45 - urllib3.connectionpool - DEBUG - http://127.0.0.1:8888 "POST http://172.18.82.251:1240/mlableClassifier HTTP/1.1" 200 None
Mon, 15 Jul 2019 17:19:45 - urllib3.connectionpool - DEBUG - Starting new HTTP connection (1): 127.0.0.1:8888
Mon, 15 Jul 2019 17:19:45 - urllib3.connectionpool - DEBUG - http://127.0.0.1:8888 "POST http://172.18.82.251:1240/mlableClassifier HTTP/1.1" 200 None
Mon, 15 Jul 2019 17:19:45 - urllib3.connectionpool - DEBUG - Starting new HTTP connection (1): 127.0.0.1:8888
Mon, 15 Jul 2019 17:19:45 - urllib3.connectionpool - DEBUG - http://127.0.0.1:8888 "POST http://172.18.82.251:1240/mlableClassifier HTTP/1.1" 200 None
Mon, 15 Jul 2019 17:19:45 - urllib3.connectionpool - DEBUG - Starting new HTTP connection (1): 127.0.0.1:8888
Mon, 15 Jul 2019 17:19:45 - urllib3.connectionpool - DEBUG - http://127.0.0.1:8888 "POST http://172.18.82.251:1240/mlableClassifier HTTP/1.1" 200 None
Mon, 15 Jul 2019 17:19:45 - urllib3.connectionpool - DEBUG - Starting new HTTP connection (1): 127.0.0.1:8888
Mon, 15 Jul 2019 17:19:45 - urllib3.connectionpool - DEBUG - http://127.0.0.1:8888 "POST http://172.18.82.251:1240/mlableClassifier HTTP/1.1" 200 None
Mon, 15 Jul 2019 17:19:45 - urllib3.connectionpool - DEBUG - Starting new HTTP connection (1): 127.0.0.1:8888
Mon, 15 Jul 2019 17:19:45 - urllib3.connectionpool - DEBUG - http://127.0.0.1:8888 "POST http://172.18.82.251:1240/mlableClassifier HTTP/1.1" 200 None
Mon, 15 Jul 2019 17:19:45 - urllib3.connectionpool - DEBUG - Starting new HTTP connection (1): 127.0.0.1:8888
Mon, 15 Jul 2019 17:19:45 - urllib3.connectionpool - DEBUG - http://127.0.0.1:8888 "POST http://172.18.82.251:1240/mlableClassifier HTTP/1.1" 200 None
Mon, 15 Jul 2019 17:19:46 - urllib3.connectionpool - DEBUG - Starting new HTTP connection (1): 127.0.0.1:8888
Mon, 15 Jul 2019 17:19:46 - urllib3.connectionpool - DEBUG - http://127.0.0.1:8888 "POST http://172.18.82.251:1240/mlableClassifier HTTP/1.1" 200 None
Mon, 15 Jul 2019 17:19:46 - urllib3.connectionpool - DEBUG - Starting new HTTP connection (1): 127.0.0.1:8888
Mon, 15 Jul 2019 17:19:46 - urllib3.connectionpool - DEBUG - http://127.0.0.1:8888 "POST http://172.18.82.251:1240/mlableClassifier HTTP/1.1" 200 None
Mon, 15 Jul 2019 17:19:46 - urllib3.connectionpool - DEBUG - Starting new HTTP connection (1): 127.0.0.1:8888
Mon, 15 Jul 2019 17:19:46 - urllib3.connectionpool - DEBUG - http://127.0.0.1:8888 "POST http://172.18.82.251:1240/mlableClassifier HTTP/1.1" 200 None
Mon, 15 Jul 2019 17:19:46 - urllib3.connectionpool - DEBUG - Starting new HTTP connection (1): 127.0.0.1:8888
Mon, 15 Jul 2019 17:19:46 - urllib3.connectionpool - DEBUG - http://127.0.0.1:8888 "POST http://172.18.82.251:1240/mlableClassifier HTTP/1.1" 200 None
Mon, 15 Jul 2019 17:19:46 - urllib3.connectionpool - DEBUG - Starting new HTTP connection (1): 127.0.0.1:8888
Mon, 15 Jul 2019 17:19:46 - urllib3.connectionpool - DEBUG - http://127.0.0.1:8888 "POST http://172.18.82.251:1240/mlableClassifier HTTP/1.1" 200 None
Mon, 15 Jul 2019 17:29:20 - urllib3.connectionpool - DEBUG - Starting new HTTP connection (1): 127.0.0.1:8888
Mon, 15 Jul 2019 17:29:20 - urllib3.connectionpool - DEBUG - http://127.0.0.1:8888 "POST http://172.18.82.251:1240/splitWord HTTP/1.1" 200 None
Mon, 15 Jul 2019 17:29:20 - urllib3.connectionpool - DEBUG - Starting new HTTP connection (1): 127.0.0.1:8888
Mon, 15 Jul 2019 17:29:20 - urllib3.connectionpool - DEBUG - http://127.0.0.1:8888 "POST http://172.18.82.251:1240/mlableClassifier HTTP/1.1" 200 None
Mon, 15 Jul 2019 17:29:20 - urllib3.connectionpool - DEBUG - Starting new HTTP connection (1): 127.0.0.1:8888
Mon, 15 Jul 2019 17:29:20 - urllib3.connectionpool - DEBUG - http://127.0.0.1:8888 "POST http://172.18.82.251:1240/mlableClassifier HTTP/1.1" 200 None
Mon, 15 Jul 2019 17:29:20 - urllib3.connectionpool - DEBUG - Starting new HTTP connection (1): 127.0.0.1:8888
Mon, 15 Jul 2019 17:29:20 - urllib3.connectionpool - DEBUG - http://127.0.0.1:8888 "POST http://172.18.82.251:1240/mlableClassifier HTTP/1.1" 200 None
Mon, 15 Jul 2019 17:29:20 - urllib3.connectionpool - DEBUG - Starting new HTTP connection (1): 127.0.0.1:8888
Mon, 15 Jul 2019 17:29:21 - urllib3.connectionpool - DEBUG - http://127.0.0.1:8888 "POST http://172.18.82.251:1240/mlableClassifier HTTP/1.1" 200 None
Mon, 15 Jul 2019 17:29:21 - urllib3.connectionpool - DEBUG - Starting new HTTP connection (1): 127.0.0.1:8888
Mon, 15 Jul 2019 17:29:21 - urllib3.connectionpool - DEBUG - http://127.0.0.1:8888 "POST http://172.18.82.251:1240/mlableClassifier HTTP/1.1" 200 None
Mon, 15 Jul 2019 17:29:21 - urllib3.connectionpool - DEBUG - Starting new HTTP connection (1): 127.0.0.1:8888
Mon, 15 Jul 2019 17:29:21 - urllib3.connectionpool - DEBUG - http://127.0.0.1:8888 "POST http://172.18.82.251:1240/mlableClassifier HTTP/1.1" 200 None
Mon, 15 Jul 2019 17:29:21 - urllib3.connectionpool - DEBUG - Starting new HTTP connection (1): 127.0.0.1:8888
Mon, 15 Jul 2019 17:29:21 - urllib3.connectionpool - DEBUG - http://127.0.0.1:8888 "POST http://172.18.82.251:1240/mlableClassifier HTTP/1.1" 200 None
Mon, 15 Jul 2019 17:29:21 - urllib3.connectionpool - DEBUG - Starting new HTTP connection (1): 127.0.0.1:8888
Mon, 15 Jul 2019 17:29:21 - urllib3.connectionpool - DEBUG - http://127.0.0.1:8888 "POST http://172.18.82.251:1240/mlableClassifier HTTP/1.1" 200 None
Mon, 15 Jul 2019 17:29:21 - urllib3.connectionpool - DEBUG - Starting new HTTP connection (1): 127.0.0.1:8888
Mon, 15 Jul 2019 17:29:21 - urllib3.connectionpool - DEBUG - http://127.0.0.1:8888 "POST http://172.18.82.251:1240/mlableClassifier HTTP/1.1" 200 None
Mon, 15 Jul 2019 17:29:21 - urllib3.connectionpool - DEBUG - Starting new HTTP connection (1): 127.0.0.1:8888
Mon, 15 Jul 2019 17:29:21 - urllib3.connectionpool - DEBUG - http://127.0.0.1:8888 "POST http://172.18.82.251:1240/mlableClassifier HTTP/1.1" 200 None
Mon, 15 Jul 2019 17:29:21 - urllib3.connectionpool - DEBUG - Starting new HTTP connection (1): 127.0.0.1:8888
Mon, 15 Jul 2019 17:29:21 - urllib3.connectionpool - DEBUG - http://127.0.0.1:8888 "POST http://172.18.82.251:1240/mlableClassifier HTTP/1.1" 200 None
Mon, 15 Jul 2019 17:29:21 - urllib3.connectionpool - DEBUG - Starting new HTTP connection (1): 127.0.0.1:8888
Mon, 15 Jul 2019 17:29:21 - urllib3.connectionpool - DEBUG - http://127.0.0.1:8888 "POST http://172.18.82.251:1240/mlableClassifier HTTP/1.1" 200 None
Mon, 15 Jul 2019 17:29:21 - urllib3.connectionpool - DEBUG - Starting new HTTP connection (1): 127.0.0.1:8888
Mon, 15 Jul 2019 17:29:21 - urllib3.connectionpool - DEBUG - http://127.0.0.1:8888 "POST http://172.18.82.251:1240/mlableClassifier HTTP/1.1" 200 None
Mon, 15 Jul 2019 17:29:21 - urllib3.connectionpool - DEBUG - Starting new HTTP connection (1): 127.0.0.1:8888
Mon, 15 Jul 2019 17:29:21 - urllib3.connectionpool - DEBUG - http://127.0.0.1:8888 "POST http://172.18.82.251:1240/mlableClassifier HTTP/1.1" 200 None
Mon, 15 Jul 2019 17:29:21 - urllib3.connectionpool - DEBUG - Starting new HTTP connection (1): 127.0.0.1:8888
Mon, 15 Jul 2019 17:29:21 - urllib3.connectionpool - DEBUG - http://127.0.0.1:8888 "POST http://172.18.82.251:1240/mlableClassifier HTTP/1.1" 200 None
Mon, 15 Jul 2019 17:29:21 - urllib3.connectionpool - DEBUG - Starting new HTTP connection (1): 127.0.0.1:8888
Mon, 15 Jul 2019 17:29:21 - urllib3.connectionpool - DEBUG - http://127.0.0.1:8888 "POST http://172.18.82.251:1240/mlableClassifier HTTP/1.1" 200 None
Mon, 15 Jul 2019 17:29:21 - urllib3.connectionpool - DEBUG - Starting new HTTP connection (1): 127.0.0.1:8888
Mon, 15 Jul 2019 17:29:21 - urllib3.connectionpool - DEBUG - http://127.0.0.1:8888 "POST http://172.18.82.251:1240/mlableClassifier HTTP/1.1" 200 None
Mon, 15 Jul 2019 17:29:21 - urllib3.connectionpool - DEBUG - Starting new HTTP connection (1): 127.0.0.1:8888
Mon, 15 Jul 2019 17:29:21 - urllib3.connectionpool - DEBUG - http://127.0.0.1:8888 "POST http://172.18.82.251:1240/mlableClassifier HTTP/1.1" 200 None
Mon, 15 Jul 2019 17:29:21 - urllib3.connectionpool - DEBUG - Starting new HTTP connection (1): 127.0.0.1:8888
Mon, 15 Jul 2019 17:29:21 - urllib3.connectionpool - DEBUG - http://127.0.0.1:8888 "POST http://172.18.82.251:1240/mlableClassifier HTTP/1.1" 200 None
Mon, 15 Jul 2019 17:29:37 - urllib3.connectionpool - DEBUG - Starting new HTTP connection (1): 127.0.0.1:8888
Mon, 15 Jul 2019 17:29:37 - urllib3.connectionpool - DEBUG - http://127.0.0.1:8888 "POST http://172.18.82.251:1240/splitWord HTTP/1.1" 200 None
Mon, 15 Jul 2019 17:29:37 - urllib3.connectionpool - DEBUG - Starting new HTTP connection (1): 127.0.0.1:8888
Mon, 15 Jul 2019 17:29:37 - urllib3.connectionpool - DEBUG - http://127.0.0.1:8888 "POST http://172.18.82.251:1240/mlableClassifier HTTP/1.1" 200 None
Mon, 15 Jul 2019 17:29:37 - urllib3.connectionpool - DEBUG - Starting new HTTP connection (1): 127.0.0.1:8888
Mon, 15 Jul 2019 17:29:37 - urllib3.connectionpool - DEBUG - http://127.0.0.1:8888 "POST http://172.18.82.251:1240/mlableClassifier HTTP/1.1" 200 None
Mon, 15 Jul 2019 17:29:37 - urllib3.connectionpool - DEBUG - Starting new HTTP connection (1): 127.0.0.1:8888
Mon, 15 Jul 2019 17:29:37 - urllib3.connectionpool - DEBUG - http://127.0.0.1:8888 "POST http://172.18.82.251:1240/mlableClassifier HTTP/1.1" 200 None
Mon, 15 Jul 2019 17:29:37 - urllib3.connectionpool - DEBUG - Starting new HTTP connection (1): 127.0.0.1:8888
Mon, 15 Jul 2019 17:29:37 - urllib3.connectionpool - DEBUG - http://127.0.0.1:8888 "POST http://172.18.82.251:1240/mlableClassifier HTTP/1.1" 200 None
Mon, 15 Jul 2019 17:29:37 - urllib3.connectionpool - DEBUG - Starting new HTTP connection (1): 127.0.0.1:8888
Mon, 15 Jul 2019 17:29:37 - urllib3.connectionpool - DEBUG - http://127.0.0.1:8888 "POST http://172.18.82.251:1240/mlableClassifier HTTP/1.1" 200 None
Mon, 15 Jul 2019 17:29:37 - urllib3.connectionpool - DEBUG - Starting new HTTP connection (1): 127.0.0.1:8888
Mon, 15 Jul 2019 17:29:37 - urllib3.connectionpool - DEBUG - http://127.0.0.1:8888 "POST http://172.18.82.251:1240/mlableClassifier HTTP/1.1" 200 None
Mon, 15 Jul 2019 17:29:37 - urllib3.connectionpool - DEBUG - Starting new HTTP connection (1): 127.0.0.1:8888
Mon, 15 Jul 2019 17:29:37 - urllib3.connectionpool - DEBUG - http://127.0.0.1:8888 "POST http://172.18.82.251:1240/mlableClassifier HTTP/1.1" 200 None
Mon, 15 Jul 2019 17:29:37 - urllib3.connectionpool - DEBUG - Starting new HTTP connection (1): 127.0.0.1:8888
Mon, 15 Jul 2019 17:29:37 - urllib3.connectionpool - DEBUG - http://127.0.0.1:8888 "POST http://172.18.82.251:1240/mlableClassifier HTTP/1.1" 200 None
Mon, 15 Jul 2019 17:29:37 - urllib3.connectionpool - DEBUG - Starting new HTTP connection (1): 127.0.0.1:8888
Mon, 15 Jul 2019 17:29:37 - urllib3.connectionpool - DEBUG - http://127.0.0.1:8888 "POST http://172.18.82.251:1240/mlableClassifier HTTP/1.1" 200 None
Mon, 15 Jul 2019 17:29:37 - urllib3.connectionpool - DEBUG - Starting new HTTP connection (1): 127.0.0.1:8888
Mon, 15 Jul 2019 17:29:37 - urllib3.connectionpool - DEBUG - http://127.0.0.1:8888 "POST http://172.18.82.251:1240/mlableClassifier HTTP/1.1" 200 None
Mon, 15 Jul 2019 17:29:37 - urllib3.connectionpool - DEBUG - Starting new HTTP connection (1): 127.0.0.1:8888
Mon, 15 Jul 2019 17:29:37 - urllib3.connectionpool - DEBUG - http://127.0.0.1:8888 "POST http://172.18.82.251:1240/mlableClassifier HTTP/1.1" 200 None
Mon, 15 Jul 2019 17:29:37 - urllib3.connectionpool - DEBUG - Starting new HTTP connection (1): 127.0.0.1:8888
Mon, 15 Jul 2019 17:29:38 - urllib3.connectionpool - DEBUG - http://127.0.0.1:8888 "POST http://172.18.82.251:1240/mlableClassifier HTTP/1.1" 200 None
Mon, 15 Jul 2019 17:29:38 - urllib3.connectionpool - DEBUG - Starting new HTTP connection (1): 127.0.0.1:8888
Mon, 15 Jul 2019 17:29:38 - urllib3.connectionpool - DEBUG - http://127.0.0.1:8888 "POST http://172.18.82.251:1240/mlableClassifier HTTP/1.1" 200 None
Mon, 15 Jul 2019 17:29:38 - urllib3.connectionpool - DEBUG - Starting new HTTP connection (1): 127.0.0.1:8888
Mon, 15 Jul 2019 17:29:38 - urllib3.connectionpool - DEBUG - http://127.0.0.1:8888 "POST http://172.18.82.251:1240/mlableClassifier HTTP/1.1" 200 None
Mon, 15 Jul 2019 17:29:38 - urllib3.connectionpool - DEBUG - Starting new HTTP connection (1): 127.0.0.1:8888
Mon, 15 Jul 2019 17:29:38 - urllib3.connectionpool - DEBUG - http://127.0.0.1:8888 "POST http://172.18.82.251:1240/mlableClassifier HTTP/1.1" 200 None
Mon, 15 Jul 2019 17:29:38 - urllib3.connectionpool - DEBUG - Starting new HTTP connection (1): 127.0.0.1:8888
Mon, 15 Jul 2019 17:29:38 - urllib3.connectionpool - DEBUG - http://127.0.0.1:8888 "POST http://172.18.82.251:1240/mlableClassifier HTTP/1.1" 200 None
Mon, 15 Jul 2019 17:29:38 - urllib3.connectionpool - DEBUG - Starting new HTTP connection (1): 127.0.0.1:8888
Mon, 15 Jul 2019 17:29:38 - urllib3.connectionpool - DEBUG - http://127.0.0.1:8888 "POST http://172.18.82.251:1240/mlableClassifier HTTP/1.1" 200 None
Mon, 15 Jul 2019 17:29:38 - urllib3.connectionpool - DEBUG - Starting new HTTP connection (1): 127.0.0.1:8888
Mon, 15 Jul 2019 17:29:38 - urllib3.connectionpool - DEBUG - http://127.0.0.1:8888 "POST http://172.18.82.251:1240/mlableClassifier HTTP/1.1" 200 None
Mon, 15 Jul 2019 17:29:38 - urllib3.connectionpool - DEBUG - Starting new HTTP connection (1): 127.0.0.1:8888
Mon, 15 Jul 2019 17:29:38 - urllib3.connectionpool - DEBUG - http://127.0.0.1:8888 "POST http://172.18.82.251:1240/mlableClassifier HTTP/1.1" 200 None
Mon, 15 Jul 2019 17:29:38 - urllib3.connectionpool - DEBUG - Starting new HTTP connection (1): 127.0.0.1:8888
Mon, 15 Jul 2019 17:29:38 - urllib3.connectionpool - DEBUG - http://127.0.0.1:8888 "POST http://172.18.82.251:1240/mlableClassifier HTTP/1.1" 200 None
Mon, 15 Jul 2019 17:29:38 - urllib3.connectionpool - DEBUG - Starting new HTTP connection (1): 127.0.0.1:8888
Mon, 15 Jul 2019 17:29:38 - urllib3.connectionpool - DEBUG - http://127.0.0.1:8888 "POST http://172.18.82.251:1240/mlableClassifier HTTP/1.1" 200 None
Mon, 15 Jul 2019 17:29:38 - urllib3.connectionpool - DEBUG - Starting new HTTP connection (1): 127.0.0.1:8888
Mon, 15 Jul 2019 17:29:38 - urllib3.connectionpool - DEBUG - http://127.0.0.1:8888 "POST http://172.18.82.251:1240/mlableClassifier HTTP/1.1" 200 None
Mon, 15 Jul 2019 17:29:38 - urllib3.connectionpool - DEBUG - Starting new HTTP connection (1): 127.0.0.1:8888
Mon, 15 Jul 2019 17:29:38 - urllib3.connectionpool - DEBUG - http://127.0.0.1:8888 "POST http://172.18.82.251:1240/mlableClassifier HTTP/1.1" 200 None
Tue, 16 Jul 2019 09:42:49 - urllib3.connectionpool - DEBUG - Starting new HTTP connection (1): 127.0.0.1:8888
Tue, 16 Jul 2019 09:42:49 - urllib3.connectionpool - DEBUG - http://127.0.0.1:8888 "POST http://172.18.82.251:1240/ner HTTP/1.1" 200 None
Tue, 16 Jul 2019 09:42:49 - urllib3.connectionpool - DEBUG - Starting new HTTP connection (1): 127.0.0.1:8888
Tue, 16 Jul 2019 09:43:02 - urllib3.connectionpool - DEBUG - http://127.0.0.1:8888 "POST http://172.18.82.251:1240/ner HTTP/1.1" 200 None
Tue, 16 Jul 2019 09:43:32 - urllib3.connectionpool - DEBUG - Starting new HTTP connection (1): 127.0.0.1:8888
Tue, 16 Jul 2019 09:43:32 - urllib3.connectionpool - DEBUG - http://127.0.0.1:8888 "POST http://172.18.82.251:1240/ner HTTP/1.1" 200 None
Tue, 16 Jul 2019 09:43:32 - urllib3.connectionpool - DEBUG - Starting new HTTP connection (1): 127.0.0.1:8888
Tue, 16 Jul 2019 09:43:33 - urllib3.connectionpool - DEBUG - http://127.0.0.1:8888 "POST http://172.18.82.251:1240/ner HTTP/1.1" 200 None
Tue, 16 Jul 2019 09:43:48 - urllib3.connectionpool - DEBUG - Starting new HTTP connection (1): 127.0.0.1:8888
Tue, 16 Jul 2019 09:43:48 - urllib3.connectionpool - DEBUG - http://127.0.0.1:8888 "POST http://172.18.82.251:1240/ner HTTP/1.1" 200 None
Tue, 16 Jul 2019 09:43:48 - urllib3.connectionpool - DEBUG - Starting new HTTP connection (1): 127.0.0.1:8888
Tue, 16 Jul 2019 09:43:48 - urllib3.connectionpool - DEBUG - http://127.0.0.1:8888 "POST http://172.18.82.251:1240/ner HTTP/1.1" 200 None
Tue, 16 Jul 2019 09:44:05 - urllib3.connectionpool - DEBUG - Starting new HTTP connection (1): 127.0.0.1:8888
Tue, 16 Jul 2019 09:44:05 - urllib3.connectionpool - DEBUG - http://127.0.0.1:8888 "POST http://172.18.82.251:1240/ner HTTP/1.1" 200 None
Tue, 16 Jul 2019 09:44:05 - urllib3.connectionpool - DEBUG - Starting new HTTP connection (1): 127.0.0.1:8888
Tue, 16 Jul 2019 09:44:05 - urllib3.connectionpool - DEBUG - http://127.0.0.1:8888 "POST http://172.18.82.251:1240/ner HTTP/1.1" 200 None
Tue, 16 Jul 2019 09:44:41 - urllib3.connectionpool - DEBUG - Starting new HTTP connection (1): 127.0.0.1:8888
Tue, 16 Jul 2019 09:44:41 - urllib3.connectionpool - DEBUG - http://127.0.0.1:8888 "POST http://172.18.82.251:1240/ner HTTP/1.1" 200 None
Tue, 16 Jul 2019 09:44:41 - urllib3.connectionpool - DEBUG - Starting new HTTP connection (1): 127.0.0.1:8888
Tue, 16 Jul 2019 09:44:41 - urllib3.connectionpool - DEBUG - http://127.0.0.1:8888 "POST http://172.18.82.251:1240/ner HTTP/1.1" 200 None
Tue, 16 Jul 2019 09:59:51 - urllib3.connectionpool - DEBUG - Starting new HTTP connection (1): 127.0.0.1:8888
Tue, 16 Jul 2019 09:59:51 - urllib3.connectionpool - DEBUG - http://127.0.0.1:8888 "POST http://172.18.82.251:1240/ner HTTP/1.1" 200 None
Tue, 16 Jul 2019 09:59:51 - urllib3.connectionpool - DEBUG - Starting new HTTP connection (1): 127.0.0.1:8888
Tue, 16 Jul 2019 09:59:52 - urllib3.connectionpool - DEBUG - http://127.0.0.1:8888 "POST http://172.18.82.251:1240/ner HTTP/1.1" 200 None
Tue, 16 Jul 2019 10:02:56 - urllib3.connectionpool - DEBUG - Starting new HTTP connection (1): 127.0.0.1:8888
Tue, 16 Jul 2019 10:02:56 - urllib3.connectionpool - DEBUG - http://127.0.0.1:8888 "POST http://172.18.82.251:1240/ner HTTP/1.1" 200 None
Tue, 16 Jul 2019 10:02:56 - urllib3.connectionpool - DEBUG - Starting new HTTP connection (1): 127.0.0.1:8888
Tue, 16 Jul 2019 10:02:56 - urllib3.connectionpool - DEBUG - http://127.0.0.1:8888 "POST http://172.18.82.251:1240/ner HTTP/1.1" 200 None
Tue, 16 Jul 2019 10:08:11 - urllib3.connectionpool - DEBUG - Starting new HTTP connection (1): 127.0.0.1:8888
Tue, 16 Jul 2019 10:08:11 - urllib3.connectionpool - DEBUG - http://127.0.0.1:8888 "POST http://172.18.82.251:1240/ner HTTP/1.1" 200 None
Tue, 16 Jul 2019 10:08:11 - urllib3.connectionpool - DEBUG - Starting new HTTP connection (1): 127.0.0.1:8888
Tue, 16 Jul 2019 10:08:47 - urllib3.connectionpool - DEBUG - http://127.0.0.1:8888 "POST http://172.18.82.251:1240/ner HTTP/1.1" 200 None
Tue, 16 Jul 2019 10:09:44 - urllib3.connectionpool - DEBUG - Starting new HTTP connection (1): 127.0.0.1:8888
Tue, 16 Jul 2019 10:09:44 - urllib3.connectionpool - DEBUG - http://127.0.0.1:8888 "POST http://172.18.82.251:1240/ner HTTP/1.1" 200 None
Tue, 16 Jul 2019 10:09:44 - urllib3.connectionpool - DEBUG - Starting new HTTP connection (1): 127.0.0.1:8888
Tue, 16 Jul 2019 10:09:45 - urllib3.connectionpool - DEBUG - http://127.0.0.1:8888 "POST http://172.18.82.251:1240/ner HTTP/1.1" 200 None
Tue, 16 Jul 2019 10:10:06 - urllib3.connectionpool - DEBUG - Starting new HTTP connection (1): 127.0.0.1:8888
Tue, 16 Jul 2019 10:10:06 - urllib3.connectionpool - DEBUG - http://127.0.0.1:8888 "POST http://172.18.82.251:1240/ner HTTP/1.1" 200 None
Tue, 16 Jul 2019 10:10:06 - urllib3.connectionpool - DEBUG - Starting new HTTP connection (1): 127.0.0.1:8888
Tue, 16 Jul 2019 10:10:07 - urllib3.connectionpool - DEBUG - http://127.0.0.1:8888 "POST http://172.18.82.251:1240/ner HTTP/1.1" 200 None
Tue, 16 Jul 2019 10:10:07 - urllib3.connectionpool - DEBUG - Starting new HTTP connection (1): 127.0.0.1:8888
Tue, 16 Jul 2019 10:10:08 - urllib3.connectionpool - DEBUG - http://127.0.0.1:8888 "POST http://172.18.82.251:1240/ner HTTP/1.1" 200 None
Tue, 16 Jul 2019 10:12:20 - urllib3.connectionpool - DEBUG - Starting new HTTP connection (1): 127.0.0.1:8888
Tue, 16 Jul 2019 10:12:20 - urllib3.connectionpool - DEBUG - http://127.0.0.1:8888 "POST http://172.18.82.251:1240/ner HTTP/1.1" 200 None
Tue, 16 Jul 2019 10:12:20 - urllib3.connectionpool - DEBUG - Starting new HTTP connection (1): 127.0.0.1:8888
Tue, 16 Jul 2019 10:12:20 - urllib3.connectionpool - DEBUG - http://127.0.0.1:8888 "POST http://172.18.82.251:1240/ner HTTP/1.1" 200 None
Tue, 16 Jul 2019 10:12:20 - urllib3.connectionpool - DEBUG - Starting new HTTP connection (1): 127.0.0.1:8888
Tue, 16 Jul 2019 10:13:16 - urllib3.connectionpool - DEBUG - http://127.0.0.1:8888 "POST http://172.18.82.251:1240/ner HTTP/1.1" 200 None
Tue, 16 Jul 2019 10:16:04 - urllib3.connectionpool - DEBUG - Starting new HTTP connection (1): 127.0.0.1:8888
Tue, 16 Jul 2019 10:16:04 - urllib3.connectionpool - DEBUG - http://127.0.0.1:8888 "POST http://172.18.82.251:1240/ner HTTP/1.1" 200 None
Tue, 16 Jul 2019 10:16:04 - urllib3.connectionpool - DEBUG - Starting new HTTP connection (1): 127.0.0.1:8888
Tue, 16 Jul 2019 10:16:04 - urllib3.connectionpool - DEBUG - http://127.0.0.1:8888 "POST http://172.18.82.251:1240/ner HTTP/1.1" 200 None
Tue, 16 Jul 2019 10:16:04 - urllib3.connectionpool - DEBUG - Starting new HTTP connection (1): 127.0.0.1:8888
Tue, 16 Jul 2019 10:16:36 - urllib3.connectionpool - DEBUG - http://127.0.0.1:8888 "POST http://172.18.82.251:1240/ner HTTP/1.1" 200 None
Tue, 16 Jul 2019 10:47:30 - urllib3.connectionpool - DEBUG - Starting new HTTP connection (1): 127.0.0.1:8888
Tue, 16 Jul 2019 10:47:30 - urllib3.connectionpool - DEBUG - http://127.0.0.1:8888 "POST http://172.18.82.251:1240/ner HTTP/1.1" 200 None
Tue, 16 Jul 2019 10:47:30 - urllib3.connectionpool - DEBUG - Starting new HTTP connection (1): 127.0.0.1:8888
Tue, 16 Jul 2019 10:47:30 - urllib3.connectionpool - DEBUG - http://127.0.0.1:8888 "POST http://172.18.82.251:1240/ner HTTP/1.1" 200 None
Tue, 16 Jul 2019 10:47:30 - urllib3.connectionpool - DEBUG - Starting new HTTP connection (1): 127.0.0.1:8888
Tue, 16 Jul 2019 10:47:33 - urllib3.connectionpool - DEBUG - http://127.0.0.1:8888 "POST http://172.18.82.251:1240/ner HTTP/1.1" 200 None
Tue, 16 Jul 2019 10:47:33 - urllib3.connectionpool - DEBUG - Starting new HTTP connection (1): 127.0.0.1:8888
Tue, 16 Jul 2019 10:47:34 - urllib3.connectionpool - DEBUG - http://127.0.0.1:8888 "POST http://172.18.82.251:1240/ner HTTP/1.1" 200 None
Tue, 16 Jul 2019 10:51:26 - urllib3.connectionpool - DEBUG - Starting new HTTP connection (1): 127.0.0.1:8888
Tue, 16 Jul 2019 10:51:26 - urllib3.connectionpool - DEBUG - http://127.0.0.1:8888 "POST http://172.18.82.251:1240/ner HTTP/1.1" 200 None
Tue, 16 Jul 2019 10:51:26 - urllib3.connectionpool - DEBUG - Starting new HTTP connection (1): 127.0.0.1:8888
Tue, 16 Jul 2019 10:51:26 - urllib3.connectionpool - DEBUG - http://127.0.0.1:8888 "POST http://172.18.82.251:1240/ner HTTP/1.1" 200 None
Tue, 16 Jul 2019 10:51:26 - urllib3.connectionpool - DEBUG - Starting new HTTP connection (1): 127.0.0.1:8888
Tue, 16 Jul 2019 10:51:26 - urllib3.connectionpool - DEBUG - http://127.0.0.1:8888 "POST http://172.18.82.251:1240/ner HTTP/1.1" 200 None
Tue, 16 Jul 2019 10:51:26 - urllib3.connectionpool - DEBUG - Starting new HTTP connection (1): 127.0.0.1:8888
Tue, 16 Jul 2019 10:51:26 - urllib3.connectionpool - DEBUG - http://127.0.0.1:8888 "POST http://172.18.82.251:1240/ner HTTP/1.1" 200 None
Tue, 16 Jul 2019 10:52:24 - urllib3.connectionpool - DEBUG - Starting new HTTP connection (1): 127.0.0.1:8888
Tue, 16 Jul 2019 10:52:24 - urllib3.connectionpool - DEBUG - http://127.0.0.1:8888 "POST http://172.18.82.251:1240/ner HTTP/1.1" 200 None
Tue, 16 Jul 2019 10:52:24 - urllib3.connectionpool - DEBUG - Starting new HTTP connection (1): 127.0.0.1:8888
Tue, 16 Jul 2019 10:52:24 - urllib3.connectionpool - DEBUG - http://127.0.0.1:8888 "POST http://172.18.82.251:1240/ner HTTP/1.1" 200 None
Tue, 16 Jul 2019 10:52:24 - urllib3.connectionpool - DEBUG - Starting new HTTP connection (1): 127.0.0.1:8888
Tue, 16 Jul 2019 10:52:24 - urllib3.connectionpool - DEBUG - http://127.0.0.1:8888 "POST http://172.18.82.251:1240/ner HTTP/1.1" 200 None
Tue, 16 Jul 2019 10:52:24 - urllib3.connectionpool - DEBUG - Starting new HTTP connection (1): 127.0.0.1:8888
Tue, 16 Jul 2019 10:52:24 - urllib3.connectionpool - DEBUG - http://127.0.0.1:8888 "POST http://172.18.82.251:1240/ner HTTP/1.1" 200 None
Tue, 16 Jul 2019 10:52:33 - urllib3.connectionpool - DEBUG - Starting new HTTP connection (1): 127.0.0.1:8888
Tue, 16 Jul 2019 10:52:33 - urllib3.connectionpool - DEBUG - http://127.0.0.1:8888 "POST http://172.18.82.251:1240/ner HTTP/1.1" 200 None
Tue, 16 Jul 2019 10:52:33 - urllib3.connectionpool - DEBUG - Starting new HTTP connection (1): 127.0.0.1:8888
Tue, 16 Jul 2019 10:52:33 - urllib3.connectionpool - DEBUG - http://127.0.0.1:8888 "POST http://172.18.82.251:1240/ner HTTP/1.1" 200 None
Tue, 16 Jul 2019 10:52:33 - urllib3.connectionpool - DEBUG - Starting new HTTP connection (1): 127.0.0.1:8888
Tue, 16 Jul 2019 10:52:33 - urllib3.connectionpool - DEBUG - http://127.0.0.1:8888 "POST http://172.18.82.251:1240/ner HTTP/1.1" 200 None
Tue, 16 Jul 2019 10:52:33 - urllib3.connectionpool - DEBUG - Starting new HTTP connection (1): 127.0.0.1:8888
Tue, 16 Jul 2019 10:52:33 - urllib3.connectionpool - DEBUG - http://127.0.0.1:8888 "POST http://172.18.82.251:1240/ner HTTP/1.1" 200 None
Tue, 16 Jul 2019 10:52:49 - urllib3.connectionpool - DEBUG - Starting new HTTP connection (1): 127.0.0.1:8888
Tue, 16 Jul 2019 10:52:49 - urllib3.connectionpool - DEBUG - http://127.0.0.1:8888 "POST http://172.18.82.251:1240/ner HTTP/1.1" 200 None
Tue, 16 Jul 2019 10:52:49 - urllib3.connectionpool - DEBUG - Starting new HTTP connection (1): 127.0.0.1:8888
Tue, 16 Jul 2019 10:52:50 - urllib3.connectionpool - DEBUG - http://127.0.0.1:8888 "POST http://172.18.82.251:1240/ner HTTP/1.1" 200 None
Tue, 16 Jul 2019 10:52:50 - urllib3.connectionpool - DEBUG - Starting new HTTP connection (1): 127.0.0.1:8888
Tue, 16 Jul 2019 10:52:53 - urllib3.connectionpool - DEBUG - http://127.0.0.1:8888 "POST http://172.18.82.251:1240/ner HTTP/1.1" 200 None
Tue, 16 Jul 2019 10:52:53 - urllib3.connectionpool - DEBUG - Starting new HTTP connection (1): 127.0.0.1:8888
Tue, 16 Jul 2019 10:52:54 - urllib3.connectionpool - DEBUG - http://127.0.0.1:8888 "POST http://172.18.82.251:1240/ner HTTP/1.1" 200 None
Tue, 16 Jul 2019 10:53:23 - urllib3.connectionpool - DEBUG - Starting new HTTP connection (1): 127.0.0.1:8888
Tue, 16 Jul 2019 10:53:24 - urllib3.connectionpool - DEBUG - http://127.0.0.1:8888 "POST http://172.18.82.251:1240/ner HTTP/1.1" 200 None
Tue, 16 Jul 2019 10:53:24 - urllib3.connectionpool - DEBUG - Starting new HTTP connection (1): 127.0.0.1:8888
Tue, 16 Jul 2019 10:53:24 - urllib3.connectionpool - DEBUG - http://127.0.0.1:8888 "POST http://172.18.82.251:1240/ner HTTP/1.1" 200 None
Tue, 16 Jul 2019 10:53:24 - urllib3.connectionpool - DEBUG - Starting new HTTP connection (1): 127.0.0.1:8888
Tue, 16 Jul 2019 10:53:24 - urllib3.connectionpool - DEBUG - http://127.0.0.1:8888 "POST http://172.18.82.251:1240/ner HTTP/1.1" 200 None
Tue, 16 Jul 2019 10:53:24 - urllib3.connectionpool - DEBUG - Starting new HTTP connection (1): 127.0.0.1:8888
Tue, 16 Jul 2019 10:53:24 - urllib3.connectionpool - DEBUG - http://127.0.0.1:8888 "POST http://172.18.82.251:1240/ner HTTP/1.1" 200 None
Tue, 16 Jul 2019 11:02:13 - urllib3.connectionpool - DEBUG - Starting new HTTP connection (1): 127.0.0.1:8888
Tue, 16 Jul 2019 11:02:13 - urllib3.connectionpool - DEBUG - http://127.0.0.1:8888 "POST http://172.18.82.251:1240/ner HTTP/1.1" 200 None
Tue, 16 Jul 2019 11:02:13 - urllib3.connectionpool - DEBUG - Starting new HTTP connection (1): 127.0.0.1:8888
Tue, 16 Jul 2019 11:02:13 - urllib3.connectionpool - DEBUG - http://127.0.0.1:8888 "POST http://172.18.82.251:1240/ner HTTP/1.1" 200 None
Tue, 16 Jul 2019 11:02:13 - urllib3.connectionpool - DEBUG - Starting new HTTP connection (1): 127.0.0.1:8888
Tue, 16 Jul 2019 11:02:13 - urllib3.connectionpool - DEBUG - http://127.0.0.1:8888 "POST http://172.18.82.251:1240/ner HTTP/1.1" 200 None
Tue, 16 Jul 2019 11:02:13 - urllib3.connectionpool - DEBUG - Starting new HTTP connection (1): 127.0.0.1:8888
Tue, 16 Jul 2019 11:02:13 - urllib3.connectionpool - DEBUG - http://127.0.0.1:8888 "POST http://172.18.82.251:1240/ner HTTP/1.1" 200 None
Tue, 16 Jul 2019 11:02:24 - urllib3.connectionpool - DEBUG - Starting new HTTP connection (1): 127.0.0.1:8888
Tue, 16 Jul 2019 11:02:25 - urllib3.connectionpool - DEBUG - http://127.0.0.1:8888 "POST http://172.18.82.251:1240/ner HTTP/1.1" 200 None
Tue, 16 Jul 2019 11:02:25 - urllib3.connectionpool - DEBUG - Starting new HTTP connection (1): 127.0.0.1:8888
Tue, 16 Jul 2019 11:02:25 - urllib3.connectionpool - DEBUG - http://127.0.0.1:8888 "POST http://172.18.82.251:1240/ner HTTP/1.1" 200 None
Tue, 16 Jul 2019 11:02:25 - urllib3.connectionpool - DEBUG - Starting new HTTP connection (1): 127.0.0.1:8888
Tue, 16 Jul 2019 11:02:25 - urllib3.connectionpool - DEBUG - http://127.0.0.1:8888 "POST http://172.18.82.251:1240/ner HTTP/1.1" 200 None
Tue, 16 Jul 2019 11:02:25 - urllib3.connectionpool - DEBUG - Starting new HTTP connection (1): 127.0.0.1:8888
Tue, 16 Jul 2019 11:02:25 - urllib3.connectionpool - DEBUG - http://127.0.0.1:8888 "POST http://172.18.82.251:1240/ner HTTP/1.1" 200 None
Tue, 16 Jul 2019 11:02:25 - urllib3.connectionpool - DEBUG - Starting new HTTP connection (1): 127.0.0.1:8888
Tue, 16 Jul 2019 11:02:25 - urllib3.connectionpool - DEBUG - http://127.0.0.1:8888 "POST http://172.18.82.251:1240/ner HTTP/1.1" 200 None
Tue, 16 Jul 2019 11:04:44 - urllib3.connectionpool - DEBUG - Starting new HTTP connection (1): 127.0.0.1:8888
Tue, 16 Jul 2019 11:04:44 - urllib3.connectionpool - DEBUG - http://127.0.0.1:8888 "POST http://172.18.82.251:1240/ner HTTP/1.1" 200 None
Tue, 16 Jul 2019 11:04:44 - urllib3.connectionpool - DEBUG - Starting new HTTP connection (1): 127.0.0.1:8888
Tue, 16 Jul 2019 11:04:44 - urllib3.connectionpool - DEBUG - http://127.0.0.1:8888 "POST http://172.18.82.251:1240/ner HTTP/1.1" 200 None
Tue, 16 Jul 2019 11:04:44 - urllib3.connectionpool - DEBUG - Starting new HTTP connection (1): 127.0.0.1:8888
Tue, 16 Jul 2019 11:04:44 - urllib3.connectionpool - DEBUG - http://127.0.0.1:8888 "POST http://172.18.82.251:1240/ner HTTP/1.1" 200 None
Tue, 16 Jul 2019 11:04:44 - urllib3.connectionpool - DEBUG - Starting new HTTP connection (1): 127.0.0.1:8888
Tue, 16 Jul 2019 11:04:46 - urllib3.connectionpool - DEBUG - http://127.0.0.1:8888 "POST http://172.18.82.251:1240/ner HTTP/1.1" 200 None
Tue, 16 Jul 2019 11:04:46 - urllib3.connectionpool - DEBUG - Starting new HTTP connection (1): 127.0.0.1:8888
Tue, 16 Jul 2019 11:04:46 - urllib3.connectionpool - DEBUG - http://127.0.0.1:8888 "POST http://172.18.82.251:1240/ner HTTP/1.1" 200 None
Tue, 16 Jul 2019 11:06:04 - urllib3.connectionpool - DEBUG - Starting new HTTP connection (1): 127.0.0.1:8888
Tue, 16 Jul 2019 11:06:04 - urllib3.connectionpool - DEBUG - http://127.0.0.1:8888 "POST http://172.18.82.251:1240/ner HTTP/1.1" 200 None
Tue, 16 Jul 2019 11:06:04 - urllib3.connectionpool - DEBUG - Starting new HTTP connection (1): 127.0.0.1:8888
Tue, 16 Jul 2019 11:06:04 - urllib3.connectionpool - DEBUG - http://127.0.0.1:8888 "POST http://172.18.82.251:1240/ner HTTP/1.1" 200 None
Tue, 16 Jul 2019 11:06:04 - urllib3.connectionpool - DEBUG - Starting new HTTP connection (1): 127.0.0.1:8888
Tue, 16 Jul 2019 11:06:05 - urllib3.connectionpool - DEBUG - http://127.0.0.1:8888 "POST http://172.18.82.251:1240/ner HTTP/1.1" 200 None
Tue, 16 Jul 2019 11:06:05 - urllib3.connectionpool - DEBUG - Starting new HTTP connection (1): 127.0.0.1:8888
Tue, 16 Jul 2019 11:06:05 - urllib3.connectionpool - DEBUG - http://127.0.0.1:8888 "POST http://172.18.82.251:1240/ner HTTP/1.1" 200 None
Tue, 16 Jul 2019 11:06:05 - urllib3.connectionpool - DEBUG - Starting new HTTP connection (1): 127.0.0.1:8888
Tue, 16 Jul 2019 11:06:06 - urllib3.connectionpool - DEBUG - http://127.0.0.1:8888 "POST http://172.18.82.251:1240/ner HTTP/1.1" 200 None
Tue, 16 Jul 2019 11:33:13 - urllib3.connectionpool - DEBUG - Starting new HTTP connection (1): 127.0.0.1:8888
Tue, 16 Jul 2019 11:33:13 - urllib3.connectionpool - DEBUG - http://127.0.0.1:8888 "POST http://172.18.82.251:1240/summary?charLimit=1000 HTTP/1.1" 200 None
Tue, 16 Jul 2019 11:33:13 - urllib3.connectionpool - DEBUG - Starting new HTTP connection (1): 127.0.0.1:8888
Tue, 16 Jul 2019 11:33:13 - urllib3.connectionpool - DEBUG - http://127.0.0.1:8888 "POST http://172.18.82.251:1240/summary?percentage=0&charLimit=1000 HTTP/1.1" 200 None
Tue, 16 Jul 2019 11:33:13 - urllib3.connectionpool - DEBUG - Starting new HTTP connection (1): 127.0.0.1:8888
Tue, 16 Jul 2019 11:33:13 - urllib3.connectionpool - DEBUG - http://127.0.0.1:8888 "POST http://172.18.82.251:1240/summary?percentage=0.1&charLimit=1000 HTTP/1.1" 200 None
Tue, 16 Jul 2019 11:33:13 - urllib3.connectionpool - DEBUG - Starting new HTTP connection (1): 127.0.0.1:8888
Tue, 16 Jul 2019 11:33:13 - urllib3.connectionpool - DEBUG - http://127.0.0.1:8888 "POST http://172.18.82.251:1240/summary?percentage=0.5&charLimit=1000 HTTP/1.1" 200 None
Tue, 16 Jul 2019 11:33:13 - urllib3.connectionpool - DEBUG - Starting new HTTP connection (1): 127.0.0.1:8888
Tue, 16 Jul 2019 11:33:13 - urllib3.connectionpool - DEBUG - http://127.0.0.1:8888 "POST http://172.18.82.251:1240/summary?percentage=0.9&charLimit=1000 HTTP/1.1" 200 None
Tue, 16 Jul 2019 11:33:13 - urllib3.connectionpool - DEBUG - Starting new HTTP connection (1): 127.0.0.1:8888
Tue, 16 Jul 2019 11:33:13 - urllib3.connectionpool - DEBUG - http://127.0.0.1:8888 "POST http://172.18.82.251:1240/summary?percentage=1&charLimit=1000 HTTP/1.1" 200 None
Tue, 16 Jul 2019 11:33:13 - urllib3.connectionpool - DEBUG - Starting new HTTP connection (1): 127.0.0.1:8888
Tue, 16 Jul 2019 11:33:13 - urllib3.connectionpool - DEBUG - http://127.0.0.1:8888 "POST http://172.18.82.251:1240/summary?percentage=0.5 HTTP/1.1" 200 None
Tue, 16 Jul 2019 11:33:13 - urllib3.connectionpool - DEBUG - Starting new HTTP connection (1): 127.0.0.1:8888
Tue, 16 Jul 2019 11:33:13 - urllib3.connectionpool - DEBUG - http://127.0.0.1:8888 "POST http://172.18.82.251:1240/summary?percentage=0.5&charLimit=50 HTTP/1.1" 200 None
Tue, 16 Jul 2019 11:33:13 - urllib3.connectionpool - DEBUG - Starting new HTTP connection (1): 127.0.0.1:8888
Tue, 16 Jul 2019 11:33:13 - urllib3.connectionpool - DEBUG - http://127.0.0.1:8888 "POST http://172.18.82.251:1240/summary?percentage=0.5&charLimit=800 HTTP/1.1" 200 None
Tue, 16 Jul 2019 11:33:13 - urllib3.connectionpool - DEBUG - Starting new HTTP connection (1): 127.0.0.1:8888
Tue, 16 Jul 2019 11:33:13 - urllib3.connectionpool - DEBUG - http://127.0.0.1:8888 "POST http://172.18.82.251:1240/summary?percentage=0.5&charLimit=3000 HTTP/1.1" 200 None
Tue, 16 Jul 2019 11:33:13 - urllib3.connectionpool - DEBUG - Starting new HTTP connection (1): 127.0.0.1:8888
Tue, 16 Jul 2019 11:33:13 - urllib3.connectionpool - DEBUG - http://127.0.0.1:8888 "POST http://172.18.82.251:1240/summary?percentage=0.3&charLimit=600 HTTP/1.1" 200 None
Tue, 16 Jul 2019 11:33:13 - urllib3.connectionpool - DEBUG - Starting new HTTP connection (1): 127.0.0.1:8888
Tue, 16 Jul 2019 11:33:13 - urllib3.connectionpool - DEBUG - http://127.0.0.1:8888 "POST http://172.18.82.251:1240/summary?percentage=0.3&charLimit=600 HTTP/1.1" 200 None
Tue, 16 Jul 2019 11:33:13 - root - DEBUG - -----调试信息[debug]---test_summary_miss_content--
Tue, 16 Jul 2019 11:33:13 - urllib3.connectionpool - DEBUG - Starting new HTTP connection (1): 127.0.0.1:8888
Tue, 16 Jul 2019 11:33:13 - urllib3.connectionpool - DEBUG - http://127.0.0.1:8888 "POST http://172.18.82.251:1240/summary?percentage=0.3&charLimit=600 HTTP/1.1" 200 None
Tue, 16 Jul 2019 11:33:13 - root - DEBUG - -----调试信息[debug]---test_summary_no_article--
Tue, 16 Jul 2019 11:33:13 - urllib3.connectionpool - DEBUG - Starting new HTTP connection (1): 127.0.0.1:8888
Tue, 16 Jul 2019 11:33:13 - urllib3.connectionpool - DEBUG - http://127.0.0.1:8888 "POST http://172.18.82.251:1240/summary?percentage=0.3&charLimit=600 HTTP/1.1" 200 None
Tue, 16 Jul 2019 11:33:13 - root - DEBUG - -----调试信息[debug]---test_summary_multi_article--
Tue, 16 Jul 2019 11:33:13 - urllib3.connectionpool - DEBUG - Starting new HTTP connection (1): 127.0.0.1:8888
Tue, 16 Jul 2019 11:33:14 - urllib3.connectionpool - DEBUG - http://127.0.0.1:8888 "POST http://172.18.82.251:1240/summary?percentage=0.3&charLimit=600 HTTP/1.1" 200 None
Tue, 16 Jul 2019 11:33:14 - root - DEBUG - -----调试信息[debug]---test_summary_multi_article_miss_some_field--
Tue, 16 Jul 2019 11:33:14 - urllib3.connectionpool - DEBUG - Starting new HTTP connection (1): 127.0.0.1:8888
Tue, 16 Jul 2019 11:33:14 - urllib3.connectionpool - DEBUG - http://127.0.0.1:8888 "POST http://172.18.82.251:1240/summary?percentage=0.3&charLimit=600 HTTP/1.1" 200 None
Tue, 16 Jul 2019 11:33:14 - root - DEBUG - -----调试信息[debug]----article 0 has no title
Tue, 16 Jul 2019 11:33:14 - root - DEBUG - -----调试信息[debug]---test_summary_multi_article_miss_some_field--
Tue, 16 Jul 2019 11:33:14 - urllib3.connectionpool - DEBUG - Starting new HTTP connection (1): 127.0.0.1:8888
Tue, 16 Jul 2019 11:33:14 - urllib3.connectionpool - DEBUG - http://127.0.0.1:8888 "POST http://172.18.82.251:1240/summary?percentage=0.3&charLimit=600 HTTP/1.1" 200 None
Tue, 16 Jul 2019 11:33:14 - root - DEBUG - -----调试信息[debug]----article 1 has no title
Tue, 16 Jul 2019 11:33:14 - root - DEBUG - -----调试信息[debug]---test_summary_multi_article_miss_some_field--
Tue, 16 Jul 2019 11:33:14 - urllib3.connectionpool - DEBUG - Starting new HTTP connection (1): 127.0.0.1:8888
Tue, 16 Jul 2019 11:33:14 - urllib3.connectionpool - DEBUG - http://127.0.0.1:8888 "POST http://172.18.82.251:1240/summary?percentage=0.3&charLimit=600 HTTP/1.1" 200 None
Tue, 16 Jul 2019 11:33:14 - root - DEBUG - -----调试信息[debug]----article 1 has no content
Tue, 16 Jul 2019 11:33:14 - root - DEBUG - -----调试信息[debug]---test_summary_multi_article_miss_some_field--
Tue, 16 Jul 2019 11:33:14 - urllib3.connectionpool - DEBUG - Starting new HTTP connection (1): 127.0.0.1:8888
Tue, 16 Jul 2019 11:33:14 - urllib3.connectionpool - DEBUG - http://127.0.0.1:8888 "POST http://172.18.82.251:1240/summary?percentage=0.3&charLimit=600 HTTP/1.1" 200 None
Tue, 16 Jul 2019 11:33:14 - root - DEBUG - -----调试信息[debug]----article 0 has no title
Tue, 16 Jul 2019 11:36:52 - urllib3.connectionpool - DEBUG - Starting new HTTP connection (1): 127.0.0.1:8888
Tue, 16 Jul 2019 11:36:52 - urllib3.connectionpool - DEBUG - http://127.0.0.1:8888 "POST http://172.18.82.251:1240/summary?charLimit=1000 HTTP/1.1" 200 None
Tue, 16 Jul 2019 11:36:52 - urllib3.connectionpool - DEBUG - Starting new HTTP connection (1): 127.0.0.1:8888
Tue, 16 Jul 2019 11:36:52 - urllib3.connectionpool - DEBUG - http://127.0.0.1:8888 "POST http://172.18.82.251:1240/summary?percentage=0&charLimit=1000 HTTP/1.1" 200 None
Tue, 16 Jul 2019 11:36:52 - urllib3.connectionpool - DEBUG - Starting new HTTP connection (1): 127.0.0.1:8888
Tue, 16 Jul 2019 11:36:52 - urllib3.connectionpool - DEBUG - http://127.0.0.1:8888 "POST http://172.18.82.251:1240/summary?percentage=0.1&charLimit=1000 HTTP/1.1" 200 None
Tue, 16 Jul 2019 11:36:52 - urllib3.connectionpool - DEBUG - Starting new HTTP connection (1): 127.0.0.1:8888
Tue, 16 Jul 2019 11:36:52 - urllib3.connectionpool - DEBUG - http://127.0.0.1:8888 "POST http://172.18.82.251:1240/summary?percentage=0.5&charLimit=1000 HTTP/1.1" 200 None
Tue, 16 Jul 2019 11:36:52 - urllib3.connectionpool - DEBUG - Starting new HTTP connection (1): 127.0.0.1:8888
Tue, 16 Jul 2019 11:36:52 - urllib3.connectionpool - DEBUG - http://127.0.0.1:8888 "POST http://172.18.82.251:1240/summary?percentage=0.9&charLimit=1000 HTTP/1.1" 200 None
Tue, 16 Jul 2019 11:36:52 - urllib3.connectionpool - DEBUG - Starting new HTTP connection (1): 127.0.0.1:8888
Tue, 16 Jul 2019 11:36:52 - urllib3.connectionpool - DEBUG - http://127.0.0.1:8888 "POST http://172.18.82.251:1240/summary?percentage=1&charLimit=1000 HTTP/1.1" 200 None
Tue, 16 Jul 2019 11:36:52 - urllib3.connectionpool - DEBUG - Starting new HTTP connection (1): 127.0.0.1:8888
Tue, 16 Jul 2019 11:36:53 - urllib3.connectionpool - DEBUG - http://127.0.0.1:8888 "POST http://172.18.82.251:1240/summary?percentage=0.5 HTTP/1.1" 200 None
Tue, 16 Jul 2019 11:36:53 - urllib3.connectionpool - DEBUG - Starting new HTTP connection (1): 127.0.0.1:8888
Tue, 16 Jul 2019 11:36:53 - urllib3.connectionpool - DEBUG - http://127.0.0.1:8888 "POST http://172.18.82.251:1240/summary?percentage=0.5&charLimit=50 HTTP/1.1" 200 None
Tue, 16 Jul 2019 11:36:53 - urllib3.connectionpool - DEBUG - Starting new HTTP connection (1): 127.0.0.1:8888
Tue, 16 Jul 2019 11:36:53 - urllib3.connectionpool - DEBUG - http://127.0.0.1:8888 "POST http://172.18.82.251:1240/summary?percentage=0.5&charLimit=800 HTTP/1.1" 200 None
Tue, 16 Jul 2019 11:36:53 - urllib3.connectionpool - DEBUG - Starting new HTTP connection (1): 127.0.0.1:8888
Tue, 16 Jul 2019 11:36:53 - urllib3.connectionpool - DEBUG - http://127.0.0.1:8888 "POST http://172.18.82.251:1240/summary?percentage=0.5&charLimit=3000 HTTP/1.1" 200 None
Tue, 16 Jul 2019 11:36:53 - urllib3.connectionpool - DEBUG - Starting new HTTP connection (1): 127.0.0.1:8888
Tue, 16 Jul 2019 11:36:53 - urllib3.connectionpool - DEBUG - http://127.0.0.1:8888 "POST http://172.18.82.251:1240/summary?percentage=0.3&charLimit=600 HTTP/1.1" 200 None
Tue, 16 Jul 2019 11:36:53 - urllib3.connectionpool - DEBUG - Starting new HTTP connection (1): 127.0.0.1:8888
Tue, 16 Jul 2019 11:36:53 - urllib3.connectionpool - DEBUG - http://127.0.0.1:8888 "POST http://172.18.82.251:1240/summary?percentage=0.3&charLimit=600 HTTP/1.1" 200 None
Tue, 16 Jul 2019 11:36:53 - root - DEBUG - -----调试信息[debug]---test_summary_miss_content--
Tue, 16 Jul 2019 11:36:53 - urllib3.connectionpool - DEBUG - Starting new HTTP connection (1): 127.0.0.1:8888
Tue, 16 Jul 2019 11:36:53 - urllib3.connectionpool - DEBUG - http://127.0.0.1:8888 "POST http://172.18.82.251:1240/summary?percentage=0.3&charLimit=600 HTTP/1.1" 200 None
Tue, 16 Jul 2019 11:36:53 - root - DEBUG - -----调试信息[debug]---test_summary_no_article--
Tue, 16 Jul 2019 11:36:53 - urllib3.connectionpool - DEBUG - Starting new HTTP connection (1): 127.0.0.1:8888
Tue, 16 Jul 2019 11:36:53 - urllib3.connectionpool - DEBUG - http://127.0.0.1:8888 "POST http://172.18.82.251:1240/summary?percentage=0.3&charLimit=600 HTTP/1.1" 200 None
Tue, 16 Jul 2019 11:36:53 - root - DEBUG - -----调试信息[debug]---test_summary_multi_article--
Tue, 16 Jul 2019 11:36:53 - urllib3.connectionpool - DEBUG - Starting new HTTP connection (1): 127.0.0.1:8888
Tue, 16 Jul 2019 11:36:53 - urllib3.connectionpool - DEBUG - http://127.0.0.1:8888 "POST http://172.18.82.251:1240/summary?percentage=0.3&charLimit=600 HTTP/1.1" 200 None
Tue, 16 Jul 2019 11:36:53 - root - DEBUG - -----调试信息[debug]---test_summary_multi_article_miss_some_field--
Tue, 16 Jul 2019 11:36:53 - urllib3.connectionpool - DEBUG - Starting new HTTP connection (1): 127.0.0.1:8888
Tue, 16 Jul 2019 11:36:53 - urllib3.connectionpool - DEBUG - http://127.0.0.1:8888 "POST http://172.18.82.251:1240/summary?percentage=0.3&charLimit=600 HTTP/1.1" 200 None
Tue, 16 Jul 2019 11:36:53 - root - DEBUG - -----调试信息[debug]----article 0 has no title
Tue, 16 Jul 2019 11:36:53 - root - DEBUG - -----调试信息[debug]---test_summary_multi_article_miss_some_field--
Tue, 16 Jul 2019 11:36:53 - urllib3.connectionpool - DEBUG - Starting new HTTP connection (1): 127.0.0.1:8888
Tue, 16 Jul 2019 11:36:53 - urllib3.connectionpool - DEBUG - http://127.0.0.1:8888 "POST http://172.18.82.251:1240/summary?percentage=0.3&charLimit=600 HTTP/1.1" 200 None
Tue, 16 Jul 2019 11:36:53 - root - DEBUG - -----调试信息[debug]----article 1 has no title
Tue, 16 Jul 2019 11:36:53 - root - DEBUG - -----调试信息[debug]---test_summary_multi_article_miss_some_field--
Tue, 16 Jul 2019 11:36:53 - urllib3.connectionpool - DEBUG - Starting new HTTP connection (1): 127.0.0.1:8888
Tue, 16 Jul 2019 11:36:53 - urllib3.connectionpool - DEBUG - http://127.0.0.1:8888 "POST http://172.18.82.251:1240/summary?percentage=0.3&charLimit=600 HTTP/1.1" 200 None
Tue, 16 Jul 2019 11:36:53 - root - DEBUG - -----调试信息[debug]----article 1 has no content
Tue, 16 Jul 2019 11:36:53 - root - DEBUG - -----调试信息[debug]---test_summary_multi_article_miss_some_field--
Tue, 16 Jul 2019 11:36:53 - urllib3.connectionpool - DEBUG - Starting new HTTP connection (1): 127.0.0.1:8888
Tue, 16 Jul 2019 11:36:53 - urllib3.connectionpool - DEBUG - http://127.0.0.1:8888 "POST http://172.18.82.251:1240/summary?percentage=0.3&charLimit=600 HTTP/1.1" 200 None
Tue, 16 Jul 2019 11:36:53 - root - DEBUG - -----调试信息[debug]----article 0 has no title
Tue, 16 Jul 2019 11:37:48 - urllib3.connectionpool - DEBUG - Starting new HTTP connection (1): 127.0.0.1:8888
Tue, 16 Jul 2019 11:37:48 - urllib3.connectionpool - DEBUG - http://127.0.0.1:8888 "POST http://172.18.82.251:1240/summary?charLimit=1000 HTTP/1.1" 200 None
Tue, 16 Jul 2019 11:37:48 - urllib3.connectionpool - DEBUG - Starting new HTTP connection (1): 127.0.0.1:8888
Tue, 16 Jul 2019 11:37:48 - urllib3.connectionpool - DEBUG - http://127.0.0.1:8888 "POST http://172.18.82.251:1240/summary?percentage=0&charLimit=1000 HTTP/1.1" 200 None
Tue, 16 Jul 2019 11:37:48 - urllib3.connectionpool - DEBUG - Starting new HTTP connection (1): 127.0.0.1:8888
Tue, 16 Jul 2019 11:37:48 - urllib3.connectionpool - DEBUG - http://127.0.0.1:8888 "POST http://172.18.82.251:1240/summary?percentage=0.1&charLimit=1000 HTTP/1.1" 200 None
Tue, 16 Jul 2019 11:37:48 - urllib3.connectionpool - DEBUG - Starting new HTTP connection (1): 127.0.0.1:8888
Tue, 16 Jul 2019 11:37:48 - urllib3.connectionpool - DEBUG - http://127.0.0.1:8888 "POST http://172.18.82.251:1240/summary?percentage=0.5&charLimit=1000 HTTP/1.1" 200 None
Tue, 16 Jul 2019 11:37:48 - urllib3.connectionpool - DEBUG - Starting new HTTP connection (1): 127.0.0.1:8888
Tue, 16 Jul 2019 11:37:48 - urllib3.connectionpool - DEBUG - http://127.0.0.1:8888 "POST http://172.18.82.251:1240/summary?percentage=0.9&charLimit=1000 HTTP/1.1" 200 None
Tue, 16 Jul 2019 11:37:48 - urllib3.connectionpool - DEBUG - Starting new HTTP connection (1): 127.0.0.1:8888
Tue, 16 Jul 2019 11:37:48 - urllib3.connectionpool - DEBUG - http://127.0.0.1:8888 "POST http://172.18.82.251:1240/summary?percentage=1&charLimit=1000 HTTP/1.1" 200 None
Tue, 16 Jul 2019 11:37:48 - urllib3.connectionpool - DEBUG - Starting new HTTP connection (1): 127.0.0.1:8888
Tue, 16 Jul 2019 11:37:49 - urllib3.connectionpool - DEBUG - http://127.0.0.1:8888 "POST http://172.18.82.251:1240/summary?percentage=0.5 HTTP/1.1" 200 None
Tue, 16 Jul 2019 11:37:49 - urllib3.connectionpool - DEBUG - Starting new HTTP connection (1): 127.0.0.1:8888
Tue, 16 Jul 2019 11:37:49 - urllib3.connectionpool - DEBUG - http://127.0.0.1:8888 "POST http://172.18.82.251:1240/summary?percentage=0.5&charLimit=50 HTTP/1.1" 200 None
Tue, 16 Jul 2019 11:37:49 - urllib3.connectionpool - DEBUG - Starting new HTTP connection (1): 127.0.0.1:8888
Tue, 16 Jul 2019 11:37:49 - urllib3.connectionpool - DEBUG - http://127.0.0.1:8888 "POST http://172.18.82.251:1240/summary?percentage=0.5&charLimit=800 HTTP/1.1" 200 None
Tue, 16 Jul 2019 11:37:49 - urllib3.connectionpool - DEBUG - Starting new HTTP connection (1): 127.0.0.1:8888
Tue, 16 Jul 2019 11:37:49 - urllib3.connectionpool - DEBUG - http://127.0.0.1:8888 "POST http://172.18.82.251:1240/summary?percentage=0.5&charLimit=3000 HTTP/1.1" 200 None
Tue, 16 Jul 2019 11:37:49 - urllib3.connectionpool - DEBUG - Starting new HTTP connection (1): 127.0.0.1:8888
Tue, 16 Jul 2019 11:37:49 - urllib3.connectionpool - DEBUG - http://127.0.0.1:8888 "POST http://172.18.82.251:1240/summary?percentage=0.3&charLimit=600 HTTP/1.1" 200 None
Tue, 16 Jul 2019 11:37:49 - urllib3.connectionpool - DEBUG - Starting new HTTP connection (1): 127.0.0.1:8888
Tue, 16 Jul 2019 11:37:49 - urllib3.connectionpool - DEBUG - http://127.0.0.1:8888 "POST http://172.18.82.251:1240/summary?percentage=0.3&charLimit=600 HTTP/1.1" 200 None
Tue, 16 Jul 2019 11:37:49 - root - DEBUG - -----调试信息[debug]---test_summary_miss_content--
Tue, 16 Jul 2019 11:37:49 - urllib3.connectionpool - DEBUG - Starting new HTTP connection (1): 127.0.0.1:8888
Tue, 16 Jul 2019 11:37:49 - urllib3.connectionpool - DEBUG - http://127.0.0.1:8888 "POST http://172.18.82.251:1240/summary?percentage=0.3&charLimit=600 HTTP/1.1" 200 None
Tue, 16 Jul 2019 11:37:49 - root - DEBUG - -----调试信息[debug]---test_summary_no_article--
Tue, 16 Jul 2019 11:37:49 - urllib3.connectionpool - DEBUG - Starting new HTTP connection (1): 127.0.0.1:8888
Tue, 16 Jul 2019 11:37:49 - urllib3.connectionpool - DEBUG - http://127.0.0.1:8888 "POST http://172.18.82.251:1240/summary?percentage=0.3&charLimit=600 HTTP/1.1" 200 None
Tue, 16 Jul 2019 11:37:49 - root - DEBUG - -----调试信息[debug]---test_summary_multi_article--
Tue, 16 Jul 2019 11:37:49 - urllib3.connectionpool - DEBUG - Starting new HTTP connection (1): 127.0.0.1:8888
Tue, 16 Jul 2019 11:37:49 - urllib3.connectionpool - DEBUG - http://127.0.0.1:8888 "POST http://172.18.82.251:1240/summary?percentage=0.3&charLimit=600 HTTP/1.1" 200 None
Tue, 16 Jul 2019 11:37:49 - root - DEBUG - -----调试信息[debug]---test_summary_multi_article_miss_some_field--
Tue, 16 Jul 2019 11:37:49 - urllib3.connectionpool - DEBUG - Starting new HTTP connection (1): 127.0.0.1:8888
Tue, 16 Jul 2019 11:37:49 - urllib3.connectionpool - DEBUG - http://127.0.0.1:8888 "POST http://172.18.82.251:1240/summary?percentage=0.3&charLimit=600 HTTP/1.1" 200 None
Tue, 16 Jul 2019 11:37:49 - root - DEBUG - -----调试信息[debug]----article 0 has no title
Tue, 16 Jul 2019 11:37:49 - root - DEBUG - -----调试信息[debug]---test_summary_multi_article_miss_some_field--
Tue, 16 Jul 2019 11:37:49 - urllib3.connectionpool - DEBUG - Starting new HTTP connection (1): 127.0.0.1:8888
Tue, 16 Jul 2019 11:37:49 - urllib3.connectionpool - DEBUG - http://127.0.0.1:8888 "POST http://172.18.82.251:1240/summary?percentage=0.3&charLimit=600 HTTP/1.1" 200 None
Tue, 16 Jul 2019 11:37:49 - root - DEBUG - -----调试信息[debug]----article 1 has no title
Tue, 16 Jul 2019 11:37:49 - root - DEBUG - -----调试信息[debug]---test_summary_multi_article_miss_some_field--
Tue, 16 Jul 2019 11:37:49 - urllib3.connectionpool - DEBUG - Starting new HTTP connection (1): 127.0.0.1:8888
Tue, 16 Jul 2019 11:37:49 - urllib3.connectionpool - DEBUG - http://127.0.0.1:8888 "POST http://172.18.82.251:1240/summary?percentage=0.3&charLimit=600 HTTP/1.1" 200 None
Tue, 16 Jul 2019 11:37:49 - root - DEBUG - -----调试信息[debug]----article 1 has no content
Tue, 16 Jul 2019 11:37:49 - root - DEBUG - -----调试信息[debug]---test_summary_multi_article_miss_some_field--
Tue, 16 Jul 2019 11:37:49 - urllib3.connectionpool - DEBUG - Starting new HTTP connection (1): 127.0.0.1:8888
Tue, 16 Jul 2019 11:37:49 - urllib3.connectionpool - DEBUG - http://127.0.0.1:8888 "POST http://172.18.82.251:1240/summary?percentage=0.3&charLimit=600 HTTP/1.1" 200 None
Tue, 16 Jul 2019 11:37:49 - root - DEBUG - -----调试信息[debug]----article 0 has no title
Tue, 16 Jul 2019 11:41:12 - urllib3.connectionpool - DEBUG - Starting new HTTP connection (1): 127.0.0.1:8888
Tue, 16 Jul 2019 11:41:12 - urllib3.connectionpool - DEBUG - http://127.0.0.1:8888 "POST http://172.18.82.251:1240/summary?charLimit=1000 HTTP/1.1" 200 None
Tue, 16 Jul 2019 11:41:12 - urllib3.connectionpool - DEBUG - Starting new HTTP connection (1): 127.0.0.1:8888
Tue, 16 Jul 2019 11:41:12 - urllib3.connectionpool - DEBUG - http://127.0.0.1:8888 "POST http://172.18.82.251:1240/summary?percentage=0&charLimit=1000 HTTP/1.1" 200 None
Tue, 16 Jul 2019 11:41:12 - urllib3.connectionpool - DEBUG - Starting new HTTP connection (1): 127.0.0.1:8888
Tue, 16 Jul 2019 11:41:12 - urllib3.connectionpool - DEBUG - http://127.0.0.1:8888 "POST http://172.18.82.251:1240/summary?percentage=0.1&charLimit=1000 HTTP/1.1" 200 None
Tue, 16 Jul 2019 11:41:12 - urllib3.connectionpool - DEBUG - Starting new HTTP connection (1): 127.0.0.1:8888
Tue, 16 Jul 2019 11:41:12 - urllib3.connectionpool - DEBUG - http://127.0.0.1:8888 "POST http://172.18.82.251:1240/summary?percentage=0.5&charLimit=1000 HTTP/1.1" 200 None
Tue, 16 Jul 2019 11:41:12 - urllib3.connectionpool - DEBUG - Starting new HTTP connection (1): 127.0.0.1:8888
Tue, 16 Jul 2019 11:41:12 - urllib3.connectionpool - DEBUG - http://127.0.0.1:8888 "POST http://172.18.82.251:1240/summary?percentage=0.9&charLimit=1000 HTTP/1.1" 200 None
Tue, 16 Jul 2019 11:41:12 - urllib3.connectionpool - DEBUG - Starting new HTTP connection (1): 127.0.0.1:8888
Tue, 16 Jul 2019 11:41:12 - urllib3.connectionpool - DEBUG - http://127.0.0.1:8888 "POST http://172.18.82.251:1240/summary?percentage=1&charLimit=1000 HTTP/1.1" 200 None
Tue, 16 Jul 2019 11:41:12 - urllib3.connectionpool - DEBUG - Starting new HTTP connection (1): 127.0.0.1:8888
Tue, 16 Jul 2019 11:41:13 - urllib3.connectionpool - DEBUG - http://127.0.0.1:8888 "POST http://172.18.82.251:1240/summary?percentage=0.5 HTTP/1.1" 200 None
Tue, 16 Jul 2019 11:41:13 - urllib3.connectionpool - DEBUG - Starting new HTTP connection (1): 127.0.0.1:8888
Tue, 16 Jul 2019 11:41:13 - urllib3.connectionpool - DEBUG - http://127.0.0.1:8888 "POST http://172.18.82.251:1240/summary?percentage=0.5&charLimit=50 HTTP/1.1" 200 None
Tue, 16 Jul 2019 11:41:13 - urllib3.connectionpool - DEBUG - Starting new HTTP connection (1): 127.0.0.1:8888
Tue, 16 Jul 2019 11:41:13 - urllib3.connectionpool - DEBUG - http://127.0.0.1:8888 "POST http://172.18.82.251:1240/summary?percentage=0.5&charLimit=800 HTTP/1.1" 200 None
Tue, 16 Jul 2019 11:41:13 - urllib3.connectionpool - DEBUG - Starting new HTTP connection (1): 127.0.0.1:8888
Tue, 16 Jul 2019 11:41:13 - urllib3.connectionpool - DEBUG - http://127.0.0.1:8888 "POST http://172.18.82.251:1240/summary?percentage=0.5&charLimit=3000 HTTP/1.1" 200 None
Tue, 16 Jul 2019 11:41:13 - urllib3.connectionpool - DEBUG - Starting new HTTP connection (1): 127.0.0.1:8888
Tue, 16 Jul 2019 11:41:13 - urllib3.connectionpool - DEBUG - http://127.0.0.1:8888 "POST http://172.18.82.251:1240/summary?percentage=0.3&charLimit=600 HTTP/1.1" 200 None
Tue, 16 Jul 2019 11:41:13 - urllib3.connectionpool - DEBUG - Starting new HTTP connection (1): 127.0.0.1:8888
Tue, 16 Jul 2019 11:41:13 - urllib3.connectionpool - DEBUG - http://127.0.0.1:8888 "POST http://172.18.82.251:1240/summary?percentage=0.3&charLimit=600 HTTP/1.1" 200 None
Tue, 16 Jul 2019 11:41:13 - root - DEBUG - -----调试信息[debug]---test_summary_miss_content--
Tue, 16 Jul 2019 11:41:13 - urllib3.connectionpool - DEBUG - Starting new HTTP connection (1): 127.0.0.1:8888
Tue, 16 Jul 2019 11:41:13 - urllib3.connectionpool - DEBUG - http://127.0.0.1:8888 "POST http://172.18.82.251:1240/summary?percentage=0.3&charLimit=600 HTTP/1.1" 200 None
Tue, 16 Jul 2019 11:41:13 - root - DEBUG - -----调试信息[debug]---test_summary_no_article--
Tue, 16 Jul 2019 11:41:13 - urllib3.connectionpool - DEBUG - Starting new HTTP connection (1): 127.0.0.1:8888
Tue, 16 Jul 2019 11:41:13 - urllib3.connectionpool - DEBUG - http://127.0.0.1:8888 "POST http://172.18.82.251:1240/summary?percentage=0.3&charLimit=600 HTTP/1.1" 200 None
Tue, 16 Jul 2019 11:41:13 - root - DEBUG - -----调试信息[debug]---test_summary_multi_article--
Tue, 16 Jul 2019 11:41:13 - urllib3.connectionpool - DEBUG - Starting new HTTP connection (1): 127.0.0.1:8888
Tue, 16 Jul 2019 11:41:13 - urllib3.connectionpool - DEBUG - http://127.0.0.1:8888 "POST http://172.18.82.251:1240/summary?percentage=0.3&charLimit=600 HTTP/1.1" 200 None
Tue, 16 Jul 2019 11:41:13 - root - DEBUG - -----调试信息[debug]---test_summary_multi_article_miss_some_field--
Tue, 16 Jul 2019 11:41:13 - urllib3.connectionpool - DEBUG - Starting new HTTP connection (1): 127.0.0.1:8888
Tue, 16 Jul 2019 11:41:13 - urllib3.connectionpool - DEBUG - http://127.0.0.1:8888 "POST http://172.18.82.251:1240/summary?percentage=0.3&charLimit=600 HTTP/1.1" 200 None
Tue, 16 Jul 2019 11:41:13 - root - DEBUG - -----调试信息[debug]----article 0 has no title
Tue, 16 Jul 2019 11:41:13 - root - DEBUG - -----调试信息[debug]---test_summary_multi_article_miss_some_field--
Tue, 16 Jul 2019 11:41:13 - urllib3.connectionpool - DEBUG - Starting new HTTP connection (1): 127.0.0.1:8888
Tue, 16 Jul 2019 11:41:13 - urllib3.connectionpool - DEBUG - http://127.0.0.1:8888 "POST http://172.18.82.251:1240/summary?percentage=0.3&charLimit=600 HTTP/1.1" 200 None
Tue, 16 Jul 2019 11:41:13 - root - DEBUG - -----调试信息[debug]----article 1 has no title
Tue, 16 Jul 2019 11:41:13 - root - DEBUG - -----调试信息[debug]---test_summary_multi_article_miss_some_field--
Tue, 16 Jul 2019 11:41:13 - urllib3.connectionpool - DEBUG - Starting new HTTP connection (1): 127.0.0.1:8888
Tue, 16 Jul 2019 11:41:13 - urllib3.connectionpool - DEBUG - http://127.0.0.1:8888 "POST http://172.18.82.251:1240/summary?percentage=0.3&charLimit=600 HTTP/1.1" 200 None
Tue, 16 Jul 2019 11:41:13 - root - DEBUG - -----调试信息[debug]----article 1 has no content
Tue, 16 Jul 2019 11:41:13 - root - DEBUG - -----调试信息[debug]---test_summary_multi_article_miss_some_field--
Tue, 16 Jul 2019 11:41:13 - urllib3.connectionpool - DEBUG - Starting new HTTP connection (1): 127.0.0.1:8888
Tue, 16 Jul 2019 11:41:13 - urllib3.connectionpool - DEBUG - http://127.0.0.1:8888 "POST http://172.18.82.251:1240/summary?percentage=0.3&charLimit=600 HTTP/1.1" 200 None
Tue, 16 Jul 2019 11:41:13 - root - DEBUG - -----调试信息[debug]----article 0 has no title
Tue, 16 Jul 2019 11:49:06 - urllib3.connectionpool - DEBUG - Starting new HTTP connection (1): 127.0.0.1:8888
Tue, 16 Jul 2019 11:49:06 - urllib3.connectionpool - DEBUG - http://127.0.0.1:8888 "POST http://172.18.82.251:1240/splitSentence HTTP/1.1" 200 None
Tue, 16 Jul 2019 11:49:06 - urllib3.connectionpool - DEBUG - Starting new HTTP connection (1): 127.0.0.1:8888
Tue, 16 Jul 2019 11:49:06 - urllib3.connectionpool - DEBUG - http://127.0.0.1:8888 "POST http://172.18.82.251:1240/splitSentence HTTP/1.1" 200 None
Tue, 16 Jul 2019 11:49:06 - urllib3.connectionpool - DEBUG - Starting new HTTP connection (1): 127.0.0.1:8888
Tue, 16 Jul 2019 11:49:06 - urllib3.connectionpool - DEBUG - http://127.0.0.1:8888 "POST http://172.18.82.251:1240/splitSentence HTTP/1.1" 200 None
Tue, 16 Jul 2019 11:49:06 - urllib3.connectionpool - DEBUG - Starting new HTTP connection (1): 127.0.0.1:8888
Tue, 16 Jul 2019 11:49:06 - urllib3.connectionpool - DEBUG - http://127.0.0.1:8888 "POST http://172.18.82.251:1240/splitSentence HTTP/1.1" 200 None
Tue, 16 Jul 2019 11:49:06 - urllib3.connectionpool - DEBUG - Starting new HTTP connection (1): 127.0.0.1:8888
Tue, 16 Jul 2019 11:49:06 - urllib3.connectionpool - DEBUG - http://127.0.0.1:8888 "POST http://172.18.82.251:1240/splitSentence HTTP/1.1" 200 None
Tue, 16 Jul 2019 11:49:06 - urllib3.connectionpool - DEBUG - Starting new HTTP connection (1): 127.0.0.1:8888
Tue, 16 Jul 2019 11:49:06 - urllib3.connectionpool - DEBUG - http://127.0.0.1:8888 "POST http://172.18.82.251:1240/splitSentence HTTP/1.1" 200 None
Tue, 16 Jul 2019 11:49:06 - urllib3.connectionpool - DEBUG - Starting new HTTP connection (1): 127.0.0.1:8888
Tue, 16 Jul 2019 11:49:07 - urllib3.connectionpool - DEBUG - http://127.0.0.1:8888 "POST http://172.18.82.251:1240/splitSentence HTTP/1.1" 200 None
Tue, 16 Jul 2019 11:49:07 - urllib3.connectionpool - DEBUG - Starting new HTTP connection (1): 127.0.0.1:8888
Tue, 16 Jul 2019 11:49:07 - urllib3.connectionpool - DEBUG - http://127.0.0.1:8888 "POST http://172.18.82.251:1240/splitSentence HTTP/1.1" 200 None
Tue, 16 Jul 2019 11:49:07 - urllib3.connectionpool - DEBUG - Starting new HTTP connection (1): 127.0.0.1:8888
Tue, 16 Jul 2019 11:49:07 - urllib3.connectionpool - DEBUG - http://127.0.0.1:8888 "POST http://172.18.82.251:1240/splitSentence HTTP/1.1" 200 None
Tue, 16 Jul 2019 11:49:07 - urllib3.connectionpool - DEBUG - Starting new HTTP connection (1): 127.0.0.1:8888
Tue, 16 Jul 2019 11:49:07 - urllib3.connectionpool - DEBUG - http://127.0.0.1:8888 "POST http://172.18.82.251:1240/splitSentence HTTP/1.1" 200 None
Tue, 16 Jul 2019 11:49:07 - urllib3.connectionpool - DEBUG - Starting new HTTP connection (1): 127.0.0.1:8888
Tue, 16 Jul 2019 11:49:07 - urllib3.connectionpool - DEBUG - http://127.0.0.1:8888 "POST http://172.18.82.251:1240/splitSentence HTTP/1.1" 200 None
Tue, 16 Jul 2019 11:49:07 - urllib3.connectionpool - DEBUG - Starting new HTTP connection (1): 127.0.0.1:8888
Tue, 16 Jul 2019 11:49:07 - urllib3.connectionpool - DEBUG - http://127.0.0.1:8888 "POST http://172.18.82.251:1240/splitSentence HTTP/1.1" 200 None
Tue, 16 Jul 2019 11:49:07 - urllib3.connectionpool - DEBUG - Starting new HTTP connection (1): 127.0.0.1:8888
Tue, 16 Jul 2019 11:49:07 - urllib3.connectionpool - DEBUG - http://127.0.0.1:8888 "POST http://172.18.82.251:1240/splitSentence HTTP/1.1" 200 None
Tue, 16 Jul 2019 11:49:07 - urllib3.connectionpool - DEBUG - Starting new HTTP connection (1): 127.0.0.1:8888
Tue, 16 Jul 2019 11:49:07 - urllib3.connectionpool - DEBUG - http://127.0.0.1:8888 "POST http://172.18.82.251:1240/splitSentence HTTP/1.1" 200 None
Tue, 16 Jul 2019 11:49:07 - urllib3.connectionpool - DEBUG - Starting new HTTP connection (1): 127.0.0.1:8888
Tue, 16 Jul 2019 11:49:07 - urllib3.connectionpool - DEBUG - http://127.0.0.1:8888 "POST http://172.18.82.251:1240/splitSentence HTTP/1.1" 200 None
Tue, 16 Jul 2019 11:49:07 - urllib3.connectionpool - DEBUG - Starting new HTTP connection (1): 127.0.0.1:8888
Tue, 16 Jul 2019 11:49:07 - urllib3.connectionpool - DEBUG - http://127.0.0.1:8888 "POST http://172.18.82.251:1240/splitSentence HTTP/1.1" 200 None
Tue, 16 Jul 2019 11:49:07 - urllib3.connectionpool - DEBUG - Starting new HTTP connection (1): 127.0.0.1:8888
Tue, 16 Jul 2019 11:49:07 - urllib3.connectionpool - DEBUG - http://127.0.0.1:8888 "POST http://172.18.82.251:1240/splitSentence HTTP/1.1" 200 None
Tue, 16 Jul 2019 11:49:07 - urllib3.connectionpool - DEBUG - Starting new HTTP connection (1): 127.0.0.1:8888
Tue, 16 Jul 2019 11:49:07 - urllib3.connectionpool - DEBUG - http://127.0.0.1:8888 "POST http://172.18.82.251:1240/splitSentence HTTP/1.1" 200 None
Tue, 16 Jul 2019 13:04:47 - urllib3.connectionpool - DEBUG - Starting new HTTP connection (1): 127.0.0.1:8888
Tue, 16 Jul 2019 13:04:47 - urllib3.connectionpool - DEBUG - http://127.0.0.1:8888 "POST http://172.18.82.251:1240/sentiment?domain=content HTTP/1.1" 200 None
Tue, 16 Jul 2019 13:04:47 - urllib3.connectionpool - DEBUG - Starting new HTTP connection (1): 127.0.0.1:8888
Tue, 16 Jul 2019 13:04:47 - urllib3.connectionpool - DEBUG - http://127.0.0.1:8888 "POST http://172.18.82.251:1240/sentiment?domain=content HTTP/1.1" 200 None
Tue, 16 Jul 2019 13:04:47 - urllib3.connectionpool - DEBUG - Starting new HTTP connection (1): 127.0.0.1:8888
Tue, 16 Jul 2019 13:04:47 - urllib3.connectionpool - DEBUG - http://127.0.0.1:8888 "POST http://172.18.82.251:1240/sentiment?domain=content HTTP/1.1" 200 None
Tue, 16 Jul 2019 13:04:47 - urllib3.connectionpool - DEBUG - Starting new HTTP connection (1): 127.0.0.1:8888
Tue, 16 Jul 2019 13:04:47 - urllib3.connectionpool - DEBUG - http://127.0.0.1:8888 "POST http://172.18.82.251:1240/sentiment?domain=content HTTP/1.1" 200 None
Tue, 16 Jul 2019 13:04:47 - urllib3.connectionpool - DEBUG - Starting new HTTP connection (1): 127.0.0.1:8888
Tue, 16 Jul 2019 13:04:47 - urllib3.connectionpool - DEBUG - http://127.0.0.1:8888 "POST http://172.18.82.251:1240/sentiment?domain=content HTTP/1.1" 200 None
Tue, 16 Jul 2019 13:04:47 - urllib3.connectionpool - DEBUG - Starting new HTTP connection (1): 127.0.0.1:8888
Tue, 16 Jul 2019 13:04:47 - urllib3.connectionpool - DEBUG - http://127.0.0.1:8888 "POST http://172.18.82.251:1240/sentiment?domain=content HTTP/1.1" 200 None
Tue, 16 Jul 2019 13:04:47 - urllib3.connectionpool - DEBUG - Starting new HTTP connection (1): 127.0.0.1:8888
Tue, 16 Jul 2019 13:04:47 - urllib3.connectionpool - DEBUG - http://127.0.0.1:8888 "POST http://172.18.82.251:1240/sentiment?domain=content HTTP/1.1" 200 None
Tue, 16 Jul 2019 13:04:47 - urllib3.connectionpool - DEBUG - Starting new HTTP connection (1): 127.0.0.1:8888
Tue, 16 Jul 2019 13:04:47 - urllib3.connectionpool - DEBUG - http://127.0.0.1:8888 "POST http://172.18.82.251:1240/sentiment?domain=content HTTP/1.1" 200 None
Tue, 16 Jul 2019 13:04:47 - urllib3.connectionpool - DEBUG - Starting new HTTP connection (1): 127.0.0.1:8888
Tue, 16 Jul 2019 13:04:47 - urllib3.connectionpool - DEBUG - http://127.0.0.1:8888 "POST http://172.18.82.251:1240/sentiment?domain=content HTTP/1.1" 200 None
Tue, 16 Jul 2019 13:04:47 - urllib3.connectionpool - DEBUG - Starting new HTTP connection (1): 127.0.0.1:8888
Tue, 16 Jul 2019 13:04:47 - urllib3.connectionpool - DEBUG - http://127.0.0.1:8888 "POST http://172.18.82.251:1240/sentiment?domain=content HTTP/1.1" 200 None
Tue, 16 Jul 2019 13:04:48 - root - DEBUG - -----调试信息[debug]---test_summary_miss_content--
Tue, 16 Jul 2019 13:04:48 - urllib3.connectionpool - DEBUG - Starting new HTTP connection (1): 127.0.0.1:8888
Tue, 16 Jul 2019 13:04:48 - urllib3.connectionpool - DEBUG - http://127.0.0.1:8888 "POST http://172.18.82.251:1240/sentiment?domain=content HTTP/1.1" 200 None
Tue, 16 Jul 2019 13:04:48 - root - DEBUG - -----调试信息[debug]---test_summary_no_article--
Tue, 16 Jul 2019 13:04:48 - urllib3.connectionpool - DEBUG - Starting new HTTP connection (1): 127.0.0.1:8888
Tue, 16 Jul 2019 13:04:48 - urllib3.connectionpool - DEBUG - http://127.0.0.1:8888 "POST http://172.18.82.251:1240/sentiment?domain=comment HTTP/1.1" 200 None
Tue, 16 Jul 2019 13:04:48 - root - DEBUG - -----调试信息[debug]---test_summary_multi_article--
Tue, 16 Jul 2019 13:04:48 - urllib3.connectionpool - DEBUG - Starting new HTTP connection (1): 127.0.0.1:8888
Tue, 16 Jul 2019 13:04:48 - urllib3.connectionpool - DEBUG - http://127.0.0.1:8888 "POST http://172.18.82.251:1240/sentiment?domain=comment HTTP/1.1" 200 None
Tue, 16 Jul 2019 13:04:48 - root - DEBUG - -----调试信息[debug]---test_summary_multi_article--
Tue, 16 Jul 2019 13:04:48 - urllib3.connectionpool - DEBUG - Starting new HTTP connection (1): 127.0.0.1:8888
Tue, 16 Jul 2019 13:04:48 - urllib3.connectionpool - DEBUG - http://127.0.0.1:8888 "POST http://172.18.82.251:1240/sentiment?domain=content HTTP/1.1" 200 None
Tue, 16 Jul 2019 13:04:48 - root - DEBUG - -----调试信息[debug]---test_summary_multi_article_miss_some_field--
Tue, 16 Jul 2019 13:04:48 - urllib3.connectionpool - DEBUG - Starting new HTTP connection (1): 127.0.0.1:8888
Tue, 16 Jul 2019 13:04:48 - urllib3.connectionpool - DEBUG - http://127.0.0.1:8888 "POST http://172.18.82.251:1240/sentiment?domain=content HTTP/1.1" 200 None
Tue, 16 Jul 2019 13:04:48 - root - DEBUG - -----调试信息[debug]---test_summary_multi_article_miss_some_field--
Tue, 16 Jul 2019 13:04:48 - urllib3.connectionpool - DEBUG - Starting new HTTP connection (1): 127.0.0.1:8888
Tue, 16 Jul 2019 13:04:48 - urllib3.connectionpool - DEBUG - http://127.0.0.1:8888 "POST http://172.18.82.251:1240/sentiment?domain=content HTTP/1.1" 200 None
Tue, 16 Jul 2019 13:04:48 - root - DEBUG - -----调试信息[debug]---test_summary_multi_article_miss_some_field--
Tue, 16 Jul 2019 13:04:48 - urllib3.connectionpool - DEBUG - Starting new HTTP connection (1): 127.0.0.1:8888
Tue, 16 Jul 2019 13:04:48 - urllib3.connectionpool - DEBUG - http://127.0.0.1:8888 "POST http://172.18.82.251:1240/sentiment?domain=content HTTP/1.1" 200 None
Tue, 16 Jul 2019 13:04:48 - root - DEBUG - -----调试信息[debug]---test_summary_multi_article_miss_some_field--
Tue, 16 Jul 2019 13:04:48 - urllib3.connectionpool - DEBUG - Starting new HTTP connection (1): 127.0.0.1:8888
Tue, 16 Jul 2019 13:04:48 - urllib3.connectionpool - DEBUG - http://127.0.0.1:8888 "POST http://172.18.82.251:1240/sentiment?domain=content HTTP/1.1" 200 None
Tue, 16 Jul 2019 13:17:00 - urllib3.connectionpool - DEBUG - Starting new HTTP connection (1): 127.0.0.1:8888
Tue, 16 Jul 2019 13:17:00 - urllib3.connectionpool - DEBUG - http://127.0.0.1:8888 "POST http://172.18.82.251:1240/posTag HTTP/1.1" 200 None
Tue, 16 Jul 2019 13:17:00 - urllib3.connectionpool - DEBUG - Starting new HTTP connection (1): 127.0.0.1:8888
Tue, 16 Jul 2019 13:17:00 - urllib3.connectionpool - DEBUG - http://127.0.0.1:8888 "POST http://172.18.82.251:1240/splitWord HTTP/1.1" 200 None
Tue, 16 Jul 2019 13:17:00 - urllib3.connectionpool - DEBUG - Starting new HTTP connection (1): 127.0.0.1:8888
Tue, 16 Jul 2019 13:17:00 - urllib3.connectionpool - DEBUG - http://127.0.0.1:8888 "POST http://172.18.82.251:1240/summary?percentage=0.3&charLimit=1000 HTTP/1.1" 200 None
Tue, 16 Jul 2019 13:17:00 - urllib3.connectionpool - DEBUG - Starting new HTTP connection (1): 127.0.0.1:8888
Tue, 16 Jul 2019 13:17:00 - urllib3.connectionpool - DEBUG - http://127.0.0.1:8888 "POST http://172.18.82.251:1240/sentiment?domain=content HTTP/1.1" 200 None
Tue, 16 Jul 2019 13:18:02 - urllib3.connectionpool - DEBUG - Starting new HTTP connection (1): 127.0.0.1:8888
Tue, 16 Jul 2019 13:18:02 - urllib3.connectionpool - DEBUG - http://127.0.0.1:8888 "POST http://172.18.82.251:1240/posTag HTTP/1.1" 200 None
Tue, 16 Jul 2019 13:18:02 - urllib3.connectionpool - DEBUG - Starting new HTTP connection (1): 127.0.0.1:8888
Tue, 16 Jul 2019 13:18:02 - urllib3.connectionpool - DEBUG - http://127.0.0.1:8888 "POST http://172.18.82.251:1240/splitWord HTTP/1.1" 200 None
Tue, 16 Jul 2019 13:18:02 - urllib3.connectionpool - DEBUG - Starting new HTTP connection (1): 127.0.0.1:8888
Tue, 16 Jul 2019 13:18:02 - urllib3.connectionpool - DEBUG - http://127.0.0.1:8888 "POST http://172.18.82.251:1240/summary?percentage=0.3&charLimit=1000 HTTP/1.1" 200 None
Tue, 16 Jul 2019 13:18:02 - urllib3.connectionpool - DEBUG - Starting new HTTP connection (1): 127.0.0.1:8888
Tue, 16 Jul 2019 13:18:02 - urllib3.connectionpool - DEBUG - http://127.0.0.1:8888 "POST http://172.18.82.251:1240/sentiment?domain=content HTTP/1.1" 200 None
Tue, 16 Jul 2019 13:18:02 - urllib3.connectionpool - DEBUG - Starting new HTTP connection (1): 127.0.0.1:8888
Tue, 16 Jul 2019 13:18:02 - urllib3.connectionpool - DEBUG - http://127.0.0.1:8888 "POST http://172.18.82.251:1240/ner HTTP/1.1" 200 None
Tue, 16 Jul 2019 13:22:15 - urllib3.connectionpool - DEBUG - Starting new HTTP connection (1): 127.0.0.1:8888
Tue, 16 Jul 2019 13:22:15 - urllib3.connectionpool - DEBUG - http://127.0.0.1:8888 "POST http://172.18.82.251:1240/posTag HTTP/1.1" 200 None
Tue, 16 Jul 2019 13:22:15 - urllib3.connectionpool - DEBUG - Starting new HTTP connection (1): 127.0.0.1:8888
Tue, 16 Jul 2019 13:22:15 - urllib3.connectionpool - DEBUG - http://127.0.0.1:8888 "POST http://172.18.82.251:1240/splitWord HTTP/1.1" 200 None
Tue, 16 Jul 2019 13:22:15 - urllib3.connectionpool - DEBUG - Starting new HTTP connection (1): 127.0.0.1:8888
Tue, 16 Jul 2019 13:22:15 - urllib3.connectionpool - DEBUG - http://127.0.0.1:8888 "POST http://172.18.82.251:1240/summary?percentage=0.3&charLimit=1000 HTTP/1.1" 200 None
Tue, 16 Jul 2019 13:22:15 - urllib3.connectionpool - DEBUG - Starting new HTTP connection (1): 127.0.0.1:8888
Tue, 16 Jul 2019 13:22:15 - urllib3.connectionpool - DEBUG - http://127.0.0.1:8888 "POST http://172.18.82.251:1240/sentiment?domain=content HTTP/1.1" 200 None
Tue, 16 Jul 2019 13:22:15 - urllib3.connectionpool - DEBUG - Starting new HTTP connection (1): 127.0.0.1:8888
Tue, 16 Jul 2019 13:22:15 - urllib3.connectionpool - DEBUG - http://127.0.0.1:8888 "POST http://172.18.82.251:1240/ner HTTP/1.1" 200 None
Tue, 16 Jul 2019 13:22:15 - urllib3.connectionpool - DEBUG - Starting new HTTP connection (1): 127.0.0.1:8888
Tue, 16 Jul 2019 13:22:15 - urllib3.connectionpool - DEBUG - http://127.0.0.1:8888 "POST http://172.18.82.251:1240/splitWord HTTP/1.1" 200 None
Tue, 16 Jul 2019 13:22:41 - urllib3.connectionpool - DEBUG - Starting new HTTP connection (1): 127.0.0.1:8888
Tue, 16 Jul 2019 13:22:41 - urllib3.connectionpool - DEBUG - http://127.0.0.1:8888 "POST http://172.18.82.251:1240/posTag HTTP/1.1" 200 None
Tue, 16 Jul 2019 13:22:41 - urllib3.connectionpool - DEBUG - Starting new HTTP connection (1): 127.0.0.1:8888
Tue, 16 Jul 2019 13:22:41 - urllib3.connectionpool - DEBUG - http://127.0.0.1:8888 "POST http://172.18.82.251:1240/splitWord HTTP/1.1" 200 None
Tue, 16 Jul 2019 13:22:41 - urllib3.connectionpool - DEBUG - Starting new HTTP connection (1): 127.0.0.1:8888
Tue, 16 Jul 2019 13:22:41 - urllib3.connectionpool - DEBUG - http://127.0.0.1:8888 "POST http://172.18.82.251:1240/summary?percentage=0.3&charLimit=1000 HTTP/1.1" 200 None
Tue, 16 Jul 2019 13:22:41 - urllib3.connectionpool - DEBUG - Starting new HTTP connection (1): 127.0.0.1:8888
Tue, 16 Jul 2019 13:22:41 - urllib3.connectionpool - DEBUG - http://127.0.0.1:8888 "POST http://172.18.82.251:1240/sentiment?domain=content HTTP/1.1" 200 None
Tue, 16 Jul 2019 13:22:41 - urllib3.connectionpool - DEBUG - Starting new HTTP connection (1): 127.0.0.1:8888
Tue, 16 Jul 2019 13:22:42 - urllib3.connectionpool - DEBUG - http://127.0.0.1:8888 "POST http://172.18.82.251:1240/ner HTTP/1.1" 200 None
Tue, 16 Jul 2019 13:22:42 - urllib3.connectionpool - DEBUG - Starting new HTTP connection (1): 127.0.0.1:8888
Tue, 16 Jul 2019 13:22:42 - urllib3.connectionpool - DEBUG - http://127.0.0.1:8888 "POST http://172.18.82.251:1240/splitWord HTTP/1.1" 200 None
Tue, 16 Jul 2019 13:22:42 - urllib3.connectionpool - DEBUG - Starting new HTTP connection (1): 127.0.0.1:8888
Tue, 16 Jul 2019 13:22:42 - urllib3.connectionpool - DEBUG - http://127.0.0.1:8888 "POST http://172.18.82.251:1240/splitSentence HTTP/1.1" 200 None
Tue, 16 Jul 2019 13:22:42 - urllib3.connectionpool - DEBUG - Starting new HTTP connection (1): 127.0.0.1:8888
Tue, 16 Jul 2019 13:22:42 - urllib3.connectionpool - DEBUG - http://127.0.0.1:8888 "POST http://172.18.82.251:1240/posTag HTTP/1.1" 200 None
Tue, 16 Jul 2019 13:22:42 - urllib3.connectionpool - DEBUG - Starting new HTTP connection (1): 127.0.0.1:8888
Tue, 16 Jul 2019 13:22:42 - urllib3.connectionpool - DEBUG - http://127.0.0.1:8888 "POST http://172.18.82.251:1240/mlableClassifier HTTP/1.1" 200 None
Tue, 16 Jul 2019 13:26:19 - urllib3.connectionpool - DEBUG - Starting new HTTP connection (1): 127.0.0.1:8888
Tue, 16 Jul 2019 13:26:19 - urllib3.connectionpool - DEBUG - http://127.0.0.1:8888 "POST http://172.18.82.251:1240/posTag HTTP/1.1" 200 None
Tue, 16 Jul 2019 13:26:19 - urllib3.connectionpool - DEBUG - Starting new HTTP connection (1): 127.0.0.1:8888
Tue, 16 Jul 2019 13:26:19 - urllib3.connectionpool - DEBUG - http://127.0.0.1:8888 "POST http://172.18.82.251:1240/splitWord HTTP/1.1" 200 None
Tue, 16 Jul 2019 13:26:19 - urllib3.connectionpool - DEBUG - Starting new HTTP connection (1): 127.0.0.1:8888
Tue, 16 Jul 2019 13:26:19 - urllib3.connectionpool - DEBUG - http://127.0.0.1:8888 "POST http://172.18.82.251:1240/summary?percentage=0.3&charLimit=1000 HTTP/1.1" 200 None
Tue, 16 Jul 2019 13:26:19 - urllib3.connectionpool - DEBUG - Starting new HTTP connection (1): 127.0.0.1:8888
Tue, 16 Jul 2019 13:26:19 - urllib3.connectionpool - DEBUG - http://127.0.0.1:8888 "POST http://172.18.82.251:1240/sentiment?domain=content HTTP/1.1" 200 None
Tue, 16 Jul 2019 13:26:19 - urllib3.connectionpool - DEBUG - Starting new HTTP connection (1): 127.0.0.1:8888
Tue, 16 Jul 2019 13:26:19 - urllib3.connectionpool - DEBUG - http://127.0.0.1:8888 "POST http://172.18.82.251:1240/ner HTTP/1.1" 200 None
Tue, 16 Jul 2019 13:26:19 - urllib3.connectionpool - DEBUG - Starting new HTTP connection (1): 127.0.0.1:8888
Tue, 16 Jul 2019 13:26:19 - urllib3.connectionpool - DEBUG - http://127.0.0.1:8888 "POST http://172.18.82.251:1240/splitWord HTTP/1.1" 200 None
Tue, 16 Jul 2019 13:26:19 - urllib3.connectionpool - DEBUG - Starting new HTTP connection (1): 127.0.0.1:8888
Tue, 16 Jul 2019 13:26:19 - urllib3.connectionpool - DEBUG - http://127.0.0.1:8888 "POST http://172.18.82.251:1240/splitSentence HTTP/1.1" 200 None
Tue, 16 Jul 2019 13:26:19 - urllib3.connectionpool - DEBUG - Starting new HTTP connection (1): 127.0.0.1:8888
Tue, 16 Jul 2019 13:26:19 - urllib3.connectionpool - DEBUG - http://127.0.0.1:8888 "POST http://172.18.82.251:1240/posTag HTTP/1.1" 200 None
Tue, 16 Jul 2019 13:26:19 - urllib3.connectionpool - DEBUG - Starting new HTTP connection (1): 127.0.0.1:8888
Tue, 16 Jul 2019 13:26:19 - urllib3.connectionpool - DEBUG - http://127.0.0.1:8888 "POST http://172.18.82.251:1240/mlableClassifier HTTP/1.1" 200 None
Tue, 16 Jul 2019 13:26:19 - urllib3.connectionpool - DEBUG - Starting new HTTP connection (1): 127.0.0.1:8888
Tue, 16 Jul 2019 13:26:19 - urllib3.connectionpool - DEBUG - http://127.0.0.1:8888 "POST http://172.18.82.251:1240/summary?percentage=0.3&charLimit=1000 HTTP/1.1" 200 None
Tue, 16 Jul 2019 13:26:19 - urllib3.connectionpool - DEBUG - Starting new HTTP connection (1): 127.0.0.1:8888
Tue, 16 Jul 2019 13:26:19 - urllib3.connectionpool - DEBUG - http://127.0.0.1:8888 "POST http://172.18.82.251:1240/sentiment?domain=content HTTP/1.1" 200 None
Tue, 16 Jul 2019 13:26:19 - urllib3.connectionpool - DEBUG - Starting new HTTP connection (1): 127.0.0.1:8888
Tue, 16 Jul 2019 13:26:19 - urllib3.connectionpool - DEBUG - http://127.0.0.1:8888 "POST http://172.18.82.251:1240/ner HTTP/1.1" 200 None
Tue, 16 Jul 2019 13:26:19 - urllib3.connectionpool - DEBUG - Starting new HTTP connection (1): 127.0.0.1:8888
Tue, 16 Jul 2019 13:26:19 - urllib3.connectionpool - DEBUG - http://127.0.0.1:8888 "POST http://172.18.82.251:1240/splitWord HTTP/1.1" 200 None
Tue, 16 Jul 2019 13:26:19 - urllib3.connectionpool - DEBUG - Starting new HTTP connection (1): 127.0.0.1:8888
Tue, 16 Jul 2019 13:26:19 - urllib3.connectionpool - DEBUG - http://127.0.0.1:8888 "POST http://172.18.82.251:1240/splitSentence HTTP/1.1" 200 None
Tue, 16 Jul 2019 13:26:19 - urllib3.connectionpool - DEBUG - Starting new HTTP connection (1): 127.0.0.1:8888
Tue, 16 Jul 2019 13:26:19 - urllib3.connectionpool - DEBUG - http://127.0.0.1:8888 "POST http://172.18.82.251:1240/posTag HTTP/1.1" 200 None
Tue, 16 Jul 2019 13:26:19 - urllib3.connectionpool - DEBUG - Starting new HTTP connection (1): 127.0.0.1:8888
Tue, 16 Jul 2019 13:26:19 - urllib3.connectionpool - DEBUG - http://127.0.0.1:8888 "POST http://172.18.82.251:1240/mlableClassifier HTTP/1.1" 200 None
Tue, 16 Jul 2019 13:35:34 - urllib3.connectionpool - DEBUG - Starting new HTTP connection (1): 127.0.0.1:8888
Tue, 16 Jul 2019 13:35:34 - urllib3.connectionpool - DEBUG - http://127.0.0.1:8888 "POST http://172.18.82.251:1240/posTag HTTP/1.1" 200 None
Tue, 16 Jul 2019 13:35:34 - urllib3.connectionpool - DEBUG - Starting new HTTP connection (1): 127.0.0.1:8888
Tue, 16 Jul 2019 13:35:34 - urllib3.connectionpool - DEBUG - http://127.0.0.1:8888 "POST http://172.18.82.251:1240/splitWord HTTP/1.1" 200 None
Tue, 16 Jul 2019 13:35:34 - urllib3.connectionpool - DEBUG - Starting new HTTP connection (1): 127.0.0.1:8888
Tue, 16 Jul 2019 13:35:34 - urllib3.connectionpool - DEBUG - http://127.0.0.1:8888 "POST http://172.18.82.251:1240/summary?percentage=0.3&charLimit=1000 HTTP/1.1" 200 None
Tue, 16 Jul 2019 13:35:34 - urllib3.connectionpool - DEBUG - Starting new HTTP connection (1): 127.0.0.1:8888
Tue, 16 Jul 2019 13:35:34 - urllib3.connectionpool - DEBUG - http://127.0.0.1:8888 "POST http://172.18.82.251:1240/sentiment?domain=content HTTP/1.1" 200 None
Tue, 16 Jul 2019 13:35:34 - urllib3.connectionpool - DEBUG - Starting new HTTP connection (1): 127.0.0.1:8888
Tue, 16 Jul 2019 13:35:34 - urllib3.connectionpool - DEBUG - http://127.0.0.1:8888 "POST http://172.18.82.251:1240/ner HTTP/1.1" 200 None
Tue, 16 Jul 2019 13:35:34 - urllib3.connectionpool - DEBUG - Starting new HTTP connection (1): 127.0.0.1:8888
Tue, 16 Jul 2019 13:35:34 - urllib3.connectionpool - DEBUG - http://127.0.0.1:8888 "POST http://172.18.82.251:1240/splitWord HTTP/1.1" 200 None
Tue, 16 Jul 2019 13:35:34 - urllib3.connectionpool - DEBUG - Starting new HTTP connection (1): 127.0.0.1:8888
Tue, 16 Jul 2019 13:35:35 - urllib3.connectionpool - DEBUG - http://127.0.0.1:8888 "POST http://172.18.82.251:1240/splitSentence HTTP/1.1" 200 None
Tue, 16 Jul 2019 13:35:35 - urllib3.connectionpool - DEBUG - Starting new HTTP connection (1): 127.0.0.1:8888
Tue, 16 Jul 2019 13:35:35 - urllib3.connectionpool - DEBUG - http://127.0.0.1:8888 "POST http://172.18.82.251:1240/posTag HTTP/1.1" 200 None
Tue, 16 Jul 2019 13:35:35 - urllib3.connectionpool - DEBUG - Starting new HTTP connection (1): 127.0.0.1:8888
Tue, 16 Jul 2019 13:35:35 - urllib3.connectionpool - DEBUG - http://127.0.0.1:8888 "POST http://172.18.82.251:1240/mlableClassifier HTTP/1.1" 200 None
Tue, 16 Jul 2019 13:35:35 - urllib3.connectionpool - DEBUG - Starting new HTTP connection (1): 127.0.0.1:8888
Tue, 16 Jul 2019 13:35:35 - urllib3.connectionpool - DEBUG - http://127.0.0.1:8888 "POST http://172.18.82.251:1240/summary?percentage=0.3&charLimit=1000 HTTP/1.1" 200 None
Tue, 16 Jul 2019 13:35:35 - urllib3.connectionpool - DEBUG - Starting new HTTP connection (1): 127.0.0.1:8888
Tue, 16 Jul 2019 13:35:35 - urllib3.connectionpool - DEBUG - http://127.0.0.1:8888 "POST http://172.18.82.251:1240/sentiment?domain=content HTTP/1.1" 200 None
Tue, 16 Jul 2019 13:35:35 - urllib3.connectionpool - DEBUG - Starting new HTTP connection (1): 127.0.0.1:8888
Tue, 16 Jul 2019 13:35:35 - urllib3.connectionpool - DEBUG - http://127.0.0.1:8888 "POST http://172.18.82.251:1240/ner HTTP/1.1" 200 None
Tue, 16 Jul 2019 13:35:35 - urllib3.connectionpool - DEBUG - Starting new HTTP connection (1): 127.0.0.1:8888
Tue, 16 Jul 2019 13:35:35 - urllib3.connectionpool - DEBUG - http://127.0.0.1:8888 "POST http://172.18.82.251:1240/splitWord HTTP/1.1" 200 None
Tue, 16 Jul 2019 13:35:35 - urllib3.connectionpool - DEBUG - Starting new HTTP connection (1): 127.0.0.1:8888
Tue, 16 Jul 2019 13:35:35 - urllib3.connectionpool - DEBUG - http://127.0.0.1:8888 "POST http://172.18.82.251:1240/splitSentence HTTP/1.1" 200 None
Tue, 16 Jul 2019 13:35:35 - urllib3.connectionpool - DEBUG - Starting new HTTP connection (1): 127.0.0.1:8888
Tue, 16 Jul 2019 13:35:35 - urllib3.connectionpool - DEBUG - http://127.0.0.1:8888 "POST http://172.18.82.251:1240/posTag HTTP/1.1" 200 None
Tue, 16 Jul 2019 13:35:35 - urllib3.connectionpool - DEBUG - Starting new HTTP connection (1): 127.0.0.1:8888
Tue, 16 Jul 2019 13:35:35 - urllib3.connectionpool - DEBUG - http://127.0.0.1:8888 "POST http://172.18.82.251:1240/mlableClassifier HTTP/1.1" 200 None
Tue, 16 Jul 2019 13:35:35 - urllib3.connectionpool - DEBUG - Starting new HTTP connection (1): 127.0.0.1:8888
Tue, 16 Jul 2019 13:35:35 - urllib3.connectionpool - DEBUG - http://127.0.0.1:8888 "POST http://172.18.82.251:1240/summary?percentage=0.3&charLimit=1000 HTTP/1.1" 200 None
Tue, 16 Jul 2019 13:35:35 - urllib3.connectionpool - DEBUG - Starting new HTTP connection (1): 127.0.0.1:8888
Tue, 16 Jul 2019 13:35:35 - urllib3.connectionpool - DEBUG - http://127.0.0.1:8888 "POST http://172.18.82.251:1240/sentiment?domain=content HTTP/1.1" 200 None
Tue, 16 Jul 2019 13:35:35 - urllib3.connectionpool - DEBUG - Starting new HTTP connection (1): 127.0.0.1:8888
Tue, 16 Jul 2019 13:35:35 - urllib3.connectionpool - DEBUG - http://127.0.0.1:8888 "POST http://172.18.82.251:1240/ner HTTP/1.1" 200 None
Tue, 16 Jul 2019 13:35:35 - urllib3.connectionpool - DEBUG - Starting new HTTP connection (1): 127.0.0.1:8888
Tue, 16 Jul 2019 13:35:35 - urllib3.connectionpool - DEBUG - http://127.0.0.1:8888 "POST http://172.18.82.251:1240/splitWord HTTP/1.1" 200 None
Tue, 16 Jul 2019 13:35:35 - urllib3.connectionpool - DEBUG - Starting new HTTP connection (1): 127.0.0.1:8888
Tue, 16 Jul 2019 13:35:35 - urllib3.connectionpool - DEBUG - http://127.0.0.1:8888 "POST http://172.18.82.251:1240/splitSentence HTTP/1.1" 200 None
Tue, 16 Jul 2019 13:35:35 - urllib3.connectionpool - DEBUG - Starting new HTTP connection (1): 127.0.0.1:8888
Tue, 16 Jul 2019 13:35:35 - urllib3.connectionpool - DEBUG - http://127.0.0.1:8888 "POST http://172.18.82.251:1240/posTag HTTP/1.1" 200 None
Tue, 16 Jul 2019 13:35:35 - urllib3.connectionpool - DEBUG - Starting new HTTP connection (1): 127.0.0.1:8888
Tue, 16 Jul 2019 13:35:35 - urllib3.connectionpool - DEBUG - http://127.0.0.1:8888 "POST http://172.18.82.251:1240/mlableClassifier HTTP/1.1" 200 None
Tue, 16 Jul 2019 13:35:35 - urllib3.connectionpool - DEBUG - Starting new HTTP connection (1): 127.0.0.1:8888
Tue, 16 Jul 2019 13:35:35 - urllib3.connectionpool - DEBUG - http://127.0.0.1:8888 "POST http://172.18.82.251:1240/summary?percentage=0.3&charLimit=1000 HTTP/1.1" 200 None
Tue, 16 Jul 2019 13:35:35 - urllib3.connectionpool - DEBUG - Starting new HTTP connection (1): 127.0.0.1:8888
Tue, 16 Jul 2019 13:35:35 - urllib3.connectionpool - DEBUG - http://127.0.0.1:8888 "POST http://172.18.82.251:1240/sentiment?domain=content HTTP/1.1" 200 None
Tue, 16 Jul 2019 13:35:35 - urllib3.connectionpool - DEBUG - Starting new HTTP connection (1): 127.0.0.1:8888
Tue, 16 Jul 2019 13:35:35 - urllib3.connectionpool - DEBUG - http://127.0.0.1:8888 "POST http://172.18.82.251:1240/ner HTTP/1.1" 200 None
Tue, 16 Jul 2019 13:35:35 - urllib3.connectionpool - DEBUG - Starting new HTTP connection (1): 127.0.0.1:8888
Tue, 16 Jul 2019 13:35:35 - urllib3.connectionpool - DEBUG - http://127.0.0.1:8888 "POST http://172.18.82.251:1240/splitWord HTTP/1.1" 200 None
Tue, 16 Jul 2019 13:35:35 - urllib3.connectionpool - DEBUG - Starting new HTTP connection (1): 127.0.0.1:8888
Tue, 16 Jul 2019 13:35:35 - urllib3.connectionpool - DEBUG - http://127.0.0.1:8888 "POST http://172.18.82.251:1240/splitSentence HTTP/1.1" 200 None
Tue, 16 Jul 2019 13:35:35 - urllib3.connectionpool - DEBUG - Starting new HTTP connection (1): 127.0.0.1:8888
Tue, 16 Jul 2019 13:35:35 - urllib3.connectionpool - DEBUG - http://127.0.0.1:8888 "POST http://172.18.82.251:1240/posTag HTTP/1.1" 200 None
Tue, 16 Jul 2019 13:35:35 - urllib3.connectionpool - DEBUG - Starting new HTTP connection (1): 127.0.0.1:8888
Tue, 16 Jul 2019 13:35:35 - urllib3.connectionpool - DEBUG - http://127.0.0.1:8888 "POST http://172.18.82.251:1240/mlableClassifier HTTP/1.1" 200 None
Tue, 16 Jul 2019 13:45:36 - urllib3.connectionpool - DEBUG - Starting new HTTP connection (1): 127.0.0.1:8888
Tue, 16 Jul 2019 13:45:36 - urllib3.connectionpool - DEBUG - http://127.0.0.1:8888 "POST http://172.18.82.251:1240/posTag HTTP/1.1" 200 None
Tue, 16 Jul 2019 13:45:36 - urllib3.connectionpool - DEBUG - Starting new HTTP connection (1): 127.0.0.1:8888
Tue, 16 Jul 2019 13:45:36 - urllib3.connectionpool - DEBUG - http://127.0.0.1:8888 "POST http://172.18.82.251:1240/splitWord HTTP/1.1" 200 None
Tue, 16 Jul 2019 13:45:59 - urllib3.connectionpool - DEBUG - Starting new HTTP connection (1): 127.0.0.1:8888
Tue, 16 Jul 2019 13:45:59 - urllib3.connectionpool - DEBUG - http://127.0.0.1:8888 "POST http://172.18.82.251:1240/posTag HTTP/1.1" 200 None
Tue, 16 Jul 2019 13:45:59 - urllib3.connectionpool - DEBUG - Starting new HTTP connection (1): 127.0.0.1:8888
Tue, 16 Jul 2019 13:46:00 - urllib3.connectionpool - DEBUG - http://127.0.0.1:8888 "POST http://172.18.82.251:1240/splitWord HTTP/1.1" 200 None
Tue, 16 Jul 2019 13:46:00 - urllib3.connectionpool - DEBUG - Starting new HTTP connection (1): 127.0.0.1:8888
Tue, 16 Jul 2019 13:46:00 - urllib3.connectionpool - DEBUG - http://127.0.0.1:8888 "POST http://172.18.82.251:1240/summary?percentage=0.3&charLimit=1000 HTTP/1.1" 200 None
Tue, 16 Jul 2019 13:46:00 - urllib3.connectionpool - DEBUG - Starting new HTTP connection (1): 127.0.0.1:8888
Tue, 16 Jul 2019 13:46:00 - urllib3.connectionpool - DEBUG - http://127.0.0.1:8888 "POST http://172.18.82.251:1240/sentiment?domain=content HTTP/1.1" 200 None
Tue, 16 Jul 2019 13:46:00 - urllib3.connectionpool - DEBUG - Starting new HTTP connection (1): 127.0.0.1:8888
Tue, 16 Jul 2019 13:46:00 - urllib3.connectionpool - DEBUG - http://127.0.0.1:8888 "POST http://172.18.82.251:1240/ner HTTP/1.1" 200 None
Tue, 16 Jul 2019 13:46:00 - urllib3.connectionpool - DEBUG - Starting new HTTP connection (1): 127.0.0.1:8888
Tue, 16 Jul 2019 13:46:00 - urllib3.connectionpool - DEBUG - http://127.0.0.1:8888 "POST http://172.18.82.251:1240/splitWord HTTP/1.1" 200 None
Tue, 16 Jul 2019 13:46:00 - urllib3.connectionpool - DEBUG - Starting new HTTP connection (1): 127.0.0.1:8888
Tue, 16 Jul 2019 13:46:00 - urllib3.connectionpool - DEBUG - http://127.0.0.1:8888 "POST http://172.18.82.251:1240/splitSentence HTTP/1.1" 200 None
Tue, 16 Jul 2019 13:46:00 - urllib3.connectionpool - DEBUG - Starting new HTTP connection (1): 127.0.0.1:8888
Tue, 16 Jul 2019 13:46:00 - urllib3.connectionpool - DEBUG - http://127.0.0.1:8888 "POST http://172.18.82.251:1240/posTag HTTP/1.1" 200 None
Tue, 16 Jul 2019 13:46:00 - urllib3.connectionpool - DEBUG - Starting new HTTP connection (1): 127.0.0.1:8888
Tue, 16 Jul 2019 13:46:00 - urllib3.connectionpool - DEBUG - http://127.0.0.1:8888 "POST http://172.18.82.251:1240/mlableClassifier HTTP/1.1" 200 None
Tue, 16 Jul 2019 13:46:00 - urllib3.connectionpool - DEBUG - Starting new HTTP connection (1): 127.0.0.1:8888
Tue, 16 Jul 2019 13:46:00 - urllib3.connectionpool - DEBUG - http://127.0.0.1:8888 "POST http://172.18.82.251:1240/summary?percentage=0.3&charLimit=1000 HTTP/1.1" 200 None
Tue, 16 Jul 2019 13:46:00 - urllib3.connectionpool - DEBUG - Starting new HTTP connection (1): 127.0.0.1:8888
Tue, 16 Jul 2019 13:46:00 - urllib3.connectionpool - DEBUG - http://127.0.0.1:8888 "POST http://172.18.82.251:1240/sentiment?domain=content HTTP/1.1" 200 None
Tue, 16 Jul 2019 13:46:00 - urllib3.connectionpool - DEBUG - Starting new HTTP connection (1): 127.0.0.1:8888
Tue, 16 Jul 2019 13:46:00 - urllib3.connectionpool - DEBUG - http://127.0.0.1:8888 "POST http://172.18.82.251:1240/ner HTTP/1.1" 200 None
Tue, 16 Jul 2019 13:46:00 - urllib3.connectionpool - DEBUG - Starting new HTTP connection (1): 127.0.0.1:8888
Tue, 16 Jul 2019 13:46:00 - urllib3.connectionpool - DEBUG - http://127.0.0.1:8888 "POST http://172.18.82.251:1240/splitWord HTTP/1.1" 200 None
Tue, 16 Jul 2019 13:46:00 - urllib3.connectionpool - DEBUG - Starting new HTTP connection (1): 127.0.0.1:8888
Tue, 16 Jul 2019 13:46:00 - urllib3.connectionpool - DEBUG - http://127.0.0.1:8888 "POST http://172.18.82.251:1240/splitSentence HTTP/1.1" 200 None
Tue, 16 Jul 2019 13:46:00 - urllib3.connectionpool - DEBUG - Starting new HTTP connection (1): 127.0.0.1:8888
Tue, 16 Jul 2019 13:46:00 - urllib3.connectionpool - DEBUG - http://127.0.0.1:8888 "POST http://172.18.82.251:1240/posTag HTTP/1.1" 200 None
Tue, 16 Jul 2019 13:46:00 - urllib3.connectionpool - DEBUG - Starting new HTTP connection (1): 127.0.0.1:8888
Tue, 16 Jul 2019 13:46:00 - urllib3.connectionpool - DEBUG - http://127.0.0.1:8888 "POST http://172.18.82.251:1240/mlableClassifier HTTP/1.1" 200 None
Tue, 16 Jul 2019 13:46:00 - urllib3.connectionpool - DEBUG - Starting new HTTP connection (1): 127.0.0.1:8888
Tue, 16 Jul 2019 13:46:00 - urllib3.connectionpool - DEBUG - http://127.0.0.1:8888 "POST http://172.18.82.251:1240/summary?percentage=0.3&charLimit=1000 HTTP/1.1" 200 None
Tue, 16 Jul 2019 13:46:00 - urllib3.connectionpool - DEBUG - Starting new HTTP connection (1): 127.0.0.1:8888
Tue, 16 Jul 2019 13:46:00 - urllib3.connectionpool - DEBUG - http://127.0.0.1:8888 "POST http://172.18.82.251:1240/sentiment?domain=content HTTP/1.1" 200 None
Tue, 16 Jul 2019 13:46:00 - urllib3.connectionpool - DEBUG - Starting new HTTP connection (1): 127.0.0.1:8888
Tue, 16 Jul 2019 13:46:00 - urllib3.connectionpool - DEBUG - http://127.0.0.1:8888 "POST http://172.18.82.251:1240/ner HTTP/1.1" 200 None
Tue, 16 Jul 2019 13:46:00 - urllib3.connectionpool - DEBUG - Starting new HTTP connection (1): 127.0.0.1:8888
Tue, 16 Jul 2019 13:46:00 - urllib3.connectionpool - DEBUG - http://127.0.0.1:8888 "POST http://172.18.82.251:1240/splitWord HTTP/1.1" 200 None
Tue, 16 Jul 2019 13:46:00 - urllib3.connectionpool - DEBUG - Starting new HTTP connection (1): 127.0.0.1:8888
Tue, 16 Jul 2019 13:46:00 - urllib3.connectionpool - DEBUG - http://127.0.0.1:8888 "POST http://172.18.82.251:1240/splitSentence HTTP/1.1" 200 None
Tue, 16 Jul 2019 13:46:00 - urllib3.connectionpool - DEBUG - Starting new HTTP connection (1): 127.0.0.1:8888
Tue, 16 Jul 2019 13:46:00 - urllib3.connectionpool - DEBUG - http://127.0.0.1:8888 "POST http://172.18.82.251:1240/posTag HTTP/1.1" 200 None
Tue, 16 Jul 2019 13:46:00 - urllib3.connectionpool - DEBUG - Starting new HTTP connection (1): 127.0.0.1:8888
Tue, 16 Jul 2019 13:46:00 - urllib3.connectionpool - DEBUG - http://127.0.0.1:8888 "POST http://172.18.82.251:1240/mlableClassifier HTTP/1.1" 200 None
Tue, 16 Jul 2019 13:46:00 - urllib3.connectionpool - DEBUG - Starting new HTTP connection (1): 127.0.0.1:8888
Tue, 16 Jul 2019 13:46:00 - urllib3.connectionpool - DEBUG - http://127.0.0.1:8888 "POST http://172.18.82.251:1240/summary?percentage=0.3&charLimit=1000 HTTP/1.1" 200 None
Tue, 16 Jul 2019 13:46:00 - urllib3.connectionpool - DEBUG - Starting new HTTP connection (1): 127.0.0.1:8888
Tue, 16 Jul 2019 13:46:00 - urllib3.connectionpool - DEBUG - http://127.0.0.1:8888 "POST http://172.18.82.251:1240/sentiment?domain=content HTTP/1.1" 200 None
Tue, 16 Jul 2019 13:46:00 - urllib3.connectionpool - DEBUG - Starting new HTTP connection (1): 127.0.0.1:8888
Tue, 16 Jul 2019 13:46:00 - urllib3.connectionpool - DEBUG - http://127.0.0.1:8888 "POST http://172.18.82.251:1240/ner HTTP/1.1" 200 None
Tue, 16 Jul 2019 13:46:00 - urllib3.connectionpool - DEBUG - Starting new HTTP connection (1): 127.0.0.1:8888
Tue, 16 Jul 2019 13:46:00 - urllib3.connectionpool - DEBUG - http://127.0.0.1:8888 "POST http://172.18.82.251:1240/splitWord HTTP/1.1" 200 None
Tue, 16 Jul 2019 13:46:00 - urllib3.connectionpool - DEBUG - Starting new HTTP connection (1): 127.0.0.1:8888
Tue, 16 Jul 2019 13:46:00 - urllib3.connectionpool - DEBUG - http://127.0.0.1:8888 "POST http://172.18.82.251:1240/splitSentence HTTP/1.1" 200 None
Tue, 16 Jul 2019 13:46:00 - urllib3.connectionpool - DEBUG - Starting new HTTP connection (1): 127.0.0.1:8888
Tue, 16 Jul 2019 13:46:00 - urllib3.connectionpool - DEBUG - http://127.0.0.1:8888 "POST http://172.18.82.251:1240/posTag HTTP/1.1" 200 None
Tue, 16 Jul 2019 13:46:00 - urllib3.connectionpool - DEBUG - Starting new HTTP connection (1): 127.0.0.1:8888
Tue, 16 Jul 2019 13:46:00 - urllib3.connectionpool - DEBUG - http://127.0.0.1:8888 "POST http://172.18.82.251:1240/mlableClassifier HTTP/1.1" 200 None
Tue, 16 Jul 2019 13:46:00 - urllib3.connectionpool - DEBUG - Starting new HTTP connection (1): 127.0.0.1:8888
Tue, 16 Jul 2019 13:46:00 - urllib3.connectionpool - DEBUG - http://127.0.0.1:8888 "POST http://172.18.82.251:1240/summary?percentage=0.3&charLimit=1000 HTTP/1.1" 200 None
Tue, 16 Jul 2019 13:46:00 - urllib3.connectionpool - DEBUG - Starting new HTTP connection (1): 127.0.0.1:8888
Tue, 16 Jul 2019 13:46:00 - urllib3.connectionpool - DEBUG - http://127.0.0.1:8888 "POST http://172.18.82.251:1240/sentiment?domain=content HTTP/1.1" 200 None
Tue, 16 Jul 2019 13:46:00 - urllib3.connectionpool - DEBUG - Starting new HTTP connection (1): 127.0.0.1:8888
Tue, 16 Jul 2019 13:46:00 - urllib3.connectionpool - DEBUG - http://127.0.0.1:8888 "POST http://172.18.82.251:1240/ner HTTP/1.1" 200 None
Tue, 16 Jul 2019 13:46:00 - urllib3.connectionpool - DEBUG - Starting new HTTP connection (1): 127.0.0.1:8888
Tue, 16 Jul 2019 13:46:00 - urllib3.connectionpool - DEBUG - http://127.0.0.1:8888 "POST http://172.18.82.251:1240/splitWord HTTP/1.1" 200 None
Tue, 16 Jul 2019 13:46:00 - urllib3.connectionpool - DEBUG - Starting new HTTP connection (1): 127.0.0.1:8888
Tue, 16 Jul 2019 13:46:00 - urllib3.connectionpool - DEBUG - http://127.0.0.1:8888 "POST http://172.18.82.251:1240/splitSentence HTTP/1.1" 200 None
Tue, 16 Jul 2019 13:46:00 - urllib3.connectionpool - DEBUG - Starting new HTTP connection (1): 127.0.0.1:8888
Tue, 16 Jul 2019 13:46:00 - urllib3.connectionpool - DEBUG - http://127.0.0.1:8888 "POST http://172.18.82.251:1240/posTag HTTP/1.1" 200 None
Tue, 16 Jul 2019 13:46:00 - urllib3.connectionpool - DEBUG - Starting new HTTP connection (1): 127.0.0.1:8888
Tue, 16 Jul 2019 13:46:00 - urllib3.connectionpool - DEBUG - http://127.0.0.1:8888 "POST http://172.18.82.251:1240/mlableClassifier HTTP/1.1" 200 None
Tue, 16 Jul 2019 13:46:00 - urllib3.connectionpool - DEBUG - Starting new HTTP connection (1): 127.0.0.1:8888
Tue, 16 Jul 2019 13:46:00 - urllib3.connectionpool - DEBUG - http://127.0.0.1:8888 "POST http://172.18.82.251:1240/summary?percentage=0.3&charLimit=1000 HTTP/1.1" 200 None
Tue, 16 Jul 2019 13:46:00 - urllib3.connectionpool - DEBUG - Starting new HTTP connection (1): 127.0.0.1:8888
Tue, 16 Jul 2019 13:46:00 - urllib3.connectionpool - DEBUG - http://127.0.0.1:8888 "POST http://172.18.82.251:1240/sentiment?domain=content HTTP/1.1" 200 None
Tue, 16 Jul 2019 13:46:00 - urllib3.connectionpool - DEBUG - Starting new HTTP connection (1): 127.0.0.1:8888
Tue, 16 Jul 2019 13:46:00 - urllib3.connectionpool - DEBUG - http://127.0.0.1:8888 "POST http://172.18.82.251:1240/ner HTTP/1.1" 200 None
Tue, 16 Jul 2019 13:46:00 - urllib3.connectionpool - DEBUG - Starting new HTTP connection (1): 127.0.0.1:8888
Tue, 16 Jul 2019 13:46:00 - urllib3.connectionpool - DEBUG - http://127.0.0.1:8888 "POST http://172.18.82.251:1240/splitWord HTTP/1.1" 200 None
Tue, 16 Jul 2019 13:46:00 - urllib3.connectionpool - DEBUG - Starting new HTTP connection (1): 127.0.0.1:8888
Tue, 16 Jul 2019 13:46:00 - urllib3.connectionpool - DEBUG - http://127.0.0.1:8888 "POST http://172.18.82.251:1240/splitSentence HTTP/1.1" 200 None
Tue, 16 Jul 2019 13:46:00 - urllib3.connectionpool - DEBUG - Starting new HTTP connection (1): 127.0.0.1:8888
Tue, 16 Jul 2019 13:46:00 - urllib3.connectionpool - DEBUG - http://127.0.0.1:8888 "POST http://172.18.82.251:1240/posTag HTTP/1.1" 200 None
Tue, 16 Jul 2019 13:46:00 - urllib3.connectionpool - DEBUG - Starting new HTTP connection (1): 127.0.0.1:8888
Tue, 16 Jul 2019 13:46:00 - urllib3.connectionpool - DEBUG - http://127.0.0.1:8888 "POST http://172.18.82.251:1240/mlableClassifier HTTP/1.1" 200 None
Tue, 16 Jul 2019 13:46:00 - urllib3.connectionpool - DEBUG - Starting new HTTP connection (1): 127.0.0.1:8888
Tue, 16 Jul 2019 13:46:00 - urllib3.connectionpool - DEBUG - http://127.0.0.1:8888 "POST http://172.18.82.251:1240/summary?percentage=0.3&charLimit=1000 HTTP/1.1" 200 None
Tue, 16 Jul 2019 13:46:00 - urllib3.connectionpool - DEBUG - Starting new HTTP connection (1): 127.0.0.1:8888
Tue, 16 Jul 2019 13:46:00 - urllib3.connectionpool - DEBUG - http://127.0.0.1:8888 "POST http://172.18.82.251:1240/sentiment?domain=content HTTP/1.1" 200 None
Tue, 16 Jul 2019 13:46:00 - urllib3.connectionpool - DEBUG - Starting new HTTP connection (1): 127.0.0.1:8888
Tue, 16 Jul 2019 13:46:00 - urllib3.connectionpool - DEBUG - http://127.0.0.1:8888 "POST http://172.18.82.251:1240/ner HTTP/1.1" 200 None
Tue, 16 Jul 2019 13:46:00 - urllib3.connectionpool - DEBUG - Starting new HTTP connection (1): 127.0.0.1:8888
Tue, 16 Jul 2019 13:46:00 - urllib3.connectionpool - DEBUG - http://127.0.0.1:8888 "POST http://172.18.82.251:1240/splitWord HTTP/1.1" 200 None
Tue, 16 Jul 2019 13:46:00 - urllib3.connectionpool - DEBUG - Starting new HTTP connection (1): 127.0.0.1:8888
Tue, 16 Jul 2019 13:46:00 - urllib3.connectionpool - DEBUG - http://127.0.0.1:8888 "POST http://172.18.82.251:1240/splitSentence HTTP/1.1" 200 None
Tue, 16 Jul 2019 13:46:00 - urllib3.connectionpool - DEBUG - Starting new HTTP connection (1): 127.0.0.1:8888
Tue, 16 Jul 2019 13:46:00 - urllib3.connectionpool - DEBUG - http://127.0.0.1:8888 "POST http://172.18.82.251:1240/posTag HTTP/1.1" 200 None
Tue, 16 Jul 2019 13:46:00 - urllib3.connectionpool - DEBUG - Starting new HTTP connection (1): 127.0.0.1:8888
Tue, 16 Jul 2019 13:46:00 - urllib3.connectionpool - DEBUG - http://127.0.0.1:8888 "POST http://172.18.82.251:1240/mlableClassifier HTTP/1.1" 200 None
Tue, 16 Jul 2019 13:46:00 - urllib3.connectionpool - DEBUG - Starting new HTTP connection (1): 127.0.0.1:8888
Tue, 16 Jul 2019 13:46:00 - urllib3.connectionpool - DEBUG - http://127.0.0.1:8888 "POST http://172.18.82.251:1240/summary?percentage=0.3&charLimit=1000 HTTP/1.1" 200 None
Tue, 16 Jul 2019 13:46:00 - urllib3.connectionpool - DEBUG - Starting new HTTP connection (1): 127.0.0.1:8888
Tue, 16 Jul 2019 13:46:00 - urllib3.connectionpool - DEBUG - http://127.0.0.1:8888 "POST http://172.18.82.251:1240/sentiment?domain=content HTTP/1.1" 200 None
Tue, 16 Jul 2019 13:46:00 - urllib3.connectionpool - DEBUG - Starting new HTTP connection (1): 127.0.0.1:8888
Tue, 16 Jul 2019 13:46:00 - urllib3.connectionpool - DEBUG - http://127.0.0.1:8888 "POST http://172.18.82.251:1240/ner HTTP/1.1" 200 None
Tue, 16 Jul 2019 13:46:00 - urllib3.connectionpool - DEBUG - Starting new HTTP connection (1): 127.0.0.1:8888
Tue, 16 Jul 2019 13:46:00 - urllib3.connectionpool - DEBUG - http://127.0.0.1:8888 "POST http://172.18.82.251:1240/splitWord HTTP/1.1" 200 None
Tue, 16 Jul 2019 13:46:00 - urllib3.connectionpool - DEBUG - Starting new HTTP connection (1): 127.0.0.1:8888
Tue, 16 Jul 2019 13:46:00 - urllib3.connectionpool - DEBUG - http://127.0.0.1:8888 "POST http://172.18.82.251:1240/splitSentence HTTP/1.1" 200 None
Tue, 16 Jul 2019 13:46:00 - urllib3.connectionpool - DEBUG - Starting new HTTP connection (1): 127.0.0.1:8888
Tue, 16 Jul 2019 13:46:00 - urllib3.connectionpool - DEBUG - http://127.0.0.1:8888 "POST http://172.18.82.251:1240/posTag HTTP/1.1" 200 None
Tue, 16 Jul 2019 13:46:00 - urllib3.connectionpool - DEBUG - Starting new HTTP connection (1): 127.0.0.1:8888
Tue, 16 Jul 2019 13:46:00 - urllib3.connectionpool - DEBUG - http://127.0.0.1:8888 "POST http://172.18.82.251:1240/mlableClassifier HTTP/1.1" 200 None
Tue, 16 Jul 2019 13:46:00 - urllib3.connectionpool - DEBUG - Starting new HTTP connection (1): 127.0.0.1:8888
Tue, 16 Jul 2019 13:46:00 - urllib3.connectionpool - DEBUG - http://127.0.0.1:8888 "POST http://172.18.82.251:1240/summary?percentage=0.3&charLimit=1000 HTTP/1.1" 200 None
Tue, 16 Jul 2019 13:46:00 - urllib3.connectionpool - DEBUG - Starting new HTTP connection (1): 127.0.0.1:8888
Tue, 16 Jul 2019 13:46:00 - urllib3.connectionpool - DEBUG - http://127.0.0.1:8888 "POST http://172.18.82.251:1240/sentiment?domain=content HTTP/1.1" 200 None
Tue, 16 Jul 2019 13:46:00 - urllib3.connectionpool - DEBUG - Starting new HTTP connection (1): 127.0.0.1:8888
Tue, 16 Jul 2019 13:46:00 - urllib3.connectionpool - DEBUG - http://127.0.0.1:8888 "POST http://172.18.82.251:1240/ner HTTP/1.1" 200 None
Tue, 16 Jul 2019 13:46:00 - urllib3.connectionpool - DEBUG - Starting new HTTP connection (1): 127.0.0.1:8888
Tue, 16 Jul 2019 13:46:00 - urllib3.connectionpool - DEBUG - http://127.0.0.1:8888 "POST http://172.18.82.251:1240/splitWord HTTP/1.1" 200 None
Tue, 16 Jul 2019 13:46:00 - urllib3.connectionpool - DEBUG - Starting new HTTP connection (1): 127.0.0.1:8888
Tue, 16 Jul 2019 13:46:00 - urllib3.connectionpool - DEBUG - http://127.0.0.1:8888 "POST http://172.18.82.251:1240/splitSentence HTTP/1.1" 200 None
Tue, 16 Jul 2019 13:46:00 - urllib3.connectionpool - DEBUG - Starting new HTTP connection (1): 127.0.0.1:8888
Tue, 16 Jul 2019 13:46:00 - urllib3.connectionpool - DEBUG - http://127.0.0.1:8888 "POST http://172.18.82.251:1240/posTag HTTP/1.1" 200 None
Tue, 16 Jul 2019 13:46:00 - urllib3.connectionpool - DEBUG - Starting new HTTP connection (1): 127.0.0.1:8888
Tue, 16 Jul 2019 13:46:00 - urllib3.connectionpool - DEBUG - http://127.0.0.1:8888 "POST http://172.18.82.251:1240/mlableClassifier HTTP/1.1" 200 None
Tue, 16 Jul 2019 13:48:48 - urllib3.connectionpool - DEBUG - Starting new HTTP connection (1): 127.0.0.1:8888
Tue, 16 Jul 2019 13:48:48 - urllib3.connectionpool - DEBUG - http://127.0.0.1:8888 "POST http://172.18.82.251:1240/posTag HTTP/1.1" 200 None
Tue, 16 Jul 2019 13:48:48 - urllib3.connectionpool - DEBUG - Starting new HTTP connection (1): 127.0.0.1:8888
Tue, 16 Jul 2019 13:48:48 - urllib3.connectionpool - DEBUG - http://127.0.0.1:8888 "POST http://172.18.82.251:1240/splitWord HTTP/1.1" 200 None
Tue, 16 Jul 2019 13:48:48 - urllib3.connectionpool - DEBUG - Starting new HTTP connection (1): 127.0.0.1:8888
Tue, 16 Jul 2019 13:48:48 - urllib3.connectionpool - DEBUG - http://127.0.0.1:8888 "POST http://172.18.82.251:1240/summary?percentage=0.3&charLimit=1000 HTTP/1.1" 200 None
Tue, 16 Jul 2019 13:48:48 - urllib3.connectionpool - DEBUG - Starting new HTTP connection (1): 127.0.0.1:8888
Tue, 16 Jul 2019 13:48:48 - urllib3.connectionpool - DEBUG - http://127.0.0.1:8888 "POST http://172.18.82.251:1240/sentiment?domain=content HTTP/1.1" 200 None
Tue, 16 Jul 2019 13:48:48 - urllib3.connectionpool - DEBUG - Starting new HTTP connection (1): 127.0.0.1:8888
Tue, 16 Jul 2019 13:48:48 - urllib3.connectionpool - DEBUG - http://127.0.0.1:8888 "POST http://172.18.82.251:1240/ner HTTP/1.1" 200 None
Tue, 16 Jul 2019 13:48:48 - urllib3.connectionpool - DEBUG - Starting new HTTP connection (1): 127.0.0.1:8888
Tue, 16 Jul 2019 13:48:48 - urllib3.connectionpool - DEBUG - http://127.0.0.1:8888 "POST http://172.18.82.251:1240/splitWord HTTP/1.1" 200 None
Tue, 16 Jul 2019 13:48:48 - urllib3.connectionpool - DEBUG - Starting new HTTP connection (1): 127.0.0.1:8888
Tue, 16 Jul 2019 13:48:48 - urllib3.connectionpool - DEBUG - http://127.0.0.1:8888 "POST http://172.18.82.251:1240/splitSentence HTTP/1.1" 200 None
Tue, 16 Jul 2019 13:48:48 - urllib3.connectionpool - DEBUG - Starting new HTTP connection (1): 127.0.0.1:8888
Tue, 16 Jul 2019 13:48:48 - urllib3.connectionpool - DEBUG - http://127.0.0.1:8888 "POST http://172.18.82.251:1240/posTag HTTP/1.1" 200 None
Tue, 16 Jul 2019 13:48:48 - urllib3.connectionpool - DEBUG - Starting new HTTP connection (1): 127.0.0.1:8888
Tue, 16 Jul 2019 13:48:48 - urllib3.connectionpool - DEBUG - http://127.0.0.1:8888 "POST http://172.18.82.251:1240/mlableClassifier HTTP/1.1" 200 None
Tue, 16 Jul 2019 13:48:48 - urllib3.connectionpool - DEBUG - Starting new HTTP connection (1): 127.0.0.1:8888
Tue, 16 Jul 2019 13:48:48 - urllib3.connectionpool - DEBUG - http://127.0.0.1:8888 "POST http://172.18.82.251:1240/summary?percentage=0.3&charLimit=1000 HTTP/1.1" 200 None
Tue, 16 Jul 2019 13:48:48 - urllib3.connectionpool - DEBUG - Starting new HTTP connection (1): 127.0.0.1:8888
Tue, 16 Jul 2019 13:48:49 - urllib3.connectionpool - DEBUG - http://127.0.0.1:8888 "POST http://172.18.82.251:1240/sentiment?domain=content HTTP/1.1" 200 None
Tue, 16 Jul 2019 13:48:49 - urllib3.connectionpool - DEBUG - Starting new HTTP connection (1): 127.0.0.1:8888
Tue, 16 Jul 2019 13:48:49 - urllib3.connectionpool - DEBUG - http://127.0.0.1:8888 "POST http://172.18.82.251:1240/ner HTTP/1.1" 200 None
Tue, 16 Jul 2019 13:48:49 - urllib3.connectionpool - DEBUG - Starting new HTTP connection (1): 127.0.0.1:8888
Tue, 16 Jul 2019 13:48:49 - urllib3.connectionpool - DEBUG - http://127.0.0.1:8888 "POST http://172.18.82.251:1240/splitWord HTTP/1.1" 200 None
Tue, 16 Jul 2019 13:48:49 - urllib3.connectionpool - DEBUG - Starting new HTTP connection (1): 127.0.0.1:8888
Tue, 16 Jul 2019 13:48:49 - urllib3.connectionpool - DEBUG - http://127.0.0.1:8888 "POST http://172.18.82.251:1240/splitSentence HTTP/1.1" 200 None
Tue, 16 Jul 2019 13:48:49 - urllib3.connectionpool - DEBUG - Starting new HTTP connection (1): 127.0.0.1:8888
Tue, 16 Jul 2019 13:48:49 - urllib3.connectionpool - DEBUG - http://127.0.0.1:8888 "POST http://172.18.82.251:1240/posTag HTTP/1.1" 200 None
Tue, 16 Jul 2019 13:48:49 - urllib3.connectionpool - DEBUG - Starting new HTTP connection (1): 127.0.0.1:8888
Tue, 16 Jul 2019 13:48:49 - urllib3.connectionpool - DEBUG - http://127.0.0.1:8888 "POST http://172.18.82.251:1240/mlableClassifier HTTP/1.1" 200 None
Tue, 16 Jul 2019 13:48:49 - urllib3.connectionpool - DEBUG - Starting new HTTP connection (1): 127.0.0.1:8888
Tue, 16 Jul 2019 13:48:49 - urllib3.connectionpool - DEBUG - http://127.0.0.1:8888 "POST http://172.18.82.251:1240/summary?percentage=0.3&charLimit=1000 HTTP/1.1" 200 None
Tue, 16 Jul 2019 13:48:49 - urllib3.connectionpool - DEBUG - Starting new HTTP connection (1): 127.0.0.1:8888
Tue, 16 Jul 2019 13:48:49 - urllib3.connectionpool - DEBUG - http://127.0.0.1:8888 "POST http://172.18.82.251:1240/sentiment?domain=content HTTP/1.1" 200 None
Tue, 16 Jul 2019 13:48:49 - urllib3.connectionpool - DEBUG - Starting new HTTP connection (1): 127.0.0.1:8888
Tue, 16 Jul 2019 13:48:49 - urllib3.connectionpool - DEBUG - http://127.0.0.1:8888 "POST http://172.18.82.251:1240/ner HTTP/1.1" 200 None
Tue, 16 Jul 2019 13:48:49 - urllib3.connectionpool - DEBUG - Starting new HTTP connection (1): 127.0.0.1:8888
Tue, 16 Jul 2019 13:48:49 - urllib3.connectionpool - DEBUG - http://127.0.0.1:8888 "POST http://172.18.82.251:1240/splitWord HTTP/1.1" 200 None
Tue, 16 Jul 2019 13:48:49 - urllib3.connectionpool - DEBUG - Starting new HTTP connection (1): 127.0.0.1:8888
Tue, 16 Jul 2019 13:48:49 - urllib3.connectionpool - DEBUG - http://127.0.0.1:8888 "POST http://172.18.82.251:1240/splitSentence HTTP/1.1" 200 None
Tue, 16 Jul 2019 13:48:49 - urllib3.connectionpool - DEBUG - Starting new HTTP connection (1): 127.0.0.1:8888
Tue, 16 Jul 2019 13:48:49 - urllib3.connectionpool - DEBUG - http://127.0.0.1:8888 "POST http://172.18.82.251:1240/posTag HTTP/1.1" 200 None
Tue, 16 Jul 2019 13:48:49 - urllib3.connectionpool - DEBUG - Starting new HTTP connection (1): 127.0.0.1:8888
Tue, 16 Jul 2019 13:48:49 - urllib3.connectionpool - DEBUG - http://127.0.0.1:8888 "POST http://172.18.82.251:1240/mlableClassifier HTTP/1.1" 200 None
Tue, 16 Jul 2019 13:48:49 - urllib3.connectionpool - DEBUG - Starting new HTTP connection (1): 127.0.0.1:8888
Tue, 16 Jul 2019 13:48:49 - urllib3.connectionpool - DEBUG - http://127.0.0.1:8888 "POST http://172.18.82.251:1240/summary?percentage=0.3&charLimit=1000 HTTP/1.1" 200 None
Tue, 16 Jul 2019 13:48:49 - urllib3.connectionpool - DEBUG - Starting new HTTP connection (1): 127.0.0.1:8888
Tue, 16 Jul 2019 13:48:49 - urllib3.connectionpool - DEBUG - http://127.0.0.1:8888 "POST http://172.18.82.251:1240/sentiment?domain=content HTTP/1.1" 200 None
Tue, 16 Jul 2019 13:48:49 - urllib3.connectionpool - DEBUG - Starting new HTTP connection (1): 127.0.0.1:8888
Tue, 16 Jul 2019 13:48:49 - urllib3.connectionpool - DEBUG - http://127.0.0.1:8888 "POST http://172.18.82.251:1240/ner HTTP/1.1" 200 None
Tue, 16 Jul 2019 13:48:49 - urllib3.connectionpool - DEBUG - Starting new HTTP connection (1): 127.0.0.1:8888
Tue, 16 Jul 2019 13:48:49 - urllib3.connectionpool - DEBUG - http://127.0.0.1:8888 "POST http://172.18.82.251:1240/splitWord HTTP/1.1" 200 None
Tue, 16 Jul 2019 13:48:49 - urllib3.connectionpool - DEBUG - Starting new HTTP connection (1): 127.0.0.1:8888
Tue, 16 Jul 2019 13:48:49 - urllib3.connectionpool - DEBUG - http://127.0.0.1:8888 "POST http://172.18.82.251:1240/splitSentence HTTP/1.1" 200 None
Tue, 16 Jul 2019 13:48:49 - urllib3.connectionpool - DEBUG - Starting new HTTP connection (1): 127.0.0.1:8888
Tue, 16 Jul 2019 13:48:49 - urllib3.connectionpool - DEBUG - http://127.0.0.1:8888 "POST http://172.18.82.251:1240/posTag HTTP/1.1" 200 None
Tue, 16 Jul 2019 13:48:49 - urllib3.connectionpool - DEBUG - Starting new HTTP connection (1): 127.0.0.1:8888
Tue, 16 Jul 2019 13:48:49 - urllib3.connectionpool - DEBUG - http://127.0.0.1:8888 "POST http://172.18.82.251:1240/mlableClassifier HTTP/1.1" 200 None
Tue, 16 Jul 2019 13:48:49 - urllib3.connectionpool - DEBUG - Starting new HTTP connection (1): 127.0.0.1:8888
Tue, 16 Jul 2019 13:48:49 - urllib3.connectionpool - DEBUG - http://127.0.0.1:8888 "POST http://172.18.82.251:1240/summary?percentage=0.3&charLimit=1000 HTTP/1.1" 200 None
Tue, 16 Jul 2019 13:48:49 - urllib3.connectionpool - DEBUG - Starting new HTTP connection (1): 127.0.0.1:8888
Tue, 16 Jul 2019 13:48:49 - urllib3.connectionpool - DEBUG - http://127.0.0.1:8888 "POST http://172.18.82.251:1240/sentiment?domain=content HTTP/1.1" 200 None
Tue, 16 Jul 2019 13:48:49 - urllib3.connectionpool - DEBUG - Starting new HTTP connection (1): 127.0.0.1:8888
Tue, 16 Jul 2019 13:48:49 - urllib3.connectionpool - DEBUG - http://127.0.0.1:8888 "POST http://172.18.82.251:1240/ner HTTP/1.1" 200 None
Tue, 16 Jul 2019 13:48:49 - urllib3.connectionpool - DEBUG - Starting new HTTP connection (1): 127.0.0.1:8888
Tue, 16 Jul 2019 13:48:49 - urllib3.connectionpool - DEBUG - http://127.0.0.1:8888 "POST http://172.18.82.251:1240/splitWord HTTP/1.1" 200 None
Tue, 16 Jul 2019 13:48:49 - urllib3.connectionpool - DEBUG - Starting new HTTP connection (1): 127.0.0.1:8888
Tue, 16 Jul 2019 13:48:49 - urllib3.connectionpool - DEBUG - http://127.0.0.1:8888 "POST http://172.18.82.251:1240/splitSentence HTTP/1.1" 200 None
Tue, 16 Jul 2019 13:48:49 - urllib3.connectionpool - DEBUG - Starting new HTTP connection (1): 127.0.0.1:8888
Tue, 16 Jul 2019 13:48:49 - urllib3.connectionpool - DEBUG - http://127.0.0.1:8888 "POST http://172.18.82.251:1240/posTag HTTP/1.1" 200 None
Tue, 16 Jul 2019 13:48:49 - urllib3.connectionpool - DEBUG - Starting new HTTP connection (1): 127.0.0.1:8888
Tue, 16 Jul 2019 13:48:49 - urllib3.connectionpool - DEBUG - http://127.0.0.1:8888 "POST http://172.18.82.251:1240/mlableClassifier HTTP/1.1" 200 None
Tue, 16 Jul 2019 13:48:49 - urllib3.connectionpool - DEBUG - Starting new HTTP connection (1): 127.0.0.1:8888
Tue, 16 Jul 2019 13:48:49 - urllib3.connectionpool - DEBUG - http://127.0.0.1:8888 "POST http://172.18.82.251:1240/summary?percentage=0.3&charLimit=1000 HTTP/1.1" 200 None
Tue, 16 Jul 2019 13:48:49 - urllib3.connectionpool - DEBUG - Starting new HTTP connection (1): 127.0.0.1:8888
Tue, 16 Jul 2019 13:48:49 - urllib3.connectionpool - DEBUG - http://127.0.0.1:8888 "POST http://172.18.82.251:1240/sentiment?domain=content HTTP/1.1" 200 None
Tue, 16 Jul 2019 13:48:49 - urllib3.connectionpool - DEBUG - Starting new HTTP connection (1): 127.0.0.1:8888
Tue, 16 Jul 2019 13:48:49 - urllib3.connectionpool - DEBUG - http://127.0.0.1:8888 "POST http://172.18.82.251:1240/ner HTTP/1.1" 200 None
Tue, 16 Jul 2019 13:48:49 - urllib3.connectionpool - DEBUG - Starting new HTTP connection (1): 127.0.0.1:8888
Tue, 16 Jul 2019 13:48:49 - urllib3.connectionpool - DEBUG - http://127.0.0.1:8888 "POST http://172.18.82.251:1240/splitWord HTTP/1.1" 200 None
Tue, 16 Jul 2019 13:48:49 - urllib3.connectionpool - DEBUG - Starting new HTTP connection (1): 127.0.0.1:8888
Tue, 16 Jul 2019 13:48:49 - urllib3.connectionpool - DEBUG - http://127.0.0.1:8888 "POST http://172.18.82.251:1240/splitSentence HTTP/1.1" 200 None
Tue, 16 Jul 2019 13:48:49 - urllib3.connectionpool - DEBUG - Starting new HTTP connection (1): 127.0.0.1:8888
Tue, 16 Jul 2019 13:48:49 - urllib3.connectionpool - DEBUG - http://127.0.0.1:8888 "POST http://172.18.82.251:1240/posTag HTTP/1.1" 200 None
Tue, 16 Jul 2019 13:48:49 - urllib3.connectionpool - DEBUG - Starting new HTTP connection (1): 127.0.0.1:8888
Tue, 16 Jul 2019 13:48:49 - urllib3.connectionpool - DEBUG - http://127.0.0.1:8888 "POST http://172.18.82.251:1240/mlableClassifier HTTP/1.1" 200 None
Tue, 16 Jul 2019 13:48:49 - urllib3.connectionpool - DEBUG - Starting new HTTP connection (1): 127.0.0.1:8888
Tue, 16 Jul 2019 13:48:49 - urllib3.connectionpool - DEBUG - http://127.0.0.1:8888 "POST http://172.18.82.251:1240/summary?percentage=0.3&charLimit=1000 HTTP/1.1" 200 None
Tue, 16 Jul 2019 13:48:49 - urllib3.connectionpool - DEBUG - Starting new HTTP connection (1): 127.0.0.1:8888
Tue, 16 Jul 2019 13:48:49 - urllib3.connectionpool - DEBUG - http://127.0.0.1:8888 "POST http://172.18.82.251:1240/sentiment?domain=content HTTP/1.1" 200 None
Tue, 16 Jul 2019 13:48:49 - urllib3.connectionpool - DEBUG - Starting new HTTP connection (1): 127.0.0.1:8888
Tue, 16 Jul 2019 13:48:49 - urllib3.connectionpool - DEBUG - http://127.0.0.1:8888 "POST http://172.18.82.251:1240/ner HTTP/1.1" 200 None
Tue, 16 Jul 2019 13:48:49 - urllib3.connectionpool - DEBUG - Starting new HTTP connection (1): 127.0.0.1:8888
Tue, 16 Jul 2019 13:48:49 - urllib3.connectionpool - DEBUG - http://127.0.0.1:8888 "POST http://172.18.82.251:1240/splitWord HTTP/1.1" 200 None
Tue, 16 Jul 2019 13:48:49 - urllib3.connectionpool - DEBUG - Starting new HTTP connection (1): 127.0.0.1:8888
Tue, 16 Jul 2019 13:48:49 - urllib3.connectionpool - DEBUG - http://127.0.0.1:8888 "POST http://172.18.82.251:1240/splitSentence HTTP/1.1" 200 None
Tue, 16 Jul 2019 13:48:49 - urllib3.connectionpool - DEBUG - Starting new HTTP connection (1): 127.0.0.1:8888
Tue, 16 Jul 2019 13:48:49 - urllib3.connectionpool - DEBUG - http://127.0.0.1:8888 "POST http://172.18.82.251:1240/posTag HTTP/1.1" 200 None
Tue, 16 Jul 2019 13:48:49 - urllib3.connectionpool - DEBUG - Starting new HTTP connection (1): 127.0.0.1:8888
Tue, 16 Jul 2019 13:48:49 - urllib3.connectionpool - DEBUG - http://127.0.0.1:8888 "POST http://172.18.82.251:1240/mlableClassifier HTTP/1.1" 200 None
Tue, 16 Jul 2019 13:48:49 - urllib3.connectionpool - DEBUG - Starting new HTTP connection (1): 127.0.0.1:8888
Tue, 16 Jul 2019 13:48:49 - urllib3.connectionpool - DEBUG - http://127.0.0.1:8888 "POST http://172.18.82.251:1240/summary?percentage=0.3&charLimit=1000 HTTP/1.1" 200 None
Tue, 16 Jul 2019 13:48:49 - urllib3.connectionpool - DEBUG - Starting new HTTP connection (1): 127.0.0.1:8888
Tue, 16 Jul 2019 13:48:49 - urllib3.connectionpool - DEBUG - http://127.0.0.1:8888 "POST http://172.18.82.251:1240/sentiment?domain=content HTTP/1.1" 200 None
Tue, 16 Jul 2019 13:48:49 - urllib3.connectionpool - DEBUG - Starting new HTTP connection (1): 127.0.0.1:8888
Tue, 16 Jul 2019 13:48:49 - urllib3.connectionpool - DEBUG - http://127.0.0.1:8888 "POST http://172.18.82.251:1240/ner HTTP/1.1" 200 None
Tue, 16 Jul 2019 13:48:49 - urllib3.connectionpool - DEBUG - Starting new HTTP connection (1): 127.0.0.1:8888
Tue, 16 Jul 2019 13:48:49 - urllib3.connectionpool - DEBUG - http://127.0.0.1:8888 "POST http://172.18.82.251:1240/splitWord HTTP/1.1" 200 None
Tue, 16 Jul 2019 13:48:49 - urllib3.connectionpool - DEBUG - Starting new HTTP connection (1): 127.0.0.1:8888
Tue, 16 Jul 2019 13:48:49 - urllib3.connectionpool - DEBUG - http://127.0.0.1:8888 "POST http://172.18.82.251:1240/splitSentence HTTP/1.1" 200 None
Tue, 16 Jul 2019 13:48:49 - urllib3.connectionpool - DEBUG - Starting new HTTP connection (1): 127.0.0.1:8888
Tue, 16 Jul 2019 13:48:49 - urllib3.connectionpool - DEBUG - http://127.0.0.1:8888 "POST http://172.18.82.251:1240/posTag HTTP/1.1" 200 None
Tue, 16 Jul 2019 13:48:49 - urllib3.connectionpool - DEBUG - Starting new HTTP connection (1): 127.0.0.1:8888
Tue, 16 Jul 2019 13:48:49 - urllib3.connectionpool - DEBUG - http://127.0.0.1:8888 "POST http://172.18.82.251:1240/mlableClassifier HTTP/1.1" 200 None
Tue, 16 Jul 2019 13:48:49 - urllib3.connectionpool - DEBUG - Starting new HTTP connection (1): 127.0.0.1:8888
Tue, 16 Jul 2019 13:48:49 - urllib3.connectionpool - DEBUG - http://127.0.0.1:8888 "POST http://172.18.82.251:1240/summary?percentage=0.3&charLimit=1000 HTTP/1.1" 200 None
Tue, 16 Jul 2019 13:48:49 - urllib3.connectionpool - DEBUG - Starting new HTTP connection (1): 127.0.0.1:8888
Tue, 16 Jul 2019 13:48:49 - urllib3.connectionpool - DEBUG - http://127.0.0.1:8888 "POST http://172.18.82.251:1240/sentiment?domain=content HTTP/1.1" 200 None
Tue, 16 Jul 2019 13:48:49 - urllib3.connectionpool - DEBUG - Starting new HTTP connection (1): 127.0.0.1:8888
Tue, 16 Jul 2019 13:48:49 - urllib3.connectionpool - DEBUG - http://127.0.0.1:8888 "POST http://172.18.82.251:1240/ner HTTP/1.1" 200 None
Tue, 16 Jul 2019 13:48:49 - urllib3.connectionpool - DEBUG - Starting new HTTP connection (1): 127.0.0.1:8888
Tue, 16 Jul 2019 13:48:49 - urllib3.connectionpool - DEBUG - http://127.0.0.1:8888 "POST http://172.18.82.251:1240/splitWord HTTP/1.1" 200 None
Tue, 16 Jul 2019 13:48:49 - urllib3.connectionpool - DEBUG - Starting new HTTP connection (1): 127.0.0.1:8888
Tue, 16 Jul 2019 13:48:49 - urllib3.connectionpool - DEBUG - http://127.0.0.1:8888 "POST http://172.18.82.251:1240/splitSentence HTTP/1.1" 200 None
Tue, 16 Jul 2019 13:48:49 - urllib3.connectionpool - DEBUG - Starting new HTTP connection (1): 127.0.0.1:8888
Tue, 16 Jul 2019 13:48:49 - urllib3.connectionpool - DEBUG - http://127.0.0.1:8888 "POST http://172.18.82.251:1240/posTag HTTP/1.1" 200 None
Tue, 16 Jul 2019 13:48:49 - urllib3.connectionpool - DEBUG - Starting new HTTP connection (1): 127.0.0.1:8888
Tue, 16 Jul 2019 13:48:49 - urllib3.connectionpool - DEBUG - http://127.0.0.1:8888 "POST http://172.18.82.251:1240/mlableClassifier HTTP/1.1" 200 None
Tue, 16 Jul 2019 13:48:49 - urllib3.connectionpool - DEBUG - Starting new HTTP connection (1): 127.0.0.1:8888
Tue, 16 Jul 2019 13:48:49 - urllib3.connectionpool - DEBUG - http://127.0.0.1:8888 "POST http://172.18.82.251:1240/summary?percentage=0.3&charLimit=1000 HTTP/1.1" 200 None
Tue, 16 Jul 2019 13:48:49 - urllib3.connectionpool - DEBUG - Starting new HTTP connection (1): 127.0.0.1:8888
Tue, 16 Jul 2019 13:48:49 - urllib3.connectionpool - DEBUG - http://127.0.0.1:8888 "POST http://172.18.82.251:1240/sentiment?domain=content HTTP/1.1" 200 None
Tue, 16 Jul 2019 13:48:49 - urllib3.connectionpool - DEBUG - Starting new HTTP connection (1): 127.0.0.1:8888
Tue, 16 Jul 2019 13:48:49 - urllib3.connectionpool - DEBUG - http://127.0.0.1:8888 "POST http://172.18.82.251:1240/ner HTTP/1.1" 200 None
Tue, 16 Jul 2019 13:48:49 - urllib3.connectionpool - DEBUG - Starting new HTTP connection (1): 127.0.0.1:8888
Tue, 16 Jul 2019 13:48:49 - urllib3.connectionpool - DEBUG - http://127.0.0.1:8888 "POST http://172.18.82.251:1240/splitWord HTTP/1.1" 200 None
Tue, 16 Jul 2019 13:48:49 - urllib3.connectionpool - DEBUG - Starting new HTTP connection (1): 127.0.0.1:8888
Tue, 16 Jul 2019 13:48:49 - urllib3.connectionpool - DEBUG - http://127.0.0.1:8888 "POST http://172.18.82.251:1240/splitSentence HTTP/1.1" 200 None
Tue, 16 Jul 2019 13:48:49 - urllib3.connectionpool - DEBUG - Starting new HTTP connection (1): 127.0.0.1:8888
Tue, 16 Jul 2019 13:48:49 - urllib3.connectionpool - DEBUG - http://127.0.0.1:8888 "POST http://172.18.82.251:1240/posTag HTTP/1.1" 200 None
Tue, 16 Jul 2019 13:48:49 - urllib3.connectionpool - DEBUG - Starting new HTTP connection (1): 127.0.0.1:8888
Tue, 16 Jul 2019 13:48:49 - urllib3.connectionpool - DEBUG - http://127.0.0.1:8888 "POST http://172.18.82.251:1240/mlableClassifier HTTP/1.1" 200 None
Tue, 16 Jul 2019 13:48:49 - urllib3.connectionpool - DEBUG - Starting new HTTP connection (1): 127.0.0.1:8888
Tue, 16 Jul 2019 13:48:49 - urllib3.connectionpool - DEBUG - http://127.0.0.1:8888 "POST http://172.18.82.251:1240/summary?percentage=0.3&charLimit=1000 HTTP/1.1" 200 None
Tue, 16 Jul 2019 13:48:49 - urllib3.connectionpool - DEBUG - Starting new HTTP connection (1): 127.0.0.1:8888
Tue, 16 Jul 2019 13:48:49 - urllib3.connectionpool - DEBUG - http://127.0.0.1:8888 "POST http://172.18.82.251:1240/sentiment?domain=content HTTP/1.1" 200 None
Tue, 16 Jul 2019 13:48:49 - urllib3.connectionpool - DEBUG - Starting new HTTP connection (1): 127.0.0.1:8888
Tue, 16 Jul 2019 13:48:49 - urllib3.connectionpool - DEBUG - http://127.0.0.1:8888 "POST http://172.18.82.251:1240/ner HTTP/1.1" 200 None
Tue, 16 Jul 2019 13:48:49 - urllib3.connectionpool - DEBUG - Starting new HTTP connection (1): 127.0.0.1:8888
Tue, 16 Jul 2019 13:48:49 - urllib3.connectionpool - DEBUG - http://127.0.0.1:8888 "POST http://172.18.82.251:1240/splitWord HTTP/1.1" 200 None
Tue, 16 Jul 2019 13:48:49 - urllib3.connectionpool - DEBUG - Starting new HTTP connection (1): 127.0.0.1:8888
Tue, 16 Jul 2019 13:48:49 - urllib3.connectionpool - DEBUG - http://127.0.0.1:8888 "POST http://172.18.82.251:1240/splitSentence HTTP/1.1" 200 None
Tue, 16 Jul 2019 13:48:49 - urllib3.connectionpool - DEBUG - Starting new HTTP connection (1): 127.0.0.1:8888
Tue, 16 Jul 2019 13:48:49 - urllib3.connectionpool - DEBUG - http://127.0.0.1:8888 "POST http://172.18.82.251:1240/posTag HTTP/1.1" 200 None
Tue, 16 Jul 2019 13:48:49 - urllib3.connectionpool - DEBUG - Starting new HTTP connection (1): 127.0.0.1:8888
Tue, 16 Jul 2019 13:48:49 - urllib3.connectionpool - DEBUG - http://127.0.0.1:8888 "POST http://172.18.82.251:1240/mlableClassifier HTTP/1.1" 200 None
Tue, 16 Jul 2019 13:48:49 - urllib3.connectionpool - DEBUG - Starting new HTTP connection (1): 127.0.0.1:8888
Tue, 16 Jul 2019 13:48:49 - urllib3.connectionpool - DEBUG - http://127.0.0.1:8888 "POST http://172.18.82.251:1240/summary?percentage=0.3&charLimit=1000 HTTP/1.1" 200 None
Tue, 16 Jul 2019 13:48:49 - urllib3.connectionpool - DEBUG - Starting new HTTP connection (1): 127.0.0.1:8888
Tue, 16 Jul 2019 13:48:49 - urllib3.connectionpool - DEBUG - http://127.0.0.1:8888 "POST http://172.18.82.251:1240/sentiment?domain=content HTTP/1.1" 200 None
Tue, 16 Jul 2019 13:48:49 - urllib3.connectionpool - DEBUG - Starting new HTTP connection (1): 127.0.0.1:8888
Tue, 16 Jul 2019 13:48:49 - urllib3.connectionpool - DEBUG - http://127.0.0.1:8888 "POST http://172.18.82.251:1240/ner HTTP/1.1" 200 None
Tue, 16 Jul 2019 13:48:49 - urllib3.connectionpool - DEBUG - Starting new HTTP connection (1): 127.0.0.1:8888
Tue, 16 Jul 2019 13:48:49 - urllib3.connectionpool - DEBUG - http://127.0.0.1:8888 "POST http://172.18.82.251:1240/splitWord HTTP/1.1" 200 None
Tue, 16 Jul 2019 13:48:49 - urllib3.connectionpool - DEBUG - Starting new HTTP connection (1): 127.0.0.1:8888
Tue, 16 Jul 2019 13:48:49 - urllib3.connectionpool - DEBUG - http://127.0.0.1:8888 "POST http://172.18.82.251:1240/splitSentence HTTP/1.1" 200 None
Tue, 16 Jul 2019 13:48:49 - urllib3.connectionpool - DEBUG - Starting new HTTP connection (1): 127.0.0.1:8888
Tue, 16 Jul 2019 13:48:49 - urllib3.connectionpool - DEBUG - http://127.0.0.1:8888 "POST http://172.18.82.251:1240/posTag HTTP/1.1" 200 None
Tue, 16 Jul 2019 13:48:49 - urllib3.connectionpool - DEBUG - Starting new HTTP connection (1): 127.0.0.1:8888
Tue, 16 Jul 2019 13:48:49 - urllib3.connectionpool - DEBUG - http://127.0.0.1:8888 "POST http://172.18.82.251:1240/mlableClassifier HTTP/1.1" 200 None
Tue, 16 Jul 2019 13:50:32 - urllib3.connectionpool - DEBUG - Starting new HTTP connection (1): 127.0.0.1:8888
Tue, 16 Jul 2019 13:50:33 - urllib3.connectionpool - DEBUG - http://127.0.0.1:8888 "POST http://172.18.82.251:1240/posTag HTTP/1.1" 200 None
Tue, 16 Jul 2019 13:50:33 - urllib3.connectionpool - DEBUG - Starting new HTTP connection (1): 127.0.0.1:8888
Tue, 16 Jul 2019 13:50:33 - urllib3.connectionpool - DEBUG - http://127.0.0.1:8888 "POST http://172.18.82.251:1240/splitWord HTTP/1.1" 200 None
Tue, 16 Jul 2019 13:50:33 - urllib3.connectionpool - DEBUG - Starting new HTTP connection (1): 127.0.0.1:8888
Tue, 16 Jul 2019 13:50:33 - urllib3.connectionpool - DEBUG - http://127.0.0.1:8888 "POST http://172.18.82.251:1240/summary?percentage=0.3&charLimit=1000 HTTP/1.1" 200 None
Tue, 16 Jul 2019 13:50:33 - urllib3.connectionpool - DEBUG - Starting new HTTP connection (1): 127.0.0.1:8888
Tue, 16 Jul 2019 13:50:33 - urllib3.connectionpool - DEBUG - http://127.0.0.1:8888 "POST http://172.18.82.251:1240/sentiment?domain=content HTTP/1.1" 200 None
Tue, 16 Jul 2019 13:50:33 - urllib3.connectionpool - DEBUG - Starting new HTTP connection (1): 127.0.0.1:8888
Tue, 16 Jul 2019 13:50:33 - urllib3.connectionpool - DEBUG - http://127.0.0.1:8888 "POST http://172.18.82.251:1240/ner HTTP/1.1" 200 None
Tue, 16 Jul 2019 13:50:33 - urllib3.connectionpool - DEBUG - Starting new HTTP connection (1): 127.0.0.1:8888
Tue, 16 Jul 2019 13:50:33 - urllib3.connectionpool - DEBUG - http://127.0.0.1:8888 "POST http://172.18.82.251:1240/splitWord HTTP/1.1" 200 None
Tue, 16 Jul 2019 13:50:33 - urllib3.connectionpool - DEBUG - Starting new HTTP connection (1): 127.0.0.1:8888
Tue, 16 Jul 2019 13:50:33 - urllib3.connectionpool - DEBUG - http://127.0.0.1:8888 "POST http://172.18.82.251:1240/splitSentence HTTP/1.1" 200 None
Tue, 16 Jul 2019 13:50:33 - urllib3.connectionpool - DEBUG - Starting new HTTP connection (1): 127.0.0.1:8888
Tue, 16 Jul 2019 13:50:33 - urllib3.connectionpool - DEBUG - http://127.0.0.1:8888 "POST http://172.18.82.251:1240/posTag HTTP/1.1" 200 None
Tue, 16 Jul 2019 13:50:33 - urllib3.connectionpool - DEBUG - Starting new HTTP connection (1): 127.0.0.1:8888
Tue, 16 Jul 2019 13:50:33 - urllib3.connectionpool - DEBUG - http://127.0.0.1:8888 "POST http://172.18.82.251:1240/mlableClassifier HTTP/1.1" 200 None
Tue, 16 Jul 2019 13:50:33 - urllib3.connectionpool - DEBUG - Starting new HTTP connection (1): 127.0.0.1:8888
Tue, 16 Jul 2019 13:50:33 - urllib3.connectionpool - DEBUG - http://127.0.0.1:8888 "POST http://172.18.82.251:1240/summary?percentage=0.3&charLimit=1000 HTTP/1.1" 200 None
Tue, 16 Jul 2019 13:50:33 - urllib3.connectionpool - DEBUG - Starting new HTTP connection (1): 127.0.0.1:8888
Tue, 16 Jul 2019 13:50:33 - urllib3.connectionpool - DEBUG - http://127.0.0.1:8888 "POST http://172.18.82.251:1240/sentiment?domain=content HTTP/1.1" 200 None
Tue, 16 Jul 2019 13:50:33 - urllib3.connectionpool - DEBUG - Starting new HTTP connection (1): 127.0.0.1:8888
Tue, 16 Jul 2019 13:50:33 - urllib3.connectionpool - DEBUG - http://127.0.0.1:8888 "POST http://172.18.82.251:1240/ner HTTP/1.1" 200 None
Tue, 16 Jul 2019 13:50:33 - urllib3.connectionpool - DEBUG - Starting new HTTP connection (1): 127.0.0.1:8888
Tue, 16 Jul 2019 13:50:33 - urllib3.connectionpool - DEBUG - http://127.0.0.1:8888 "POST http://172.18.82.251:1240/splitWord HTTP/1.1" 200 None
Tue, 16 Jul 2019 13:50:33 - urllib3.connectionpool - DEBUG - Starting new HTTP connection (1): 127.0.0.1:8888
Tue, 16 Jul 2019 13:50:33 - urllib3.connectionpool - DEBUG - http://127.0.0.1:8888 "POST http://172.18.82.251:1240/splitSentence HTTP/1.1" 200 None
Tue, 16 Jul 2019 13:50:33 - urllib3.connectionpool - DEBUG - Starting new HTTP connection (1): 127.0.0.1:8888
Tue, 16 Jul 2019 13:50:33 - urllib3.connectionpool - DEBUG - http://127.0.0.1:8888 "POST http://172.18.82.251:1240/posTag HTTP/1.1" 200 None
Tue, 16 Jul 2019 13:50:33 - urllib3.connectionpool - DEBUG - Starting new HTTP connection (1): 127.0.0.1:8888
Tue, 16 Jul 2019 13:50:33 - urllib3.connectionpool - DEBUG - http://127.0.0.1:8888 "POST http://172.18.82.251:1240/mlableClassifier HTTP/1.1" 200 None
Tue, 16 Jul 2019 13:50:33 - urllib3.connectionpool - DEBUG - Starting new HTTP connection (1): 127.0.0.1:8888
Tue, 16 Jul 2019 13:50:33 - urllib3.connectionpool - DEBUG - http://127.0.0.1:8888 "POST http://172.18.82.251:1240/summary?percentage=0.3&charLimit=1000 HTTP/1.1" 200 None
Tue, 16 Jul 2019 13:50:33 - urllib3.connectionpool - DEBUG - Starting new HTTP connection (1): 127.0.0.1:8888
Tue, 16 Jul 2019 13:50:33 - urllib3.connectionpool - DEBUG - http://127.0.0.1:8888 "POST http://172.18.82.251:1240/sentiment?domain=content HTTP/1.1" 200 None
Tue, 16 Jul 2019 13:50:33 - urllib3.connectionpool - DEBUG - Starting new HTTP connection (1): 127.0.0.1:8888
Tue, 16 Jul 2019 13:50:33 - urllib3.connectionpool - DEBUG - http://127.0.0.1:8888 "POST http://172.18.82.251:1240/ner HTTP/1.1" 200 None
Tue, 16 Jul 2019 13:50:33 - urllib3.connectionpool - DEBUG - Starting new HTTP connection (1): 127.0.0.1:8888
Tue, 16 Jul 2019 13:50:33 - urllib3.connectionpool - DEBUG - http://127.0.0.1:8888 "POST http://172.18.82.251:1240/splitWord HTTP/1.1" 200 None
Tue, 16 Jul 2019 13:50:33 - urllib3.connectionpool - DEBUG - Starting new HTTP connection (1): 127.0.0.1:8888
Tue, 16 Jul 2019 13:50:33 - urllib3.connectionpool - DEBUG - http://127.0.0.1:8888 "POST http://172.18.82.251:1240/splitSentence HTTP/1.1" 200 None
Tue, 16 Jul 2019 13:50:33 - urllib3.connectionpool - DEBUG - Starting new HTTP connection (1): 127.0.0.1:8888
Tue, 16 Jul 2019 13:50:33 - urllib3.connectionpool - DEBUG - http://127.0.0.1:8888 "POST http://172.18.82.251:1240/posTag HTTP/1.1" 200 None
Tue, 16 Jul 2019 13:50:33 - urllib3.connectionpool - DEBUG - Starting new HTTP connection (1): 127.0.0.1:8888
Tue, 16 Jul 2019 13:50:33 - urllib3.connectionpool - DEBUG - http://127.0.0.1:8888 "POST http://172.18.82.251:1240/mlableClassifier HTTP/1.1" 200 None
Tue, 16 Jul 2019 13:50:33 - urllib3.connectionpool - DEBUG - Starting new HTTP connection (1): 127.0.0.1:8888
Tue, 16 Jul 2019 13:50:33 - urllib3.connectionpool - DEBUG - http://127.0.0.1:8888 "POST http://172.18.82.251:1240/summary?percentage=0.3&charLimit=1000 HTTP/1.1" 200 None
Tue, 16 Jul 2019 13:50:33 - urllib3.connectionpool - DEBUG - Starting new HTTP connection (1): 127.0.0.1:8888
Tue, 16 Jul 2019 13:50:33 - urllib3.connectionpool - DEBUG - http://127.0.0.1:8888 "POST http://172.18.82.251:1240/sentiment?domain=content HTTP/1.1" 200 None
Tue, 16 Jul 2019 13:50:33 - urllib3.connectionpool - DEBUG - Starting new HTTP connection (1): 127.0.0.1:8888
Tue, 16 Jul 2019 13:50:33 - urllib3.connectionpool - DEBUG - http://127.0.0.1:8888 "POST http://172.18.82.251:1240/ner HTTP/1.1" 200 None
Tue, 16 Jul 2019 13:50:33 - urllib3.connectionpool - DEBUG - Starting new HTTP connection (1): 127.0.0.1:8888
Tue, 16 Jul 2019 13:50:33 - urllib3.connectionpool - DEBUG - http://127.0.0.1:8888 "POST http://172.18.82.251:1240/splitWord HTTP/1.1" 200 None
Tue, 16 Jul 2019 13:50:33 - urllib3.connectionpool - DEBUG - Starting new HTTP connection (1): 127.0.0.1:8888
Tue, 16 Jul 2019 13:50:33 - urllib3.connectionpool - DEBUG - http://127.0.0.1:8888 "POST http://172.18.82.251:1240/splitSentence HTTP/1.1" 200 None
Tue, 16 Jul 2019 13:50:33 - urllib3.connectionpool - DEBUG - Starting new HTTP connection (1): 127.0.0.1:8888
Tue, 16 Jul 2019 13:50:33 - urllib3.connectionpool - DEBUG - http://127.0.0.1:8888 "POST http://172.18.82.251:1240/posTag HTTP/1.1" 200 None
Tue, 16 Jul 2019 13:50:33 - urllib3.connectionpool - DEBUG - Starting new HTTP connection (1): 127.0.0.1:8888
Tue, 16 Jul 2019 13:50:33 - urllib3.connectionpool - DEBUG - http://127.0.0.1:8888 "POST http://172.18.82.251:1240/mlableClassifier HTTP/1.1" 200 None
Tue, 16 Jul 2019 13:50:33 - urllib3.connectionpool - DEBUG - Starting new HTTP connection (1): 127.0.0.1:8888
Tue, 16 Jul 2019 13:50:33 - urllib3.connectionpool - DEBUG - http://127.0.0.1:8888 "POST http://172.18.82.251:1240/summary?percentage=0.3&charLimit=1000 HTTP/1.1" 200 None
Tue, 16 Jul 2019 13:50:33 - urllib3.connectionpool - DEBUG - Starting new HTTP connection (1): 127.0.0.1:8888
Tue, 16 Jul 2019 13:50:33 - urllib3.connectionpool - DEBUG - http://127.0.0.1:8888 "POST http://172.18.82.251:1240/sentiment?domain=content HTTP/1.1" 200 None
Tue, 16 Jul 2019 13:50:33 - urllib3.connectionpool - DEBUG - Starting new HTTP connection (1): 127.0.0.1:8888
Tue, 16 Jul 2019 13:50:33 - urllib3.connectionpool - DEBUG - http://127.0.0.1:8888 "POST http://172.18.82.251:1240/ner HTTP/1.1" 200 None
Tue, 16 Jul 2019 13:50:33 - urllib3.connectionpool - DEBUG - Starting new HTTP connection (1): 127.0.0.1:8888
Tue, 16 Jul 2019 13:50:33 - urllib3.connectionpool - DEBUG - http://127.0.0.1:8888 "POST http://172.18.82.251:1240/splitWord HTTP/1.1" 200 None
Tue, 16 Jul 2019 13:50:33 - urllib3.connectionpool - DEBUG - Starting new HTTP connection (1): 127.0.0.1:8888
Tue, 16 Jul 2019 13:50:33 - urllib3.connectionpool - DEBUG - http://127.0.0.1:8888 "POST http://172.18.82.251:1240/splitSentence HTTP/1.1" 200 None
Tue, 16 Jul 2019 13:50:33 - urllib3.connectionpool - DEBUG - Starting new HTTP connection (1): 127.0.0.1:8888
Tue, 16 Jul 2019 13:50:33 - urllib3.connectionpool - DEBUG - http://127.0.0.1:8888 "POST http://172.18.82.251:1240/posTag HTTP/1.1" 200 None
Tue, 16 Jul 2019 13:50:33 - urllib3.connectionpool - DEBUG - Starting new HTTP connection (1): 127.0.0.1:8888
Tue, 16 Jul 2019 13:50:33 - urllib3.connectionpool - DEBUG - http://127.0.0.1:8888 "POST http://172.18.82.251:1240/mlableClassifier HTTP/1.1" 200 None
Tue, 16 Jul 2019 13:50:33 - urllib3.connectionpool - DEBUG - Starting new HTTP connection (1): 127.0.0.1:8888
Tue, 16 Jul 2019 13:50:33 - urllib3.connectionpool - DEBUG - http://127.0.0.1:8888 "POST http://172.18.82.251:1240/summary?percentage=0.3&charLimit=1000 HTTP/1.1" 200 None
Tue, 16 Jul 2019 13:50:33 - urllib3.connectionpool - DEBUG - Starting new HTTP connection (1): 127.0.0.1:8888
Tue, 16 Jul 2019 13:50:33 - urllib3.connectionpool - DEBUG - http://127.0.0.1:8888 "POST http://172.18.82.251:1240/sentiment?domain=content HTTP/1.1" 200 None
Tue, 16 Jul 2019 13:50:33 - urllib3.connectionpool - DEBUG - Starting new HTTP connection (1): 127.0.0.1:8888
Tue, 16 Jul 2019 13:50:33 - urllib3.connectionpool - DEBUG - http://127.0.0.1:8888 "POST http://172.18.82.251:1240/ner HTTP/1.1" 200 None
Tue, 16 Jul 2019 13:50:33 - urllib3.connectionpool - DEBUG - Starting new HTTP connection (1): 127.0.0.1:8888
Tue, 16 Jul 2019 13:50:33 - urllib3.connectionpool - DEBUG - http://127.0.0.1:8888 "POST http://172.18.82.251:1240/splitWord HTTP/1.1" 200 None
Tue, 16 Jul 2019 13:50:33 - urllib3.connectionpool - DEBUG - Starting new HTTP connection (1): 127.0.0.1:8888
Tue, 16 Jul 2019 13:50:33 - urllib3.connectionpool - DEBUG - http://127.0.0.1:8888 "POST http://172.18.82.251:1240/splitSentence HTTP/1.1" 200 None
Tue, 16 Jul 2019 13:50:33 - urllib3.connectionpool - DEBUG - Starting new HTTP connection (1): 127.0.0.1:8888
Tue, 16 Jul 2019 13:50:33 - urllib3.connectionpool - DEBUG - http://127.0.0.1:8888 "POST http://172.18.82.251:1240/posTag HTTP/1.1" 200 None
Tue, 16 Jul 2019 13:50:33 - urllib3.connectionpool - DEBUG - Starting new HTTP connection (1): 127.0.0.1:8888
Tue, 16 Jul 2019 13:50:33 - urllib3.connectionpool - DEBUG - http://127.0.0.1:8888 "POST http://172.18.82.251:1240/mlableClassifier HTTP/1.1" 200 None
Tue, 16 Jul 2019 13:50:33 - urllib3.connectionpool - DEBUG - Starting new HTTP connection (1): 127.0.0.1:8888
Tue, 16 Jul 2019 13:50:33 - urllib3.connectionpool - DEBUG - http://127.0.0.1:8888 "POST http://172.18.82.251:1240/summary?percentage=0.3&charLimit=1000 HTTP/1.1" 200 None
Tue, 16 Jul 2019 13:50:33 - urllib3.connectionpool - DEBUG - Starting new HTTP connection (1): 127.0.0.1:8888
Tue, 16 Jul 2019 13:50:33 - urllib3.connectionpool - DEBUG - http://127.0.0.1:8888 "POST http://172.18.82.251:1240/sentiment?domain=content HTTP/1.1" 200 None
Tue, 16 Jul 2019 13:50:33 - urllib3.connectionpool - DEBUG - Starting new HTTP connection (1): 127.0.0.1:8888
Tue, 16 Jul 2019 13:50:33 - urllib3.connectionpool - DEBUG - http://127.0.0.1:8888 "POST http://172.18.82.251:1240/ner HTTP/1.1" 200 None
Tue, 16 Jul 2019 13:50:33 - urllib3.connectionpool - DEBUG - Starting new HTTP connection (1): 127.0.0.1:8888
Tue, 16 Jul 2019 13:50:33 - urllib3.connectionpool - DEBUG - http://127.0.0.1:8888 "POST http://172.18.82.251:1240/splitWord HTTP/1.1" 200 None
Tue, 16 Jul 2019 13:50:33 - urllib3.connectionpool - DEBUG - Starting new HTTP connection (1): 127.0.0.1:8888
Tue, 16 Jul 2019 13:50:33 - urllib3.connectionpool - DEBUG - http://127.0.0.1:8888 "POST http://172.18.82.251:1240/splitSentence HTTP/1.1" 200 None
Tue, 16 Jul 2019 13:50:33 - urllib3.connectionpool - DEBUG - Starting new HTTP connection (1): 127.0.0.1:8888
Tue, 16 Jul 2019 13:50:33 - urllib3.connectionpool - DEBUG - http://127.0.0.1:8888 "POST http://172.18.82.251:1240/posTag HTTP/1.1" 200 None
Tue, 16 Jul 2019 13:50:33 - urllib3.connectionpool - DEBUG - Starting new HTTP connection (1): 127.0.0.1:8888
Tue, 16 Jul 2019 13:50:33 - urllib3.connectionpool - DEBUG - http://127.0.0.1:8888 "POST http://172.18.82.251:1240/mlableClassifier HTTP/1.1" 200 None
Tue, 16 Jul 2019 13:50:33 - urllib3.connectionpool - DEBUG - Starting new HTTP connection (1): 127.0.0.1:8888
Tue, 16 Jul 2019 13:50:33 - urllib3.connectionpool - DEBUG - http://127.0.0.1:8888 "POST http://172.18.82.251:1240/summary?percentage=0.3&charLimit=1000 HTTP/1.1" 200 None
Tue, 16 Jul 2019 13:50:33 - urllib3.connectionpool - DEBUG - Starting new HTTP connection (1): 127.0.0.1:8888
Tue, 16 Jul 2019 13:50:33 - urllib3.connectionpool - DEBUG - http://127.0.0.1:8888 "POST http://172.18.82.251:1240/sentiment?domain=content HTTP/1.1" 200 None
Tue, 16 Jul 2019 13:50:33 - urllib3.connectionpool - DEBUG - Starting new HTTP connection (1): 127.0.0.1:8888
Tue, 16 Jul 2019 13:50:33 - urllib3.connectionpool - DEBUG - http://127.0.0.1:8888 "POST http://172.18.82.251:1240/ner HTTP/1.1" 200 None
Tue, 16 Jul 2019 13:50:33 - urllib3.connectionpool - DEBUG - Starting new HTTP connection (1): 127.0.0.1:8888
Tue, 16 Jul 2019 13:50:33 - urllib3.connectionpool - DEBUG - http://127.0.0.1:8888 "POST http://172.18.82.251:1240/splitWord HTTP/1.1" 200 None
Tue, 16 Jul 2019 13:50:33 - urllib3.connectionpool - DEBUG - Starting new HTTP connection (1): 127.0.0.1:8888
Tue, 16 Jul 2019 13:50:33 - urllib3.connectionpool - DEBUG - http://127.0.0.1:8888 "POST http://172.18.82.251:1240/splitSentence HTTP/1.1" 200 None
Tue, 16 Jul 2019 13:50:33 - urllib3.connectionpool - DEBUG - Starting new HTTP connection (1): 127.0.0.1:8888
Tue, 16 Jul 2019 13:50:33 - urllib3.connectionpool - DEBUG - http://127.0.0.1:8888 "POST http://172.18.82.251:1240/posTag HTTP/1.1" 200 None
Tue, 16 Jul 2019 13:50:33 - urllib3.connectionpool - DEBUG - Starting new HTTP connection (1): 127.0.0.1:8888
Tue, 16 Jul 2019 13:50:33 - urllib3.connectionpool - DEBUG - http://127.0.0.1:8888 "POST http://172.18.82.251:1240/mlableClassifier HTTP/1.1" 200 None
Tue, 16 Jul 2019 13:50:33 - urllib3.connectionpool - DEBUG - Starting new HTTP connection (1): 127.0.0.1:8888
Tue, 16 Jul 2019 13:50:33 - urllib3.connectionpool - DEBUG - http://127.0.0.1:8888 "POST http://172.18.82.251:1240/summary?percentage=0.3&charLimit=1000 HTTP/1.1" 200 None
Tue, 16 Jul 2019 13:50:33 - urllib3.connectionpool - DEBUG - Starting new HTTP connection (1): 127.0.0.1:8888
Tue, 16 Jul 2019 13:50:33 - urllib3.connectionpool - DEBUG - http://127.0.0.1:8888 "POST http://172.18.82.251:1240/sentiment?domain=content HTTP/1.1" 200 None
Tue, 16 Jul 2019 13:50:33 - urllib3.connectionpool - DEBUG - Starting new HTTP connection (1): 127.0.0.1:8888
Tue, 16 Jul 2019 13:50:33 - urllib3.connectionpool - DEBUG - http://127.0.0.1:8888 "POST http://172.18.82.251:1240/ner HTTP/1.1" 200 None
Tue, 16 Jul 2019 13:50:33 - urllib3.connectionpool - DEBUG - Starting new HTTP connection (1): 127.0.0.1:8888
Tue, 16 Jul 2019 13:50:33 - urllib3.connectionpool - DEBUG - http://127.0.0.1:8888 "POST http://172.18.82.251:1240/splitWord HTTP/1.1" 200 None
Tue, 16 Jul 2019 13:50:33 - urllib3.connectionpool - DEBUG - Starting new HTTP connection (1): 127.0.0.1:8888
Tue, 16 Jul 2019 13:50:33 - urllib3.connectionpool - DEBUG - http://127.0.0.1:8888 "POST http://172.18.82.251:1240/splitSentence HTTP/1.1" 200 None
Tue, 16 Jul 2019 13:50:33 - urllib3.connectionpool - DEBUG - Starting new HTTP connection (1): 127.0.0.1:8888
Tue, 16 Jul 2019 13:50:33 - urllib3.connectionpool - DEBUG - http://127.0.0.1:8888 "POST http://172.18.82.251:1240/posTag HTTP/1.1" 200 None
Tue, 16 Jul 2019 13:50:33 - urllib3.connectionpool - DEBUG - Starting new HTTP connection (1): 127.0.0.1:8888
Tue, 16 Jul 2019 13:50:33 - urllib3.connectionpool - DEBUG - http://127.0.0.1:8888 "POST http://172.18.82.251:1240/mlableClassifier HTTP/1.1" 200 None
Tue, 16 Jul 2019 13:50:33 - urllib3.connectionpool - DEBUG - Starting new HTTP connection (1): 127.0.0.1:8888
Tue, 16 Jul 2019 13:50:33 - urllib3.connectionpool - DEBUG - http://127.0.0.1:8888 "POST http://172.18.82.251:1240/summary?percentage=0.3&charLimit=1000 HTTP/1.1" 200 None
Tue, 16 Jul 2019 13:50:33 - urllib3.connectionpool - DEBUG - Starting new HTTP connection (1): 127.0.0.1:8888
Tue, 16 Jul 2019 13:50:33 - urllib3.connectionpool - DEBUG - http://127.0.0.1:8888 "POST http://172.18.82.251:1240/sentiment?domain=content HTTP/1.1" 200 None
Tue, 16 Jul 2019 13:50:33 - urllib3.connectionpool - DEBUG - Starting new HTTP connection (1): 127.0.0.1:8888
Tue, 16 Jul 2019 13:50:33 - urllib3.connectionpool - DEBUG - http://127.0.0.1:8888 "POST http://172.18.82.251:1240/ner HTTP/1.1" 200 None
Tue, 16 Jul 2019 13:50:33 - urllib3.connectionpool - DEBUG - Starting new HTTP connection (1): 127.0.0.1:8888
Tue, 16 Jul 2019 13:50:33 - urllib3.connectionpool - DEBUG - http://127.0.0.1:8888 "POST http://172.18.82.251:1240/splitWord HTTP/1.1" 200 None
Tue, 16 Jul 2019 13:50:33 - urllib3.connectionpool - DEBUG - Starting new HTTP connection (1): 127.0.0.1:8888
Tue, 16 Jul 2019 13:50:33 - urllib3.connectionpool - DEBUG - http://127.0.0.1:8888 "POST http://172.18.82.251:1240/splitSentence HTTP/1.1" 200 None
Tue, 16 Jul 2019 13:50:33 - urllib3.connectionpool - DEBUG - Starting new HTTP connection (1): 127.0.0.1:8888
Tue, 16 Jul 2019 13:50:33 - urllib3.connectionpool - DEBUG - http://127.0.0.1:8888 "POST http://172.18.82.251:1240/posTag HTTP/1.1" 200 None
Tue, 16 Jul 2019 13:50:33 - urllib3.connectionpool - DEBUG - Starting new HTTP connection (1): 127.0.0.1:8888
Tue, 16 Jul 2019 13:50:33 - urllib3.connectionpool - DEBUG - http://127.0.0.1:8888 "POST http://172.18.82.251:1240/mlableClassifier HTTP/1.1" 200 None
Tue, 16 Jul 2019 13:50:33 - urllib3.connectionpool - DEBUG - Starting new HTTP connection (1): 127.0.0.1:8888
Tue, 16 Jul 2019 13:50:33 - urllib3.connectionpool - DEBUG - http://127.0.0.1:8888 "POST http://172.18.82.251:1240/summary?percentage=0.3&charLimit=1000 HTTP/1.1" 200 None
Tue, 16 Jul 2019 13:50:33 - urllib3.connectionpool - DEBUG - Starting new HTTP connection (1): 127.0.0.1:8888
Tue, 16 Jul 2019 13:50:33 - urllib3.connectionpool - DEBUG - http://127.0.0.1:8888 "POST http://172.18.82.251:1240/sentiment?domain=content HTTP/1.1" 200 None
Tue, 16 Jul 2019 13:50:33 - urllib3.connectionpool - DEBUG - Starting new HTTP connection (1): 127.0.0.1:8888
Tue, 16 Jul 2019 13:50:33 - urllib3.connectionpool - DEBUG - http://127.0.0.1:8888 "POST http://172.18.82.251:1240/ner HTTP/1.1" 200 None
Tue, 16 Jul 2019 13:50:33 - urllib3.connectionpool - DEBUG - Starting new HTTP connection (1): 127.0.0.1:8888
Tue, 16 Jul 2019 13:50:33 - urllib3.connectionpool - DEBUG - http://127.0.0.1:8888 "POST http://172.18.82.251:1240/splitWord HTTP/1.1" 200 None
Tue, 16 Jul 2019 13:50:33 - urllib3.connectionpool - DEBUG - Starting new HTTP connection (1): 127.0.0.1:8888
Tue, 16 Jul 2019 13:50:33 - urllib3.connectionpool - DEBUG - http://127.0.0.1:8888 "POST http://172.18.82.251:1240/splitSentence HTTP/1.1" 200 None
Tue, 16 Jul 2019 13:50:33 - urllib3.connectionpool - DEBUG - Starting new HTTP connection (1): 127.0.0.1:8888
Tue, 16 Jul 2019 13:50:33 - urllib3.connectionpool - DEBUG - http://127.0.0.1:8888 "POST http://172.18.82.251:1240/posTag HTTP/1.1" 200 None
Tue, 16 Jul 2019 13:50:33 - urllib3.connectionpool - DEBUG - Starting new HTTP connection (1): 127.0.0.1:8888
Tue, 16 Jul 2019 13:50:33 - urllib3.connectionpool - DEBUG - http://127.0.0.1:8888 "POST http://172.18.82.251:1240/mlableClassifier HTTP/1.1" 200 None
Tue, 16 Jul 2019 13:50:33 - urllib3.connectionpool - DEBUG - Starting new HTTP connection (1): 127.0.0.1:8888
Tue, 16 Jul 2019 13:50:33 - urllib3.connectionpool - DEBUG - http://127.0.0.1:8888 "POST http://172.18.82.251:1240/summary?percentage=0.3&charLimit=1000 HTTP/1.1" 200 None
Tue, 16 Jul 2019 13:50:33 - urllib3.connectionpool - DEBUG - Starting new HTTP connection (1): 127.0.0.1:8888
Tue, 16 Jul 2019 13:50:33 - urllib3.connectionpool - DEBUG - http://127.0.0.1:8888 "POST http://172.18.82.251:1240/sentiment?domain=content HTTP/1.1" 200 None
Tue, 16 Jul 2019 13:50:33 - urllib3.connectionpool - DEBUG - Starting new HTTP connection (1): 127.0.0.1:8888
Tue, 16 Jul 2019 13:50:33 - urllib3.connectionpool - DEBUG - http://127.0.0.1:8888 "POST http://172.18.82.251:1240/ner HTTP/1.1" 200 None
Tue, 16 Jul 2019 13:50:33 - urllib3.connectionpool - DEBUG - Starting new HTTP connection (1): 127.0.0.1:8888
Tue, 16 Jul 2019 13:50:33 - urllib3.connectionpool - DEBUG - http://127.0.0.1:8888 "POST http://172.18.82.251:1240/splitWord HTTP/1.1" 200 None
Tue, 16 Jul 2019 13:50:33 - urllib3.connectionpool - DEBUG - Starting new HTTP connection (1): 127.0.0.1:8888
Tue, 16 Jul 2019 13:50:33 - urllib3.connectionpool - DEBUG - http://127.0.0.1:8888 "POST http://172.18.82.251:1240/splitSentence HTTP/1.1" 200 None
Tue, 16 Jul 2019 13:50:33 - urllib3.connectionpool - DEBUG - Starting new HTTP connection (1): 127.0.0.1:8888
Tue, 16 Jul 2019 13:50:33 - urllib3.connectionpool - DEBUG - http://127.0.0.1:8888 "POST http://172.18.82.251:1240/posTag HTTP/1.1" 200 None
Tue, 16 Jul 2019 13:50:33 - urllib3.connectionpool - DEBUG - Starting new HTTP connection (1): 127.0.0.1:8888
Tue, 16 Jul 2019 13:50:33 - urllib3.connectionpool - DEBUG - http://127.0.0.1:8888 "POST http://172.18.82.251:1240/mlableClassifier HTTP/1.1" 200 None
Tue, 16 Jul 2019 13:50:33 - urllib3.connectionpool - DEBUG - Starting new HTTP connection (1): 127.0.0.1:8888
Tue, 16 Jul 2019 13:50:33 - urllib3.connectionpool - DEBUG - http://127.0.0.1:8888 "POST http://172.18.82.251:1240/summary?percentage=0.3&charLimit=1000 HTTP/1.1" 200 None
Tue, 16 Jul 2019 13:50:33 - urllib3.connectionpool - DEBUG - Starting new HTTP connection (1): 127.0.0.1:8888
Tue, 16 Jul 2019 13:50:33 - urllib3.connectionpool - DEBUG - http://127.0.0.1:8888 "POST http://172.18.82.251:1240/sentiment?domain=content HTTP/1.1" 200 None
Tue, 16 Jul 2019 13:50:33 - urllib3.connectionpool - DEBUG - Starting new HTTP connection (1): 127.0.0.1:8888
Tue, 16 Jul 2019 13:50:33 - urllib3.connectionpool - DEBUG - http://127.0.0.1:8888 "POST http://172.18.82.251:1240/ner HTTP/1.1" 200 None
Tue, 16 Jul 2019 13:50:33 - urllib3.connectionpool - DEBUG - Starting new HTTP connection (1): 127.0.0.1:8888
Tue, 16 Jul 2019 13:50:33 - urllib3.connectionpool - DEBUG - http://127.0.0.1:8888 "POST http://172.18.82.251:1240/splitWord HTTP/1.1" 200 None
Tue, 16 Jul 2019 13:50:33 - urllib3.connectionpool - DEBUG - Starting new HTTP connection (1): 127.0.0.1:8888
Tue, 16 Jul 2019 13:50:33 - urllib3.connectionpool - DEBUG - http://127.0.0.1:8888 "POST http://172.18.82.251:1240/splitSentence HTTP/1.1" 200 None
Tue, 16 Jul 2019 13:50:33 - urllib3.connectionpool - DEBUG - Starting new HTTP connection (1): 127.0.0.1:8888
Tue, 16 Jul 2019 13:50:33 - urllib3.connectionpool - DEBUG - http://127.0.0.1:8888 "POST http://172.18.82.251:1240/posTag HTTP/1.1" 200 None
Tue, 16 Jul 2019 13:50:33 - urllib3.connectionpool - DEBUG - Starting new HTTP connection (1): 127.0.0.1:8888
Tue, 16 Jul 2019 13:50:33 - urllib3.connectionpool - DEBUG - http://127.0.0.1:8888 "POST http://172.18.82.251:1240/mlableClassifier HTTP/1.1" 200 None
Tue, 16 Jul 2019 13:50:33 - urllib3.connectionpool - DEBUG - Starting new HTTP connection (1): 127.0.0.1:8888
Tue, 16 Jul 2019 13:50:33 - urllib3.connectionpool - DEBUG - http://127.0.0.1:8888 "POST http://172.18.82.251:1240/summary?percentage=0.3&charLimit=1000 HTTP/1.1" 200 None
Tue, 16 Jul 2019 13:50:33 - urllib3.connectionpool - DEBUG - Starting new HTTP connection (1): 127.0.0.1:8888
Tue, 16 Jul 2019 13:50:33 - urllib3.connectionpool - DEBUG - http://127.0.0.1:8888 "POST http://172.18.82.251:1240/sentiment?domain=content HTTP/1.1" 200 None
Tue, 16 Jul 2019 13:50:33 - urllib3.connectionpool - DEBUG - Starting new HTTP connection (1): 127.0.0.1:8888
Tue, 16 Jul 2019 13:50:33 - urllib3.connectionpool - DEBUG - http://127.0.0.1:8888 "POST http://172.18.82.251:1240/ner HTTP/1.1" 200 None
Tue, 16 Jul 2019 13:50:33 - urllib3.connectionpool - DEBUG - Starting new HTTP connection (1): 127.0.0.1:8888
Tue, 16 Jul 2019 13:50:33 - urllib3.connectionpool - DEBUG - http://127.0.0.1:8888 "POST http://172.18.82.251:1240/splitWord HTTP/1.1" 200 None
Tue, 16 Jul 2019 13:50:33 - urllib3.connectionpool - DEBUG - Starting new HTTP connection (1): 127.0.0.1:8888
Tue, 16 Jul 2019 13:50:33 - urllib3.connectionpool - DEBUG - http://127.0.0.1:8888 "POST http://172.18.82.251:1240/splitSentence HTTP/1.1" 200 None
Tue, 16 Jul 2019 13:50:33 - urllib3.connectionpool - DEBUG - Starting new HTTP connection (1): 127.0.0.1:8888
Tue, 16 Jul 2019 13:50:33 - urllib3.connectionpool - DEBUG - http://127.0.0.1:8888 "POST http://172.18.82.251:1240/posTag HTTP/1.1" 200 None
Tue, 16 Jul 2019 13:50:33 - urllib3.connectionpool - DEBUG - Starting new HTTP connection (1): 127.0.0.1:8888
Tue, 16 Jul 2019 13:50:33 - urllib3.connectionpool - DEBUG - http://127.0.0.1:8888 "POST http://172.18.82.251:1240/mlableClassifier HTTP/1.1" 200 None
Tue, 16 Jul 2019 13:50:34 - urllib3.connectionpool - DEBUG - Starting new HTTP connection (1): 127.0.0.1:8888
Tue, 16 Jul 2019 13:50:34 - urllib3.connectionpool - DEBUG - http://127.0.0.1:8888 "POST http://172.18.82.251:1240/summary?percentage=0.3&charLimit=1000 HTTP/1.1" 200 None
Tue, 16 Jul 2019 13:50:34 - urllib3.connectionpool - DEBUG - Starting new HTTP connection (1): 127.0.0.1:8888
Tue, 16 Jul 2019 13:50:34 - urllib3.connectionpool - DEBUG - http://127.0.0.1:8888 "POST http://172.18.82.251:1240/sentiment?domain=content HTTP/1.1" 200 None
Tue, 16 Jul 2019 13:50:34 - urllib3.connectionpool - DEBUG - Starting new HTTP connection (1): 127.0.0.1:8888
Tue, 16 Jul 2019 13:50:34 - urllib3.connectionpool - DEBUG - http://127.0.0.1:8888 "POST http://172.18.82.251:1240/ner HTTP/1.1" 200 None
Tue, 16 Jul 2019 13:50:34 - urllib3.connectionpool - DEBUG - Starting new HTTP connection (1): 127.0.0.1:8888
Tue, 16 Jul 2019 13:50:34 - urllib3.connectionpool - DEBUG - http://127.0.0.1:8888 "POST http://172.18.82.251:1240/splitWord HTTP/1.1" 200 None
Tue, 16 Jul 2019 13:50:34 - urllib3.connectionpool - DEBUG - Starting new HTTP connection (1): 127.0.0.1:8888
Tue, 16 Jul 2019 13:50:34 - urllib3.connectionpool - DEBUG - http://127.0.0.1:8888 "POST http://172.18.82.251:1240/splitSentence HTTP/1.1" 200 None
Tue, 16 Jul 2019 13:50:34 - urllib3.connectionpool - DEBUG - Starting new HTTP connection (1): 127.0.0.1:8888
Tue, 16 Jul 2019 13:50:34 - urllib3.connectionpool - DEBUG - http://127.0.0.1:8888 "POST http://172.18.82.251:1240/posTag HTTP/1.1" 200 None
Tue, 16 Jul 2019 13:50:34 - urllib3.connectionpool - DEBUG - Starting new HTTP connection (1): 127.0.0.1:8888
Tue, 16 Jul 2019 13:50:34 - urllib3.connectionpool - DEBUG - http://127.0.0.1:8888 "POST http://172.18.82.251:1240/mlableClassifier HTTP/1.1" 200 None
Tue, 16 Jul 2019 14:32:53 - urllib3.connectionpool - DEBUG - Starting new HTTP connection (1): 127.0.0.1:8888
Tue, 16 Jul 2019 14:32:54 - urllib3.connectionpool - DEBUG - http://127.0.0.1:8888 "POST http://172.18.82.251:1240/ner HTTP/1.1" 200 None
Tue, 16 Jul 2019 14:32:54 - urllib3.connectionpool - DEBUG - Starting new HTTP connection (1): 127.0.0.1:8888
Tue, 16 Jul 2019 14:32:54 - urllib3.connectionpool - DEBUG - http://127.0.0.1:8888 "POST http://172.18.82.251:1240/ner HTTP/1.1" 200 None
Tue, 16 Jul 2019 14:35:12 - urllib3.connectionpool - DEBUG - Starting new HTTP connection (1): 127.0.0.1:8888
Tue, 16 Jul 2019 14:35:12 - urllib3.connectionpool - DEBUG - http://127.0.0.1:8888 "POST http://172.18.82.251:1240/ner HTTP/1.1" 200 None
Tue, 16 Jul 2019 14:35:12 - urllib3.connectionpool - DEBUG - Starting new HTTP connection (1): 127.0.0.1:8888
Tue, 16 Jul 2019 14:35:12 - urllib3.connectionpool - DEBUG - http://127.0.0.1:8888 "POST http://172.18.82.251:1240/ner HTTP/1.1" 200 None
Tue, 16 Jul 2019 14:35:54 - urllib3.connectionpool - DEBUG - Starting new HTTP connection (1): 127.0.0.1:8888
Tue, 16 Jul 2019 14:35:54 - urllib3.connectionpool - DEBUG - http://127.0.0.1:8888 "POST http://172.18.82.251:1240/ner HTTP/1.1" 200 None
Tue, 16 Jul 2019 14:35:54 - urllib3.connectionpool - DEBUG - Starting new HTTP connection (1): 127.0.0.1:8888
Tue, 16 Jul 2019 14:35:54 - urllib3.connectionpool - DEBUG - http://127.0.0.1:8888 "POST http://172.18.82.251:1240/ner HTTP/1.1" 200 None
Tue, 16 Jul 2019 14:39:18 - urllib3.connectionpool - DEBUG - Starting new HTTP connection (1): 127.0.0.1:8888
Tue, 16 Jul 2019 14:39:19 - urllib3.connectionpool - DEBUG - http://127.0.0.1:8888 "POST http://172.18.82.251:1240/ner HTTP/1.1" 200 None
Tue, 16 Jul 2019 14:39:19 - urllib3.connectionpool - DEBUG - Starting new HTTP connection (1): 127.0.0.1:8888
Tue, 16 Jul 2019 14:39:19 - urllib3.connectionpool - DEBUG - http://127.0.0.1:8888 "POST http://172.18.82.251:1240/ner HTTP/1.1" 200 None
Tue, 16 Jul 2019 14:43:06 - urllib3.connectionpool - DEBUG - Starting new HTTP connection (1): 127.0.0.1:8888
Tue, 16 Jul 2019 14:43:06 - urllib3.connectionpool - DEBUG - http://127.0.0.1:8888 "POST http://172.18.82.251:1240/ner HTTP/1.1" 200 None
Tue, 16 Jul 2019 14:43:06 - urllib3.connectionpool - DEBUG - Starting new HTTP connection (1): 127.0.0.1:8888
Tue, 16 Jul 2019 14:43:06 - urllib3.connectionpool - DEBUG - http://127.0.0.1:8888 "POST http://172.18.82.251:1240/ner HTTP/1.1" 200 None
Tue, 16 Jul 2019 14:45:23 - urllib3.connectionpool - DEBUG - Starting new HTTP connection (1): 127.0.0.1:8888
Tue, 16 Jul 2019 14:45:23 - urllib3.connectionpool - DEBUG - http://127.0.0.1:8888 "POST http://172.18.82.251:1240/ner HTTP/1.1" 200 None
Tue, 16 Jul 2019 14:45:23 - urllib3.connectionpool - DEBUG - Starting new HTTP connection (1): 127.0.0.1:8888
Tue, 16 Jul 2019 14:45:23 - urllib3.connectionpool - DEBUG - http://127.0.0.1:8888 "POST http://172.18.82.251:1240/ner HTTP/1.1" 200 None
Tue, 16 Jul 2019 14:45:46 - urllib3.connectionpool - DEBUG - Starting new HTTP connection (1): 127.0.0.1:8888
Tue, 16 Jul 2019 14:45:47 - urllib3.connectionpool - DEBUG - http://127.0.0.1:8888 "POST http://172.18.82.251:1240/ner HTTP/1.1" 200 None
Tue, 16 Jul 2019 14:45:47 - urllib3.connectionpool - DEBUG - Starting new HTTP connection (1): 127.0.0.1:8888
Tue, 16 Jul 2019 14:45:47 - urllib3.connectionpool - DEBUG - http://127.0.0.1:8888 "POST http://172.18.82.251:1240/ner HTTP/1.1" 200 None
Tue, 16 Jul 2019 14:47:24 - urllib3.connectionpool - DEBUG - Starting new HTTP connection (1): 127.0.0.1:8888
Tue, 16 Jul 2019 14:47:24 - urllib3.connectionpool - DEBUG - http://127.0.0.1:8888 "POST http://172.18.82.251:1240/ner HTTP/1.1" 200 None
Tue, 16 Jul 2019 14:47:25 - urllib3.connectionpool - DEBUG - Starting new HTTP connection (1): 127.0.0.1:8888
Tue, 16 Jul 2019 14:47:25 - urllib3.connectionpool - DEBUG - http://127.0.0.1:8888 "POST http://172.18.82.251:1240/ner HTTP/1.1" 200 None
Tue, 16 Jul 2019 14:48:11 - urllib3.connectionpool - DEBUG - Starting new HTTP connection (1): 127.0.0.1:8888
Tue, 16 Jul 2019 14:48:11 - urllib3.connectionpool - DEBUG - http://127.0.0.1:8888 "POST http://172.18.82.251:1240/ner HTTP/1.1" 200 None
Tue, 16 Jul 2019 14:48:11 - urllib3.connectionpool - DEBUG - Starting new HTTP connection (1): 127.0.0.1:8888
Tue, 16 Jul 2019 14:48:11 - urllib3.connectionpool - DEBUG - http://127.0.0.1:8888 "POST http://172.18.82.251:1240/ner HTTP/1.1" 200 None
Tue, 16 Jul 2019 14:48:55 - urllib3.connectionpool - DEBUG - Starting new HTTP connection (1): 127.0.0.1:8888
Tue, 16 Jul 2019 14:48:55 - urllib3.connectionpool - DEBUG - http://127.0.0.1:8888 "POST http://172.18.82.251:1240/ner HTTP/1.1" 200 None
Tue, 16 Jul 2019 14:48:55 - urllib3.connectionpool - DEBUG - Starting new HTTP connection (1): 127.0.0.1:8888
Tue, 16 Jul 2019 14:48:55 - urllib3.connectionpool - DEBUG - http://127.0.0.1:8888 "POST http://172.18.82.251:1240/ner HTTP/1.1" 200 None
Tue, 16 Jul 2019 14:49:36 - urllib3.connectionpool - DEBUG - Starting new HTTP connection (1): 127.0.0.1:8888
Tue, 16 Jul 2019 14:49:36 - urllib3.connectionpool - DEBUG - http://127.0.0.1:8888 "POST http://172.18.82.251:1240/ner HTTP/1.1" 200 None
Tue, 16 Jul 2019 14:49:37 - urllib3.connectionpool - DEBUG - Starting new HTTP connection (1): 127.0.0.1:8888
Tue, 16 Jul 2019 14:49:37 - urllib3.connectionpool - DEBUG - http://127.0.0.1:8888 "POST http://172.18.82.251:1240/ner HTTP/1.1" 200 None
Tue, 16 Jul 2019 14:49:48 - urllib3.connectionpool - DEBUG - Starting new HTTP connection (1): 127.0.0.1:8888
Tue, 16 Jul 2019 14:49:49 - urllib3.connectionpool - DEBUG - http://127.0.0.1:8888 "POST http://172.18.82.251:1240/ner HTTP/1.1" 200 None
Tue, 16 Jul 2019 14:49:49 - urllib3.connectionpool - DEBUG - Starting new HTTP connection (1): 127.0.0.1:8888
Tue, 16 Jul 2019 14:49:49 - urllib3.connectionpool - DEBUG - http://127.0.0.1:8888 "POST http://172.18.82.251:1240/ner HTTP/1.1" 200 None
Tue, 16 Jul 2019 14:50:51 - urllib3.connectionpool - DEBUG - Starting new HTTP connection (1): 127.0.0.1:8888
Tue, 16 Jul 2019 14:50:51 - urllib3.connectionpool - DEBUG - http://127.0.0.1:8888 "POST http://172.18.82.251:1240/ner HTTP/1.1" 200 None
Tue, 16 Jul 2019 14:50:52 - urllib3.connectionpool - DEBUG - Starting new HTTP connection (1): 127.0.0.1:8888
Tue, 16 Jul 2019 14:50:52 - urllib3.connectionpool - DEBUG - http://127.0.0.1:8888 "POST http://172.18.82.251:1240/ner HTTP/1.1" 200 None
Tue, 16 Jul 2019 14:58:20 - urllib3.connectionpool - DEBUG - Starting new HTTP connection (1): 127.0.0.1:8888
Tue, 16 Jul 2019 14:58:20 - urllib3.connectionpool - DEBUG - http://127.0.0.1:8888 "POST http://172.18.82.251:1240/ner HTTP/1.1" 200 None
Tue, 16 Jul 2019 14:58:20 - urllib3.connectionpool - DEBUG - Starting new HTTP connection (1): 127.0.0.1:8888
Tue, 16 Jul 2019 14:58:20 - urllib3.connectionpool - DEBUG - http://127.0.0.1:8888 "POST http://172.18.82.251:1240/ner HTTP/1.1" 200 None
Tue, 16 Jul 2019 14:58:20 - urllib3.connectionpool - DEBUG - Starting new HTTP connection (1): 127.0.0.1:8888
Tue, 16 Jul 2019 14:58:20 - urllib3.connectionpool - DEBUG - http://127.0.0.1:8888 "POST http://172.18.82.251:1240/ner HTTP/1.1" 200 None
Tue, 16 Jul 2019 15:01:10 - urllib3.connectionpool - DEBUG - Starting new HTTP connection (1): 127.0.0.1:8888
Tue, 16 Jul 2019 15:01:10 - urllib3.connectionpool - DEBUG - http://127.0.0.1:8888 "POST http://172.18.82.251:1240/ner HTTP/1.1" 200 None
Tue, 16 Jul 2019 15:01:10 - urllib3.connectionpool - DEBUG - Starting new HTTP connection (1): 127.0.0.1:8888
Tue, 16 Jul 2019 15:01:10 - urllib3.connectionpool - DEBUG - http://127.0.0.1:8888 "POST http://172.18.82.251:1240/ner HTTP/1.1" 200 None
Tue, 16 Jul 2019 15:01:10 - urllib3.connectionpool - DEBUG - Starting new HTTP connection (1): 127.0.0.1:8888
Tue, 16 Jul 2019 15:02:33 - urllib3.connectionpool - DEBUG - http://127.0.0.1:8888 "POST http://172.18.82.251:1240/ner HTTP/1.1" 200 None
Tue, 16 Jul 2019 15:20:22 - urllib3.connectionpool - DEBUG - Starting new HTTP connection (1): 127.0.0.1:8888
Tue, 16 Jul 2019 15:20:23 - urllib3.connectionpool - DEBUG - http://127.0.0.1:8888 "POST http://172.18.82.251:1240/keyWord HTTP/1.1" 200 None
Tue, 16 Jul 2019 15:20:44 - urllib3.connectionpool - DEBUG - Starting new HTTP connection (1): 127.0.0.1:8888
Tue, 16 Jul 2019 15:20:44 - urllib3.connectionpool - DEBUG - http://127.0.0.1:8888 "POST http://172.18.82.251:1240/keyWord HTTP/1.1" 200 None
Tue, 16 Jul 2019 15:22:01 - urllib3.connectionpool - DEBUG - Starting new HTTP connection (1): 127.0.0.1:8888
Tue, 16 Jul 2019 15:22:01 - urllib3.connectionpool - DEBUG - http://127.0.0.1:8888 "POST http://172.18.82.251:1240/keyWord HTTP/1.1" 200 None
Tue, 16 Jul 2019 15:23:04 - urllib3.connectionpool - DEBUG - Starting new HTTP connection (1): 127.0.0.1:8888
Tue, 16 Jul 2019 15:23:04 - urllib3.connectionpool - DEBUG - http://127.0.0.1:8888 "POST http://172.18.82.251:1240/keyWord HTTP/1.1" 200 None
Tue, 16 Jul 2019 15:23:04 - urllib3.connectionpool - DEBUG - Starting new HTTP connection (1): 127.0.0.1:8888
Tue, 16 Jul 2019 15:23:04 - urllib3.connectionpool - DEBUG - http://127.0.0.1:8888 "POST http://172.18.82.251:1240/keyWord HTTP/1.1" 200 None
Tue, 16 Jul 2019 15:24:45 - urllib3.connectionpool - DEBUG - Starting new HTTP connection (1): 127.0.0.1:8888
Tue, 16 Jul 2019 15:24:45 - urllib3.connectionpool - DEBUG - http://127.0.0.1:8888 "POST http://172.18.82.251:1240/keyWord HTTP/1.1" 200 None
Tue, 16 Jul 2019 15:24:45 - urllib3.connectionpool - DEBUG - Starting new HTTP connection (1): 127.0.0.1:8888
Tue, 16 Jul 2019 15:24:45 - urllib3.connectionpool - DEBUG - http://127.0.0.1:8888 "POST http://172.18.82.251:1240/keyWord HTTP/1.1" 200 None
Tue, 16 Jul 2019 15:24:45 - urllib3.connectionpool - DEBUG - Starting new HTTP connection (1): 127.0.0.1:8888
Tue, 16 Jul 2019 15:24:45 - urllib3.connectionpool - DEBUG - http://127.0.0.1:8888 "POST http://172.18.82.251:1240/keyWord HTTP/1.1" 200 None
Tue, 16 Jul 2019 15:30:53 - urllib3.connectionpool - DEBUG - Starting new HTTP connection (1): 127.0.0.1:8888
Tue, 16 Jul 2019 15:30:53 - urllib3.connectionpool - DEBUG - http://127.0.0.1:8888 "POST http://172.18.82.251:1240/keyWord HTTP/1.1" 200 None
Tue, 16 Jul 2019 15:30:53 - urllib3.connectionpool - DEBUG - Starting new HTTP connection (1): 127.0.0.1:8888
Tue, 16 Jul 2019 15:30:54 - urllib3.connectionpool - DEBUG - http://127.0.0.1:8888 "POST http://172.18.82.251:1240/keyWord HTTP/1.1" 200 None
Tue, 16 Jul 2019 15:30:54 - urllib3.connectionpool - DEBUG - Starting new HTTP connection (1): 127.0.0.1:8888
Tue, 16 Jul 2019 15:30:54 - urllib3.connectionpool - DEBUG - http://127.0.0.1:8888 "POST http://172.18.82.251:1240/keyWord HTTP/1.1" 200 None
Tue, 16 Jul 2019 15:30:54 - urllib3.connectionpool - DEBUG - Starting new HTTP connection (1): 127.0.0.1:8888
Tue, 16 Jul 2019 15:30:54 - urllib3.connectionpool - DEBUG - http://127.0.0.1:8888 "POST http://172.18.82.251:1240/keyWord HTTP/1.1" 200 None
Tue, 16 Jul 2019 15:30:54 - urllib3.connectionpool - DEBUG - Starting new HTTP connection (1): 127.0.0.1:8888
Tue, 16 Jul 2019 15:30:54 - urllib3.connectionpool - DEBUG - http://127.0.0.1:8888 "POST http://172.18.82.251:1240/keyWord HTTP/1.1" 200 None
Tue, 16 Jul 2019 15:30:54 - urllib3.connectionpool - DEBUG - Starting new HTTP connection (1): 127.0.0.1:8888
Tue, 16 Jul 2019 15:30:54 - urllib3.connectionpool - DEBUG - http://127.0.0.1:8888 "POST http://172.18.82.251:1240/keyWord HTTP/1.1" 200 None
Tue, 16 Jul 2019 15:30:54 - urllib3.connectionpool - DEBUG - Starting new HTTP connection (1): 127.0.0.1:8888
Tue, 16 Jul 2019 15:30:54 - urllib3.connectionpool - DEBUG - http://127.0.0.1:8888 "POST http://172.18.82.251:1240/keyWord HTTP/1.1" 200 None
Tue, 16 Jul 2019 15:30:54 - urllib3.connectionpool - DEBUG - Starting new HTTP connection (1): 127.0.0.1:8888
Tue, 16 Jul 2019 15:30:54 - urllib3.connectionpool - DEBUG - http://127.0.0.1:8888 "POST http://172.18.82.251:1240/keyWord HTTP/1.1" 200 None
Tue, 16 Jul 2019 15:30:54 - urllib3.connectionpool - DEBUG - Starting new HTTP connection (1): 127.0.0.1:8888
Tue, 16 Jul 2019 15:30:54 - urllib3.connectionpool - DEBUG - http://127.0.0.1:8888 "POST http://172.18.82.251:1240/keyWord HTTP/1.1" 200 None
Wed, 17 Jul 2019 11:50:58 - urllib3.connectionpool - DEBUG - Starting new HTTP connection (1): 127.0.0.1:8888
Wed, 17 Jul 2019 11:50:58 - urllib3.connectionpool - DEBUG - http://127.0.0.1:8888 "POST http://172.18.82.251:1240/summary?charLimit=1000 HTTP/1.1" 200 None
Wed, 17 Jul 2019 11:50:58 - urllib3.connectionpool - DEBUG - Starting new HTTP connection (1): 127.0.0.1:8888
Wed, 17 Jul 2019 11:50:58 - urllib3.connectionpool - DEBUG - http://127.0.0.1:8888 "POST http://172.18.82.251:1240/summary?percentage=0&charLimit=1000 HTTP/1.1" 200 None
Wed, 17 Jul 2019 11:50:58 - urllib3.connectionpool - DEBUG - Starting new HTTP connection (1): 127.0.0.1:8888
Wed, 17 Jul 2019 11:50:59 - urllib3.connectionpool - DEBUG - http://127.0.0.1:8888 "POST http://172.18.82.251:1240/summary?percentage=0.1&charLimit=1000 HTTP/1.1" 200 None
Wed, 17 Jul 2019 11:50:59 - urllib3.connectionpool - DEBUG - Starting new HTTP connection (1): 127.0.0.1:8888
Wed, 17 Jul 2019 11:50:59 - urllib3.connectionpool - DEBUG - http://127.0.0.1:8888 "POST http://172.18.82.251:1240/summary?percentage=0.5&charLimit=1000 HTTP/1.1" 200 None
Wed, 17 Jul 2019 11:50:59 - urllib3.connectionpool - DEBUG - Starting new HTTP connection (1): 127.0.0.1:8888
Wed, 17 Jul 2019 11:50:59 - urllib3.connectionpool - DEBUG - http://127.0.0.1:8888 "POST http://172.18.82.251:1240/summary?percentage=0.9&charLimit=1000 HTTP/1.1" 200 None
Wed, 17 Jul 2019 11:50:59 - urllib3.connectionpool - DEBUG - Starting new HTTP connection (1): 127.0.0.1:8888
Wed, 17 Jul 2019 11:50:59 - urllib3.connectionpool - DEBUG - http://127.0.0.1:8888 "POST http://172.18.82.251:1240/summary?percentage=1&charLimit=1000 HTTP/1.1" 200 None
Wed, 17 Jul 2019 11:50:59 - urllib3.connectionpool - DEBUG - Starting new HTTP connection (1): 127.0.0.1:8888
Wed, 17 Jul 2019 11:50:59 - urllib3.connectionpool - DEBUG - http://127.0.0.1:8888 "POST http://172.18.82.251:1240/summary?percentage=0.5 HTTP/1.1" 200 None
Wed, 17 Jul 2019 11:50:59 - urllib3.connectionpool - DEBUG - Starting new HTTP connection (1): 127.0.0.1:8888
Wed, 17 Jul 2019 11:50:59 - urllib3.connectionpool - DEBUG - http://127.0.0.1:8888 "POST http://172.18.82.251:1240/summary?percentage=0.5&charLimit=50 HTTP/1.1" 200 None
Wed, 17 Jul 2019 11:50:59 - urllib3.connectionpool - DEBUG - Starting new HTTP connection (1): 127.0.0.1:8888
Wed, 17 Jul 2019 11:50:59 - urllib3.connectionpool - DEBUG - http://127.0.0.1:8888 "POST http://172.18.82.251:1240/summary?percentage=0.5&charLimit=800 HTTP/1.1" 200 None
Wed, 17 Jul 2019 11:50:59 - urllib3.connectionpool - DEBUG - Starting new HTTP connection (1): 127.0.0.1:8888
Wed, 17 Jul 2019 11:50:59 - urllib3.connectionpool - DEBUG - http://127.0.0.1:8888 "POST http://172.18.82.251:1240/summary?percentage=0.5&charLimit=3000 HTTP/1.1" 200 None
Wed, 17 Jul 2019 11:50:59 - urllib3.connectionpool - DEBUG - Starting new HTTP connection (1): 127.0.0.1:8888
Wed, 17 Jul 2019 11:50:59 - urllib3.connectionpool - DEBUG - http://127.0.0.1:8888 "POST http://172.18.82.251:1240/summary?percentage=0.3&charLimit=600 HTTP/1.1" 200 None
Wed, 17 Jul 2019 11:50:59 - urllib3.connectionpool - DEBUG - Starting new HTTP connection (1): 127.0.0.1:8888
Wed, 17 Jul 2019 11:50:59 - urllib3.connectionpool - DEBUG - http://127.0.0.1:8888 "POST http://172.18.82.251:1240/summary?percentage=0.3&charLimit=600 HTTP/1.1" 200 None
Wed, 17 Jul 2019 11:50:59 - root - DEBUG - -----调试信息[debug]---test_summary_miss_content--
Wed, 17 Jul 2019 11:50:59 - urllib3.connectionpool - DEBUG - Starting new HTTP connection (1): 127.0.0.1:8888
Wed, 17 Jul 2019 11:50:59 - urllib3.connectionpool - DEBUG - http://127.0.0.1:8888 "POST http://172.18.82.251:1240/summary?percentage=0.3&charLimit=600 HTTP/1.1" 200 None
Wed, 17 Jul 2019 11:50:59 - root - DEBUG - -----调试信息[debug]---test_summary_no_article--
Wed, 17 Jul 2019 11:50:59 - urllib3.connectionpool - DEBUG - Starting new HTTP connection (1): 127.0.0.1:8888
Wed, 17 Jul 2019 11:50:59 - urllib3.connectionpool - DEBUG - http://127.0.0.1:8888 "POST http://172.18.82.251:1240/summary?percentage=0.3&charLimit=600 HTTP/1.1" 200 None
Wed, 17 Jul 2019 11:50:59 - root - DEBUG - -----调试信息[debug]---test_summary_multi_article--
Wed, 17 Jul 2019 11:50:59 - urllib3.connectionpool - DEBUG - Starting new HTTP connection (1): 127.0.0.1:8888
Wed, 17 Jul 2019 11:51:00 - urllib3.connectionpool - DEBUG - http://127.0.0.1:8888 "POST http://172.18.82.251:1240/summary?percentage=0.3&charLimit=600 HTTP/1.1" 200 None
Wed, 17 Jul 2019 11:51:00 - root - DEBUG - -----调试信息[debug]---test_summary_multi_article_miss_some_field--
Wed, 17 Jul 2019 11:51:00 - urllib3.connectionpool - DEBUG - Starting new HTTP connection (1): 127.0.0.1:8888
Wed, 17 Jul 2019 11:51:00 - urllib3.connectionpool - DEBUG - http://127.0.0.1:8888 "POST http://172.18.82.251:1240/summary?percentage=0.3&charLimit=600 HTTP/1.1" 200 None
Wed, 17 Jul 2019 11:51:00 - root - DEBUG - -----调试信息[debug]----article 0 has no title
Wed, 17 Jul 2019 11:51:00 - root - DEBUG - -----调试信息[debug]---test_summary_multi_article_miss_some_field--
Wed, 17 Jul 2019 11:51:00 - urllib3.connectionpool - DEBUG - Starting new HTTP connection (1): 127.0.0.1:8888
Wed, 17 Jul 2019 11:51:00 - urllib3.connectionpool - DEBUG - http://127.0.0.1:8888 "POST http://172.18.82.251:1240/summary?percentage=0.3&charLimit=600 HTTP/1.1" 200 None
Wed, 17 Jul 2019 11:51:00 - root - DEBUG - -----调试信息[debug]----article 1 has no title
Wed, 17 Jul 2019 11:51:00 - root - DEBUG - -----调试信息[debug]---test_summary_multi_article_miss_some_field--
Wed, 17 Jul 2019 11:51:00 - urllib3.connectionpool - DEBUG - Starting new HTTP connection (1): 127.0.0.1:8888
Wed, 17 Jul 2019 11:51:00 - urllib3.connectionpool - DEBUG - http://127.0.0.1:8888 "POST http://172.18.82.251:1240/summary?percentage=0.3&charLimit=600 HTTP/1.1" 200 None
Wed, 17 Jul 2019 11:51:00 - root - DEBUG - -----调试信息[debug]----article 1 has no content
Wed, 17 Jul 2019 11:51:00 - root - DEBUG - -----调试信息[debug]---test_summary_multi_article_miss_some_field--
Wed, 17 Jul 2019 11:51:00 - urllib3.connectionpool - DEBUG - Starting new HTTP connection (1): 127.0.0.1:8888
Wed, 17 Jul 2019 11:51:00 - urllib3.connectionpool - DEBUG - http://127.0.0.1:8888 "POST http://172.18.82.251:1240/summary?percentage=0.3&charLimit=600 HTTP/1.1" 200 None
Wed, 17 Jul 2019 11:51:00 - root - DEBUG - -----调试信息[debug]----article 0 has no title
Thu, 18 Jul 2019 16:25:26 - urllib3.connectionpool - DEBUG - Starting new HTTP connection (1): 172.18.82.251:1240
Thu, 18 Jul 2019 16:25:42 - urllib3.connectionpool - DEBUG - http://172.18.82.251:1240 "POST /custom HTTP/1.1" 200 None
Thu, 18 Jul 2019 16:25:42 - urllib3.connectionpool - DEBUG - Starting new HTTP connection (1): 127.0.0.1:8888
Thu, 18 Jul 2019 16:25:44 - urllib3.connectionpool - DEBUG - http://127.0.0.1:8888 "POST http://172.18.82.251:1240/keyWord HTTP/1.1" 200 None
Thu, 18 Jul 2019 16:25:44 - urllib3.connectionpool - DEBUG - Starting new HTTP connection (1): 127.0.0.1:8888
Thu, 18 Jul 2019 16:25:44 - urllib3.connectionpool - DEBUG - http://127.0.0.1:8888 "POST http://172.18.82.251:1240/keyWord HTTP/1.1" 200 None
Thu, 18 Jul 2019 16:25:44 - urllib3.connectionpool - DEBUG - Starting new HTTP connection (1): 127.0.0.1:8888
Thu, 18 Jul 2019 16:25:48 - urllib3.connectionpool - DEBUG - http://127.0.0.1:8888 "POST http://172.18.82.251:1240/keyWord HTTP/1.1" 200 None
Thu, 18 Jul 2019 16:25:48 - urllib3.connectionpool - DEBUG - Starting new HTTP connection (1): 127.0.0.1:8888
Thu, 18 Jul 2019 16:25:48 - urllib3.connectionpool - DEBUG - http://127.0.0.1:8888 "POST http://172.18.82.251:1240/keyWord HTTP/1.1" 200 None
Thu, 18 Jul 2019 16:25:48 - urllib3.connectionpool - DEBUG - Starting new HTTP connection (1): 127.0.0.1:8888
Thu, 18 Jul 2019 16:25:48 - urllib3.connectionpool - DEBUG - http://127.0.0.1:8888 "POST http://172.18.82.251:1240/keyWord HTTP/1.1" 200 None
Thu, 18 Jul 2019 16:25:48 - urllib3.connectionpool - DEBUG - Starting new HTTP connection (1): 127.0.0.1:8888
Thu, 18 Jul 2019 16:25:48 - urllib3.connectionpool - DEBUG - http://127.0.0.1:8888 "POST http://172.18.82.251:1240/keyWord HTTP/1.1" 200 None
Thu, 18 Jul 2019 16:25:48 - urllib3.connectionpool - DEBUG - Starting new HTTP connection (1): 127.0.0.1:8888
Thu, 18 Jul 2019 16:25:48 - urllib3.connectionpool - DEBUG - http://127.0.0.1:8888 "POST http://172.18.82.251:1240/keyWord HTTP/1.1" 200 None
Thu, 18 Jul 2019 16:25:48 - urllib3.connectionpool - DEBUG - Starting new HTTP connection (1): 127.0.0.1:8888
Thu, 18 Jul 2019 16:25:48 - urllib3.connectionpool - DEBUG - http://127.0.0.1:8888 "POST http://172.18.82.251:1240/keyWord HTTP/1.1" 200 None
Thu, 18 Jul 2019 16:25:48 - urllib3.connectionpool - DEBUG - Starting new HTTP connection (1): 127.0.0.1:8888
Thu, 18 Jul 2019 16:25:48 - urllib3.connectionpool - DEBUG - http://127.0.0.1:8888 "POST http://172.18.82.251:1240/keyWord HTTP/1.1" 200 None
Thu, 18 Jul 2019 16:25:48 - urllib3.connectionpool - DEBUG - Starting new HTTP connection (1): 127.0.0.1:8888
Thu, 18 Jul 2019 16:25:48 - urllib3.connectionpool - DEBUG - http://127.0.0.1:8888 "POST http://172.18.82.251:1240/mlableClassifier HTTP/1.1" 200 None
Thu, 18 Jul 2019 16:25:48 - urllib3.connectionpool - DEBUG - Starting new HTTP connection (1): 127.0.0.1:8888
Thu, 18 Jul 2019 16:25:49 - urllib3.connectionpool - DEBUG - http://127.0.0.1:8888 "POST http://172.18.82.251:1240/mlableClassifier HTTP/1.1" 200 None
Thu, 18 Jul 2019 16:25:49 - urllib3.connectionpool - DEBUG - Starting new HTTP connection (1): 127.0.0.1:8888
Thu, 18 Jul 2019 16:25:50 - urllib3.connectionpool - DEBUG - http://127.0.0.1:8888 "POST http://172.18.82.251:1240/mlableClassifier HTTP/1.1" 200 None
Thu, 18 Jul 2019 16:25:50 - urllib3.connectionpool - DEBUG - Starting new HTTP connection (1): 127.0.0.1:8888
Thu, 18 Jul 2019 16:25:50 - urllib3.connectionpool - DEBUG - http://127.0.0.1:8888 "POST http://172.18.82.251:1240/mlableClassifier HTTP/1.1" 200 None
Thu, 18 Jul 2019 16:25:50 - urllib3.connectionpool - DEBUG - Starting new HTTP connection (1): 127.0.0.1:8888
Thu, 18 Jul 2019 16:25:50 - urllib3.connectionpool - DEBUG - http://127.0.0.1:8888 "POST http://172.18.82.251:1240/mlableClassifier HTTP/1.1" 200 None
Thu, 18 Jul 2019 16:25:50 - urllib3.connectionpool - DEBUG - Starting new HTTP connection (1): 127.0.0.1:8888
Thu, 18 Jul 2019 16:25:50 - urllib3.connectionpool - DEBUG - http://127.0.0.1:8888 "POST http://172.18.82.251:1240/mlableClassifier HTTP/1.1" 200 None
Thu, 18 Jul 2019 16:25:50 - urllib3.connectionpool - DEBUG - Starting new HTTP connection (1): 127.0.0.1:8888
Thu, 18 Jul 2019 16:25:51 - urllib3.connectionpool - DEBUG - http://127.0.0.1:8888 "POST http://172.18.82.251:1240/mlableClassifier HTTP/1.1" 200 None
Thu, 18 Jul 2019 16:25:51 - urllib3.connectionpool - DEBUG - Starting new HTTP connection (1): 127.0.0.1:8888
Thu, 18 Jul 2019 16:25:51 - urllib3.connectionpool - DEBUG - http://127.0.0.1:8888 "POST http://172.18.82.251:1240/mlableClassifier HTTP/1.1" 200 None
Thu, 18 Jul 2019 16:25:51 - urllib3.connectionpool - DEBUG - Starting new HTTP connection (1): 127.0.0.1:8888
Thu, 18 Jul 2019 16:25:51 - urllib3.connectionpool - DEBUG - http://127.0.0.1:8888 "POST http://172.18.82.251:1240/mlableClassifier HTTP/1.1" 200 None
Thu, 18 Jul 2019 16:25:51 - urllib3.connectionpool - DEBUG - Starting new HTTP connection (1): 127.0.0.1:8888
Thu, 18 Jul 2019 16:25:51 - urllib3.connectionpool - DEBUG - http://127.0.0.1:8888 "POST http://172.18.82.251:1240/mlableClassifier HTTP/1.1" 200 None
Thu, 18 Jul 2019 16:25:51 - urllib3.connectionpool - DEBUG - Starting new HTTP connection (1): 127.0.0.1:8888
Thu, 18 Jul 2019 16:25:52 - urllib3.connectionpool - DEBUG - http://127.0.0.1:8888 "POST http://172.18.82.251:1240/mlableClassifier HTTP/1.1" 200 None
Thu, 18 Jul 2019 16:25:52 - urllib3.connectionpool - DEBUG - Starting new HTTP connection (1): 127.0.0.1:8888
Thu, 18 Jul 2019 16:25:52 - urllib3.connectionpool - DEBUG - http://127.0.0.1:8888 "POST http://172.18.82.251:1240/mlableClassifier HTTP/1.1" 200 None
Thu, 18 Jul 2019 16:25:52 - urllib3.connectionpool - DEBUG - Starting new HTTP connection (1): 127.0.0.1:8888
Thu, 18 Jul 2019 16:25:52 - urllib3.connectionpool - DEBUG - http://127.0.0.1:8888 "POST http://172.18.82.251:1240/mlableClassifier HTTP/1.1" 200 None
Thu, 18 Jul 2019 16:25:52 - urllib3.connectionpool - DEBUG - Starting new HTTP connection (1): 127.0.0.1:8888
Thu, 18 Jul 2019 16:25:52 - urllib3.connectionpool - DEBUG - http://127.0.0.1:8888 "POST http://172.18.82.251:1240/mlableClassifier HTTP/1.1" 200 None
Thu, 18 Jul 2019 16:25:52 - urllib3.connectionpool - DEBUG - Starting new HTTP connection (1): 127.0.0.1:8888
Thu, 18 Jul 2019 16:25:54 - urllib3.connectionpool - DEBUG - http://127.0.0.1:8888 "POST http://172.18.82.251:1240/mlableClassifier HTTP/1.1" 200 None
Thu, 18 Jul 2019 16:25:54 - urllib3.connectionpool - DEBUG - Starting new HTTP connection (1): 127.0.0.1:8888
Thu, 18 Jul 2019 16:25:54 - urllib3.connectionpool - DEBUG - http://127.0.0.1:8888 "POST http://172.18.82.251:1240/mlableClassifier HTTP/1.1" 200 None
Thu, 18 Jul 2019 16:25:54 - urllib3.connectionpool - DEBUG - Starting new HTTP connection (1): 127.0.0.1:8888
Thu, 18 Jul 2019 16:25:54 - urllib3.connectionpool - DEBUG - http://127.0.0.1:8888 "POST http://172.18.82.251:1240/mlableClassifier HTTP/1.1" 200 None
Thu, 18 Jul 2019 16:25:54 - urllib3.connectionpool - DEBUG - Starting new HTTP connection (1): 127.0.0.1:8888
Thu, 18 Jul 2019 16:25:54 - urllib3.connectionpool - DEBUG - http://127.0.0.1:8888 "POST http://172.18.82.251:1240/mlableClassifier HTTP/1.1" 200 None
Thu, 18 Jul 2019 16:25:54 - urllib3.connectionpool - DEBUG - Starting new HTTP connection (1): 127.0.0.1:8888
Thu, 18 Jul 2019 16:25:54 - urllib3.connectionpool - DEBUG - http://127.0.0.1:8888 "POST http://172.18.82.251:1240/mlableClassifier HTTP/1.1" 200 None
Thu, 18 Jul 2019 16:25:54 - urllib3.connectionpool - DEBUG - Starting new HTTP connection (1): 127.0.0.1:8888
Thu, 18 Jul 2019 16:26:01 - urllib3.connectionpool - DEBUG - http://127.0.0.1:8888 "POST http://172.18.82.251:1240/ner HTTP/1.1" 200 None
Thu, 18 Jul 2019 16:26:01 - urllib3.connectionpool - DEBUG - Starting new HTTP connection (1): 127.0.0.1:8888
Thu, 18 Jul 2019 16:26:02 - urllib3.connectionpool - DEBUG - http://127.0.0.1:8888 "POST http://172.18.82.251:1240/ner HTTP/1.1" 200 None
Thu, 18 Jul 2019 16:26:02 - urllib3.connectionpool - DEBUG - Starting new HTTP connection (1): 127.0.0.1:8888
Thu, 18 Jul 2019 16:26:06 - urllib3.connectionpool - DEBUG - http://127.0.0.1:8888 "POST http://172.18.82.251:1240/ner HTTP/1.1" 200 None
Thu, 18 Jul 2019 16:26:06 - urllib3.connectionpool - DEBUG - Starting new HTTP connection (1): 127.0.0.1:8888
Thu, 18 Jul 2019 16:26:07 - urllib3.connectionpool - DEBUG - http://127.0.0.1:8888 "POST http://172.18.82.251:1240/posTag HTTP/1.1" 200 None
Thu, 18 Jul 2019 16:26:07 - urllib3.connectionpool - DEBUG - Starting new HTTP connection (1): 127.0.0.1:8888
Thu, 18 Jul 2019 16:26:08 - urllib3.connectionpool - DEBUG - http://127.0.0.1:8888 "POST http://172.18.82.251:1240/splitWord HTTP/1.1" 200 None
Thu, 18 Jul 2019 16:26:08 - urllib3.connectionpool - DEBUG - Starting new HTTP connection (1): 127.0.0.1:8888
Thu, 18 Jul 2019 16:26:08 - urllib3.connectionpool - DEBUG - http://127.0.0.1:8888 "POST http://172.18.82.251:1240/posTag HTTP/1.1" 200 None
Thu, 18 Jul 2019 16:26:08 - urllib3.connectionpool - DEBUG - Starting new HTTP connection (1): 127.0.0.1:8888
Thu, 18 Jul 2019 16:26:08 - urllib3.connectionpool - DEBUG - http://127.0.0.1:8888 "POST http://172.18.82.251:1240/splitWord HTTP/1.1" 200 None
Thu, 18 Jul 2019 16:26:08 - urllib3.connectionpool - DEBUG - Starting new HTTP connection (1): 127.0.0.1:8888
Thu, 18 Jul 2019 16:26:08 - urllib3.connectionpool - DEBUG - http://127.0.0.1:8888 "POST http://172.18.82.251:1240/posTag HTTP/1.1" 200 None
Thu, 18 Jul 2019 16:26:08 - urllib3.connectionpool - DEBUG - Starting new HTTP connection (1): 127.0.0.1:8888
Thu, 18 Jul 2019 16:26:08 - urllib3.connectionpool - DEBUG - http://127.0.0.1:8888 "POST http://172.18.82.251:1240/splitWord HTTP/1.1" 200 None
Thu, 18 Jul 2019 16:26:09 - urllib3.connectionpool - DEBUG - Starting new HTTP connection (1): 127.0.0.1:8888
Thu, 18 Jul 2019 16:26:09 - urllib3.connectionpool - DEBUG - http://127.0.0.1:8888 "POST http://172.18.82.251:1240/posTag HTTP/1.1" 200 None
Thu, 18 Jul 2019 16:26:09 - urllib3.connectionpool - DEBUG - Starting new HTTP connection (1): 127.0.0.1:8888
Thu, 18 Jul 2019 16:26:09 - urllib3.connectionpool - DEBUG - http://127.0.0.1:8888 "POST http://172.18.82.251:1240/posTag HTTP/1.1" 200 None
Thu, 18 Jul 2019 16:26:09 - urllib3.connectionpool - DEBUG - Starting new HTTP connection (1): 127.0.0.1:8888
Thu, 18 Jul 2019 16:26:09 - urllib3.connectionpool - DEBUG - http://127.0.0.1:8888 "POST http://172.18.82.251:1240/posTag HTTP/1.1" 200 None
Thu, 18 Jul 2019 16:26:09 - urllib3.connectionpool - DEBUG - Starting new HTTP connection (1): 127.0.0.1:8888
Thu, 18 Jul 2019 16:26:09 - urllib3.connectionpool - DEBUG - http://127.0.0.1:8888 "POST http://172.18.82.251:1240/posTag HTTP/1.1" 200 None
Thu, 18 Jul 2019 16:26:09 - urllib3.connectionpool - DEBUG - Starting new HTTP connection (1): 127.0.0.1:8888
Thu, 18 Jul 2019 16:26:09 - urllib3.connectionpool - DEBUG - http://127.0.0.1:8888 "POST http://172.18.82.251:1240/sentiment?domain=content HTTP/1.1" 200 None
Thu, 18 Jul 2019 16:26:09 - urllib3.connectionpool - DEBUG - Starting new HTTP connection (1): 127.0.0.1:8888
Thu, 18 Jul 2019 16:26:09 - urllib3.connectionpool - DEBUG - http://127.0.0.1:8888 "POST http://172.18.82.251:1240/sentiment?domain=content HTTP/1.1" 200 None
Thu, 18 Jul 2019 16:26:09 - urllib3.connectionpool - DEBUG - Starting new HTTP connection (1): 127.0.0.1:8888
Thu, 18 Jul 2019 16:26:09 - urllib3.connectionpool - DEBUG - http://127.0.0.1:8888 "POST http://172.18.82.251:1240/sentiment?domain=content HTTP/1.1" 200 None
Thu, 18 Jul 2019 16:26:09 - urllib3.connectionpool - DEBUG - Starting new HTTP connection (1): 127.0.0.1:8888
Thu, 18 Jul 2019 16:26:09 - urllib3.connectionpool - DEBUG - http://127.0.0.1:8888 "POST http://172.18.82.251:1240/sentiment?domain=content HTTP/1.1" 200 None
Thu, 18 Jul 2019 16:26:09 - urllib3.connectionpool - DEBUG - Starting new HTTP connection (1): 127.0.0.1:8888
Thu, 18 Jul 2019 16:26:09 - urllib3.connectionpool - DEBUG - http://127.0.0.1:8888 "POST http://172.18.82.251:1240/sentiment?domain=content HTTP/1.1" 200 None
Thu, 18 Jul 2019 16:26:09 - urllib3.connectionpool - DEBUG - Starting new HTTP connection (1): 127.0.0.1:8888
Thu, 18 Jul 2019 16:26:09 - urllib3.connectionpool - DEBUG - http://127.0.0.1:8888 "POST http://172.18.82.251:1240/sentiment?domain=content HTTP/1.1" 200 None
Thu, 18 Jul 2019 16:26:09 - urllib3.connectionpool - DEBUG - Starting new HTTP connection (1): 127.0.0.1:8888
Thu, 18 Jul 2019 16:26:10 - urllib3.connectionpool - DEBUG - http://127.0.0.1:8888 "POST http://172.18.82.251:1240/sentiment?domain=content HTTP/1.1" 200 None
Thu, 18 Jul 2019 16:26:10 - root - DEBUG - -----调试信息[debug]---test_summary_multi_article--
Thu, 18 Jul 2019 16:26:10 - urllib3.connectionpool - DEBUG - Starting new HTTP connection (1): 127.0.0.1:8888
Thu, 18 Jul 2019 16:26:10 - urllib3.connectionpool - DEBUG - http://127.0.0.1:8888 "POST http://172.18.82.251:1240/sentiment?domain=comment HTTP/1.1" 200 None
Thu, 18 Jul 2019 16:26:10 - root - DEBUG - -----调试信息[debug]---test_summary_multi_article--
Thu, 18 Jul 2019 16:26:10 - urllib3.connectionpool - DEBUG - Starting new HTTP connection (1): 127.0.0.1:8888
Thu, 18 Jul 2019 16:26:10 - urllib3.connectionpool - DEBUG - http://127.0.0.1:8888 "POST http://172.18.82.251:1240/sentiment?domain=content HTTP/1.1" 200 None
Thu, 18 Jul 2019 16:26:10 - root - DEBUG - -----调试信息[debug]---test_summary_multi_article_miss_some_field--
Thu, 18 Jul 2019 16:26:10 - urllib3.connectionpool - DEBUG - Starting new HTTP connection (1): 127.0.0.1:8888
Thu, 18 Jul 2019 16:26:10 - urllib3.connectionpool - DEBUG - http://127.0.0.1:8888 "POST http://172.18.82.251:1240/sentiment?domain=content HTTP/1.1" 200 None
Thu, 18 Jul 2019 16:26:10 - root - DEBUG - -----调试信息[debug]---test_summary_multi_article_miss_some_field--
Thu, 18 Jul 2019 16:26:10 - urllib3.connectionpool - DEBUG - Starting new HTTP connection (1): 127.0.0.1:8888
Thu, 18 Jul 2019 16:26:10 - urllib3.connectionpool - DEBUG - http://127.0.0.1:8888 "POST http://172.18.82.251:1240/sentiment?domain=content HTTP/1.1" 200 None
Thu, 18 Jul 2019 16:26:10 - root - DEBUG - -----调试信息[debug]---test_summary_multi_article_miss_some_field--
Thu, 18 Jul 2019 16:26:10 - urllib3.connectionpool - DEBUG - Starting new HTTP connection (1): 127.0.0.1:8888
Thu, 18 Jul 2019 16:26:10 - urllib3.connectionpool - DEBUG - http://127.0.0.1:8888 "POST http://172.18.82.251:1240/sentiment?domain=content HTTP/1.1" 200 None
Thu, 18 Jul 2019 16:26:10 - root - DEBUG - -----调试信息[debug]---test_summary_multi_article_miss_some_field--
Thu, 18 Jul 2019 16:26:10 - urllib3.connectionpool - DEBUG - Starting new HTTP connection (1): 127.0.0.1:8888
Thu, 18 Jul 2019 16:26:10 - urllib3.connectionpool - DEBUG - http://127.0.0.1:8888 "POST http://172.18.82.251:1240/sentiment?domain=content HTTP/1.1" 200 None
Thu, 18 Jul 2019 16:26:10 - urllib3.connectionpool - DEBUG - Starting new HTTP connection (1): 127.0.0.1:8888
Thu, 18 Jul 2019 16:26:10 - urllib3.connectionpool - DEBUG - http://127.0.0.1:8888 "POST http://172.18.82.251:1240/splitSentence HTTP/1.1" 200 None
Thu, 18 Jul 2019 16:26:10 - urllib3.connectionpool - DEBUG - Starting new HTTP connection (1): 127.0.0.1:8888
Thu, 18 Jul 2019 16:26:10 - urllib3.connectionpool - DEBUG - http://127.0.0.1:8888 "POST http://172.18.82.251:1240/splitSentence HTTP/1.1" 200 None
Thu, 18 Jul 2019 16:26:10 - urllib3.connectionpool - DEBUG - Starting new HTTP connection (1): 127.0.0.1:8888
Thu, 18 Jul 2019 16:26:10 - urllib3.connectionpool - DEBUG - http://127.0.0.1:8888 "POST http://172.18.82.251:1240/splitSentence HTTP/1.1" 200 None
Thu, 18 Jul 2019 16:26:10 - urllib3.connectionpool - DEBUG - Starting new HTTP connection (1): 127.0.0.1:8888
Thu, 18 Jul 2019 16:26:10 - urllib3.connectionpool - DEBUG - http://127.0.0.1:8888 "POST http://172.18.82.251:1240/splitSentence HTTP/1.1" 200 None
Thu, 18 Jul 2019 16:26:11 - urllib3.connectionpool - DEBUG - Starting new HTTP connection (1): 127.0.0.1:8888
Thu, 18 Jul 2019 16:26:11 - urllib3.connectionpool - DEBUG - http://127.0.0.1:8888 "POST http://172.18.82.251:1240/splitSentence HTTP/1.1" 200 None
Thu, 18 Jul 2019 16:26:11 - urllib3.connectionpool - DEBUG - Starting new HTTP connection (1): 127.0.0.1:8888
Thu, 18 Jul 2019 16:26:11 - urllib3.connectionpool - DEBUG - http://127.0.0.1:8888 "POST http://172.18.82.251:1240/splitSentence HTTP/1.1" 200 None
Thu, 18 Jul 2019 16:26:11 - urllib3.connectionpool - DEBUG - Starting new HTTP connection (1): 127.0.0.1:8888
Thu, 18 Jul 2019 16:26:11 - urllib3.connectionpool - DEBUG - http://127.0.0.1:8888 "POST http://172.18.82.251:1240/splitSentence HTTP/1.1" 200 None
Thu, 18 Jul 2019 16:26:11 - urllib3.connectionpool - DEBUG - Starting new HTTP connection (1): 127.0.0.1:8888
Thu, 18 Jul 2019 16:26:11 - urllib3.connectionpool - DEBUG - http://127.0.0.1:8888 "POST http://172.18.82.251:1240/splitSentence HTTP/1.1" 200 None
Thu, 18 Jul 2019 16:26:11 - urllib3.connectionpool - DEBUG - Starting new HTTP connection (1): 127.0.0.1:8888
Thu, 18 Jul 2019 16:26:11 - urllib3.connectionpool - DEBUG - http://127.0.0.1:8888 "POST http://172.18.82.251:1240/splitSentence HTTP/1.1" 200 None
Thu, 18 Jul 2019 16:26:11 - urllib3.connectionpool - DEBUG - Starting new HTTP connection (1): 127.0.0.1:8888
Thu, 18 Jul 2019 16:26:11 - urllib3.connectionpool - DEBUG - http://127.0.0.1:8888 "POST http://172.18.82.251:1240/splitSentence HTTP/1.1" 200 None
Thu, 18 Jul 2019 16:26:11 - urllib3.connectionpool - DEBUG - Starting new HTTP connection (1): 127.0.0.1:8888
Thu, 18 Jul 2019 16:26:11 - urllib3.connectionpool - DEBUG - http://127.0.0.1:8888 "POST http://172.18.82.251:1240/splitSentence HTTP/1.1" 200 None
Thu, 18 Jul 2019 16:26:11 - urllib3.connectionpool - DEBUG - Starting new HTTP connection (1): 127.0.0.1:8888
Thu, 18 Jul 2019 16:26:11 - urllib3.connectionpool - DEBUG - http://127.0.0.1:8888 "POST http://172.18.82.251:1240/splitSentence HTTP/1.1" 200 None
Thu, 18 Jul 2019 16:26:11 - urllib3.connectionpool - DEBUG - Starting new HTTP connection (1): 127.0.0.1:8888
Thu, 18 Jul 2019 16:26:11 - urllib3.connectionpool - DEBUG - http://127.0.0.1:8888 "POST http://172.18.82.251:1240/splitSentence HTTP/1.1" 200 None
Thu, 18 Jul 2019 16:26:11 - urllib3.connectionpool - DEBUG - Starting new HTTP connection (1): 127.0.0.1:8888
Thu, 18 Jul 2019 16:26:11 - urllib3.connectionpool - DEBUG - http://127.0.0.1:8888 "POST http://172.18.82.251:1240/splitSentence HTTP/1.1" 200 None
Thu, 18 Jul 2019 16:26:11 - urllib3.connectionpool - DEBUG - Starting new HTTP connection (1): 127.0.0.1:8888
Thu, 18 Jul 2019 16:26:12 - urllib3.connectionpool - DEBUG - http://127.0.0.1:8888 "POST http://172.18.82.251:1240/splitWord HTTP/1.1" 200 None
Thu, 18 Jul 2019 16:26:12 - urllib3.connectionpool - DEBUG - Starting new HTTP connection (1): 127.0.0.1:8888
Thu, 18 Jul 2019 16:26:12 - urllib3.connectionpool - DEBUG - http://127.0.0.1:8888 "POST http://172.18.82.251:1240/splitWord HTTP/1.1" 200 None
Thu, 18 Jul 2019 16:26:12 - urllib3.connectionpool - DEBUG - Starting new HTTP connection (1): 127.0.0.1:8888
Thu, 18 Jul 2019 16:26:12 - urllib3.connectionpool - DEBUG - http://127.0.0.1:8888 "POST http://172.18.82.251:1240/splitWord HTTP/1.1" 200 None
Thu, 18 Jul 2019 16:26:12 - urllib3.connectionpool - DEBUG - Starting new HTTP connection (1): 127.0.0.1:8888
Thu, 18 Jul 2019 16:26:12 - urllib3.connectionpool - DEBUG - http://127.0.0.1:8888 "POST http://172.18.82.251:1240/splitWord HTTP/1.1" 200 None
Thu, 18 Jul 2019 16:26:12 - urllib3.connectionpool - DEBUG - Starting new HTTP connection (1): 127.0.0.1:8888
Thu, 18 Jul 2019 16:26:12 - urllib3.connectionpool - DEBUG - http://127.0.0.1:8888 "POST http://172.18.82.251:1240/splitWord HTTP/1.1" 200 None
Thu, 18 Jul 2019 16:26:12 - urllib3.connectionpool - DEBUG - Starting new HTTP connection (1): 127.0.0.1:8888
Thu, 18 Jul 2019 16:26:12 - urllib3.connectionpool - DEBUG - http://127.0.0.1:8888 "POST http://172.18.82.251:1240/splitWord HTTP/1.1" 200 None
Thu, 18 Jul 2019 16:26:12 - urllib3.connectionpool - DEBUG - Starting new HTTP connection (1): 127.0.0.1:8888
Thu, 18 Jul 2019 16:26:12 - urllib3.connectionpool - DEBUG - http://127.0.0.1:8888 "POST http://172.18.82.251:1240/splitWord HTTP/1.1" 200 None
Thu, 18 Jul 2019 16:26:12 - urllib3.connectionpool - DEBUG - Starting new HTTP connection (1): 127.0.0.1:8888
Thu, 18 Jul 2019 16:26:12 - urllib3.connectionpool - DEBUG - http://127.0.0.1:8888 "POST http://172.18.82.251:1240/summary?charLimit=6000 HTTP/1.1" 200 None
Thu, 18 Jul 2019 16:26:12 - urllib3.connectionpool - DEBUG - Starting new HTTP connection (1): 127.0.0.1:8888
Thu, 18 Jul 2019 16:26:12 - urllib3.connectionpool - DEBUG - http://127.0.0.1:8888 "POST http://172.18.82.251:1240/summary?percentage=0&charLimit=1000 HTTP/1.1" 200 None
Thu, 18 Jul 2019 16:26:12 - urllib3.connectionpool - DEBUG - Starting new HTTP connection (1): 127.0.0.1:8888
Thu, 18 Jul 2019 16:26:12 - urllib3.connectionpool - DEBUG - http://127.0.0.1:8888 "POST http://172.18.82.251:1240/summary?percentage=0.1&charLimit=1000 HTTP/1.1" 200 None
Thu, 18 Jul 2019 16:26:12 - urllib3.connectionpool - DEBUG - Starting new HTTP connection (1): 127.0.0.1:8888
Thu, 18 Jul 2019 16:26:12 - urllib3.connectionpool - DEBUG - http://127.0.0.1:8888 "POST http://172.18.82.251:1240/summary?percentage=0.5&charLimit=1000 HTTP/1.1" 200 None
Thu, 18 Jul 2019 16:26:12 - urllib3.connectionpool - DEBUG - Starting new HTTP connection (1): 127.0.0.1:8888
Thu, 18 Jul 2019 16:26:12 - urllib3.connectionpool - DEBUG - http://127.0.0.1:8888 "POST http://172.18.82.251:1240/summary?percentage=0.9&charLimit=1000 HTTP/1.1" 200 None
Thu, 18 Jul 2019 16:26:12 - urllib3.connectionpool - DEBUG - Starting new HTTP connection (1): 127.0.0.1:8888
Thu, 18 Jul 2019 16:26:12 - urllib3.connectionpool - DEBUG - http://127.0.0.1:8888 "POST http://172.18.82.251:1240/summary?percentage=1&charLimit=1000 HTTP/1.1" 200 None
Thu, 18 Jul 2019 16:26:12 - urllib3.connectionpool - DEBUG - Starting new HTTP connection (1): 127.0.0.1:8888
Thu, 18 Jul 2019 16:26:13 - urllib3.connectionpool - DEBUG - http://127.0.0.1:8888 "POST http://172.18.82.251:1240/summary?percentage=0.5 HTTP/1.1" 200 None
Thu, 18 Jul 2019 16:26:13 - urllib3.connectionpool - DEBUG - Starting new HTTP connection (1): 127.0.0.1:8888
Thu, 18 Jul 2019 16:26:13 - urllib3.connectionpool - DEBUG - http://127.0.0.1:8888 "POST http://172.18.82.251:1240/summary?percentage=0.5&charLimit=50 HTTP/1.1" 200 None
Thu, 18 Jul 2019 16:26:13 - urllib3.connectionpool - DEBUG - Starting new HTTP connection (1): 127.0.0.1:8888
Thu, 18 Jul 2019 16:26:13 - urllib3.connectionpool - DEBUG - http://127.0.0.1:8888 "POST http://172.18.82.251:1240/summary?percentage=0.5&charLimit=800 HTTP/1.1" 200 None
Thu, 18 Jul 2019 16:26:13 - urllib3.connectionpool - DEBUG - Starting new HTTP connection (1): 127.0.0.1:8888
Thu, 18 Jul 2019 16:26:13 - urllib3.connectionpool - DEBUG - http://127.0.0.1:8888 "POST http://172.18.82.251:1240/summary?percentage=0.5&charLimit=3000 HTTP/1.1" 200 None
Thu, 18 Jul 2019 16:26:13 - root - DEBUG - -----调试信息[debug]---test_summary_multi_article--
Thu, 18 Jul 2019 16:26:13 - urllib3.connectionpool - DEBUG - Starting new HTTP connection (1): 127.0.0.1:8888
Thu, 18 Jul 2019 16:26:13 - urllib3.connectionpool - DEBUG - http://127.0.0.1:8888 "POST http://172.18.82.251:1240/summary?percentage=0.3&charLimit=600 HTTP/1.1" 200 None
Thu, 18 Jul 2019 16:26:13 - root - DEBUG - -----调试信息[debug]---test_summary_multi_article_miss_some_field--
Thu, 18 Jul 2019 16:26:13 - urllib3.connectionpool - DEBUG - Starting new HTTP connection (1): 127.0.0.1:8888
Thu, 18 Jul 2019 16:26:13 - urllib3.connectionpool - DEBUG - http://127.0.0.1:8888 "POST http://172.18.82.251:1240/summary?percentage=0.3&charLimit=600 HTTP/1.1" 200 None
Thu, 18 Jul 2019 16:26:13 - root - DEBUG - -----调试信息[debug]----article 0 has no title
Thu, 18 Jul 2019 16:26:13 - root - DEBUG - -----调试信息[debug]---test_summary_multi_article_miss_some_field--
Thu, 18 Jul 2019 16:26:13 - urllib3.connectionpool - DEBUG - Starting new HTTP connection (1): 127.0.0.1:8888
Thu, 18 Jul 2019 16:26:13 - urllib3.connectionpool - DEBUG - http://127.0.0.1:8888 "POST http://172.18.82.251:1240/summary?percentage=0.3&charLimit=600 HTTP/1.1" 200 None
Thu, 18 Jul 2019 16:26:13 - root - DEBUG - -----调试信息[debug]----article 1 has no title
Thu, 18 Jul 2019 16:26:13 - root - DEBUG - -----调试信息[debug]---test_summary_multi_article_miss_some_field--
Thu, 18 Jul 2019 16:26:13 - urllib3.connectionpool - DEBUG - Starting new HTTP connection (1): 127.0.0.1:8888
Thu, 18 Jul 2019 16:26:13 - urllib3.connectionpool - DEBUG - http://127.0.0.1:8888 "POST http://172.18.82.251:1240/summary?percentage=0.3&charLimit=600 HTTP/1.1" 200 None
Thu, 18 Jul 2019 16:26:13 - root - DEBUG - -----调试信息[debug]----article 1 has no content
Thu, 18 Jul 2019 16:26:13 - root - DEBUG - -----调试信息[debug]---test_summary_multi_article_miss_some_field--
Thu, 18 Jul 2019 16:26:13 - urllib3.connectionpool - DEBUG - Starting new HTTP connection (1): 127.0.0.1:8888
Thu, 18 Jul 2019 16:26:13 - urllib3.connectionpool - DEBUG - http://127.0.0.1:8888 "POST http://172.18.82.251:1240/summary?percentage=0.3&charLimit=600 HTTP/1.1" 200 None
Thu, 18 Jul 2019 16:26:13 - root - DEBUG - -----调试信息[debug]----article 0 has no title
Thu, 18 Jul 2019 16:26:13 - urllib3.connectionpool - DEBUG - Starting new HTTP connection (1): 127.0.0.1:8888
Thu, 18 Jul 2019 16:26:13 - urllib3.connectionpool - DEBUG - http://127.0.0.1:8888 "POST http://172.18.82.251:1240/summary?percentage=0.3&charLimit=1000 HTTP/1.1" 200 None
Thu, 18 Jul 2019 16:26:13 - urllib3.connectionpool - DEBUG - Starting new HTTP connection (1): 127.0.0.1:8888
Thu, 18 Jul 2019 16:26:13 - urllib3.connectionpool - DEBUG - http://127.0.0.1:8888 "POST http://172.18.82.251:1240/sentiment?domain=content HTTP/1.1" 200 None
Thu, 18 Jul 2019 16:26:13 - urllib3.connectionpool - DEBUG - Starting new HTTP connection (1): 127.0.0.1:8888
Thu, 18 Jul 2019 16:26:13 - urllib3.connectionpool - DEBUG - http://127.0.0.1:8888 "POST http://172.18.82.251:1240/ner HTTP/1.1" 200 None
Thu, 18 Jul 2019 16:26:13 - urllib3.connectionpool - DEBUG - Starting new HTTP connection (1): 127.0.0.1:8888
Thu, 18 Jul 2019 16:26:13 - urllib3.connectionpool - DEBUG - http://127.0.0.1:8888 "POST http://172.18.82.251:1240/splitWord HTTP/1.1" 200 None
Thu, 18 Jul 2019 16:26:13 - urllib3.connectionpool - DEBUG - Starting new HTTP connection (1): 127.0.0.1:8888
Thu, 18 Jul 2019 16:26:13 - urllib3.connectionpool - DEBUG - http://127.0.0.1:8888 "POST http://172.18.82.251:1240/splitSentence HTTP/1.1" 200 None
Thu, 18 Jul 2019 16:26:13 - urllib3.connectionpool - DEBUG - Starting new HTTP connection (1): 127.0.0.1:8888
Thu, 18 Jul 2019 16:26:13 - urllib3.connectionpool - DEBUG - http://127.0.0.1:8888 "POST http://172.18.82.251:1240/posTag HTTP/1.1" 200 None
Thu, 18 Jul 2019 16:26:13 - urllib3.connectionpool - DEBUG - Starting new HTTP connection (1): 127.0.0.1:8888
Thu, 18 Jul 2019 16:26:13 - urllib3.connectionpool - DEBUG - http://127.0.0.1:8888 "POST http://172.18.82.251:1240/mlableClassifier HTTP/1.1" 200 None
Thu, 18 Jul 2019 16:26:13 - urllib3.connectionpool - DEBUG - Starting new HTTP connection (1): 127.0.0.1:8888
Thu, 18 Jul 2019 16:26:13 - urllib3.connectionpool - DEBUG - http://127.0.0.1:8888 "POST http://172.18.82.251:1240/summary?percentage=0.3&charLimit=1000 HTTP/1.1" 200 None
Thu, 18 Jul 2019 16:26:13 - urllib3.connectionpool - DEBUG - Starting new HTTP connection (1): 127.0.0.1:8888
Thu, 18 Jul 2019 16:26:13 - urllib3.connectionpool - DEBUG - http://127.0.0.1:8888 "POST http://172.18.82.251:1240/sentiment?domain=content HTTP/1.1" 200 None
Thu, 18 Jul 2019 16:26:13 - urllib3.connectionpool - DEBUG - Starting new HTTP connection (1): 127.0.0.1:8888
Thu, 18 Jul 2019 16:26:13 - urllib3.connectionpool - DEBUG - http://127.0.0.1:8888 "POST http://172.18.82.251:1240/ner HTTP/1.1" 200 None
Thu, 18 Jul 2019 16:26:13 - urllib3.connectionpool - DEBUG - Starting new HTTP connection (1): 127.0.0.1:8888
Thu, 18 Jul 2019 16:26:13 - urllib3.connectionpool - DEBUG - http://127.0.0.1:8888 "POST http://172.18.82.251:1240/splitWord HTTP/1.1" 200 None
Thu, 18 Jul 2019 16:26:13 - urllib3.connectionpool - DEBUG - Starting new HTTP connection (1): 127.0.0.1:8888
Thu, 18 Jul 2019 16:26:13 - urllib3.connectionpool - DEBUG - http://127.0.0.1:8888 "POST http://172.18.82.251:1240/splitSentence HTTP/1.1" 200 None
Thu, 18 Jul 2019 16:26:13 - urllib3.connectionpool - DEBUG - Starting new HTTP connection (1): 127.0.0.1:8888
Thu, 18 Jul 2019 16:26:13 - urllib3.connectionpool - DEBUG - http://127.0.0.1:8888 "POST http://172.18.82.251:1240/posTag HTTP/1.1" 200 None
Thu, 18 Jul 2019 16:26:13 - urllib3.connectionpool - DEBUG - Starting new HTTP connection (1): 127.0.0.1:8888
Thu, 18 Jul 2019 16:26:13 - urllib3.connectionpool - DEBUG - http://127.0.0.1:8888 "POST http://172.18.82.251:1240/mlableClassifier HTTP/1.1" 200 None
Thu, 18 Jul 2019 16:26:13 - urllib3.connectionpool - DEBUG - Starting new HTTP connection (1): 127.0.0.1:8888
Thu, 18 Jul 2019 16:26:13 - urllib3.connectionpool - DEBUG - http://127.0.0.1:8888 "POST http://172.18.82.251:1240/summary?percentage=0.3&charLimit=1000 HTTP/1.1" 200 None
Thu, 18 Jul 2019 16:26:13 - urllib3.connectionpool - DEBUG - Starting new HTTP connection (1): 127.0.0.1:8888
Thu, 18 Jul 2019 16:26:13 - urllib3.connectionpool - DEBUG - http://127.0.0.1:8888 "POST http://172.18.82.251:1240/sentiment?domain=content HTTP/1.1" 200 None
Thu, 18 Jul 2019 16:26:13 - urllib3.connectionpool - DEBUG - Starting new HTTP connection (1): 127.0.0.1:8888
Thu, 18 Jul 2019 16:26:13 - urllib3.connectionpool - DEBUG - http://127.0.0.1:8888 "POST http://172.18.82.251:1240/ner HTTP/1.1" 200 None
Thu, 18 Jul 2019 16:26:13 - urllib3.connectionpool - DEBUG - Starting new HTTP connection (1): 127.0.0.1:8888
Thu, 18 Jul 2019 16:26:13 - urllib3.connectionpool - DEBUG - http://127.0.0.1:8888 "POST http://172.18.82.251:1240/splitWord HTTP/1.1" 200 None
Thu, 18 Jul 2019 16:26:13 - urllib3.connectionpool - DEBUG - Starting new HTTP connection (1): 127.0.0.1:8888
Thu, 18 Jul 2019 16:26:13 - urllib3.connectionpool - DEBUG - http://127.0.0.1:8888 "POST http://172.18.82.251:1240/splitSentence HTTP/1.1" 200 None
Thu, 18 Jul 2019 16:26:13 - urllib3.connectionpool - DEBUG - Starting new HTTP connection (1): 127.0.0.1:8888
Thu, 18 Jul 2019 16:26:13 - urllib3.connectionpool - DEBUG - http://127.0.0.1:8888 "POST http://172.18.82.251:1240/posTag HTTP/1.1" 200 None
Thu, 18 Jul 2019 16:26:13 - urllib3.connectionpool - DEBUG - Starting new HTTP connection (1): 127.0.0.1:8888
Thu, 18 Jul 2019 16:26:13 - urllib3.connectionpool - DEBUG - http://127.0.0.1:8888 "POST http://172.18.82.251:1240/mlableClassifier HTTP/1.1" 200 None
Thu, 18 Jul 2019 16:26:13 - urllib3.connectionpool - DEBUG - Starting new HTTP connection (1): 127.0.0.1:8888
Thu, 18 Jul 2019 16:26:13 - urllib3.connectionpool - DEBUG - http://127.0.0.1:8888 "POST http://172.18.82.251:1240/summary?percentage=0.3&charLimit=1000 HTTP/1.1" 200 None
Thu, 18 Jul 2019 16:26:13 - urllib3.connectionpool - DEBUG - Starting new HTTP connection (1): 127.0.0.1:8888
Thu, 18 Jul 2019 16:26:13 - urllib3.connectionpool - DEBUG - http://127.0.0.1:8888 "POST http://172.18.82.251:1240/sentiment?domain=content HTTP/1.1" 200 None
Thu, 18 Jul 2019 16:26:13 - urllib3.connectionpool - DEBUG - Starting new HTTP connection (1): 127.0.0.1:8888
Thu, 18 Jul 2019 16:26:13 - urllib3.connectionpool - DEBUG - http://127.0.0.1:8888 "POST http://172.18.82.251:1240/ner HTTP/1.1" 200 None
Thu, 18 Jul 2019 16:26:13 - urllib3.connectionpool - DEBUG - Starting new HTTP connection (1): 127.0.0.1:8888
Thu, 18 Jul 2019 16:26:13 - urllib3.connectionpool - DEBUG - http://127.0.0.1:8888 "POST http://172.18.82.251:1240/splitWord HTTP/1.1" 200 None
Thu, 18 Jul 2019 16:26:13 - urllib3.connectionpool - DEBUG - Starting new HTTP connection (1): 127.0.0.1:8888
Thu, 18 Jul 2019 16:26:13 - urllib3.connectionpool - DEBUG - http://127.0.0.1:8888 "POST http://172.18.82.251:1240/splitSentence HTTP/1.1" 200 None
Thu, 18 Jul 2019 16:26:13 - urllib3.connectionpool - DEBUG - Starting new HTTP connection (1): 127.0.0.1:8888
Thu, 18 Jul 2019 16:26:13 - urllib3.connectionpool - DEBUG - http://127.0.0.1:8888 "POST http://172.18.82.251:1240/posTag HTTP/1.1" 200 None
Thu, 18 Jul 2019 16:26:13 - urllib3.connectionpool - DEBUG - Starting new HTTP connection (1): 127.0.0.1:8888
Thu, 18 Jul 2019 16:26:13 - urllib3.connectionpool - DEBUG - http://127.0.0.1:8888 "POST http://172.18.82.251:1240/mlableClassifier HTTP/1.1" 200 None
Thu, 18 Jul 2019 16:26:13 - urllib3.connectionpool - DEBUG - Starting new HTTP connection (1): 127.0.0.1:8888
Thu, 18 Jul 2019 16:26:13 - urllib3.connectionpool - DEBUG - http://127.0.0.1:8888 "POST http://172.18.82.251:1240/summary?percentage=0.3&charLimit=1000 HTTP/1.1" 200 None
Thu, 18 Jul 2019 16:26:13 - urllib3.connectionpool - DEBUG - Starting new HTTP connection (1): 127.0.0.1:8888
Thu, 18 Jul 2019 16:26:13 - urllib3.connectionpool - DEBUG - http://127.0.0.1:8888 "POST http://172.18.82.251:1240/sentiment?domain=content HTTP/1.1" 200 None
Thu, 18 Jul 2019 16:26:13 - urllib3.connectionpool - DEBUG - Starting new HTTP connection (1): 127.0.0.1:8888
Thu, 18 Jul 2019 16:26:13 - urllib3.connectionpool - DEBUG - http://127.0.0.1:8888 "POST http://172.18.82.251:1240/ner HTTP/1.1" 200 None
Thu, 18 Jul 2019 16:26:13 - urllib3.connectionpool - DEBUG - Starting new HTTP connection (1): 127.0.0.1:8888
Thu, 18 Jul 2019 16:26:13 - urllib3.connectionpool - DEBUG - http://127.0.0.1:8888 "POST http://172.18.82.251:1240/splitWord HTTP/1.1" 200 None
Thu, 18 Jul 2019 16:26:13 - urllib3.connectionpool - DEBUG - Starting new HTTP connection (1): 127.0.0.1:8888
Thu, 18 Jul 2019 16:26:13 - urllib3.connectionpool - DEBUG - http://127.0.0.1:8888 "POST http://172.18.82.251:1240/splitSentence HTTP/1.1" 200 None
Thu, 18 Jul 2019 16:26:13 - urllib3.connectionpool - DEBUG - Starting new HTTP connection (1): 127.0.0.1:8888
Thu, 18 Jul 2019 16:26:13 - urllib3.connectionpool - DEBUG - http://127.0.0.1:8888 "POST http://172.18.82.251:1240/posTag HTTP/1.1" 200 None
Thu, 18 Jul 2019 16:26:13 - urllib3.connectionpool - DEBUG - Starting new HTTP connection (1): 127.0.0.1:8888
Thu, 18 Jul 2019 16:26:13 - urllib3.connectionpool - DEBUG - http://127.0.0.1:8888 "POST http://172.18.82.251:1240/mlableClassifier HTTP/1.1" 200 None
Thu, 18 Jul 2019 16:26:13 - urllib3.connectionpool - DEBUG - Starting new HTTP connection (1): 127.0.0.1:8888
Thu, 18 Jul 2019 16:26:13 - urllib3.connectionpool - DEBUG - http://127.0.0.1:8888 "POST http://172.18.82.251:1240/summary?percentage=0.3&charLimit=1000 HTTP/1.1" 200 None
Thu, 18 Jul 2019 16:26:13 - urllib3.connectionpool - DEBUG - Starting new HTTP connection (1): 127.0.0.1:8888
Thu, 18 Jul 2019 16:26:13 - urllib3.connectionpool - DEBUG - http://127.0.0.1:8888 "POST http://172.18.82.251:1240/sentiment?domain=content HTTP/1.1" 200 None
Thu, 18 Jul 2019 16:26:13 - urllib3.connectionpool - DEBUG - Starting new HTTP connection (1): 127.0.0.1:8888
Thu, 18 Jul 2019 16:26:13 - urllib3.connectionpool - DEBUG - http://127.0.0.1:8888 "POST http://172.18.82.251:1240/ner HTTP/1.1" 200 None
Thu, 18 Jul 2019 16:26:13 - urllib3.connectionpool - DEBUG - Starting new HTTP connection (1): 127.0.0.1:8888
Thu, 18 Jul 2019 16:26:13 - urllib3.connectionpool - DEBUG - http://127.0.0.1:8888 "POST http://172.18.82.251:1240/splitWord HTTP/1.1" 200 None
Thu, 18 Jul 2019 16:26:13 - urllib3.connectionpool - DEBUG - Starting new HTTP connection (1): 127.0.0.1:8888
Thu, 18 Jul 2019 16:26:13 - urllib3.connectionpool - DEBUG - http://127.0.0.1:8888 "POST http://172.18.82.251:1240/splitSentence HTTP/1.1" 200 None
Thu, 18 Jul 2019 16:26:13 - urllib3.connectionpool - DEBUG - Starting new HTTP connection (1): 127.0.0.1:8888
Thu, 18 Jul 2019 16:26:13 - urllib3.connectionpool - DEBUG - http://127.0.0.1:8888 "POST http://172.18.82.251:1240/posTag HTTP/1.1" 200 None
Thu, 18 Jul 2019 16:26:13 - urllib3.connectionpool - DEBUG - Starting new HTTP connection (1): 127.0.0.1:8888
Thu, 18 Jul 2019 16:26:13 - urllib3.connectionpool - DEBUG - http://127.0.0.1:8888 "POST http://172.18.82.251:1240/mlableClassifier HTTP/1.1" 200 None
Thu, 18 Jul 2019 16:26:13 - urllib3.connectionpool - DEBUG - Starting new HTTP connection (1): 127.0.0.1:8888
Thu, 18 Jul 2019 16:26:13 - urllib3.connectionpool - DEBUG - http://127.0.0.1:8888 "POST http://172.18.82.251:1240/summary?percentage=0.3&charLimit=1000 HTTP/1.1" 200 None
Thu, 18 Jul 2019 16:26:13 - urllib3.connectionpool - DEBUG - Starting new HTTP connection (1): 127.0.0.1:8888
Thu, 18 Jul 2019 16:26:13 - urllib3.connectionpool - DEBUG - http://127.0.0.1:8888 "POST http://172.18.82.251:1240/sentiment?domain=content HTTP/1.1" 200 None
Thu, 18 Jul 2019 16:26:13 - urllib3.connectionpool - DEBUG - Starting new HTTP connection (1): 127.0.0.1:8888
Thu, 18 Jul 2019 16:26:13 - urllib3.connectionpool - DEBUG - http://127.0.0.1:8888 "POST http://172.18.82.251:1240/ner HTTP/1.1" 200 None
Thu, 18 Jul 2019 16:26:13 - urllib3.connectionpool - DEBUG - Starting new HTTP connection (1): 127.0.0.1:8888
Thu, 18 Jul 2019 16:26:13 - urllib3.connectionpool - DEBUG - http://127.0.0.1:8888 "POST http://172.18.82.251:1240/splitWord HTTP/1.1" 200 None
Thu, 18 Jul 2019 16:26:13 - urllib3.connectionpool - DEBUG - Starting new HTTP connection (1): 127.0.0.1:8888
Thu, 18 Jul 2019 16:26:13 - urllib3.connectionpool - DEBUG - http://127.0.0.1:8888 "POST http://172.18.82.251:1240/splitSentence HTTP/1.1" 200 None
Thu, 18 Jul 2019 16:26:13 - urllib3.connectionpool - DEBUG - Starting new HTTP connection (1): 127.0.0.1:8888
Thu, 18 Jul 2019 16:26:13 - urllib3.connectionpool - DEBUG - http://127.0.0.1:8888 "POST http://172.18.82.251:1240/posTag HTTP/1.1" 200 None
Thu, 18 Jul 2019 16:26:13 - urllib3.connectionpool - DEBUG - Starting new HTTP connection (1): 127.0.0.1:8888
Thu, 18 Jul 2019 16:26:13 - urllib3.connectionpool - DEBUG - http://127.0.0.1:8888 "POST http://172.18.82.251:1240/mlableClassifier HTTP/1.1" 200 None
Thu, 18 Jul 2019 16:26:13 - urllib3.connectionpool - DEBUG - Starting new HTTP connection (1): 127.0.0.1:8888
Thu, 18 Jul 2019 16:26:13 - urllib3.connectionpool - DEBUG - http://127.0.0.1:8888 "POST http://172.18.82.251:1240/summary?percentage=0.3&charLimit=1000 HTTP/1.1" 200 None
Thu, 18 Jul 2019 16:26:13 - urllib3.connectionpool - DEBUG - Starting new HTTP connection (1): 127.0.0.1:8888
Thu, 18 Jul 2019 16:26:13 - urllib3.connectionpool - DEBUG - http://127.0.0.1:8888 "POST http://172.18.82.251:1240/sentiment?domain=content HTTP/1.1" 200 None
Thu, 18 Jul 2019 16:26:13 - urllib3.connectionpool - DEBUG - Starting new HTTP connection (1): 127.0.0.1:8888
Thu, 18 Jul 2019 16:26:13 - urllib3.connectionpool - DEBUG - http://127.0.0.1:8888 "POST http://172.18.82.251:1240/ner HTTP/1.1" 200 None
Thu, 18 Jul 2019 16:26:13 - urllib3.connectionpool - DEBUG - Starting new HTTP connection (1): 127.0.0.1:8888
Thu, 18 Jul 2019 16:26:13 - urllib3.connectionpool - DEBUG - http://127.0.0.1:8888 "POST http://172.18.82.251:1240/splitWord HTTP/1.1" 200 None
Thu, 18 Jul 2019 16:26:13 - urllib3.connectionpool - DEBUG - Starting new HTTP connection (1): 127.0.0.1:8888
Thu, 18 Jul 2019 16:26:13 - urllib3.connectionpool - DEBUG - http://127.0.0.1:8888 "POST http://172.18.82.251:1240/splitSentence HTTP/1.1" 200 None
Thu, 18 Jul 2019 16:26:13 - urllib3.connectionpool - DEBUG - Starting new HTTP connection (1): 127.0.0.1:8888
Thu, 18 Jul 2019 16:26:13 - urllib3.connectionpool - DEBUG - http://127.0.0.1:8888 "POST http://172.18.82.251:1240/posTag HTTP/1.1" 200 None
Thu, 18 Jul 2019 16:26:13 - urllib3.connectionpool - DEBUG - Starting new HTTP connection (1): 127.0.0.1:8888
Thu, 18 Jul 2019 16:26:13 - urllib3.connectionpool - DEBUG - http://127.0.0.1:8888 "POST http://172.18.82.251:1240/mlableClassifier HTTP/1.1" 200 None
Thu, 18 Jul 2019 16:26:13 - urllib3.connectionpool - DEBUG - Starting new HTTP connection (1): 127.0.0.1:8888
Thu, 18 Jul 2019 16:26:13 - urllib3.connectionpool - DEBUG - http://127.0.0.1:8888 "POST http://172.18.82.251:1240/summary?percentage=0.3&charLimit=1000 HTTP/1.1" 200 None
Thu, 18 Jul 2019 16:26:13 - urllib3.connectionpool - DEBUG - Starting new HTTP connection (1): 127.0.0.1:8888
Thu, 18 Jul 2019 16:26:13 - urllib3.connectionpool - DEBUG - http://127.0.0.1:8888 "POST http://172.18.82.251:1240/sentiment?domain=content HTTP/1.1" 200 None
Thu, 18 Jul 2019 16:26:13 - urllib3.connectionpool - DEBUG - Starting new HTTP connection (1): 127.0.0.1:8888
Thu, 18 Jul 2019 16:26:13 - urllib3.connectionpool - DEBUG - http://127.0.0.1:8888 "POST http://172.18.82.251:1240/ner HTTP/1.1" 200 None
Thu, 18 Jul 2019 16:26:13 - urllib3.connectionpool - DEBUG - Starting new HTTP connection (1): 127.0.0.1:8888
Thu, 18 Jul 2019 16:26:13 - urllib3.connectionpool - DEBUG - http://127.0.0.1:8888 "POST http://172.18.82.251:1240/splitWord HTTP/1.1" 200 None
Thu, 18 Jul 2019 16:26:13 - urllib3.connectionpool - DEBUG - Starting new HTTP connection (1): 127.0.0.1:8888
Thu, 18 Jul 2019 16:26:13 - urllib3.connectionpool - DEBUG - http://127.0.0.1:8888 "POST http://172.18.82.251:1240/splitSentence HTTP/1.1" 200 None
Thu, 18 Jul 2019 16:26:13 - urllib3.connectionpool - DEBUG - Starting new HTTP connection (1): 127.0.0.1:8888
Thu, 18 Jul 2019 16:26:13 - urllib3.connectionpool - DEBUG - http://127.0.0.1:8888 "POST http://172.18.82.251:1240/posTag HTTP/1.1" 200 None
Thu, 18 Jul 2019 16:26:13 - urllib3.connectionpool - DEBUG - Starting new HTTP connection (1): 127.0.0.1:8888
Thu, 18 Jul 2019 16:26:13 - urllib3.connectionpool - DEBUG - http://127.0.0.1:8888 "POST http://172.18.82.251:1240/mlableClassifier HTTP/1.1" 200 None
Thu, 18 Jul 2019 16:26:13 - urllib3.connectionpool - DEBUG - Starting new HTTP connection (1): 127.0.0.1:8888
Thu, 18 Jul 2019 16:26:13 - urllib3.connectionpool - DEBUG - http://127.0.0.1:8888 "POST http://172.18.82.251:1240/summary?percentage=0.3&charLimit=1000 HTTP/1.1" 200 None
Thu, 18 Jul 2019 16:26:13 - urllib3.connectionpool - DEBUG - Starting new HTTP connection (1): 127.0.0.1:8888
Thu, 18 Jul 2019 16:26:13 - urllib3.connectionpool - DEBUG - http://127.0.0.1:8888 "POST http://172.18.82.251:1240/sentiment?domain=content HTTP/1.1" 200 None
Thu, 18 Jul 2019 16:26:13 - urllib3.connectionpool - DEBUG - Starting new HTTP connection (1): 127.0.0.1:8888
Thu, 18 Jul 2019 16:26:13 - urllib3.connectionpool - DEBUG - http://127.0.0.1:8888 "POST http://172.18.82.251:1240/ner HTTP/1.1" 200 None
Thu, 18 Jul 2019 16:26:13 - urllib3.connectionpool - DEBUG - Starting new HTTP connection (1): 127.0.0.1:8888
Thu, 18 Jul 2019 16:26:14 - urllib3.connectionpool - DEBUG - http://127.0.0.1:8888 "POST http://172.18.82.251:1240/splitWord HTTP/1.1" 200 None
Thu, 18 Jul 2019 16:26:14 - urllib3.connectionpool - DEBUG - Starting new HTTP connection (1): 127.0.0.1:8888
Thu, 18 Jul 2019 16:26:14 - urllib3.connectionpool - DEBUG - http://127.0.0.1:8888 "POST http://172.18.82.251:1240/splitSentence HTTP/1.1" 200 None
Thu, 18 Jul 2019 16:26:14 - urllib3.connectionpool - DEBUG - Starting new HTTP connection (1): 127.0.0.1:8888
Thu, 18 Jul 2019 16:26:14 - urllib3.connectionpool - DEBUG - http://127.0.0.1:8888 "POST http://172.18.82.251:1240/posTag HTTP/1.1" 200 None
Thu, 18 Jul 2019 16:26:14 - urllib3.connectionpool - DEBUG - Starting new HTTP connection (1): 127.0.0.1:8888
Thu, 18 Jul 2019 16:26:14 - urllib3.connectionpool - DEBUG - http://127.0.0.1:8888 "POST http://172.18.82.251:1240/mlableClassifier HTTP/1.1" 200 None
Thu, 18 Jul 2019 16:26:14 - urllib3.connectionpool - DEBUG - Starting new HTTP connection (1): 127.0.0.1:8888
Thu, 18 Jul 2019 16:26:14 - urllib3.connectionpool - DEBUG - http://127.0.0.1:8888 "POST http://172.18.82.251:1240/summary?percentage=0.3&charLimit=1000 HTTP/1.1" 200 None
Thu, 18 Jul 2019 16:26:14 - urllib3.connectionpool - DEBUG - Starting new HTTP connection (1): 127.0.0.1:8888
Thu, 18 Jul 2019 16:26:14 - urllib3.connectionpool - DEBUG - http://127.0.0.1:8888 "POST http://172.18.82.251:1240/sentiment?domain=content HTTP/1.1" 200 None
Thu, 18 Jul 2019 16:26:14 - urllib3.connectionpool - DEBUG - Starting new HTTP connection (1): 127.0.0.1:8888
Thu, 18 Jul 2019 16:26:14 - urllib3.connectionpool - DEBUG - http://127.0.0.1:8888 "POST http://172.18.82.251:1240/ner HTTP/1.1" 200 None
Thu, 18 Jul 2019 16:26:14 - urllib3.connectionpool - DEBUG - Starting new HTTP connection (1): 127.0.0.1:8888
Thu, 18 Jul 2019 16:26:14 - urllib3.connectionpool - DEBUG - http://127.0.0.1:8888 "POST http://172.18.82.251:1240/splitWord HTTP/1.1" 200 None
Thu, 18 Jul 2019 16:26:14 - urllib3.connectionpool - DEBUG - Starting new HTTP connection (1): 127.0.0.1:8888
Thu, 18 Jul 2019 16:26:14 - urllib3.connectionpool - DEBUG - http://127.0.0.1:8888 "POST http://172.18.82.251:1240/splitSentence HTTP/1.1" 200 None
Thu, 18 Jul 2019 16:26:14 - urllib3.connectionpool - DEBUG - Starting new HTTP connection (1): 127.0.0.1:8888
Thu, 18 Jul 2019 16:26:14 - urllib3.connectionpool - DEBUG - http://127.0.0.1:8888 "POST http://172.18.82.251:1240/posTag HTTP/1.1" 200 None
Thu, 18 Jul 2019 16:26:14 - urllib3.connectionpool - DEBUG - Starting new HTTP connection (1): 127.0.0.1:8888
Thu, 18 Jul 2019 16:26:14 - urllib3.connectionpool - DEBUG - http://127.0.0.1:8888 "POST http://172.18.82.251:1240/mlableClassifier HTTP/1.1" 200 None
Thu, 18 Jul 2019 16:26:14 - urllib3.connectionpool - DEBUG - Starting new HTTP connection (1): 127.0.0.1:8888
Thu, 18 Jul 2019 16:26:14 - urllib3.connectionpool - DEBUG - http://127.0.0.1:8888 "POST http://172.18.82.251:1240/summary?percentage=0.3&charLimit=1000 HTTP/1.1" 200 None
Thu, 18 Jul 2019 16:26:14 - urllib3.connectionpool - DEBUG - Starting new HTTP connection (1): 127.0.0.1:8888
Thu, 18 Jul 2019 16:26:14 - urllib3.connectionpool - DEBUG - http://127.0.0.1:8888 "POST http://172.18.82.251:1240/sentiment?domain=content HTTP/1.1" 200 None
Thu, 18 Jul 2019 16:26:14 - urllib3.connectionpool - DEBUG - Starting new HTTP connection (1): 127.0.0.1:8888
Thu, 18 Jul 2019 16:26:14 - urllib3.connectionpool - DEBUG - http://127.0.0.1:8888 "POST http://172.18.82.251:1240/ner HTTP/1.1" 200 None
Thu, 18 Jul 2019 16:26:14 - urllib3.connectionpool - DEBUG - Starting new HTTP connection (1): 127.0.0.1:8888
Thu, 18 Jul 2019 16:26:14 - urllib3.connectionpool - DEBUG - http://127.0.0.1:8888 "POST http://172.18.82.251:1240/splitWord HTTP/1.1" 200 None
Thu, 18 Jul 2019 16:26:14 - urllib3.connectionpool - DEBUG - Starting new HTTP connection (1): 127.0.0.1:8888
Thu, 18 Jul 2019 16:26:14 - urllib3.connectionpool - DEBUG - http://127.0.0.1:8888 "POST http://172.18.82.251:1240/splitSentence HTTP/1.1" 200 None
Thu, 18 Jul 2019 16:26:14 - urllib3.connectionpool - DEBUG - Starting new HTTP connection (1): 127.0.0.1:8888
Thu, 18 Jul 2019 16:26:14 - urllib3.connectionpool - DEBUG - http://127.0.0.1:8888 "POST http://172.18.82.251:1240/posTag HTTP/1.1" 200 None
Thu, 18 Jul 2019 16:26:14 - urllib3.connectionpool - DEBUG - Starting new HTTP connection (1): 127.0.0.1:8888
Thu, 18 Jul 2019 16:26:14 - urllib3.connectionpool - DEBUG - http://127.0.0.1:8888 "POST http://172.18.82.251:1240/mlableClassifier HTTP/1.1" 200 None
Thu, 18 Jul 2019 16:26:14 - urllib3.connectionpool - DEBUG - Starting new HTTP connection (1): 127.0.0.1:8888
Thu, 18 Jul 2019 16:26:14 - urllib3.connectionpool - DEBUG - http://127.0.0.1:8888 "POST http://172.18.82.251:1240/summary?percentage=0.3&charLimit=1000 HTTP/1.1" 200 None
Thu, 18 Jul 2019 16:26:14 - urllib3.connectionpool - DEBUG - Starting new HTTP connection (1): 127.0.0.1:8888
Thu, 18 Jul 2019 16:26:14 - urllib3.connectionpool - DEBUG - http://127.0.0.1:8888 "POST http://172.18.82.251:1240/sentiment?domain=content HTTP/1.1" 200 None
Thu, 18 Jul 2019 16:26:14 - urllib3.connectionpool - DEBUG - Starting new HTTP connection (1): 127.0.0.1:8888
Thu, 18 Jul 2019 16:26:14 - urllib3.connectionpool - DEBUG - http://127.0.0.1:8888 "POST http://172.18.82.251:1240/ner HTTP/1.1" 200 None
Thu, 18 Jul 2019 16:26:14 - urllib3.connectionpool - DEBUG - Starting new HTTP connection (1): 127.0.0.1:8888
Thu, 18 Jul 2019 16:26:14 - urllib3.connectionpool - DEBUG - http://127.0.0.1:8888 "POST http://172.18.82.251:1240/splitWord HTTP/1.1" 200 None
Thu, 18 Jul 2019 16:26:14 - urllib3.connectionpool - DEBUG - Starting new HTTP connection (1): 127.0.0.1:8888
Thu, 18 Jul 2019 16:26:14 - urllib3.connectionpool - DEBUG - http://127.0.0.1:8888 "POST http://172.18.82.251:1240/splitSentence HTTP/1.1" 200 None
Thu, 18 Jul 2019 16:26:14 - urllib3.connectionpool - DEBUG - Starting new HTTP connection (1): 127.0.0.1:8888
Thu, 18 Jul 2019 16:26:14 - urllib3.connectionpool - DEBUG - http://127.0.0.1:8888 "POST http://172.18.82.251:1240/posTag HTTP/1.1" 200 None
Thu, 18 Jul 2019 16:26:14 - urllib3.connectionpool - DEBUG - Starting new HTTP connection (1): 127.0.0.1:8888
Thu, 18 Jul 2019 16:26:14 - urllib3.connectionpool - DEBUG - http://127.0.0.1:8888 "POST http://172.18.82.251:1240/mlableClassifier HTTP/1.1" 200 None
Thu, 18 Jul 2019 16:26:14 - urllib3.connectionpool - DEBUG - Starting new HTTP connection (1): 127.0.0.1:8888
Thu, 18 Jul 2019 16:26:14 - urllib3.connectionpool - DEBUG - http://127.0.0.1:8888 "POST http://172.18.82.251:1240/summary?percentage=0.3&charLimit=1000 HTTP/1.1" 200 None
Thu, 18 Jul 2019 16:26:14 - urllib3.connectionpool - DEBUG - Starting new HTTP connection (1): 127.0.0.1:8888
Thu, 18 Jul 2019 16:26:14 - urllib3.connectionpool - DEBUG - http://127.0.0.1:8888 "POST http://172.18.82.251:1240/sentiment?domain=content HTTP/1.1" 200 None
Thu, 18 Jul 2019 16:26:14 - urllib3.connectionpool - DEBUG - Starting new HTTP connection (1): 127.0.0.1:8888
Thu, 18 Jul 2019 16:26:14 - urllib3.connectionpool - DEBUG - http://127.0.0.1:8888 "POST http://172.18.82.251:1240/ner HTTP/1.1" 200 None
Thu, 18 Jul 2019 16:26:14 - urllib3.connectionpool - DEBUG - Starting new HTTP connection (1): 127.0.0.1:8888
Thu, 18 Jul 2019 16:26:14 - urllib3.connectionpool - DEBUG - http://127.0.0.1:8888 "POST http://172.18.82.251:1240/splitWord HTTP/1.1" 200 None
Thu, 18 Jul 2019 16:26:14 - urllib3.connectionpool - DEBUG - Starting new HTTP connection (1): 127.0.0.1:8888
Thu, 18 Jul 2019 16:26:14 - urllib3.connectionpool - DEBUG - http://127.0.0.1:8888 "POST http://172.18.82.251:1240/splitSentence HTTP/1.1" 200 None
Thu, 18 Jul 2019 16:26:14 - urllib3.connectionpool - DEBUG - Starting new HTTP connection (1): 127.0.0.1:8888
Thu, 18 Jul 2019 16:26:14 - urllib3.connectionpool - DEBUG - http://127.0.0.1:8888 "POST http://172.18.82.251:1240/posTag HTTP/1.1" 200 None
Thu, 18 Jul 2019 16:26:14 - urllib3.connectionpool - DEBUG - Starting new HTTP connection (1): 127.0.0.1:8888
Thu, 18 Jul 2019 16:26:14 - urllib3.connectionpool - DEBUG - http://127.0.0.1:8888 "POST http://172.18.82.251:1240/mlableClassifier HTTP/1.1" 200 None
Thu, 18 Jul 2019 16:26:14 - urllib3.connectionpool - DEBUG - Starting new HTTP connection (1): 127.0.0.1:8888
Thu, 18 Jul 2019 16:26:14 - urllib3.connectionpool - DEBUG - http://127.0.0.1:8888 "POST http://172.18.82.251:1240/summary?percentage=0.3&charLimit=1000 HTTP/1.1" 200 None
Thu, 18 Jul 2019 16:26:14 - urllib3.connectionpool - DEBUG - Starting new HTTP connection (1): 127.0.0.1:8888
Thu, 18 Jul 2019 16:26:14 - urllib3.connectionpool - DEBUG - http://127.0.0.1:8888 "POST http://172.18.82.251:1240/sentiment?domain=content HTTP/1.1" 200 None
Thu, 18 Jul 2019 16:26:14 - urllib3.connectionpool - DEBUG - Starting new HTTP connection (1): 127.0.0.1:8888
Thu, 18 Jul 2019 16:26:14 - urllib3.connectionpool - DEBUG - http://127.0.0.1:8888 "POST http://172.18.82.251:1240/ner HTTP/1.1" 200 None
Thu, 18 Jul 2019 16:26:14 - urllib3.connectionpool - DEBUG - Starting new HTTP connection (1): 127.0.0.1:8888
Thu, 18 Jul 2019 16:26:14 - urllib3.connectionpool - DEBUG - http://127.0.0.1:8888 "POST http://172.18.82.251:1240/splitWord HTTP/1.1" 200 None
Thu, 18 Jul 2019 16:26:14 - urllib3.connectionpool - DEBUG - Starting new HTTP connection (1): 127.0.0.1:8888
Thu, 18 Jul 2019 16:26:14 - urllib3.connectionpool - DEBUG - http://127.0.0.1:8888 "POST http://172.18.82.251:1240/splitSentence HTTP/1.1" 200 None
Thu, 18 Jul 2019 16:26:14 - urllib3.connectionpool - DEBUG - Starting new HTTP connection (1): 127.0.0.1:8888
Thu, 18 Jul 2019 16:26:14 - urllib3.connectionpool - DEBUG - http://127.0.0.1:8888 "POST http://172.18.82.251:1240/posTag HTTP/1.1" 200 None
Thu, 18 Jul 2019 16:26:14 - urllib3.connectionpool - DEBUG - Starting new HTTP connection (1): 127.0.0.1:8888
Thu, 18 Jul 2019 16:26:14 - urllib3.connectionpool - DEBUG - http://127.0.0.1:8888 "POST http://172.18.82.251:1240/mlableClassifier HTTP/1.1" 200 None
Thu, 18 Jul 2019 16:26:14 - urllib3.connectionpool - DEBUG - Starting new HTTP connection (1): 127.0.0.1:8888
Thu, 18 Jul 2019 16:26:14 - urllib3.connectionpool - DEBUG - http://127.0.0.1:8888 "POST http://172.18.82.251:1240/summary?percentage=0.3&charLimit=1000 HTTP/1.1" 200 None
Thu, 18 Jul 2019 16:26:14 - urllib3.connectionpool - DEBUG - Starting new HTTP connection (1): 127.0.0.1:8888
Thu, 18 Jul 2019 16:26:14 - urllib3.connectionpool - DEBUG - http://127.0.0.1:8888 "POST http://172.18.82.251:1240/sentiment?domain=content HTTP/1.1" 200 None
Thu, 18 Jul 2019 16:26:14 - urllib3.connectionpool - DEBUG - Starting new HTTP connection (1): 127.0.0.1:8888
Thu, 18 Jul 2019 16:26:14 - urllib3.connectionpool - DEBUG - http://127.0.0.1:8888 "POST http://172.18.82.251:1240/ner HTTP/1.1" 200 None
Thu, 18 Jul 2019 16:26:14 - urllib3.connectionpool - DEBUG - Starting new HTTP connection (1): 127.0.0.1:8888
Thu, 18 Jul 2019 16:26:14 - urllib3.connectionpool - DEBUG - http://127.0.0.1:8888 "POST http://172.18.82.251:1240/splitWord HTTP/1.1" 200 None
Thu, 18 Jul 2019 16:26:14 - urllib3.connectionpool - DEBUG - Starting new HTTP connection (1): 127.0.0.1:8888
Thu, 18 Jul 2019 16:26:14 - urllib3.connectionpool - DEBUG - http://127.0.0.1:8888 "POST http://172.18.82.251:1240/splitSentence HTTP/1.1" 200 None
Thu, 18 Jul 2019 16:26:14 - urllib3.connectionpool - DEBUG - Starting new HTTP connection (1): 127.0.0.1:8888
Thu, 18 Jul 2019 16:26:14 - urllib3.connectionpool - DEBUG - http://127.0.0.1:8888 "POST http://172.18.82.251:1240/posTag HTTP/1.1" 200 None
Thu, 18 Jul 2019 16:26:14 - urllib3.connectionpool - DEBUG - Starting new HTTP connection (1): 127.0.0.1:8888
Thu, 18 Jul 2019 16:26:14 - urllib3.connectionpool - DEBUG - http://127.0.0.1:8888 "POST http://172.18.82.251:1240/mlableClassifier HTTP/1.1" 200 None
Thu, 18 Jul 2019 16:26:14 - urllib3.connectionpool - DEBUG - Starting new HTTP connection (1): 127.0.0.1:8888
Thu, 18 Jul 2019 16:26:14 - urllib3.connectionpool - DEBUG - http://127.0.0.1:8888 "POST http://172.18.82.251:1240/summary?percentage=0.3&charLimit=1000 HTTP/1.1" 200 None
Thu, 18 Jul 2019 16:26:14 - urllib3.connectionpool - DEBUG - Starting new HTTP connection (1): 127.0.0.1:8888
Thu, 18 Jul 2019 16:26:14 - urllib3.connectionpool - DEBUG - http://127.0.0.1:8888 "POST http://172.18.82.251:1240/splitsentence HTTP/1.1" 200 None
Thu, 18 Jul 2019 16:26:14 - urllib3.connectionpool - DEBUG - Starting new HTTP connection (1): 127.0.0.1:8888
Thu, 18 Jul 2019 16:26:14 - urllib3.connectionpool - DEBUG - http://127.0.0.1:8888 "POST http://172.18.82.251:1240/postag HTTP/1.1" 200 None
Thu, 18 Jul 2019 16:26:14 - urllib3.connectionpool - DEBUG - Starting new HTTP connection (1): 127.0.0.1:8888
Thu, 18 Jul 2019 16:26:14 - urllib3.connectionpool - DEBUG - http://127.0.0.1:8888 "POST http://172.18.82.251:1240/NER HTTP/1.1" 200 None
Thu, 18 Jul 2019 16:26:14 - urllib3.connectionpool - DEBUG - Starting new HTTP connection (1): 127.0.0.1:8888
Thu, 18 Jul 2019 16:26:14 - urllib3.connectionpool - DEBUG - http://127.0.0.1:8888 "POST http://172.18.82.251:1240/keyphrase HTTP/1.1" 200 None
Thu, 18 Jul 2019 16:26:14 - urllib3.connectionpool - DEBUG - Starting new HTTP connection (1): 127.0.0.1:8888
Thu, 18 Jul 2019 16:26:14 - urllib3.connectionpool - DEBUG - http://127.0.0.1:8888 "POST http://172.18.82.251:1240/custom HTTP/1.1" 200 None
Thu, 18 Jul 2019 16:26:14 - urllib3.connectionpool - DEBUG - Starting new HTTP connection (1): 127.0.0.1:8888
Thu, 18 Jul 2019 16:26:14 - urllib3.connectionpool - DEBUG - http://127.0.0.1:8888 "POST http://172.18.82.251:1240/custom HTTP/1.1" 200 None
Thu, 18 Jul 2019 16:26:14 - urllib3.connectionpool - DEBUG - Starting new HTTP connection (1): 127.0.0.1:8888
Thu, 18 Jul 2019 16:26:14 - urllib3.connectionpool - DEBUG - http://127.0.0.1:8888 "POST http://172.18.82.251:1240/custom HTTP/1.1" 200 None
Thu, 18 Jul 2019 16:26:14 - urllib3.connectionpool - DEBUG - Starting new HTTP connection (1): 127.0.0.1:8888
Thu, 18 Jul 2019 16:26:14 - urllib3.connectionpool - DEBUG - http://127.0.0.1:8888 "POST http://172.18.82.251:1240/custom HTTP/1.1" 200 None
Thu, 18 Jul 2019 16:26:14 - urllib3.connectionpool - DEBUG - Starting new HTTP connection (1): 127.0.0.1:8888
Thu, 18 Jul 2019 16:26:14 - urllib3.connectionpool - DEBUG - http://127.0.0.1:8888 "POST http://172.18.82.251:1240/custom HTTP/1.1" 200 None
Thu, 18 Jul 2019 16:26:14 - urllib3.connectionpool - DEBUG - Starting new HTTP connection (1): 127.0.0.1:8888
Thu, 18 Jul 2019 16:26:14 - urllib3.connectionpool - DEBUG - http://127.0.0.1:8888 "POST http://172.18.82.251:1240/custom HTTP/1.1" 200 None
Thu, 18 Jul 2019 16:26:14 - urllib3.connectionpool - DEBUG - Starting new HTTP connection (1): 127.0.0.1:8888
Thu, 18 Jul 2019 16:26:14 - urllib3.connectionpool - DEBUG - http://127.0.0.1:8888 "POST http://172.18.82.251:1240/custom HTTP/1.1" 200 None
Thu, 18 Jul 2019 16:26:14 - urllib3.connectionpool - DEBUG - Starting new HTTP connection (1): 127.0.0.1:8888
Thu, 18 Jul 2019 16:26:14 - urllib3.connectionpool - DEBUG - http://127.0.0.1:8888 "POST http://172.18.82.251:1240/custom HTTP/1.1" 200 None
Thu, 18 Jul 2019 16:26:14 - urllib3.connectionpool - DEBUG - Starting new HTTP connection (1): 127.0.0.1:8888
Thu, 18 Jul 2019 16:26:14 - urllib3.connectionpool - DEBUG - http://127.0.0.1:8888 "POST http://172.18.82.251:1240/custom HTTP/1.1" 200 None
Thu, 18 Jul 2019 16:26:14 - urllib3.connectionpool - DEBUG - Starting new HTTP connection (1): 127.0.0.1:8888
Thu, 18 Jul 2019 16:26:14 - urllib3.connectionpool - DEBUG - http://127.0.0.1:8888 "POST http://172.18.82.251:1240/custom HTTP/1.1" 200 None
Thu, 18 Jul 2019 16:26:14 - urllib3.connectionpool - DEBUG - Starting new HTTP connection (1): 127.0.0.1:8888
Thu, 18 Jul 2019 16:26:14 - urllib3.connectionpool - DEBUG - http://127.0.0.1:8888 "POST http://172.18.82.251:1240/custom HTTP/1.1" 200 None
Thu, 18 Jul 2019 16:42:37 - urllib3.connectionpool - DEBUG - Starting new HTTP connection (1): 127.0.0.1:8888
Thu, 18 Jul 2019 16:42:37 - urllib3.connectionpool - DEBUG - http://127.0.0.1:8888 "POST http://172.18.82.251:1240/custom HTTP/1.1" 200 None
Thu, 18 Jul 2019 16:42:37 - urllib3.connectionpool - DEBUG - Starting new HTTP connection (1): 127.0.0.1:8888
Thu, 18 Jul 2019 16:42:38 - urllib3.connectionpool - DEBUG - http://127.0.0.1:8888 "POST http://172.18.82.251:1240/keyWord HTTP/1.1" 200 None
Thu, 18 Jul 2019 16:42:38 - urllib3.connectionpool - DEBUG - Starting new HTTP connection (1): 127.0.0.1:8888
Thu, 18 Jul 2019 16:42:38 - urllib3.connectionpool - DEBUG - http://127.0.0.1:8888 "POST http://172.18.82.251:1240/keyWord HTTP/1.1" 200 None
Thu, 18 Jul 2019 16:42:38 - urllib3.connectionpool - DEBUG - Starting new HTTP connection (1): 127.0.0.1:8888
Thu, 18 Jul 2019 16:42:38 - urllib3.connectionpool - DEBUG - http://127.0.0.1:8888 "POST http://172.18.82.251:1240/keyWord HTTP/1.1" 200 None
Thu, 18 Jul 2019 16:42:38 - urllib3.connectionpool - DEBUG - Starting new HTTP connection (1): 127.0.0.1:8888
Thu, 18 Jul 2019 16:42:38 - urllib3.connectionpool - DEBUG - http://127.0.0.1:8888 "POST http://172.18.82.251:1240/keyWord HTTP/1.1" 200 None
Thu, 18 Jul 2019 16:42:38 - urllib3.connectionpool - DEBUG - Starting new HTTP connection (1): 127.0.0.1:8888
Thu, 18 Jul 2019 16:42:38 - urllib3.connectionpool - DEBUG - http://127.0.0.1:8888 "POST http://172.18.82.251:1240/keyWord HTTP/1.1" 200 None
Thu, 18 Jul 2019 16:42:38 - urllib3.connectionpool - DEBUG - Starting new HTTP connection (1): 127.0.0.1:8888
Thu, 18 Jul 2019 16:42:38 - urllib3.connectionpool - DEBUG - http://127.0.0.1:8888 "POST http://172.18.82.251:1240/keyWord HTTP/1.1" 200 None
Thu, 18 Jul 2019 16:42:38 - urllib3.connectionpool - DEBUG - Starting new HTTP connection (1): 127.0.0.1:8888
Thu, 18 Jul 2019 16:42:38 - urllib3.connectionpool - DEBUG - http://127.0.0.1:8888 "POST http://172.18.82.251:1240/keyWord HTTP/1.1" 200 None
Thu, 18 Jul 2019 16:42:38 - urllib3.connectionpool - DEBUG - Starting new HTTP connection (1): 127.0.0.1:8888
Thu, 18 Jul 2019 16:42:38 - urllib3.connectionpool - DEBUG - http://127.0.0.1:8888 "POST http://172.18.82.251:1240/keyWord HTTP/1.1" 200 None
Thu, 18 Jul 2019 16:42:38 - urllib3.connectionpool - DEBUG - Starting new HTTP connection (1): 127.0.0.1:8888
Thu, 18 Jul 2019 16:42:38 - urllib3.connectionpool - DEBUG - http://127.0.0.1:8888 "POST http://172.18.82.251:1240/keyWord HTTP/1.1" 200 None
Thu, 18 Jul 2019 16:42:38 - urllib3.connectionpool - DEBUG - Starting new HTTP connection (1): 127.0.0.1:8888
Thu, 18 Jul 2019 16:42:39 - urllib3.connectionpool - DEBUG - http://127.0.0.1:8888 "POST http://172.18.82.251:1240/mlableClassifier HTTP/1.1" 200 None
Thu, 18 Jul 2019 16:42:39 - urllib3.connectionpool - DEBUG - Starting new HTTP connection (1): 127.0.0.1:8888
Thu, 18 Jul 2019 16:42:39 - urllib3.connectionpool - DEBUG - http://127.0.0.1:8888 "POST http://172.18.82.251:1240/mlableClassifier HTTP/1.1" 200 None
Thu, 18 Jul 2019 16:42:39 - urllib3.connectionpool - DEBUG - Starting new HTTP connection (1): 127.0.0.1:8888
Thu, 18 Jul 2019 16:42:39 - urllib3.connectionpool - DEBUG - http://127.0.0.1:8888 "POST http://172.18.82.251:1240/mlableClassifier HTTP/1.1" 200 None
Thu, 18 Jul 2019 16:42:39 - urllib3.connectionpool - DEBUG - Starting new HTTP connection (1): 127.0.0.1:8888
Thu, 18 Jul 2019 16:42:39 - urllib3.connectionpool - DEBUG - http://127.0.0.1:8888 "POST http://172.18.82.251:1240/mlableClassifier HTTP/1.1" 200 None
Thu, 18 Jul 2019 16:42:39 - urllib3.connectionpool - DEBUG - Starting new HTTP connection (1): 127.0.0.1:8888
Thu, 18 Jul 2019 16:42:39 - urllib3.connectionpool - DEBUG - http://127.0.0.1:8888 "POST http://172.18.82.251:1240/mlableClassifier HTTP/1.1" 200 None
Thu, 18 Jul 2019 16:42:39 - urllib3.connectionpool - DEBUG - Starting new HTTP connection (1): 127.0.0.1:8888
Thu, 18 Jul 2019 16:42:39 - urllib3.connectionpool - DEBUG - http://127.0.0.1:8888 "POST http://172.18.82.251:1240/mlableClassifier HTTP/1.1" 200 None
Thu, 18 Jul 2019 16:42:39 - urllib3.connectionpool - DEBUG - Starting new HTTP connection (1): 127.0.0.1:8888
Thu, 18 Jul 2019 16:42:39 - urllib3.connectionpool - DEBUG - http://127.0.0.1:8888 "POST http://172.18.82.251:1240/mlableClassifier HTTP/1.1" 200 None
Thu, 18 Jul 2019 16:42:39 - urllib3.connectionpool - DEBUG - Starting new HTTP connection (1): 127.0.0.1:8888
Thu, 18 Jul 2019 16:42:39 - urllib3.connectionpool - DEBUG - http://127.0.0.1:8888 "POST http://172.18.82.251:1240/mlableClassifier HTTP/1.1" 200 None
Thu, 18 Jul 2019 16:42:39 - urllib3.connectionpool - DEBUG - Starting new HTTP connection (1): 127.0.0.1:8888
Thu, 18 Jul 2019 16:42:39 - urllib3.connectionpool - DEBUG - http://127.0.0.1:8888 "POST http://172.18.82.251:1240/mlableClassifier HTTP/1.1" 200 None
Thu, 18 Jul 2019 16:42:39 - urllib3.connectionpool - DEBUG - Starting new HTTP connection (1): 127.0.0.1:8888
Thu, 18 Jul 2019 16:42:39 - urllib3.connectionpool - DEBUG - http://127.0.0.1:8888 "POST http://172.18.82.251:1240/mlableClassifier HTTP/1.1" 200 None
Thu, 18 Jul 2019 16:42:39 - urllib3.connectionpool - DEBUG - Starting new HTTP connection (1): 127.0.0.1:8888
Thu, 18 Jul 2019 16:42:39 - urllib3.connectionpool - DEBUG - http://127.0.0.1:8888 "POST http://172.18.82.251:1240/mlableClassifier HTTP/1.1" 200 None
Thu, 18 Jul 2019 16:42:39 - urllib3.connectionpool - DEBUG - Starting new HTTP connection (1): 127.0.0.1:8888
Thu, 18 Jul 2019 16:42:39 - urllib3.connectionpool - DEBUG - http://127.0.0.1:8888 "POST http://172.18.82.251:1240/mlableClassifier HTTP/1.1" 200 None
Thu, 18 Jul 2019 16:42:39 - urllib3.connectionpool - DEBUG - Starting new HTTP connection (1): 127.0.0.1:8888
Thu, 18 Jul 2019 16:42:39 - urllib3.connectionpool - DEBUG - http://127.0.0.1:8888 "POST http://172.18.82.251:1240/mlableClassifier HTTP/1.1" 200 None
Thu, 18 Jul 2019 16:42:39 - urllib3.connectionpool - DEBUG - Starting new HTTP connection (1): 127.0.0.1:8888
Thu, 18 Jul 2019 16:42:39 - urllib3.connectionpool - DEBUG - http://127.0.0.1:8888 "POST http://172.18.82.251:1240/mlableClassifier HTTP/1.1" 200 None
Thu, 18 Jul 2019 16:42:39 - urllib3.connectionpool - DEBUG - Starting new HTTP connection (1): 127.0.0.1:8888
Thu, 18 Jul 2019 16:42:39 - urllib3.connectionpool - DEBUG - http://127.0.0.1:8888 "POST http://172.18.82.251:1240/mlableClassifier HTTP/1.1" 200 None
Thu, 18 Jul 2019 16:42:39 - urllib3.connectionpool - DEBUG - Starting new HTTP connection (1): 127.0.0.1:8888
Thu, 18 Jul 2019 16:42:39 - urllib3.connectionpool - DEBUG - http://127.0.0.1:8888 "POST http://172.18.82.251:1240/mlableClassifier HTTP/1.1" 200 None
Thu, 18 Jul 2019 16:42:39 - urllib3.connectionpool - DEBUG - Starting new HTTP connection (1): 127.0.0.1:8888
Thu, 18 Jul 2019 16:42:40 - urllib3.connectionpool - DEBUG - http://127.0.0.1:8888 "POST http://172.18.82.251:1240/mlableClassifier HTTP/1.1" 200 None
Thu, 18 Jul 2019 16:42:40 - urllib3.connectionpool - DEBUG - Starting new HTTP connection (1): 127.0.0.1:8888
Thu, 18 Jul 2019 16:42:40 - urllib3.connectionpool - DEBUG - http://127.0.0.1:8888 "POST http://172.18.82.251:1240/mlableClassifier HTTP/1.1" 200 None
Thu, 18 Jul 2019 16:42:40 - urllib3.connectionpool - DEBUG - Starting new HTTP connection (1): 127.0.0.1:8888
Thu, 18 Jul 2019 16:42:40 - urllib3.connectionpool - DEBUG - http://127.0.0.1:8888 "POST http://172.18.82.251:1240/mlableClassifier HTTP/1.1" 200 None
Thu, 18 Jul 2019 16:42:40 - urllib3.connectionpool - DEBUG - Starting new HTTP connection (1): 127.0.0.1:8888
Thu, 18 Jul 2019 16:42:40 - urllib3.connectionpool - DEBUG - http://127.0.0.1:8888 "POST http://172.18.82.251:1240/ner HTTP/1.1" 200 None
Thu, 18 Jul 2019 16:42:40 - urllib3.connectionpool - DEBUG - Starting new HTTP connection (1): 127.0.0.1:8888
Thu, 18 Jul 2019 16:42:40 - urllib3.connectionpool - DEBUG - http://127.0.0.1:8888 "POST http://172.18.82.251:1240/ner HTTP/1.1" 200 None
Thu, 18 Jul 2019 16:42:40 - urllib3.connectionpool - DEBUG - Starting new HTTP connection (1): 127.0.0.1:8888
Thu, 18 Jul 2019 16:42:40 - urllib3.connectionpool - DEBUG - http://127.0.0.1:8888 "POST http://172.18.82.251:1240/ner HTTP/1.1" 200 None
Thu, 18 Jul 2019 16:42:40 - urllib3.connectionpool - DEBUG - Starting new HTTP connection (1): 127.0.0.1:8888
Thu, 18 Jul 2019 16:42:40 - urllib3.connectionpool - DEBUG - http://127.0.0.1:8888 "POST http://172.18.82.251:1240/posTag HTTP/1.1" 200 None
Thu, 18 Jul 2019 16:42:40 - urllib3.connectionpool - DEBUG - Starting new HTTP connection (1): 127.0.0.1:8888
Thu, 18 Jul 2019 16:42:40 - urllib3.connectionpool - DEBUG - http://127.0.0.1:8888 "POST http://172.18.82.251:1240/splitWord HTTP/1.1" 200 None
Thu, 18 Jul 2019 16:42:40 - urllib3.connectionpool - DEBUG - Starting new HTTP connection (1): 127.0.0.1:8888
Thu, 18 Jul 2019 16:42:40 - urllib3.connectionpool - DEBUG - http://127.0.0.1:8888 "POST http://172.18.82.251:1240/posTag HTTP/1.1" 200 None
Thu, 18 Jul 2019 16:42:40 - urllib3.connectionpool - DEBUG - Starting new HTTP connection (1): 127.0.0.1:8888
Thu, 18 Jul 2019 16:42:40 - urllib3.connectionpool - DEBUG - http://127.0.0.1:8888 "POST http://172.18.82.251:1240/splitWord HTTP/1.1" 200 None
Thu, 18 Jul 2019 16:42:40 - urllib3.connectionpool - DEBUG - Starting new HTTP connection (1): 127.0.0.1:8888
Thu, 18 Jul 2019 16:42:41 - urllib3.connectionpool - DEBUG - http://127.0.0.1:8888 "POST http://172.18.82.251:1240/posTag HTTP/1.1" 200 None
Thu, 18 Jul 2019 16:42:41 - urllib3.connectionpool - DEBUG - Starting new HTTP connection (1): 127.0.0.1:8888
Thu, 18 Jul 2019 16:42:41 - urllib3.connectionpool - DEBUG - http://127.0.0.1:8888 "POST http://172.18.82.251:1240/splitWord HTTP/1.1" 200 None
Thu, 18 Jul 2019 16:42:41 - urllib3.connectionpool - DEBUG - Starting new HTTP connection (1): 127.0.0.1:8888
Thu, 18 Jul 2019 16:42:41 - urllib3.connectionpool - DEBUG - http://127.0.0.1:8888 "POST http://172.18.82.251:1240/posTag HTTP/1.1" 200 None
Thu, 18 Jul 2019 16:42:41 - urllib3.connectionpool - DEBUG - Starting new HTTP connection (1): 127.0.0.1:8888
Thu, 18 Jul 2019 16:42:41 - urllib3.connectionpool - DEBUG - http://127.0.0.1:8888 "POST http://172.18.82.251:1240/posTag HTTP/1.1" 200 None
Thu, 18 Jul 2019 16:42:41 - urllib3.connectionpool - DEBUG - Starting new HTTP connection (1): 127.0.0.1:8888
Thu, 18 Jul 2019 16:42:41 - urllib3.connectionpool - DEBUG - http://127.0.0.1:8888 "POST http://172.18.82.251:1240/posTag HTTP/1.1" 200 None
Thu, 18 Jul 2019 16:42:41 - urllib3.connectionpool - DEBUG - Starting new HTTP connection (1): 127.0.0.1:8888
Thu, 18 Jul 2019 16:42:41 - urllib3.connectionpool - DEBUG - http://127.0.0.1:8888 "POST http://172.18.82.251:1240/posTag HTTP/1.1" 200 None
Thu, 18 Jul 2019 16:42:41 - urllib3.connectionpool - DEBUG - Starting new HTTP connection (1): 127.0.0.1:8888
Thu, 18 Jul 2019 16:42:41 - urllib3.connectionpool - DEBUG - http://127.0.0.1:8888 "POST http://172.18.82.251:1240/sentiment?domain=content HTTP/1.1" 200 None
Thu, 18 Jul 2019 16:42:41 - urllib3.connectionpool - DEBUG - Starting new HTTP connection (1): 127.0.0.1:8888
Thu, 18 Jul 2019 16:42:41 - urllib3.connectionpool - DEBUG - http://127.0.0.1:8888 "POST http://172.18.82.251:1240/sentiment?domain=content HTTP/1.1" 200 None
Thu, 18 Jul 2019 16:42:41 - urllib3.connectionpool - DEBUG - Starting new HTTP connection (1): 127.0.0.1:8888
Thu, 18 Jul 2019 16:42:41 - urllib3.connectionpool - DEBUG - http://127.0.0.1:8888 "POST http://172.18.82.251:1240/sentiment?domain=content HTTP/1.1" 200 None
Thu, 18 Jul 2019 16:42:41 - urllib3.connectionpool - DEBUG - Starting new HTTP connection (1): 127.0.0.1:8888
Thu, 18 Jul 2019 16:42:41 - urllib3.connectionpool - DEBUG - http://127.0.0.1:8888 "POST http://172.18.82.251:1240/sentiment?domain=content HTTP/1.1" 200 None
Thu, 18 Jul 2019 16:42:41 - urllib3.connectionpool - DEBUG - Starting new HTTP connection (1): 127.0.0.1:8888
Thu, 18 Jul 2019 16:42:41 - urllib3.connectionpool - DEBUG - http://127.0.0.1:8888 "POST http://172.18.82.251:1240/sentiment?domain=content HTTP/1.1" 200 None
Thu, 18 Jul 2019 16:42:41 - urllib3.connectionpool - DEBUG - Starting new HTTP connection (1): 127.0.0.1:8888
Thu, 18 Jul 2019 16:42:41 - urllib3.connectionpool - DEBUG - http://127.0.0.1:8888 "POST http://172.18.82.251:1240/sentiment?domain=content HTTP/1.1" 200 None
Thu, 18 Jul 2019 16:42:41 - urllib3.connectionpool - DEBUG - Starting new HTTP connection (1): 127.0.0.1:8888
Thu, 18 Jul 2019 16:42:41 - urllib3.connectionpool - DEBUG - http://127.0.0.1:8888 "POST http://172.18.82.251:1240/sentiment?domain=content HTTP/1.1" 200 None
Thu, 18 Jul 2019 16:42:41 - root - DEBUG - -----调试信息[debug]---test_summary_multi_article--
Thu, 18 Jul 2019 16:42:41 - urllib3.connectionpool - DEBUG - Starting new HTTP connection (1): 127.0.0.1:8888
Thu, 18 Jul 2019 16:42:41 - urllib3.connectionpool - DEBUG - http://127.0.0.1:8888 "POST http://172.18.82.251:1240/sentiment?domain=comment HTTP/1.1" 200 None
Thu, 18 Jul 2019 16:42:41 - root - DEBUG - -----调试信息[debug]---test_summary_multi_article--
Thu, 18 Jul 2019 16:42:41 - urllib3.connectionpool - DEBUG - Starting new HTTP connection (1): 127.0.0.1:8888
Thu, 18 Jul 2019 16:42:41 - urllib3.connectionpool - DEBUG - http://127.0.0.1:8888 "POST http://172.18.82.251:1240/sentiment?domain=content HTTP/1.1" 200 None
Thu, 18 Jul 2019 16:42:41 - root - DEBUG - -----调试信息[debug]---test_summary_multi_article_miss_some_field--
Thu, 18 Jul 2019 16:42:41 - urllib3.connectionpool - DEBUG - Starting new HTTP connection (1): 127.0.0.1:8888
Thu, 18 Jul 2019 16:42:41 - urllib3.connectionpool - DEBUG - http://127.0.0.1:8888 "POST http://172.18.82.251:1240/sentiment?domain=content HTTP/1.1" 200 None
Thu, 18 Jul 2019 16:42:41 - root - DEBUG - -----调试信息[debug]---test_summary_multi_article_miss_some_field--
Thu, 18 Jul 2019 16:42:41 - urllib3.connectionpool - DEBUG - Starting new HTTP connection (1): 127.0.0.1:8888
Thu, 18 Jul 2019 16:42:41 - urllib3.connectionpool - DEBUG - http://127.0.0.1:8888 "POST http://172.18.82.251:1240/sentiment?domain=content HTTP/1.1" 200 None
Thu, 18 Jul 2019 16:42:41 - root - DEBUG - -----调试信息[debug]---test_summary_multi_article_miss_some_field--
Thu, 18 Jul 2019 16:42:41 - urllib3.connectionpool - DEBUG - Starting new HTTP connection (1): 127.0.0.1:8888
Thu, 18 Jul 2019 16:42:41 - urllib3.connectionpool - DEBUG - http://127.0.0.1:8888 "POST http://172.18.82.251:1240/sentiment?domain=content HTTP/1.1" 200 None
Thu, 18 Jul 2019 16:42:41 - root - DEBUG - -----调试信息[debug]---test_summary_multi_article_miss_some_field--
Thu, 18 Jul 2019 16:42:41 - urllib3.connectionpool - DEBUG - Starting new HTTP connection (1): 127.0.0.1:8888
Thu, 18 Jul 2019 16:42:41 - urllib3.connectionpool - DEBUG - http://127.0.0.1:8888 "POST http://172.18.82.251:1240/sentiment?domain=content HTTP/1.1" 200 None
Thu, 18 Jul 2019 16:42:41 - urllib3.connectionpool - DEBUG - Starting new HTTP connection (1): 127.0.0.1:8888
Thu, 18 Jul 2019 16:42:41 - urllib3.connectionpool - DEBUG - http://127.0.0.1:8888 "POST http://172.18.82.251:1240/splitSentence HTTP/1.1" 200 None
Thu, 18 Jul 2019 16:42:41 - urllib3.connectionpool - DEBUG - Starting new HTTP connection (1): 127.0.0.1:8888
Thu, 18 Jul 2019 16:42:41 - urllib3.connectionpool - DEBUG - http://127.0.0.1:8888 "POST http://172.18.82.251:1240/splitSentence HTTP/1.1" 200 None
Thu, 18 Jul 2019 16:42:42 - urllib3.connectionpool - DEBUG - Starting new HTTP connection (1): 127.0.0.1:8888
Thu, 18 Jul 2019 16:42:42 - urllib3.connectionpool - DEBUG - http://127.0.0.1:8888 "POST http://172.18.82.251:1240/splitSentence HTTP/1.1" 200 None
Thu, 18 Jul 2019 16:42:42 - urllib3.connectionpool - DEBUG - Starting new HTTP connection (1): 127.0.0.1:8888
Thu, 18 Jul 2019 16:42:42 - urllib3.connectionpool - DEBUG - http://127.0.0.1:8888 "POST http://172.18.82.251:1240/splitSentence HTTP/1.1" 200 None
Thu, 18 Jul 2019 16:42:42 - urllib3.connectionpool - DEBUG - Starting new HTTP connection (1): 127.0.0.1:8888
Thu, 18 Jul 2019 16:42:42 - urllib3.connectionpool - DEBUG - http://127.0.0.1:8888 "POST http://172.18.82.251:1240/splitSentence HTTP/1.1" 200 None
Thu, 18 Jul 2019 16:42:42 - urllib3.connectionpool - DEBUG - Starting new HTTP connection (1): 127.0.0.1:8888
Thu, 18 Jul 2019 16:42:42 - urllib3.connectionpool - DEBUG - http://127.0.0.1:8888 "POST http://172.18.82.251:1240/splitSentence HTTP/1.1" 200 None
Thu, 18 Jul 2019 16:42:42 - urllib3.connectionpool - DEBUG - Starting new HTTP connection (1): 127.0.0.1:8888
Thu, 18 Jul 2019 16:42:42 - urllib3.connectionpool - DEBUG - http://127.0.0.1:8888 "POST http://172.18.82.251:1240/splitSentence HTTP/1.1" 200 None
Thu, 18 Jul 2019 16:42:42 - urllib3.connectionpool - DEBUG - Starting new HTTP connection (1): 127.0.0.1:8888
Thu, 18 Jul 2019 16:42:42 - urllib3.connectionpool - DEBUG - http://127.0.0.1:8888 "POST http://172.18.82.251:1240/splitSentence HTTP/1.1" 200 None
Thu, 18 Jul 2019 16:42:42 - urllib3.connectionpool - DEBUG - Starting new HTTP connection (1): 127.0.0.1:8888
Thu, 18 Jul 2019 16:42:42 - urllib3.connectionpool - DEBUG - http://127.0.0.1:8888 "POST http://172.18.82.251:1240/splitSentence HTTP/1.1" 200 None
Thu, 18 Jul 2019 16:42:42 - urllib3.connectionpool - DEBUG - Starting new HTTP connection (1): 127.0.0.1:8888
Thu, 18 Jul 2019 16:42:42 - urllib3.connectionpool - DEBUG - http://127.0.0.1:8888 "POST http://172.18.82.251:1240/splitSentence HTTP/1.1" 200 None
Thu, 18 Jul 2019 16:42:42 - urllib3.connectionpool - DEBUG - Starting new HTTP connection (1): 127.0.0.1:8888
Thu, 18 Jul 2019 16:42:42 - urllib3.connectionpool - DEBUG - http://127.0.0.1:8888 "POST http://172.18.82.251:1240/splitSentence HTTP/1.1" 200 None
Thu, 18 Jul 2019 16:42:42 - urllib3.connectionpool - DEBUG - Starting new HTTP connection (1): 127.0.0.1:8888
Thu, 18 Jul 2019 16:42:42 - urllib3.connectionpool - DEBUG - http://127.0.0.1:8888 "POST http://172.18.82.251:1240/splitSentence HTTP/1.1" 200 None
Thu, 18 Jul 2019 16:42:42 - urllib3.connectionpool - DEBUG - Starting new HTTP connection (1): 127.0.0.1:8888
Thu, 18 Jul 2019 16:42:42 - urllib3.connectionpool - DEBUG - http://127.0.0.1:8888 "POST http://172.18.82.251:1240/splitSentence HTTP/1.1" 200 None
Thu, 18 Jul 2019 16:42:42 - urllib3.connectionpool - DEBUG - Starting new HTTP connection (1): 127.0.0.1:8888
Thu, 18 Jul 2019 16:42:42 - urllib3.connectionpool - DEBUG - http://127.0.0.1:8888 "POST http://172.18.82.251:1240/splitSentence HTTP/1.1" 200 None
Thu, 18 Jul 2019 16:42:42 - urllib3.connectionpool - DEBUG - Starting new HTTP connection (1): 127.0.0.1:8888
Thu, 18 Jul 2019 16:42:42 - urllib3.connectionpool - DEBUG - http://127.0.0.1:8888 "POST http://172.18.82.251:1240/splitWord HTTP/1.1" 200 None
Thu, 18 Jul 2019 16:42:42 - urllib3.connectionpool - DEBUG - Starting new HTTP connection (1): 127.0.0.1:8888
Thu, 18 Jul 2019 16:42:42 - urllib3.connectionpool - DEBUG - http://127.0.0.1:8888 "POST http://172.18.82.251:1240/splitWord HTTP/1.1" 200 None
Thu, 18 Jul 2019 16:42:42 - urllib3.connectionpool - DEBUG - Starting new HTTP connection (1): 127.0.0.1:8888
Thu, 18 Jul 2019 16:42:43 - urllib3.connectionpool - DEBUG - http://127.0.0.1:8888 "POST http://172.18.82.251:1240/splitWord HTTP/1.1" 200 None
Thu, 18 Jul 2019 16:42:43 - urllib3.connectionpool - DEBUG - Starting new HTTP connection (1): 127.0.0.1:8888
Thu, 18 Jul 2019 16:42:43 - urllib3.connectionpool - DEBUG - http://127.0.0.1:8888 "POST http://172.18.82.251:1240/splitWord HTTP/1.1" 200 None
Thu, 18 Jul 2019 16:42:43 - urllib3.connectionpool - DEBUG - Starting new HTTP connection (1): 127.0.0.1:8888
Thu, 18 Jul 2019 16:42:43 - urllib3.connectionpool - DEBUG - http://127.0.0.1:8888 "POST http://172.18.82.251:1240/splitWord HTTP/1.1" 200 None
Thu, 18 Jul 2019 16:42:43 - urllib3.connectionpool - DEBUG - Starting new HTTP connection (1): 127.0.0.1:8888
Thu, 18 Jul 2019 16:42:43 - urllib3.connectionpool - DEBUG - http://127.0.0.1:8888 "POST http://172.18.82.251:1240/splitWord HTTP/1.1" 200 None
Thu, 18 Jul 2019 16:42:43 - urllib3.connectionpool - DEBUG - Starting new HTTP connection (1): 127.0.0.1:8888
Thu, 18 Jul 2019 16:42:43 - urllib3.connectionpool - DEBUG - http://127.0.0.1:8888 "POST http://172.18.82.251:1240/splitWord HTTP/1.1" 200 None
Thu, 18 Jul 2019 16:42:43 - urllib3.connectionpool - DEBUG - Starting new HTTP connection (1): 127.0.0.1:8888
Thu, 18 Jul 2019 16:42:43 - urllib3.connectionpool - DEBUG - http://127.0.0.1:8888 "POST http://172.18.82.251:1240/summary?charLimit=6000 HTTP/1.1" 200 None
Thu, 18 Jul 2019 16:42:43 - urllib3.connectionpool - DEBUG - Starting new HTTP connection (1): 127.0.0.1:8888
Thu, 18 Jul 2019 16:42:43 - urllib3.connectionpool - DEBUG - http://127.0.0.1:8888 "POST http://172.18.82.251:1240/summary?percentage=0&charLimit=1000 HTTP/1.1" 200 None
Thu, 18 Jul 2019 16:42:43 - urllib3.connectionpool - DEBUG - Starting new HTTP connection (1): 127.0.0.1:8888
Thu, 18 Jul 2019 16:42:43 - urllib3.connectionpool - DEBUG - http://127.0.0.1:8888 "POST http://172.18.82.251:1240/summary?percentage=0.1&charLimit=1000 HTTP/1.1" 200 None
Thu, 18 Jul 2019 16:42:43 - urllib3.connectionpool - DEBUG - Starting new HTTP connection (1): 127.0.0.1:8888
Thu, 18 Jul 2019 16:42:43 - urllib3.connectionpool - DEBUG - http://127.0.0.1:8888 "POST http://172.18.82.251:1240/summary?percentage=0.5&charLimit=1000 HTTP/1.1" 200 None
Thu, 18 Jul 2019 16:42:43 - urllib3.connectionpool - DEBUG - Starting new HTTP connection (1): 127.0.0.1:8888
Thu, 18 Jul 2019 16:42:43 - urllib3.connectionpool - DEBUG - http://127.0.0.1:8888 "POST http://172.18.82.251:1240/summary?percentage=0.9&charLimit=1000 HTTP/1.1" 200 None
Thu, 18 Jul 2019 16:42:43 - urllib3.connectionpool - DEBUG - Starting new HTTP connection (1): 127.0.0.1:8888
Thu, 18 Jul 2019 16:42:43 - urllib3.connectionpool - DEBUG - http://127.0.0.1:8888 "POST http://172.18.82.251:1240/summary?percentage=1&charLimit=1000 HTTP/1.1" 200 None
Thu, 18 Jul 2019 16:42:43 - urllib3.connectionpool - DEBUG - Starting new HTTP connection (1): 127.0.0.1:8888
Thu, 18 Jul 2019 16:42:43 - urllib3.connectionpool - DEBUG - http://127.0.0.1:8888 "POST http://172.18.82.251:1240/summary?percentage=0.5 HTTP/1.1" 200 None
Thu, 18 Jul 2019 16:42:43 - urllib3.connectionpool - DEBUG - Starting new HTTP connection (1): 127.0.0.1:8888
Thu, 18 Jul 2019 16:42:43 - urllib3.connectionpool - DEBUG - http://127.0.0.1:8888 "POST http://172.18.82.251:1240/summary?percentage=0.5&charLimit=50 HTTP/1.1" 200 None
Thu, 18 Jul 2019 16:42:43 - urllib3.connectionpool - DEBUG - Starting new HTTP connection (1): 127.0.0.1:8888
Thu, 18 Jul 2019 16:42:43 - urllib3.connectionpool - DEBUG - http://127.0.0.1:8888 "POST http://172.18.82.251:1240/summary?percentage=0.5&charLimit=800 HTTP/1.1" 200 None
Thu, 18 Jul 2019 16:42:43 - urllib3.connectionpool - DEBUG - Starting new HTTP connection (1): 127.0.0.1:8888
Thu, 18 Jul 2019 16:42:43 - urllib3.connectionpool - DEBUG - http://127.0.0.1:8888 "POST http://172.18.82.251:1240/summary?percentage=0.5&charLimit=3000 HTTP/1.1" 200 None
Thu, 18 Jul 2019 16:42:43 - root - DEBUG - -----调试信息[debug]---test_summary_multi_article--
Thu, 18 Jul 2019 16:42:43 - urllib3.connectionpool - DEBUG - Starting new HTTP connection (1): 127.0.0.1:8888
Thu, 18 Jul 2019 16:42:43 - urllib3.connectionpool - DEBUG - http://127.0.0.1:8888 "POST http://172.18.82.251:1240/summary?percentage=0.3&charLimit=600 HTTP/1.1" 200 None
Thu, 18 Jul 2019 16:42:43 - root - DEBUG - -----调试信息[debug]---test_summary_multi_article_miss_some_field--
Thu, 18 Jul 2019 16:42:43 - urllib3.connectionpool - DEBUG - Starting new HTTP connection (1): 127.0.0.1:8888
Thu, 18 Jul 2019 16:42:43 - urllib3.connectionpool - DEBUG - http://127.0.0.1:8888 "POST http://172.18.82.251:1240/summary?percentage=0.3&charLimit=600 HTTP/1.1" 200 None
Thu, 18 Jul 2019 16:42:43 - root - DEBUG - -----调试信息[debug]----article 0 has no title
Thu, 18 Jul 2019 16:42:43 - root - DEBUG - -----调试信息[debug]---test_summary_multi_article_miss_some_field--
Thu, 18 Jul 2019 16:42:43 - urllib3.connectionpool - DEBUG - Starting new HTTP connection (1): 127.0.0.1:8888
Thu, 18 Jul 2019 16:42:43 - urllib3.connectionpool - DEBUG - http://127.0.0.1:8888 "POST http://172.18.82.251:1240/summary?percentage=0.3&charLimit=600 HTTP/1.1" 200 None
Thu, 18 Jul 2019 16:42:43 - root - DEBUG - -----调试信息[debug]----article 1 has no title
Thu, 18 Jul 2019 16:42:43 - root - DEBUG - -----调试信息[debug]---test_summary_multi_article_miss_some_field--
Thu, 18 Jul 2019 16:42:43 - urllib3.connectionpool - DEBUG - Starting new HTTP connection (1): 127.0.0.1:8888
Thu, 18 Jul 2019 16:42:43 - urllib3.connectionpool - DEBUG - http://127.0.0.1:8888 "POST http://172.18.82.251:1240/summary?percentage=0.3&charLimit=600 HTTP/1.1" 200 None
Thu, 18 Jul 2019 16:42:43 - root - DEBUG - -----调试信息[debug]----article 1 has no content
Thu, 18 Jul 2019 16:42:43 - root - DEBUG - -----调试信息[debug]---test_summary_multi_article_miss_some_field--
Thu, 18 Jul 2019 16:42:43 - urllib3.connectionpool - DEBUG - Starting new HTTP connection (1): 127.0.0.1:8888
Thu, 18 Jul 2019 16:42:43 - urllib3.connectionpool - DEBUG - http://127.0.0.1:8888 "POST http://172.18.82.251:1240/summary?percentage=0.3&charLimit=600 HTTP/1.1" 200 None
Thu, 18 Jul 2019 16:42:43 - root - DEBUG - -----调试信息[debug]----article 0 has no title
Thu, 18 Jul 2019 16:42:43 - urllib3.connectionpool - DEBUG - Starting new HTTP connection (1): 127.0.0.1:8888
Thu, 18 Jul 2019 16:42:43 - urllib3.connectionpool - DEBUG - http://127.0.0.1:8888 "POST http://172.18.82.251:1240/summary?percentage=0.3&charLimit=1000 HTTP/1.1" 200 None
Thu, 18 Jul 2019 16:42:43 - urllib3.connectionpool - DEBUG - Starting new HTTP connection (1): 127.0.0.1:8888
Thu, 18 Jul 2019 16:42:43 - urllib3.connectionpool - DEBUG - http://127.0.0.1:8888 "POST http://172.18.82.251:1240/sentiment?domain=content HTTP/1.1" 200 None
Thu, 18 Jul 2019 16:42:43 - urllib3.connectionpool - DEBUG - Starting new HTTP connection (1): 127.0.0.1:8888
Thu, 18 Jul 2019 16:42:43 - urllib3.connectionpool - DEBUG - http://127.0.0.1:8888 "POST http://172.18.82.251:1240/ner HTTP/1.1" 200 None
Thu, 18 Jul 2019 16:42:43 - urllib3.connectionpool - DEBUG - Starting new HTTP connection (1): 127.0.0.1:8888
Thu, 18 Jul 2019 16:42:43 - urllib3.connectionpool - DEBUG - http://127.0.0.1:8888 "POST http://172.18.82.251:1240/splitWord HTTP/1.1" 200 None
Thu, 18 Jul 2019 16:42:43 - urllib3.connectionpool - DEBUG - Starting new HTTP connection (1): 127.0.0.1:8888
Thu, 18 Jul 2019 16:42:43 - urllib3.connectionpool - DEBUG - http://127.0.0.1:8888 "POST http://172.18.82.251:1240/splitSentence HTTP/1.1" 200 None
Thu, 18 Jul 2019 16:42:43 - urllib3.connectionpool - DEBUG - Starting new HTTP connection (1): 127.0.0.1:8888
Thu, 18 Jul 2019 16:42:43 - urllib3.connectionpool - DEBUG - http://127.0.0.1:8888 "POST http://172.18.82.251:1240/posTag HTTP/1.1" 200 None
Thu, 18 Jul 2019 16:42:43 - urllib3.connectionpool - DEBUG - Starting new HTTP connection (1): 127.0.0.1:8888
Thu, 18 Jul 2019 16:42:43 - urllib3.connectionpool - DEBUG - http://127.0.0.1:8888 "POST http://172.18.82.251:1240/mlableClassifier HTTP/1.1" 200 None
Thu, 18 Jul 2019 16:42:43 - urllib3.connectionpool - DEBUG - Starting new HTTP connection (1): 127.0.0.1:8888
Thu, 18 Jul 2019 16:42:43 - urllib3.connectionpool - DEBUG - http://127.0.0.1:8888 "POST http://172.18.82.251:1240/summary?percentage=0.3&charLimit=1000 HTTP/1.1" 200 None
Thu, 18 Jul 2019 16:42:43 - urllib3.connectionpool - DEBUG - Starting new HTTP connection (1): 127.0.0.1:8888
Thu, 18 Jul 2019 16:42:43 - urllib3.connectionpool - DEBUG - http://127.0.0.1:8888 "POST http://172.18.82.251:1240/sentiment?domain=content HTTP/1.1" 200 None
Thu, 18 Jul 2019 16:42:43 - urllib3.connectionpool - DEBUG - Starting new HTTP connection (1): 127.0.0.1:8888
Thu, 18 Jul 2019 16:42:43 - urllib3.connectionpool - DEBUG - http://127.0.0.1:8888 "POST http://172.18.82.251:1240/ner HTTP/1.1" 200 None
Thu, 18 Jul 2019 16:42:43 - urllib3.connectionpool - DEBUG - Starting new HTTP connection (1): 127.0.0.1:8888
Thu, 18 Jul 2019 16:42:43 - urllib3.connectionpool - DEBUG - http://127.0.0.1:8888 "POST http://172.18.82.251:1240/splitWord HTTP/1.1" 200 None
Thu, 18 Jul 2019 16:42:43 - urllib3.connectionpool - DEBUG - Starting new HTTP connection (1): 127.0.0.1:8888
Thu, 18 Jul 2019 16:42:43 - urllib3.connectionpool - DEBUG - http://127.0.0.1:8888 "POST http://172.18.82.251:1240/splitSentence HTTP/1.1" 200 None
Thu, 18 Jul 2019 16:42:44 - urllib3.connectionpool - DEBUG - Starting new HTTP connection (1): 127.0.0.1:8888
Thu, 18 Jul 2019 16:42:44 - urllib3.connectionpool - DEBUG - http://127.0.0.1:8888 "POST http://172.18.82.251:1240/posTag HTTP/1.1" 200 None
Thu, 18 Jul 2019 16:42:44 - urllib3.connectionpool - DEBUG - Starting new HTTP connection (1): 127.0.0.1:8888
Thu, 18 Jul 2019 16:42:44 - urllib3.connectionpool - DEBUG - http://127.0.0.1:8888 "POST http://172.18.82.251:1240/mlableClassifier HTTP/1.1" 200 None
Thu, 18 Jul 2019 16:42:44 - urllib3.connectionpool - DEBUG - Starting new HTTP connection (1): 127.0.0.1:8888
Thu, 18 Jul 2019 16:42:44 - urllib3.connectionpool - DEBUG - http://127.0.0.1:8888 "POST http://172.18.82.251:1240/summary?percentage=0.3&charLimit=1000 HTTP/1.1" 200 None
Thu, 18 Jul 2019 16:42:44 - urllib3.connectionpool - DEBUG - Starting new HTTP connection (1): 127.0.0.1:8888
Thu, 18 Jul 2019 16:42:44 - urllib3.connectionpool - DEBUG - http://127.0.0.1:8888 "POST http://172.18.82.251:1240/sentiment?domain=content HTTP/1.1" 200 None
Thu, 18 Jul 2019 16:42:44 - urllib3.connectionpool - DEBUG - Starting new HTTP connection (1): 127.0.0.1:8888
Thu, 18 Jul 2019 16:42:44 - urllib3.connectionpool - DEBUG - http://127.0.0.1:8888 "POST http://172.18.82.251:1240/ner HTTP/1.1" 200 None
Thu, 18 Jul 2019 16:42:44 - urllib3.connectionpool - DEBUG - Starting new HTTP connection (1): 127.0.0.1:8888
Thu, 18 Jul 2019 16:42:44 - urllib3.connectionpool - DEBUG - http://127.0.0.1:8888 "POST http://172.18.82.251:1240/splitWord HTTP/1.1" 200 None
Thu, 18 Jul 2019 16:42:44 - urllib3.connectionpool - DEBUG - Starting new HTTP connection (1): 127.0.0.1:8888
Thu, 18 Jul 2019 16:42:44 - urllib3.connectionpool - DEBUG - http://127.0.0.1:8888 "POST http://172.18.82.251:1240/splitSentence HTTP/1.1" 200 None
Thu, 18 Jul 2019 16:42:44 - urllib3.connectionpool - DEBUG - Starting new HTTP connection (1): 127.0.0.1:8888
Thu, 18 Jul 2019 16:42:44 - urllib3.connectionpool - DEBUG - http://127.0.0.1:8888 "POST http://172.18.82.251:1240/posTag HTTP/1.1" 200 None
Thu, 18 Jul 2019 16:42:44 - urllib3.connectionpool - DEBUG - Starting new HTTP connection (1): 127.0.0.1:8888
Thu, 18 Jul 2019 16:42:44 - urllib3.connectionpool - DEBUG - http://127.0.0.1:8888 "POST http://172.18.82.251:1240/mlableClassifier HTTP/1.1" 200 None
Thu, 18 Jul 2019 16:42:44 - urllib3.connectionpool - DEBUG - Starting new HTTP connection (1): 127.0.0.1:8888
Thu, 18 Jul 2019 16:42:44 - urllib3.connectionpool - DEBUG - http://127.0.0.1:8888 "POST http://172.18.82.251:1240/summary?percentage=0.3&charLimit=1000 HTTP/1.1" 200 None
Thu, 18 Jul 2019 16:42:44 - urllib3.connectionpool - DEBUG - Starting new HTTP connection (1): 127.0.0.1:8888
Thu, 18 Jul 2019 16:42:44 - urllib3.connectionpool - DEBUG - http://127.0.0.1:8888 "POST http://172.18.82.251:1240/sentiment?domain=content HTTP/1.1" 200 None
Thu, 18 Jul 2019 16:42:44 - urllib3.connectionpool - DEBUG - Starting new HTTP connection (1): 127.0.0.1:8888
Thu, 18 Jul 2019 16:42:44 - urllib3.connectionpool - DEBUG - http://127.0.0.1:8888 "POST http://172.18.82.251:1240/ner HTTP/1.1" 200 None
Thu, 18 Jul 2019 16:42:44 - urllib3.connectionpool - DEBUG - Starting new HTTP connection (1): 127.0.0.1:8888
Thu, 18 Jul 2019 16:42:44 - urllib3.connectionpool - DEBUG - http://127.0.0.1:8888 "POST http://172.18.82.251:1240/splitWord HTTP/1.1" 200 None
Thu, 18 Jul 2019 16:42:44 - urllib3.connectionpool - DEBUG - Starting new HTTP connection (1): 127.0.0.1:8888
Thu, 18 Jul 2019 16:42:44 - urllib3.connectionpool - DEBUG - http://127.0.0.1:8888 "POST http://172.18.82.251:1240/splitSentence HTTP/1.1" 200 None
Thu, 18 Jul 2019 16:42:44 - urllib3.connectionpool - DEBUG - Starting new HTTP connection (1): 127.0.0.1:8888
Thu, 18 Jul 2019 16:42:44 - urllib3.connectionpool - DEBUG - http://127.0.0.1:8888 "POST http://172.18.82.251:1240/posTag HTTP/1.1" 200 None
Thu, 18 Jul 2019 16:42:44 - urllib3.connectionpool - DEBUG - Starting new HTTP connection (1): 127.0.0.1:8888
Thu, 18 Jul 2019 16:42:44 - urllib3.connectionpool - DEBUG - http://127.0.0.1:8888 "POST http://172.18.82.251:1240/mlableClassifier HTTP/1.1" 200 None
Thu, 18 Jul 2019 16:42:44 - urllib3.connectionpool - DEBUG - Starting new HTTP connection (1): 127.0.0.1:8888
Thu, 18 Jul 2019 16:42:44 - urllib3.connectionpool - DEBUG - http://127.0.0.1:8888 "POST http://172.18.82.251:1240/summary?percentage=0.3&charLimit=1000 HTTP/1.1" 200 None
Thu, 18 Jul 2019 16:42:44 - urllib3.connectionpool - DEBUG - Starting new HTTP connection (1): 127.0.0.1:8888
Thu, 18 Jul 2019 16:42:44 - urllib3.connectionpool - DEBUG - http://127.0.0.1:8888 "POST http://172.18.82.251:1240/sentiment?domain=content HTTP/1.1" 200 None
Thu, 18 Jul 2019 16:42:44 - urllib3.connectionpool - DEBUG - Starting new HTTP connection (1): 127.0.0.1:8888
Thu, 18 Jul 2019 16:42:44 - urllib3.connectionpool - DEBUG - http://127.0.0.1:8888 "POST http://172.18.82.251:1240/ner HTTP/1.1" 200 None
Thu, 18 Jul 2019 16:42:44 - urllib3.connectionpool - DEBUG - Starting new HTTP connection (1): 127.0.0.1:8888
Thu, 18 Jul 2019 16:42:44 - urllib3.connectionpool - DEBUG - http://127.0.0.1:8888 "POST http://172.18.82.251:1240/splitWord HTTP/1.1" 200 None
Thu, 18 Jul 2019 16:42:44 - urllib3.connectionpool - DEBUG - Starting new HTTP connection (1): 127.0.0.1:8888
Thu, 18 Jul 2019 16:42:44 - urllib3.connectionpool - DEBUG - http://127.0.0.1:8888 "POST http://172.18.82.251:1240/splitSentence HTTP/1.1" 200 None
Thu, 18 Jul 2019 16:42:44 - urllib3.connectionpool - DEBUG - Starting new HTTP connection (1): 127.0.0.1:8888
Thu, 18 Jul 2019 16:42:44 - urllib3.connectionpool - DEBUG - http://127.0.0.1:8888 "POST http://172.18.82.251:1240/posTag HTTP/1.1" 200 None
Thu, 18 Jul 2019 16:42:44 - urllib3.connectionpool - DEBUG - Starting new HTTP connection (1): 127.0.0.1:8888
Thu, 18 Jul 2019 16:42:44 - urllib3.connectionpool - DEBUG - http://127.0.0.1:8888 "POST http://172.18.82.251:1240/mlableClassifier HTTP/1.1" 200 None
Thu, 18 Jul 2019 16:42:44 - urllib3.connectionpool - DEBUG - Starting new HTTP connection (1): 127.0.0.1:8888
Thu, 18 Jul 2019 16:42:44 - urllib3.connectionpool - DEBUG - http://127.0.0.1:8888 "POST http://172.18.82.251:1240/summary?percentage=0.3&charLimit=1000 HTTP/1.1" 200 None
Thu, 18 Jul 2019 16:42:44 - urllib3.connectionpool - DEBUG - Starting new HTTP connection (1): 127.0.0.1:8888
Thu, 18 Jul 2019 16:42:44 - urllib3.connectionpool - DEBUG - http://127.0.0.1:8888 "POST http://172.18.82.251:1240/sentiment?domain=content HTTP/1.1" 200 None
Thu, 18 Jul 2019 16:42:44 - urllib3.connectionpool - DEBUG - Starting new HTTP connection (1): 127.0.0.1:8888
Thu, 18 Jul 2019 16:42:44 - urllib3.connectionpool - DEBUG - http://127.0.0.1:8888 "POST http://172.18.82.251:1240/ner HTTP/1.1" 200 None
Thu, 18 Jul 2019 16:42:44 - urllib3.connectionpool - DEBUG - Starting new HTTP connection (1): 127.0.0.1:8888
Thu, 18 Jul 2019 16:42:44 - urllib3.connectionpool - DEBUG - http://127.0.0.1:8888 "POST http://172.18.82.251:1240/splitWord HTTP/1.1" 200 None
Thu, 18 Jul 2019 16:42:44 - urllib3.connectionpool - DEBUG - Starting new HTTP connection (1): 127.0.0.1:8888
Thu, 18 Jul 2019 16:42:44 - urllib3.connectionpool - DEBUG - http://127.0.0.1:8888 "POST http://172.18.82.251:1240/splitSentence HTTP/1.1" 200 None
Thu, 18 Jul 2019 16:42:44 - urllib3.connectionpool - DEBUG - Starting new HTTP connection (1): 127.0.0.1:8888
Thu, 18 Jul 2019 16:42:44 - urllib3.connectionpool - DEBUG - http://127.0.0.1:8888 "POST http://172.18.82.251:1240/posTag HTTP/1.1" 200 None
Thu, 18 Jul 2019 16:42:44 - urllib3.connectionpool - DEBUG - Starting new HTTP connection (1): 127.0.0.1:8888
Thu, 18 Jul 2019 16:42:44 - urllib3.connectionpool - DEBUG - http://127.0.0.1:8888 "POST http://172.18.82.251:1240/mlableClassifier HTTP/1.1" 200 None
Thu, 18 Jul 2019 16:42:44 - urllib3.connectionpool - DEBUG - Starting new HTTP connection (1): 127.0.0.1:8888
Thu, 18 Jul 2019 16:42:44 - urllib3.connectionpool - DEBUG - http://127.0.0.1:8888 "POST http://172.18.82.251:1240/summary?percentage=0.3&charLimit=1000 HTTP/1.1" 200 None
Thu, 18 Jul 2019 16:42:44 - urllib3.connectionpool - DEBUG - Starting new HTTP connection (1): 127.0.0.1:8888
Thu, 18 Jul 2019 16:42:44 - urllib3.connectionpool - DEBUG - http://127.0.0.1:8888 "POST http://172.18.82.251:1240/sentiment?domain=content HTTP/1.1" 200 None
Thu, 18 Jul 2019 16:42:44 - urllib3.connectionpool - DEBUG - Starting new HTTP connection (1): 127.0.0.1:8888
Thu, 18 Jul 2019 16:42:44 - urllib3.connectionpool - DEBUG - http://127.0.0.1:8888 "POST http://172.18.82.251:1240/ner HTTP/1.1" 200 None
Thu, 18 Jul 2019 16:42:44 - urllib3.connectionpool - DEBUG - Starting new HTTP connection (1): 127.0.0.1:8888
Thu, 18 Jul 2019 16:42:44 - urllib3.connectionpool - DEBUG - http://127.0.0.1:8888 "POST http://172.18.82.251:1240/splitWord HTTP/1.1" 200 None
Thu, 18 Jul 2019 16:42:44 - urllib3.connectionpool - DEBUG - Starting new HTTP connection (1): 127.0.0.1:8888
Thu, 18 Jul 2019 16:42:44 - urllib3.connectionpool - DEBUG - http://127.0.0.1:8888 "POST http://172.18.82.251:1240/splitSentence HTTP/1.1" 200 None
Thu, 18 Jul 2019 16:42:44 - urllib3.connectionpool - DEBUG - Starting new HTTP connection (1): 127.0.0.1:8888
Thu, 18 Jul 2019 16:42:44 - urllib3.connectionpool - DEBUG - http://127.0.0.1:8888 "POST http://172.18.82.251:1240/posTag HTTP/1.1" 200 None
Thu, 18 Jul 2019 16:42:44 - urllib3.connectionpool - DEBUG - Starting new HTTP connection (1): 127.0.0.1:8888
Thu, 18 Jul 2019 16:42:44 - urllib3.connectionpool - DEBUG - http://127.0.0.1:8888 "POST http://172.18.82.251:1240/mlableClassifier HTTP/1.1" 200 None
Thu, 18 Jul 2019 16:42:44 - urllib3.connectionpool - DEBUG - Starting new HTTP connection (1): 127.0.0.1:8888
Thu, 18 Jul 2019 16:42:44 - urllib3.connectionpool - DEBUG - http://127.0.0.1:8888 "POST http://172.18.82.251:1240/summary?percentage=0.3&charLimit=1000 HTTP/1.1" 200 None
Thu, 18 Jul 2019 16:42:44 - urllib3.connectionpool - DEBUG - Starting new HTTP connection (1): 127.0.0.1:8888
Thu, 18 Jul 2019 16:42:44 - urllib3.connectionpool - DEBUG - http://127.0.0.1:8888 "POST http://172.18.82.251:1240/sentiment?domain=content HTTP/1.1" 200 None
Thu, 18 Jul 2019 16:42:44 - urllib3.connectionpool - DEBUG - Starting new HTTP connection (1): 127.0.0.1:8888
Thu, 18 Jul 2019 16:42:44 - urllib3.connectionpool - DEBUG - http://127.0.0.1:8888 "POST http://172.18.82.251:1240/ner HTTP/1.1" 200 None
Thu, 18 Jul 2019 16:42:44 - urllib3.connectionpool - DEBUG - Starting new HTTP connection (1): 127.0.0.1:8888
Thu, 18 Jul 2019 16:42:44 - urllib3.connectionpool - DEBUG - http://127.0.0.1:8888 "POST http://172.18.82.251:1240/splitWord HTTP/1.1" 200 None
Thu, 18 Jul 2019 16:42:44 - urllib3.connectionpool - DEBUG - Starting new HTTP connection (1): 127.0.0.1:8888
Thu, 18 Jul 2019 16:42:44 - urllib3.connectionpool - DEBUG - http://127.0.0.1:8888 "POST http://172.18.82.251:1240/splitSentence HTTP/1.1" 200 None
Thu, 18 Jul 2019 16:42:44 - urllib3.connectionpool - DEBUG - Starting new HTTP connection (1): 127.0.0.1:8888
Thu, 18 Jul 2019 16:42:44 - urllib3.connectionpool - DEBUG - http://127.0.0.1:8888 "POST http://172.18.82.251:1240/posTag HTTP/1.1" 200 None
Thu, 18 Jul 2019 16:42:44 - urllib3.connectionpool - DEBUG - Starting new HTTP connection (1): 127.0.0.1:8888
Thu, 18 Jul 2019 16:42:44 - urllib3.connectionpool - DEBUG - http://127.0.0.1:8888 "POST http://172.18.82.251:1240/mlableClassifier HTTP/1.1" 200 None
Thu, 18 Jul 2019 16:42:44 - urllib3.connectionpool - DEBUG - Starting new HTTP connection (1): 127.0.0.1:8888
Thu, 18 Jul 2019 16:42:44 - urllib3.connectionpool - DEBUG - http://127.0.0.1:8888 "POST http://172.18.82.251:1240/summary?percentage=0.3&charLimit=1000 HTTP/1.1" 200 None
Thu, 18 Jul 2019 16:42:44 - urllib3.connectionpool - DEBUG - Starting new HTTP connection (1): 127.0.0.1:8888
Thu, 18 Jul 2019 16:42:44 - urllib3.connectionpool - DEBUG - http://127.0.0.1:8888 "POST http://172.18.82.251:1240/sentiment?domain=content HTTP/1.1" 200 None
Thu, 18 Jul 2019 16:42:44 - urllib3.connectionpool - DEBUG - Starting new HTTP connection (1): 127.0.0.1:8888
Thu, 18 Jul 2019 16:42:44 - urllib3.connectionpool - DEBUG - http://127.0.0.1:8888 "POST http://172.18.82.251:1240/ner HTTP/1.1" 200 None
Thu, 18 Jul 2019 16:42:44 - urllib3.connectionpool - DEBUG - Starting new HTTP connection (1): 127.0.0.1:8888
Thu, 18 Jul 2019 16:42:44 - urllib3.connectionpool - DEBUG - http://127.0.0.1:8888 "POST http://172.18.82.251:1240/splitWord HTTP/1.1" 200 None
Thu, 18 Jul 2019 16:42:44 - urllib3.connectionpool - DEBUG - Starting new HTTP connection (1): 127.0.0.1:8888
Thu, 18 Jul 2019 16:42:44 - urllib3.connectionpool - DEBUG - http://127.0.0.1:8888 "POST http://172.18.82.251:1240/splitSentence HTTP/1.1" 200 None
Thu, 18 Jul 2019 16:42:44 - urllib3.connectionpool - DEBUG - Starting new HTTP connection (1): 127.0.0.1:8888
Thu, 18 Jul 2019 16:42:44 - urllib3.connectionpool - DEBUG - http://127.0.0.1:8888 "POST http://172.18.82.251:1240/posTag HTTP/1.1" 200 None
Thu, 18 Jul 2019 16:42:44 - urllib3.connectionpool - DEBUG - Starting new HTTP connection (1): 127.0.0.1:8888
Thu, 18 Jul 2019 16:42:44 - urllib3.connectionpool - DEBUG - http://127.0.0.1:8888 "POST http://172.18.82.251:1240/mlableClassifier HTTP/1.1" 200 None
Thu, 18 Jul 2019 16:42:44 - urllib3.connectionpool - DEBUG - Starting new HTTP connection (1): 127.0.0.1:8888
Thu, 18 Jul 2019 16:42:44 - urllib3.connectionpool - DEBUG - http://127.0.0.1:8888 "POST http://172.18.82.251:1240/summary?percentage=0.3&charLimit=1000 HTTP/1.1" 200 None
Thu, 18 Jul 2019 16:42:44 - urllib3.connectionpool - DEBUG - Starting new HTTP connection (1): 127.0.0.1:8888
Thu, 18 Jul 2019 16:42:44 - urllib3.connectionpool - DEBUG - http://127.0.0.1:8888 "POST http://172.18.82.251:1240/sentiment?domain=content HTTP/1.1" 200 None
Thu, 18 Jul 2019 16:42:44 - urllib3.connectionpool - DEBUG - Starting new HTTP connection (1): 127.0.0.1:8888
Thu, 18 Jul 2019 16:42:44 - urllib3.connectionpool - DEBUG - http://127.0.0.1:8888 "POST http://172.18.82.251:1240/ner HTTP/1.1" 200 None
Thu, 18 Jul 2019 16:42:44 - urllib3.connectionpool - DEBUG - Starting new HTTP connection (1): 127.0.0.1:8888
Thu, 18 Jul 2019 16:42:44 - urllib3.connectionpool - DEBUG - http://127.0.0.1:8888 "POST http://172.18.82.251:1240/splitWord HTTP/1.1" 200 None
Thu, 18 Jul 2019 16:42:44 - urllib3.connectionpool - DEBUG - Starting new HTTP connection (1): 127.0.0.1:8888
Thu, 18 Jul 2019 16:42:44 - urllib3.connectionpool - DEBUG - http://127.0.0.1:8888 "POST http://172.18.82.251:1240/splitSentence HTTP/1.1" 200 None
Thu, 18 Jul 2019 16:42:44 - urllib3.connectionpool - DEBUG - Starting new HTTP connection (1): 127.0.0.1:8888
Thu, 18 Jul 2019 16:42:44 - urllib3.connectionpool - DEBUG - http://127.0.0.1:8888 "POST http://172.18.82.251:1240/posTag HTTP/1.1" 200 None
Thu, 18 Jul 2019 16:42:44 - urllib3.connectionpool - DEBUG - Starting new HTTP connection (1): 127.0.0.1:8888
Thu, 18 Jul 2019 16:42:44 - urllib3.connectionpool - DEBUG - http://127.0.0.1:8888 "POST http://172.18.82.251:1240/mlableClassifier HTTP/1.1" 200 None
Thu, 18 Jul 2019 16:42:44 - urllib3.connectionpool - DEBUG - Starting new HTTP connection (1): 127.0.0.1:8888
Thu, 18 Jul 2019 16:42:44 - urllib3.connectionpool - DEBUG - http://127.0.0.1:8888 "POST http://172.18.82.251:1240/summary?percentage=0.3&charLimit=1000 HTTP/1.1" 200 None
Thu, 18 Jul 2019 16:42:44 - urllib3.connectionpool - DEBUG - Starting new HTTP connection (1): 127.0.0.1:8888
Thu, 18 Jul 2019 16:42:44 - urllib3.connectionpool - DEBUG - http://127.0.0.1:8888 "POST http://172.18.82.251:1240/sentiment?domain=content HTTP/1.1" 200 None
Thu, 18 Jul 2019 16:42:44 - urllib3.connectionpool - DEBUG - Starting new HTTP connection (1): 127.0.0.1:8888
Thu, 18 Jul 2019 16:42:44 - urllib3.connectionpool - DEBUG - http://127.0.0.1:8888 "POST http://172.18.82.251:1240/ner HTTP/1.1" 200 None
Thu, 18 Jul 2019 16:42:44 - urllib3.connectionpool - DEBUG - Starting new HTTP connection (1): 127.0.0.1:8888
Thu, 18 Jul 2019 16:42:44 - urllib3.connectionpool - DEBUG - http://127.0.0.1:8888 "POST http://172.18.82.251:1240/splitWord HTTP/1.1" 200 None
Thu, 18 Jul 2019 16:42:44 - urllib3.connectionpool - DEBUG - Starting new HTTP connection (1): 127.0.0.1:8888
Thu, 18 Jul 2019 16:42:44 - urllib3.connectionpool - DEBUG - http://127.0.0.1:8888 "POST http://172.18.82.251:1240/splitSentence HTTP/1.1" 200 None
Thu, 18 Jul 2019 16:42:44 - urllib3.connectionpool - DEBUG - Starting new HTTP connection (1): 127.0.0.1:8888
Thu, 18 Jul 2019 16:42:44 - urllib3.connectionpool - DEBUG - http://127.0.0.1:8888 "POST http://172.18.82.251:1240/posTag HTTP/1.1" 200 None
Thu, 18 Jul 2019 16:42:44 - urllib3.connectionpool - DEBUG - Starting new HTTP connection (1): 127.0.0.1:8888
Thu, 18 Jul 2019 16:42:44 - urllib3.connectionpool - DEBUG - http://127.0.0.1:8888 "POST http://172.18.82.251:1240/mlableClassifier HTTP/1.1" 200 None
Thu, 18 Jul 2019 16:42:44 - urllib3.connectionpool - DEBUG - Starting new HTTP connection (1): 127.0.0.1:8888
Thu, 18 Jul 2019 16:42:44 - urllib3.connectionpool - DEBUG - http://127.0.0.1:8888 "POST http://172.18.82.251:1240/summary?percentage=0.3&charLimit=1000 HTTP/1.1" 200 None
Thu, 18 Jul 2019 16:42:44 - urllib3.connectionpool - DEBUG - Starting new HTTP connection (1): 127.0.0.1:8888
Thu, 18 Jul 2019 16:42:44 - urllib3.connectionpool - DEBUG - http://127.0.0.1:8888 "POST http://172.18.82.251:1240/sentiment?domain=content HTTP/1.1" 200 None
Thu, 18 Jul 2019 16:42:44 - urllib3.connectionpool - DEBUG - Starting new HTTP connection (1): 127.0.0.1:8888
Thu, 18 Jul 2019 16:42:44 - urllib3.connectionpool - DEBUG - http://127.0.0.1:8888 "POST http://172.18.82.251:1240/ner HTTP/1.1" 200 None
Thu, 18 Jul 2019 16:42:44 - urllib3.connectionpool - DEBUG - Starting new HTTP connection (1): 127.0.0.1:8888
Thu, 18 Jul 2019 16:42:44 - urllib3.connectionpool - DEBUG - http://127.0.0.1:8888 "POST http://172.18.82.251:1240/splitWord HTTP/1.1" 200 None
Thu, 18 Jul 2019 16:42:44 - urllib3.connectionpool - DEBUG - Starting new HTTP connection (1): 127.0.0.1:8888
Thu, 18 Jul 2019 16:42:44 - urllib3.connectionpool - DEBUG - http://127.0.0.1:8888 "POST http://172.18.82.251:1240/splitSentence HTTP/1.1" 200 None
Thu, 18 Jul 2019 16:42:44 - urllib3.connectionpool - DEBUG - Starting new HTTP connection (1): 127.0.0.1:8888
Thu, 18 Jul 2019 16:42:44 - urllib3.connectionpool - DEBUG - http://127.0.0.1:8888 "POST http://172.18.82.251:1240/posTag HTTP/1.1" 200 None
Thu, 18 Jul 2019 16:42:44 - urllib3.connectionpool - DEBUG - Starting new HTTP connection (1): 127.0.0.1:8888
Thu, 18 Jul 2019 16:42:44 - urllib3.connectionpool - DEBUG - http://127.0.0.1:8888 "POST http://172.18.82.251:1240/mlableClassifier HTTP/1.1" 200 None
Thu, 18 Jul 2019 16:42:44 - urllib3.connectionpool - DEBUG - Starting new HTTP connection (1): 127.0.0.1:8888
Thu, 18 Jul 2019 16:42:44 - urllib3.connectionpool - DEBUG - http://127.0.0.1:8888 "POST http://172.18.82.251:1240/summary?percentage=0.3&charLimit=1000 HTTP/1.1" 200 None
Thu, 18 Jul 2019 16:42:44 - urllib3.connectionpool - DEBUG - Starting new HTTP connection (1): 127.0.0.1:8888
Thu, 18 Jul 2019 16:42:44 - urllib3.connectionpool - DEBUG - http://127.0.0.1:8888 "POST http://172.18.82.251:1240/sentiment?domain=content HTTP/1.1" 200 None
Thu, 18 Jul 2019 16:42:44 - urllib3.connectionpool - DEBUG - Starting new HTTP connection (1): 127.0.0.1:8888
Thu, 18 Jul 2019 16:42:44 - urllib3.connectionpool - DEBUG - http://127.0.0.1:8888 "POST http://172.18.82.251:1240/ner HTTP/1.1" 200 None
Thu, 18 Jul 2019 16:42:44 - urllib3.connectionpool - DEBUG - Starting new HTTP connection (1): 127.0.0.1:8888
Thu, 18 Jul 2019 16:42:44 - urllib3.connectionpool - DEBUG - http://127.0.0.1:8888 "POST http://172.18.82.251:1240/splitWord HTTP/1.1" 200 None
Thu, 18 Jul 2019 16:42:44 - urllib3.connectionpool - DEBUG - Starting new HTTP connection (1): 127.0.0.1:8888
Thu, 18 Jul 2019 16:42:44 - urllib3.connectionpool - DEBUG - http://127.0.0.1:8888 "POST http://172.18.82.251:1240/splitSentence HTTP/1.1" 200 None
Thu, 18 Jul 2019 16:42:44 - urllib3.connectionpool - DEBUG - Starting new HTTP connection (1): 127.0.0.1:8888
Thu, 18 Jul 2019 16:42:44 - urllib3.connectionpool - DEBUG - http://127.0.0.1:8888 "POST http://172.18.82.251:1240/posTag HTTP/1.1" 200 None
Thu, 18 Jul 2019 16:42:44 - urllib3.connectionpool - DEBUG - Starting new HTTP connection (1): 127.0.0.1:8888
Thu, 18 Jul 2019 16:42:44 - urllib3.connectionpool - DEBUG - http://127.0.0.1:8888 "POST http://172.18.82.251:1240/mlableClassifier HTTP/1.1" 200 None
Thu, 18 Jul 2019 16:42:44 - urllib3.connectionpool - DEBUG - Starting new HTTP connection (1): 127.0.0.1:8888
Thu, 18 Jul 2019 16:42:44 - urllib3.connectionpool - DEBUG - http://127.0.0.1:8888 "POST http://172.18.82.251:1240/summary?percentage=0.3&charLimit=1000 HTTP/1.1" 200 None
Thu, 18 Jul 2019 16:42:44 - urllib3.connectionpool - DEBUG - Starting new HTTP connection (1): 127.0.0.1:8888
Thu, 18 Jul 2019 16:42:44 - urllib3.connectionpool - DEBUG - http://127.0.0.1:8888 "POST http://172.18.82.251:1240/sentiment?domain=content HTTP/1.1" 200 None
Thu, 18 Jul 2019 16:42:44 - urllib3.connectionpool - DEBUG - Starting new HTTP connection (1): 127.0.0.1:8888
Thu, 18 Jul 2019 16:42:44 - urllib3.connectionpool - DEBUG - http://127.0.0.1:8888 "POST http://172.18.82.251:1240/ner HTTP/1.1" 200 None
Thu, 18 Jul 2019 16:42:44 - urllib3.connectionpool - DEBUG - Starting new HTTP connection (1): 127.0.0.1:8888
Thu, 18 Jul 2019 16:42:44 - urllib3.connectionpool - DEBUG - http://127.0.0.1:8888 "POST http://172.18.82.251:1240/splitWord HTTP/1.1" 200 None
Thu, 18 Jul 2019 16:42:44 - urllib3.connectionpool - DEBUG - Starting new HTTP connection (1): 127.0.0.1:8888
Thu, 18 Jul 2019 16:42:44 - urllib3.connectionpool - DEBUG - http://127.0.0.1:8888 "POST http://172.18.82.251:1240/splitSentence HTTP/1.1" 200 None
Thu, 18 Jul 2019 16:42:44 - urllib3.connectionpool - DEBUG - Starting new HTTP connection (1): 127.0.0.1:8888
Thu, 18 Jul 2019 16:42:44 - urllib3.connectionpool - DEBUG - http://127.0.0.1:8888 "POST http://172.18.82.251:1240/posTag HTTP/1.1" 200 None
Thu, 18 Jul 2019 16:42:44 - urllib3.connectionpool - DEBUG - Starting new HTTP connection (1): 127.0.0.1:8888
Thu, 18 Jul 2019 16:42:44 - urllib3.connectionpool - DEBUG - http://127.0.0.1:8888 "POST http://172.18.82.251:1240/mlableClassifier HTTP/1.1" 200 None
Thu, 18 Jul 2019 16:42:44 - urllib3.connectionpool - DEBUG - Starting new HTTP connection (1): 127.0.0.1:8888
Thu, 18 Jul 2019 16:42:44 - urllib3.connectionpool - DEBUG - http://127.0.0.1:8888 "POST http://172.18.82.251:1240/summary?percentage=0.3&charLimit=1000 HTTP/1.1" 200 None
Thu, 18 Jul 2019 16:42:44 - urllib3.connectionpool - DEBUG - Starting new HTTP connection (1): 127.0.0.1:8888
Thu, 18 Jul 2019 16:42:44 - urllib3.connectionpool - DEBUG - http://127.0.0.1:8888 "POST http://172.18.82.251:1240/sentiment?domain=content HTTP/1.1" 200 None
Thu, 18 Jul 2019 16:42:44 - urllib3.connectionpool - DEBUG - Starting new HTTP connection (1): 127.0.0.1:8888
Thu, 18 Jul 2019 16:42:44 - urllib3.connectionpool - DEBUG - http://127.0.0.1:8888 "POST http://172.18.82.251:1240/ner HTTP/1.1" 200 None
Thu, 18 Jul 2019 16:42:44 - urllib3.connectionpool - DEBUG - Starting new HTTP connection (1): 127.0.0.1:8888
Thu, 18 Jul 2019 16:42:44 - urllib3.connectionpool - DEBUG - http://127.0.0.1:8888 "POST http://172.18.82.251:1240/splitWord HTTP/1.1" 200 None
Thu, 18 Jul 2019 16:42:44 - urllib3.connectionpool - DEBUG - Starting new HTTP connection (1): 127.0.0.1:8888
Thu, 18 Jul 2019 16:42:44 - urllib3.connectionpool - DEBUG - http://127.0.0.1:8888 "POST http://172.18.82.251:1240/splitSentence HTTP/1.1" 200 None
Thu, 18 Jul 2019 16:42:44 - urllib3.connectionpool - DEBUG - Starting new HTTP connection (1): 127.0.0.1:8888
Thu, 18 Jul 2019 16:42:44 - urllib3.connectionpool - DEBUG - http://127.0.0.1:8888 "POST http://172.18.82.251:1240/posTag HTTP/1.1" 200 None
Thu, 18 Jul 2019 16:42:44 - urllib3.connectionpool - DEBUG - Starting new HTTP connection (1): 127.0.0.1:8888
Thu, 18 Jul 2019 16:42:44 - urllib3.connectionpool - DEBUG - http://127.0.0.1:8888 "POST http://172.18.82.251:1240/mlableClassifier HTTP/1.1" 200 None
Thu, 18 Jul 2019 16:42:44 - urllib3.connectionpool - DEBUG - Starting new HTTP connection (1): 127.0.0.1:8888
Thu, 18 Jul 2019 16:42:44 - urllib3.connectionpool - DEBUG - http://127.0.0.1:8888 "POST http://172.18.82.251:1240/summary?percentage=0.3&charLimit=1000 HTTP/1.1" 200 None
Thu, 18 Jul 2019 16:42:44 - urllib3.connectionpool - DEBUG - Starting new HTTP connection (1): 127.0.0.1:8888
Thu, 18 Jul 2019 16:42:44 - urllib3.connectionpool - DEBUG - http://127.0.0.1:8888 "POST http://172.18.82.251:1240/sentiment?domain=content HTTP/1.1" 200 None
Thu, 18 Jul 2019 16:42:44 - urllib3.connectionpool - DEBUG - Starting new HTTP connection (1): 127.0.0.1:8888
Thu, 18 Jul 2019 16:42:44 - urllib3.connectionpool - DEBUG - http://127.0.0.1:8888 "POST http://172.18.82.251:1240/ner HTTP/1.1" 200 None
Thu, 18 Jul 2019 16:42:44 - urllib3.connectionpool - DEBUG - Starting new HTTP connection (1): 127.0.0.1:8888
Thu, 18 Jul 2019 16:42:44 - urllib3.connectionpool - DEBUG - http://127.0.0.1:8888 "POST http://172.18.82.251:1240/splitWord HTTP/1.1" 200 None
Thu, 18 Jul 2019 16:42:44 - urllib3.connectionpool - DEBUG - Starting new HTTP connection (1): 127.0.0.1:8888
Thu, 18 Jul 2019 16:42:44 - urllib3.connectionpool - DEBUG - http://127.0.0.1:8888 "POST http://172.18.82.251:1240/splitSentence HTTP/1.1" 200 None
Thu, 18 Jul 2019 16:42:44 - urllib3.connectionpool - DEBUG - Starting new HTTP connection (1): 127.0.0.1:8888
Thu, 18 Jul 2019 16:42:44 - urllib3.connectionpool - DEBUG - http://127.0.0.1:8888 "POST http://172.18.82.251:1240/posTag HTTP/1.1" 200 None
Thu, 18 Jul 2019 16:42:44 - urllib3.connectionpool - DEBUG - Starting new HTTP connection (1): 127.0.0.1:8888
Thu, 18 Jul 2019 16:42:44 - urllib3.connectionpool - DEBUG - http://127.0.0.1:8888 "POST http://172.18.82.251:1240/mlableClassifier HTTP/1.1" 200 None
Thu, 18 Jul 2019 16:42:44 - urllib3.connectionpool - DEBUG - Starting new HTTP connection (1): 127.0.0.1:8888
Thu, 18 Jul 2019 16:42:44 - urllib3.connectionpool - DEBUG - http://127.0.0.1:8888 "POST http://172.18.82.251:1240/summary?percentage=0.3&charLimit=1000 HTTP/1.1" 200 None
Thu, 18 Jul 2019 16:42:44 - urllib3.connectionpool - DEBUG - Starting new HTTP connection (1): 127.0.0.1:8888
Thu, 18 Jul 2019 16:42:44 - urllib3.connectionpool - DEBUG - http://127.0.0.1:8888 "POST http://172.18.82.251:1240/splitsentence HTTP/1.1" 200 None
Thu, 18 Jul 2019 16:42:44 - urllib3.connectionpool - DEBUG - Starting new HTTP connection (1): 127.0.0.1:8888
Thu, 18 Jul 2019 16:42:44 - urllib3.connectionpool - DEBUG - http://127.0.0.1:8888 "POST http://172.18.82.251:1240/postag HTTP/1.1" 200 None
Thu, 18 Jul 2019 16:42:44 - urllib3.connectionpool - DEBUG - Starting new HTTP connection (1): 127.0.0.1:8888
Thu, 18 Jul 2019 16:42:44 - urllib3.connectionpool - DEBUG - http://127.0.0.1:8888 "POST http://172.18.82.251:1240/NER HTTP/1.1" 200 None
Thu, 18 Jul 2019 16:42:44 - urllib3.connectionpool - DEBUG - Starting new HTTP connection (1): 127.0.0.1:8888
Thu, 18 Jul 2019 16:42:44 - urllib3.connectionpool - DEBUG - http://127.0.0.1:8888 "POST http://172.18.82.251:1240/keyphrase HTTP/1.1" 200 None
Thu, 18 Jul 2019 16:42:44 - urllib3.connectionpool - DEBUG - Starting new HTTP connection (1): 127.0.0.1:8888
Thu, 18 Jul 2019 16:42:44 - urllib3.connectionpool - DEBUG - http://127.0.0.1:8888 "POST http://172.18.82.251:1240/custom HTTP/1.1" 200 None
Thu, 18 Jul 2019 16:42:44 - urllib3.connectionpool - DEBUG - Starting new HTTP connection (1): 127.0.0.1:8888
Thu, 18 Jul 2019 16:42:44 - urllib3.connectionpool - DEBUG - http://127.0.0.1:8888 "POST http://172.18.82.251:1240/custom HTTP/1.1" 200 None
Thu, 18 Jul 2019 16:42:44 - urllib3.connectionpool - DEBUG - Starting new HTTP connection (1): 127.0.0.1:8888
Thu, 18 Jul 2019 16:42:44 - urllib3.connectionpool - DEBUG - http://127.0.0.1:8888 "POST http://172.18.82.251:1240/custom HTTP/1.1" 200 None
Thu, 18 Jul 2019 16:42:44 - urllib3.connectionpool - DEBUG - Starting new HTTP connection (1): 127.0.0.1:8888
Thu, 18 Jul 2019 16:42:44 - urllib3.connectionpool - DEBUG - http://127.0.0.1:8888 "POST http://172.18.82.251:1240/custom HTTP/1.1" 200 None
Thu, 18 Jul 2019 16:42:44 - urllib3.connectionpool - DEBUG - Starting new HTTP connection (1): 127.0.0.1:8888
Thu, 18 Jul 2019 16:42:44 - urllib3.connectionpool - DEBUG - http://127.0.0.1:8888 "POST http://172.18.82.251:1240/custom HTTP/1.1" 200 None
Thu, 18 Jul 2019 16:42:44 - urllib3.connectionpool - DEBUG - Starting new HTTP connection (1): 127.0.0.1:8888
Thu, 18 Jul 2019 16:42:44 - urllib3.connectionpool - DEBUG - http://127.0.0.1:8888 "POST http://172.18.82.251:1240/custom HTTP/1.1" 200 None
Thu, 18 Jul 2019 16:42:44 - urllib3.connectionpool - DEBUG - Starting new HTTP connection (1): 127.0.0.1:8888
Thu, 18 Jul 2019 16:42:44 - urllib3.connectionpool - DEBUG - http://127.0.0.1:8888 "POST http://172.18.82.251:1240/custom HTTP/1.1" 200 None
Thu, 18 Jul 2019 16:42:44 - urllib3.connectionpool - DEBUG - Starting new HTTP connection (1): 127.0.0.1:8888
Thu, 18 Jul 2019 16:42:44 - urllib3.connectionpool - DEBUG - http://127.0.0.1:8888 "POST http://172.18.82.251:1240/custom HTTP/1.1" 200 None
Thu, 18 Jul 2019 16:42:44 - urllib3.connectionpool - DEBUG - Starting new HTTP connection (1): 127.0.0.1:8888
Thu, 18 Jul 2019 16:42:44 - urllib3.connectionpool - DEBUG - http://127.0.0.1:8888 "POST http://172.18.82.251:1240/custom HTTP/1.1" 200 None
Thu, 18 Jul 2019 16:42:44 - urllib3.connectionpool - DEBUG - Starting new HTTP connection (1): 127.0.0.1:8888
Thu, 18 Jul 2019 16:42:44 - urllib3.connectionpool - DEBUG - http://127.0.0.1:8888 "POST http://172.18.82.251:1240/custom HTTP/1.1" 200 None
Thu, 18 Jul 2019 16:42:44 - urllib3.connectionpool - DEBUG - Starting new HTTP connection (1): 127.0.0.1:8888
Thu, 18 Jul 2019 16:42:44 - urllib3.connectionpool - DEBUG - http://127.0.0.1:8888 "POST http://172.18.82.251:1240/custom HTTP/1.1" 200 None
Thu, 18 Jul 2019 16:54:31 - urllib3.connectionpool - DEBUG - Starting new HTTP connection (1): 172.18.82.251:1240
Thu, 18 Jul 2019 16:54:32 - urllib3.connectionpool - DEBUG - http://172.18.82.251:1240 "POST /custom HTTP/1.1" 200 None
Thu, 18 Jul 2019 16:54:32 - urllib3.connectionpool - DEBUG - Starting new HTTP connection (1): 172.18.82.251:1240
Thu, 18 Jul 2019 16:54:32 - urllib3.connectionpool - DEBUG - http://172.18.82.251:1240 "POST /keyWord HTTP/1.1" 200 None
Thu, 18 Jul 2019 16:54:32 - urllib3.connectionpool - DEBUG - Starting new HTTP connection (1): 172.18.82.251:1240
Thu, 18 Jul 2019 16:54:32 - urllib3.connectionpool - DEBUG - http://172.18.82.251:1240 "POST /keyWord HTTP/1.1" 200 None
Thu, 18 Jul 2019 16:54:32 - urllib3.connectionpool - DEBUG - Starting new HTTP connection (1): 172.18.82.251:1240
Thu, 18 Jul 2019 16:54:32 - urllib3.connectionpool - DEBUG - http://172.18.82.251:1240 "POST /keyWord HTTP/1.1" 200 None
Thu, 18 Jul 2019 16:54:32 - urllib3.connectionpool - DEBUG - Starting new HTTP connection (1): 172.18.82.251:1240
Thu, 18 Jul 2019 16:54:32 - urllib3.connectionpool - DEBUG - http://172.18.82.251:1240 "POST /keyWord HTTP/1.1" 200 None
Thu, 18 Jul 2019 16:54:32 - urllib3.connectionpool - DEBUG - Starting new HTTP connection (1): 172.18.82.251:1240
Thu, 18 Jul 2019 16:54:32 - urllib3.connectionpool - DEBUG - http://172.18.82.251:1240 "POST /keyWord HTTP/1.1" 200 None
Thu, 18 Jul 2019 16:54:32 - urllib3.connectionpool - DEBUG - Starting new HTTP connection (1): 172.18.82.251:1240
Thu, 18 Jul 2019 16:54:33 - urllib3.connectionpool - DEBUG - http://172.18.82.251:1240 "POST /keyWord HTTP/1.1" 200 None
Thu, 18 Jul 2019 16:54:33 - urllib3.connectionpool - DEBUG - Starting new HTTP connection (1): 172.18.82.251:1240
Thu, 18 Jul 2019 16:54:33 - urllib3.connectionpool - DEBUG - http://172.18.82.251:1240 "POST /keyWord HTTP/1.1" 200 None
Thu, 18 Jul 2019 16:54:33 - urllib3.connectionpool - DEBUG - Starting new HTTP connection (1): 172.18.82.251:1240
Thu, 18 Jul 2019 16:54:33 - urllib3.connectionpool - DEBUG - http://172.18.82.251:1240 "POST /keyWord HTTP/1.1" 200 None
Thu, 18 Jul 2019 16:54:33 - urllib3.connectionpool - DEBUG - Starting new HTTP connection (1): 172.18.82.251:1240
Thu, 18 Jul 2019 16:54:33 - urllib3.connectionpool - DEBUG - http://172.18.82.251:1240 "POST /keyWord HTTP/1.1" 200 None
Thu, 18 Jul 2019 16:54:33 - urllib3.connectionpool - DEBUG - Starting new HTTP connection (1): 172.18.82.251:1240
Thu, 18 Jul 2019 16:54:33 - urllib3.connectionpool - DEBUG - http://172.18.82.251:1240 "POST /mlableClassifier HTTP/1.1" 200 None
Thu, 18 Jul 2019 16:54:33 - urllib3.connectionpool - DEBUG - Starting new HTTP connection (1): 172.18.82.251:1240
Thu, 18 Jul 2019 16:54:33 - urllib3.connectionpool - DEBUG - http://172.18.82.251:1240 "POST /mlableClassifier HTTP/1.1" 200 None
Thu, 18 Jul 2019 16:54:33 - urllib3.connectionpool - DEBUG - Starting new HTTP connection (1): 172.18.82.251:1240
Thu, 18 Jul 2019 16:54:33 - urllib3.connectionpool - DEBUG - http://172.18.82.251:1240 "POST /mlableClassifier HTTP/1.1" 200 None
Thu, 18 Jul 2019 16:54:33 - urllib3.connectionpool - DEBUG - Starting new HTTP connection (1): 172.18.82.251:1240
Thu, 18 Jul 2019 16:54:33 - urllib3.connectionpool - DEBUG - http://172.18.82.251:1240 "POST /mlableClassifier HTTP/1.1" 200 None
Thu, 18 Jul 2019 16:54:33 - urllib3.connectionpool - DEBUG - Starting new HTTP connection (1): 172.18.82.251:1240
Thu, 18 Jul 2019 16:54:33 - urllib3.connectionpool - DEBUG - http://172.18.82.251:1240 "POST /mlableClassifier HTTP/1.1" 200 None
Thu, 18 Jul 2019 16:54:33 - urllib3.connectionpool - DEBUG - Starting new HTTP connection (1): 172.18.82.251:1240
Thu, 18 Jul 2019 16:54:33 - urllib3.connectionpool - DEBUG - http://172.18.82.251:1240 "POST /mlableClassifier HTTP/1.1" 200 None
Thu, 18 Jul 2019 16:54:33 - urllib3.connectionpool - DEBUG - Starting new HTTP connection (1): 172.18.82.251:1240
Thu, 18 Jul 2019 16:54:33 - urllib3.connectionpool - DEBUG - http://172.18.82.251:1240 "POST /mlableClassifier HTTP/1.1" 200 None
Thu, 18 Jul 2019 16:54:33 - urllib3.connectionpool - DEBUG - Starting new HTTP connection (1): 172.18.82.251:1240
Thu, 18 Jul 2019 16:54:33 - urllib3.connectionpool - DEBUG - http://172.18.82.251:1240 "POST /mlableClassifier HTTP/1.1" 200 None
Thu, 18 Jul 2019 16:54:33 - urllib3.connectionpool - DEBUG - Starting new HTTP connection (1): 172.18.82.251:1240
Thu, 18 Jul 2019 16:54:33 - urllib3.connectionpool - DEBUG - http://172.18.82.251:1240 "POST /mlableClassifier HTTP/1.1" 200 None
Thu, 18 Jul 2019 16:54:33 - urllib3.connectionpool - DEBUG - Starting new HTTP connection (1): 172.18.82.251:1240
Thu, 18 Jul 2019 16:54:33 - urllib3.connectionpool - DEBUG - http://172.18.82.251:1240 "POST /mlableClassifier HTTP/1.1" 200 None
Thu, 18 Jul 2019 16:54:33 - urllib3.connectionpool - DEBUG - Starting new HTTP connection (1): 172.18.82.251:1240
Thu, 18 Jul 2019 16:54:34 - urllib3.connectionpool - DEBUG - http://172.18.82.251:1240 "POST /mlableClassifier HTTP/1.1" 200 None
Thu, 18 Jul 2019 16:54:34 - urllib3.connectionpool - DEBUG - Starting new HTTP connection (1): 172.18.82.251:1240
Thu, 18 Jul 2019 16:54:34 - urllib3.connectionpool - DEBUG - http://172.18.82.251:1240 "POST /mlableClassifier HTTP/1.1" 200 None
Thu, 18 Jul 2019 16:54:34 - urllib3.connectionpool - DEBUG - Starting new HTTP connection (1): 172.18.82.251:1240
Thu, 18 Jul 2019 16:54:34 - urllib3.connectionpool - DEBUG - http://172.18.82.251:1240 "POST /mlableClassifier HTTP/1.1" 200 None
Thu, 18 Jul 2019 16:54:34 - urllib3.connectionpool - DEBUG - Starting new HTTP connection (1): 172.18.82.251:1240
Thu, 18 Jul 2019 16:54:34 - urllib3.connectionpool - DEBUG - http://172.18.82.251:1240 "POST /mlableClassifier HTTP/1.1" 200 None
Thu, 18 Jul 2019 16:54:34 - urllib3.connectionpool - DEBUG - Starting new HTTP connection (1): 172.18.82.251:1240
Thu, 18 Jul 2019 16:54:34 - urllib3.connectionpool - DEBUG - http://172.18.82.251:1240 "POST /mlableClassifier HTTP/1.1" 200 None
Thu, 18 Jul 2019 16:54:34 - urllib3.connectionpool - DEBUG - Starting new HTTP connection (1): 172.18.82.251:1240
Thu, 18 Jul 2019 16:54:34 - urllib3.connectionpool - DEBUG - http://172.18.82.251:1240 "POST /mlableClassifier HTTP/1.1" 200 None
Thu, 18 Jul 2019 16:54:34 - urllib3.connectionpool - DEBUG - Starting new HTTP connection (1): 172.18.82.251:1240
Thu, 18 Jul 2019 16:54:34 - urllib3.connectionpool - DEBUG - http://172.18.82.251:1240 "POST /mlableClassifier HTTP/1.1" 200 None
Thu, 18 Jul 2019 16:54:34 - urllib3.connectionpool - DEBUG - Starting new HTTP connection (1): 172.18.82.251:1240
Thu, 18 Jul 2019 16:54:34 - urllib3.connectionpool - DEBUG - http://172.18.82.251:1240 "POST /mlableClassifier HTTP/1.1" 200 None
Thu, 18 Jul 2019 16:54:34 - urllib3.connectionpool - DEBUG - Starting new HTTP connection (1): 172.18.82.251:1240
Thu, 18 Jul 2019 16:54:34 - urllib3.connectionpool - DEBUG - http://172.18.82.251:1240 "POST /mlableClassifier HTTP/1.1" 200 None
Thu, 18 Jul 2019 16:54:34 - urllib3.connectionpool - DEBUG - Starting new HTTP connection (1): 172.18.82.251:1240
Thu, 18 Jul 2019 16:54:34 - urllib3.connectionpool - DEBUG - http://172.18.82.251:1240 "POST /ner HTTP/1.1" 200 None
Thu, 18 Jul 2019 16:54:34 - urllib3.connectionpool - DEBUG - Starting new HTTP connection (1): 172.18.82.251:1240
Thu, 18 Jul 2019 16:54:34 - urllib3.connectionpool - DEBUG - http://172.18.82.251:1240 "POST /ner HTTP/1.1" 200 None
Thu, 18 Jul 2019 16:54:34 - urllib3.connectionpool - DEBUG - Starting new HTTP connection (1): 172.18.82.251:1240
Thu, 18 Jul 2019 16:54:34 - urllib3.connectionpool - DEBUG - http://172.18.82.251:1240 "POST /ner HTTP/1.1" 200 None
Thu, 18 Jul 2019 16:54:34 - urllib3.connectionpool - DEBUG - Starting new HTTP connection (1): 172.18.82.251:1240
Thu, 18 Jul 2019 16:54:34 - urllib3.connectionpool - DEBUG - http://172.18.82.251:1240 "POST /posTag HTTP/1.1" 200 None
Thu, 18 Jul 2019 16:54:34 - urllib3.connectionpool - DEBUG - Starting new HTTP connection (1): 172.18.82.251:1240
Thu, 18 Jul 2019 16:54:35 - urllib3.connectionpool - DEBUG - http://172.18.82.251:1240 "POST /splitWord HTTP/1.1" 200 None
Thu, 18 Jul 2019 16:54:35 - urllib3.connectionpool - DEBUG - Starting new HTTP connection (1): 172.18.82.251:1240
Thu, 18 Jul 2019 16:54:35 - urllib3.connectionpool - DEBUG - http://172.18.82.251:1240 "POST /posTag HTTP/1.1" 200 None
Thu, 18 Jul 2019 16:54:35 - urllib3.connectionpool - DEBUG - Starting new HTTP connection (1): 172.18.82.251:1240
Thu, 18 Jul 2019 16:54:35 - urllib3.connectionpool - DEBUG - http://172.18.82.251:1240 "POST /splitWord HTTP/1.1" 200 None
Thu, 18 Jul 2019 16:54:35 - urllib3.connectionpool - DEBUG - Starting new HTTP connection (1): 172.18.82.251:1240
Thu, 18 Jul 2019 16:54:35 - urllib3.connectionpool - DEBUG - http://172.18.82.251:1240 "POST /posTag HTTP/1.1" 200 None
Thu, 18 Jul 2019 16:54:35 - urllib3.connectionpool - DEBUG - Starting new HTTP connection (1): 172.18.82.251:1240
Thu, 18 Jul 2019 16:54:35 - urllib3.connectionpool - DEBUG - http://172.18.82.251:1240 "POST /splitWord HTTP/1.1" 200 None
Thu, 18 Jul 2019 16:54:35 - urllib3.connectionpool - DEBUG - Starting new HTTP connection (1): 172.18.82.251:1240
Thu, 18 Jul 2019 16:54:35 - urllib3.connectionpool - DEBUG - http://172.18.82.251:1240 "POST /posTag HTTP/1.1" 200 None
Thu, 18 Jul 2019 16:54:35 - urllib3.connectionpool - DEBUG - Starting new HTTP connection (1): 172.18.82.251:1240
Thu, 18 Jul 2019 16:54:35 - urllib3.connectionpool - DEBUG - http://172.18.82.251:1240 "POST /posTag HTTP/1.1" 200 None
Thu, 18 Jul 2019 16:54:35 - urllib3.connectionpool - DEBUG - Starting new HTTP connection (1): 172.18.82.251:1240
Thu, 18 Jul 2019 16:54:35 - urllib3.connectionpool - DEBUG - http://172.18.82.251:1240 "POST /posTag HTTP/1.1" 200 None
Thu, 18 Jul 2019 16:54:35 - urllib3.connectionpool - DEBUG - Starting new HTTP connection (1): 172.18.82.251:1240
Thu, 18 Jul 2019 16:54:35 - urllib3.connectionpool - DEBUG - http://172.18.82.251:1240 "POST /posTag HTTP/1.1" 200 None
Thu, 18 Jul 2019 16:54:35 - urllib3.connectionpool - DEBUG - Starting new HTTP connection (1): 172.18.82.251:1240
Thu, 18 Jul 2019 16:54:35 - urllib3.connectionpool - DEBUG - http://172.18.82.251:1240 "POST /sentiment?domain=content HTTP/1.1" 200 None
Thu, 18 Jul 2019 16:54:35 - urllib3.connectionpool - DEBUG - Starting new HTTP connection (1): 172.18.82.251:1240
Thu, 18 Jul 2019 16:54:35 - urllib3.connectionpool - DEBUG - http://172.18.82.251:1240 "POST /sentiment?domain=content HTTP/1.1" 200 None
Thu, 18 Jul 2019 16:54:35 - urllib3.connectionpool - DEBUG - Starting new HTTP connection (1): 172.18.82.251:1240
Thu, 18 Jul 2019 16:54:35 - urllib3.connectionpool - DEBUG - http://172.18.82.251:1240 "POST /sentiment?domain=content HTTP/1.1" 200 None
Thu, 18 Jul 2019 16:54:35 - urllib3.connectionpool - DEBUG - Starting new HTTP connection (1): 172.18.82.251:1240
Thu, 18 Jul 2019 16:54:35 - urllib3.connectionpool - DEBUG - http://172.18.82.251:1240 "POST /sentiment?domain=content HTTP/1.1" 200 None
Thu, 18 Jul 2019 16:54:35 - urllib3.connectionpool - DEBUG - Starting new HTTP connection (1): 172.18.82.251:1240
Thu, 18 Jul 2019 16:54:35 - urllib3.connectionpool - DEBUG - http://172.18.82.251:1240 "POST /sentiment?domain=content HTTP/1.1" 200 None
Thu, 18 Jul 2019 16:54:35 - urllib3.connectionpool - DEBUG - Starting new HTTP connection (1): 172.18.82.251:1240
Thu, 18 Jul 2019 16:54:35 - urllib3.connectionpool - DEBUG - http://172.18.82.251:1240 "POST /sentiment?domain=content HTTP/1.1" 200 None
Thu, 18 Jul 2019 16:54:35 - urllib3.connectionpool - DEBUG - Starting new HTTP connection (1): 172.18.82.251:1240
Thu, 18 Jul 2019 16:54:36 - urllib3.connectionpool - DEBUG - http://172.18.82.251:1240 "POST /sentiment?domain=content HTTP/1.1" 200 None
Thu, 18 Jul 2019 16:54:36 - root - DEBUG - -----调试信息[debug]---test_summary_multi_article--
Thu, 18 Jul 2019 16:54:36 - urllib3.connectionpool - DEBUG - Starting new HTTP connection (1): 172.18.82.251:1240
Thu, 18 Jul 2019 16:54:36 - urllib3.connectionpool - DEBUG - http://172.18.82.251:1240 "POST /sentiment?domain=comment HTTP/1.1" 200 None
Thu, 18 Jul 2019 16:54:36 - root - DEBUG - -----调试信息[debug]---test_summary_multi_article--
Thu, 18 Jul 2019 16:54:36 - urllib3.connectionpool - DEBUG - Starting new HTTP connection (1): 172.18.82.251:1240
Thu, 18 Jul 2019 16:54:36 - urllib3.connectionpool - DEBUG - http://172.18.82.251:1240 "POST /sentiment?domain=content HTTP/1.1" 200 None
Thu, 18 Jul 2019 16:54:36 - root - DEBUG - -----调试信息[debug]---test_summary_multi_article_miss_some_field--
Thu, 18 Jul 2019 16:54:36 - urllib3.connectionpool - DEBUG - Starting new HTTP connection (1): 172.18.82.251:1240
Thu, 18 Jul 2019 16:54:36 - urllib3.connectionpool - DEBUG - http://172.18.82.251:1240 "POST /sentiment?domain=content HTTP/1.1" 200 None
Thu, 18 Jul 2019 16:54:36 - root - DEBUG - -----调试信息[debug]---test_summary_multi_article_miss_some_field--
Thu, 18 Jul 2019 16:54:36 - urllib3.connectionpool - DEBUG - Starting new HTTP connection (1): 172.18.82.251:1240
Thu, 18 Jul 2019 16:54:36 - urllib3.connectionpool - DEBUG - http://172.18.82.251:1240 "POST /sentiment?domain=content HTTP/1.1" 200 None
Thu, 18 Jul 2019 16:54:36 - root - DEBUG - -----调试信息[debug]---test_summary_multi_article_miss_some_field--
Thu, 18 Jul 2019 16:54:36 - urllib3.connectionpool - DEBUG - Starting new HTTP connection (1): 172.18.82.251:1240
Thu, 18 Jul 2019 16:54:36 - urllib3.connectionpool - DEBUG - http://172.18.82.251:1240 "POST /sentiment?domain=content HTTP/1.1" 200 None
Thu, 18 Jul 2019 16:54:36 - root - DEBUG - -----调试信息[debug]---test_summary_multi_article_miss_some_field--
Thu, 18 Jul 2019 16:54:36 - urllib3.connectionpool - DEBUG - Starting new HTTP connection (1): 172.18.82.251:1240
Thu, 18 Jul 2019 16:54:36 - urllib3.connectionpool - DEBUG - http://172.18.82.251:1240 "POST /sentiment?domain=content HTTP/1.1" 200 None
Thu, 18 Jul 2019 16:54:36 - urllib3.connectionpool - DEBUG - Starting new HTTP connection (1): 172.18.82.251:1240
Thu, 18 Jul 2019 16:54:36 - urllib3.connectionpool - DEBUG - http://172.18.82.251:1240 "POST /splitSentence HTTP/1.1" 200 None
Thu, 18 Jul 2019 16:54:36 - urllib3.connectionpool - DEBUG - Starting new HTTP connection (1): 172.18.82.251:1240
Thu, 18 Jul 2019 16:54:36 - urllib3.connectionpool - DEBUG - http://172.18.82.251:1240 "POST /splitSentence HTTP/1.1" 200 None
Thu, 18 Jul 2019 16:54:36 - urllib3.connectionpool - DEBUG - Starting new HTTP connection (1): 172.18.82.251:1240
Thu, 18 Jul 2019 16:54:36 - urllib3.connectionpool - DEBUG - http://172.18.82.251:1240 "POST /splitSentence HTTP/1.1" 200 None
Thu, 18 Jul 2019 16:54:36 - urllib3.connectionpool - DEBUG - Starting new HTTP connection (1): 172.18.82.251:1240
Thu, 18 Jul 2019 16:54:36 - urllib3.connectionpool - DEBUG - http://172.18.82.251:1240 "POST /splitSentence HTTP/1.1" 200 None
Thu, 18 Jul 2019 16:54:36 - urllib3.connectionpool - DEBUG - Starting new HTTP connection (1): 172.18.82.251:1240
Thu, 18 Jul 2019 16:54:36 - urllib3.connectionpool - DEBUG - http://172.18.82.251:1240 "POST /splitSentence HTTP/1.1" 200 None
Thu, 18 Jul 2019 16:54:36 - urllib3.connectionpool - DEBUG - Starting new HTTP connection (1): 172.18.82.251:1240
Thu, 18 Jul 2019 16:54:36 - urllib3.connectionpool - DEBUG - http://172.18.82.251:1240 "POST /splitSentence HTTP/1.1" 200 None
Thu, 18 Jul 2019 16:54:36 - urllib3.connectionpool - DEBUG - Starting new HTTP connection (1): 172.18.82.251:1240
Thu, 18 Jul 2019 16:54:36 - urllib3.connectionpool - DEBUG - http://172.18.82.251:1240 "POST /splitSentence HTTP/1.1" 200 None
Thu, 18 Jul 2019 16:54:36 - urllib3.connectionpool - DEBUG - Starting new HTTP connection (1): 172.18.82.251:1240
Thu, 18 Jul 2019 16:54:36 - urllib3.connectionpool - DEBUG - http://172.18.82.251:1240 "POST /splitSentence HTTP/1.1" 200 None
Thu, 18 Jul 2019 16:54:36 - urllib3.connectionpool - DEBUG - Starting new HTTP connection (1): 172.18.82.251:1240
Thu, 18 Jul 2019 16:54:36 - urllib3.connectionpool - DEBUG - http://172.18.82.251:1240 "POST /splitSentence HTTP/1.1" 200 None
Thu, 18 Jul 2019 16:54:36 - urllib3.connectionpool - DEBUG - Starting new HTTP connection (1): 172.18.82.251:1240
Thu, 18 Jul 2019 16:54:37 - urllib3.connectionpool - DEBUG - http://172.18.82.251:1240 "POST /splitSentence HTTP/1.1" 200 None
Thu, 18 Jul 2019 16:54:37 - urllib3.connectionpool - DEBUG - Starting new HTTP connection (1): 172.18.82.251:1240
Thu, 18 Jul 2019 16:54:37 - urllib3.connectionpool - DEBUG - http://172.18.82.251:1240 "POST /splitSentence HTTP/1.1" 200 None
Thu, 18 Jul 2019 16:54:37 - urllib3.connectionpool - DEBUG - Starting new HTTP connection (1): 172.18.82.251:1240
Thu, 18 Jul 2019 16:54:37 - urllib3.connectionpool - DEBUG - http://172.18.82.251:1240 "POST /splitSentence HTTP/1.1" 200 None
Thu, 18 Jul 2019 16:54:37 - urllib3.connectionpool - DEBUG - Starting new HTTP connection (1): 172.18.82.251:1240
Thu, 18 Jul 2019 16:54:37 - urllib3.connectionpool - DEBUG - http://172.18.82.251:1240 "POST /splitSentence HTTP/1.1" 200 None
Thu, 18 Jul 2019 16:54:37 - urllib3.connectionpool - DEBUG - Starting new HTTP connection (1): 172.18.82.251:1240
Thu, 18 Jul 2019 16:54:37 - urllib3.connectionpool - DEBUG - http://172.18.82.251:1240 "POST /splitSentence HTTP/1.1" 200 None
Thu, 18 Jul 2019 16:54:37 - urllib3.connectionpool - DEBUG - Starting new HTTP connection (1): 172.18.82.251:1240
Thu, 18 Jul 2019 16:54:37 - urllib3.connectionpool - DEBUG - http://172.18.82.251:1240 "POST /splitWord HTTP/1.1" 200 None
Thu, 18 Jul 2019 16:54:37 - urllib3.connectionpool - DEBUG - Starting new HTTP connection (1): 172.18.82.251:1240
Thu, 18 Jul 2019 16:54:37 - urllib3.connectionpool - DEBUG - http://172.18.82.251:1240 "POST /splitWord HTTP/1.1" 200 None
Thu, 18 Jul 2019 16:54:37 - urllib3.connectionpool - DEBUG - Starting new HTTP connection (1): 172.18.82.251:1240
Thu, 18 Jul 2019 16:54:37 - urllib3.connectionpool - DEBUG - http://172.18.82.251:1240 "POST /splitWord HTTP/1.1" 200 None
Thu, 18 Jul 2019 16:54:37 - urllib3.connectionpool - DEBUG - Starting new HTTP connection (1): 172.18.82.251:1240
Thu, 18 Jul 2019 16:54:37 - urllib3.connectionpool - DEBUG - http://172.18.82.251:1240 "POST /splitWord HTTP/1.1" 200 None
Thu, 18 Jul 2019 16:54:37 - urllib3.connectionpool - DEBUG - Starting new HTTP connection (1): 172.18.82.251:1240
Thu, 18 Jul 2019 16:54:37 - urllib3.connectionpool - DEBUG - http://172.18.82.251:1240 "POST /splitWord HTTP/1.1" 200 None
Thu, 18 Jul 2019 16:54:37 - urllib3.connectionpool - DEBUG - Starting new HTTP connection (1): 172.18.82.251:1240
Thu, 18 Jul 2019 16:54:37 - urllib3.connectionpool - DEBUG - http://172.18.82.251:1240 "POST /splitWord HTTP/1.1" 200 None
Thu, 18 Jul 2019 16:54:37 - urllib3.connectionpool - DEBUG - Starting new HTTP connection (1): 172.18.82.251:1240
Thu, 18 Jul 2019 16:54:37 - urllib3.connectionpool - DEBUG - http://172.18.82.251:1240 "POST /splitWord HTTP/1.1" 200 None
Thu, 18 Jul 2019 16:54:37 - urllib3.connectionpool - DEBUG - Starting new HTTP connection (1): 172.18.82.251:1240
Thu, 18 Jul 2019 16:54:37 - urllib3.connectionpool - DEBUG - http://172.18.82.251:1240 "POST /summary?charLimit=6000 HTTP/1.1" 200 None
Thu, 18 Jul 2019 16:54:37 - urllib3.connectionpool - DEBUG - Starting new HTTP connection (1): 172.18.82.251:1240
Thu, 18 Jul 2019 16:54:37 - urllib3.connectionpool - DEBUG - http://172.18.82.251:1240 "POST /summary?percentage=0&charLimit=1000 HTTP/1.1" 200 None
Thu, 18 Jul 2019 16:54:37 - urllib3.connectionpool - DEBUG - Starting new HTTP connection (1): 172.18.82.251:1240
Thu, 18 Jul 2019 16:54:37 - urllib3.connectionpool - DEBUG - http://172.18.82.251:1240 "POST /summary?percentage=0.1&charLimit=1000 HTTP/1.1" 200 None
Thu, 18 Jul 2019 16:54:37 - urllib3.connectionpool - DEBUG - Starting new HTTP connection (1): 172.18.82.251:1240
Thu, 18 Jul 2019 16:54:37 - urllib3.connectionpool - DEBUG - http://172.18.82.251:1240 "POST /summary?percentage=0.5&charLimit=1000 HTTP/1.1" 200 None
Thu, 18 Jul 2019 16:54:37 - urllib3.connectionpool - DEBUG - Starting new HTTP connection (1): 172.18.82.251:1240
Thu, 18 Jul 2019 16:54:37 - urllib3.connectionpool - DEBUG - http://172.18.82.251:1240 "POST /summary?percentage=0.9&charLimit=1000 HTTP/1.1" 200 None
Thu, 18 Jul 2019 16:54:37 - urllib3.connectionpool - DEBUG - Starting new HTTP connection (1): 172.18.82.251:1240
Thu, 18 Jul 2019 16:54:37 - urllib3.connectionpool - DEBUG - http://172.18.82.251:1240 "POST /summary?percentage=1&charLimit=1000 HTTP/1.1" 200 None
Thu, 18 Jul 2019 16:54:37 - urllib3.connectionpool - DEBUG - Starting new HTTP connection (1): 172.18.82.251:1240
Thu, 18 Jul 2019 16:54:38 - urllib3.connectionpool - DEBUG - http://172.18.82.251:1240 "POST /summary?percentage=0.5 HTTP/1.1" 200 None
Thu, 18 Jul 2019 16:54:38 - urllib3.connectionpool - DEBUG - Starting new HTTP connection (1): 172.18.82.251:1240
Thu, 18 Jul 2019 16:54:38 - urllib3.connectionpool - DEBUG - http://172.18.82.251:1240 "POST /summary?percentage=0.5&charLimit=50 HTTP/1.1" 200 None
Thu, 18 Jul 2019 16:54:38 - urllib3.connectionpool - DEBUG - Starting new HTTP connection (1): 172.18.82.251:1240
Thu, 18 Jul 2019 16:54:38 - urllib3.connectionpool - DEBUG - http://172.18.82.251:1240 "POST /summary?percentage=0.5&charLimit=800 HTTP/1.1" 200 None
Thu, 18 Jul 2019 16:54:38 - urllib3.connectionpool - DEBUG - Starting new HTTP connection (1): 172.18.82.251:1240
Thu, 18 Jul 2019 16:54:38 - urllib3.connectionpool - DEBUG - http://172.18.82.251:1240 "POST /summary?percentage=0.5&charLimit=3000 HTTP/1.1" 200 None
Thu, 18 Jul 2019 16:54:38 - root - DEBUG - -----调试信息[debug]---test_summary_multi_article--
Thu, 18 Jul 2019 16:54:38 - urllib3.connectionpool - DEBUG - Starting new HTTP connection (1): 172.18.82.251:1240
Thu, 18 Jul 2019 16:54:38 - urllib3.connectionpool - DEBUG - http://172.18.82.251:1240 "POST /summary?percentage=0.3&charLimit=600 HTTP/1.1" 200 None
Thu, 18 Jul 2019 16:54:38 - root - DEBUG - -----调试信息[debug]---test_summary_multi_article_miss_some_field--
Thu, 18 Jul 2019 16:54:38 - urllib3.connectionpool - DEBUG - Starting new HTTP connection (1): 172.18.82.251:1240
Thu, 18 Jul 2019 16:54:38 - urllib3.connectionpool - DEBUG - http://172.18.82.251:1240 "POST /summary?percentage=0.3&charLimit=600 HTTP/1.1" 200 None
Thu, 18 Jul 2019 16:54:38 - root - DEBUG - -----调试信息[debug]----article 0 has no title
Thu, 18 Jul 2019 16:54:38 - root - DEBUG - -----调试信息[debug]---test_summary_multi_article_miss_some_field--
Thu, 18 Jul 2019 16:54:38 - urllib3.connectionpool - DEBUG - Starting new HTTP connection (1): 172.18.82.251:1240
Thu, 18 Jul 2019 16:54:38 - urllib3.connectionpool - DEBUG - http://172.18.82.251:1240 "POST /summary?percentage=0.3&charLimit=600 HTTP/1.1" 200 None
Thu, 18 Jul 2019 16:54:38 - root - DEBUG - -----调试信息[debug]----article 1 has no title
Thu, 18 Jul 2019 16:54:38 - root - DEBUG - -----调试信息[debug]---test_summary_multi_article_miss_some_field--
Thu, 18 Jul 2019 16:54:38 - urllib3.connectionpool - DEBUG - Starting new HTTP connection (1): 172.18.82.251:1240
Thu, 18 Jul 2019 16:54:38 - urllib3.connectionpool - DEBUG - http://172.18.82.251:1240 "POST /summary?percentage=0.3&charLimit=600 HTTP/1.1" 200 None
Thu, 18 Jul 2019 16:54:38 - root - DEBUG - -----调试信息[debug]----article 1 has no content
Thu, 18 Jul 2019 16:54:38 - root - DEBUG - -----调试信息[debug]---test_summary_multi_article_miss_some_field--
Thu, 18 Jul 2019 16:54:38 - urllib3.connectionpool - DEBUG - Starting new HTTP connection (1): 172.18.82.251:1240
Thu, 18 Jul 2019 16:54:38 - urllib3.connectionpool - DEBUG - http://172.18.82.251:1240 "POST /summary?percentage=0.3&charLimit=600 HTTP/1.1" 200 None
Thu, 18 Jul 2019 16:54:38 - root - DEBUG - -----调试信息[debug]----article 0 has no title
Thu, 18 Jul 2019 16:54:38 - urllib3.connectionpool - DEBUG - Starting new HTTP connection (1): 172.18.82.251:1240
Thu, 18 Jul 2019 16:54:38 - urllib3.connectionpool - DEBUG - http://172.18.82.251:1240 "POST /summary?percentage=0.3&charLimit=1000 HTTP/1.1" 200 None
Thu, 18 Jul 2019 16:54:38 - urllib3.connectionpool - DEBUG - Starting new HTTP connection (1): 172.18.82.251:1240
Thu, 18 Jul 2019 16:54:38 - urllib3.connectionpool - DEBUG - http://172.18.82.251:1240 "POST /sentiment?domain=content HTTP/1.1" 200 None
Thu, 18 Jul 2019 16:54:38 - urllib3.connectionpool - DEBUG - Starting new HTTP connection (1): 172.18.82.251:1240
Thu, 18 Jul 2019 16:54:38 - urllib3.connectionpool - DEBUG - http://172.18.82.251:1240 "POST /ner HTTP/1.1" 200 None
Thu, 18 Jul 2019 16:54:38 - urllib3.connectionpool - DEBUG - Starting new HTTP connection (1): 172.18.82.251:1240
Thu, 18 Jul 2019 16:54:38 - urllib3.connectionpool - DEBUG - http://172.18.82.251:1240 "POST /splitWord HTTP/1.1" 200 None
Thu, 18 Jul 2019 16:54:38 - urllib3.connectionpool - DEBUG - Starting new HTTP connection (1): 172.18.82.251:1240
Thu, 18 Jul 2019 16:54:38 - urllib3.connectionpool - DEBUG - http://172.18.82.251:1240 "POST /splitSentence HTTP/1.1" 200 None
Thu, 18 Jul 2019 16:54:38 - urllib3.connectionpool - DEBUG - Starting new HTTP connection (1): 172.18.82.251:1240
Thu, 18 Jul 2019 16:54:38 - urllib3.connectionpool - DEBUG - http://172.18.82.251:1240 "POST /posTag HTTP/1.1" 200 None
Thu, 18 Jul 2019 16:54:38 - urllib3.connectionpool - DEBUG - Starting new HTTP connection (1): 172.18.82.251:1240
Thu, 18 Jul 2019 16:54:38 - urllib3.connectionpool - DEBUG - http://172.18.82.251:1240 "POST /mlableClassifier HTTP/1.1" 200 None
Thu, 18 Jul 2019 16:54:38 - urllib3.connectionpool - DEBUG - Starting new HTTP connection (1): 172.18.82.251:1240
Thu, 18 Jul 2019 16:54:38 - urllib3.connectionpool - DEBUG - http://172.18.82.251:1240 "POST /summary?percentage=0.3&charLimit=1000 HTTP/1.1" 200 None
Thu, 18 Jul 2019 16:54:38 - urllib3.connectionpool - DEBUG - Starting new HTTP connection (1): 172.18.82.251:1240
Thu, 18 Jul 2019 16:54:38 - urllib3.connectionpool - DEBUG - http://172.18.82.251:1240 "POST /sentiment?domain=content HTTP/1.1" 200 None
Thu, 18 Jul 2019 16:54:38 - urllib3.connectionpool - DEBUG - Starting new HTTP connection (1): 172.18.82.251:1240
Thu, 18 Jul 2019 16:54:38 - urllib3.connectionpool - DEBUG - http://172.18.82.251:1240 "POST /ner HTTP/1.1" 200 None
Thu, 18 Jul 2019 16:54:38 - urllib3.connectionpool - DEBUG - Starting new HTTP connection (1): 172.18.82.251:1240
Thu, 18 Jul 2019 16:54:38 - urllib3.connectionpool - DEBUG - http://172.18.82.251:1240 "POST /splitWord HTTP/1.1" 200 None
Thu, 18 Jul 2019 16:54:38 - urllib3.connectionpool - DEBUG - Starting new HTTP connection (1): 172.18.82.251:1240
Thu, 18 Jul 2019 16:54:38 - urllib3.connectionpool - DEBUG - http://172.18.82.251:1240 "POST /splitSentence HTTP/1.1" 200 None
Thu, 18 Jul 2019 16:54:38 - urllib3.connectionpool - DEBUG - Starting new HTTP connection (1): 172.18.82.251:1240
Thu, 18 Jul 2019 16:54:38 - urllib3.connectionpool - DEBUG - http://172.18.82.251:1240 "POST /posTag HTTP/1.1" 200 None
Thu, 18 Jul 2019 16:54:38 - urllib3.connectionpool - DEBUG - Starting new HTTP connection (1): 172.18.82.251:1240
Thu, 18 Jul 2019 16:54:38 - urllib3.connectionpool - DEBUG - http://172.18.82.251:1240 "POST /mlableClassifier HTTP/1.1" 200 None
Thu, 18 Jul 2019 16:54:38 - urllib3.connectionpool - DEBUG - Starting new HTTP connection (1): 172.18.82.251:1240
Thu, 18 Jul 2019 16:54:38 - urllib3.connectionpool - DEBUG - http://172.18.82.251:1240 "POST /summary?percentage=0.3&charLimit=1000 HTTP/1.1" 200 None
Thu, 18 Jul 2019 16:54:38 - urllib3.connectionpool - DEBUG - Starting new HTTP connection (1): 172.18.82.251:1240
Thu, 18 Jul 2019 16:54:38 - urllib3.connectionpool - DEBUG - http://172.18.82.251:1240 "POST /sentiment?domain=content HTTP/1.1" 200 None
Thu, 18 Jul 2019 16:54:38 - urllib3.connectionpool - DEBUG - Starting new HTTP connection (1): 172.18.82.251:1240
Thu, 18 Jul 2019 16:54:38 - urllib3.connectionpool - DEBUG - http://172.18.82.251:1240 "POST /ner HTTP/1.1" 200 None
Thu, 18 Jul 2019 16:54:38 - urllib3.connectionpool - DEBUG - Starting new HTTP connection (1): 172.18.82.251:1240
Thu, 18 Jul 2019 16:54:38 - urllib3.connectionpool - DEBUG - http://172.18.82.251:1240 "POST /splitWord HTTP/1.1" 200 None
Thu, 18 Jul 2019 16:54:38 - urllib3.connectionpool - DEBUG - Starting new HTTP connection (1): 172.18.82.251:1240
Thu, 18 Jul 2019 16:54:38 - urllib3.connectionpool - DEBUG - http://172.18.82.251:1240 "POST /splitSentence HTTP/1.1" 200 None
Thu, 18 Jul 2019 16:54:38 - urllib3.connectionpool - DEBUG - Starting new HTTP connection (1): 172.18.82.251:1240
Thu, 18 Jul 2019 16:54:38 - urllib3.connectionpool - DEBUG - http://172.18.82.251:1240 "POST /posTag HTTP/1.1" 200 None
Thu, 18 Jul 2019 16:54:38 - urllib3.connectionpool - DEBUG - Starting new HTTP connection (1): 172.18.82.251:1240
Thu, 18 Jul 2019 16:54:38 - urllib3.connectionpool - DEBUG - http://172.18.82.251:1240 "POST /mlableClassifier HTTP/1.1" 200 None
Thu, 18 Jul 2019 16:54:38 - urllib3.connectionpool - DEBUG - Starting new HTTP connection (1): 172.18.82.251:1240
Thu, 18 Jul 2019 16:54:38 - urllib3.connectionpool - DEBUG - http://172.18.82.251:1240 "POST /summary?percentage=0.3&charLimit=1000 HTTP/1.1" 200 None
Thu, 18 Jul 2019 16:54:38 - urllib3.connectionpool - DEBUG - Starting new HTTP connection (1): 172.18.82.251:1240
Thu, 18 Jul 2019 16:54:38 - urllib3.connectionpool - DEBUG - http://172.18.82.251:1240 "POST /sentiment?domain=content HTTP/1.1" 200 None
Thu, 18 Jul 2019 16:54:38 - urllib3.connectionpool - DEBUG - Starting new HTTP connection (1): 172.18.82.251:1240
Thu, 18 Jul 2019 16:54:38 - urllib3.connectionpool - DEBUG - http://172.18.82.251:1240 "POST /ner HTTP/1.1" 200 None
Thu, 18 Jul 2019 16:54:38 - urllib3.connectionpool - DEBUG - Starting new HTTP connection (1): 172.18.82.251:1240
Thu, 18 Jul 2019 16:54:38 - urllib3.connectionpool - DEBUG - http://172.18.82.251:1240 "POST /splitWord HTTP/1.1" 200 None
Thu, 18 Jul 2019 16:54:38 - urllib3.connectionpool - DEBUG - Starting new HTTP connection (1): 172.18.82.251:1240
Thu, 18 Jul 2019 16:54:38 - urllib3.connectionpool - DEBUG - http://172.18.82.251:1240 "POST /splitSentence HTTP/1.1" 200 None
Thu, 18 Jul 2019 16:54:38 - urllib3.connectionpool - DEBUG - Starting new HTTP connection (1): 172.18.82.251:1240
Thu, 18 Jul 2019 16:54:38 - urllib3.connectionpool - DEBUG - http://172.18.82.251:1240 "POST /posTag HTTP/1.1" 200 None
Thu, 18 Jul 2019 16:54:38 - urllib3.connectionpool - DEBUG - Starting new HTTP connection (1): 172.18.82.251:1240
Thu, 18 Jul 2019 16:54:38 - urllib3.connectionpool - DEBUG - http://172.18.82.251:1240 "POST /mlableClassifier HTTP/1.1" 200 None
Thu, 18 Jul 2019 16:54:38 - urllib3.connectionpool - DEBUG - Starting new HTTP connection (1): 172.18.82.251:1240
Thu, 18 Jul 2019 16:54:38 - urllib3.connectionpool - DEBUG - http://172.18.82.251:1240 "POST /summary?percentage=0.3&charLimit=1000 HTTP/1.1" 200 None
Thu, 18 Jul 2019 16:54:38 - urllib3.connectionpool - DEBUG - Starting new HTTP connection (1): 172.18.82.251:1240
Thu, 18 Jul 2019 16:54:38 - urllib3.connectionpool - DEBUG - http://172.18.82.251:1240 "POST /sentiment?domain=content HTTP/1.1" 200 None
Thu, 18 Jul 2019 16:54:38 - urllib3.connectionpool - DEBUG - Starting new HTTP connection (1): 172.18.82.251:1240
Thu, 18 Jul 2019 16:54:38 - urllib3.connectionpool - DEBUG - http://172.18.82.251:1240 "POST /ner HTTP/1.1" 200 None
Thu, 18 Jul 2019 16:54:38 - urllib3.connectionpool - DEBUG - Starting new HTTP connection (1): 172.18.82.251:1240
Thu, 18 Jul 2019 16:54:38 - urllib3.connectionpool - DEBUG - http://172.18.82.251:1240 "POST /splitWord HTTP/1.1" 200 None
Thu, 18 Jul 2019 16:54:38 - urllib3.connectionpool - DEBUG - Starting new HTTP connection (1): 172.18.82.251:1240
Thu, 18 Jul 2019 16:54:38 - urllib3.connectionpool - DEBUG - http://172.18.82.251:1240 "POST /splitSentence HTTP/1.1" 200 None
Thu, 18 Jul 2019 16:54:38 - urllib3.connectionpool - DEBUG - Starting new HTTP connection (1): 172.18.82.251:1240
Thu, 18 Jul 2019 16:54:38 - urllib3.connectionpool - DEBUG - http://172.18.82.251:1240 "POST /posTag HTTP/1.1" 200 None
Thu, 18 Jul 2019 16:54:38 - urllib3.connectionpool - DEBUG - Starting new HTTP connection (1): 172.18.82.251:1240
Thu, 18 Jul 2019 16:54:38 - urllib3.connectionpool - DEBUG - http://172.18.82.251:1240 "POST /mlableClassifier HTTP/1.1" 200 None
Thu, 18 Jul 2019 16:54:38 - urllib3.connectionpool - DEBUG - Starting new HTTP connection (1): 172.18.82.251:1240
Thu, 18 Jul 2019 16:54:38 - urllib3.connectionpool - DEBUG - http://172.18.82.251:1240 "POST /summary?percentage=0.3&charLimit=1000 HTTP/1.1" 200 None
Thu, 18 Jul 2019 16:54:38 - urllib3.connectionpool - DEBUG - Starting new HTTP connection (1): 172.18.82.251:1240
Thu, 18 Jul 2019 16:54:38 - urllib3.connectionpool - DEBUG - http://172.18.82.251:1240 "POST /sentiment?domain=content HTTP/1.1" 200 None
Thu, 18 Jul 2019 16:54:38 - urllib3.connectionpool - DEBUG - Starting new HTTP connection (1): 172.18.82.251:1240
Thu, 18 Jul 2019 16:54:38 - urllib3.connectionpool - DEBUG - http://172.18.82.251:1240 "POST /ner HTTP/1.1" 200 None
Thu, 18 Jul 2019 16:54:38 - urllib3.connectionpool - DEBUG - Starting new HTTP connection (1): 172.18.82.251:1240
Thu, 18 Jul 2019 16:54:38 - urllib3.connectionpool - DEBUG - http://172.18.82.251:1240 "POST /splitWord HTTP/1.1" 200 None
Thu, 18 Jul 2019 16:54:38 - urllib3.connectionpool - DEBUG - Starting new HTTP connection (1): 172.18.82.251:1240
Thu, 18 Jul 2019 16:54:38 - urllib3.connectionpool - DEBUG - http://172.18.82.251:1240 "POST /splitSentence HTTP/1.1" 200 None
Thu, 18 Jul 2019 16:54:38 - urllib3.connectionpool - DEBUG - Starting new HTTP connection (1): 172.18.82.251:1240
Thu, 18 Jul 2019 16:54:38 - urllib3.connectionpool - DEBUG - http://172.18.82.251:1240 "POST /posTag HTTP/1.1" 200 None
Thu, 18 Jul 2019 16:54:38 - urllib3.connectionpool - DEBUG - Starting new HTTP connection (1): 172.18.82.251:1240
Thu, 18 Jul 2019 16:54:38 - urllib3.connectionpool - DEBUG - http://172.18.82.251:1240 "POST /mlableClassifier HTTP/1.1" 200 None
Thu, 18 Jul 2019 16:54:38 - urllib3.connectionpool - DEBUG - Starting new HTTP connection (1): 172.18.82.251:1240
Thu, 18 Jul 2019 16:54:38 - urllib3.connectionpool - DEBUG - http://172.18.82.251:1240 "POST /summary?percentage=0.3&charLimit=1000 HTTP/1.1" 200 None
Thu, 18 Jul 2019 16:54:38 - urllib3.connectionpool - DEBUG - Starting new HTTP connection (1): 172.18.82.251:1240
Thu, 18 Jul 2019 16:54:38 - urllib3.connectionpool - DEBUG - http://172.18.82.251:1240 "POST /sentiment?domain=content HTTP/1.1" 200 None
Thu, 18 Jul 2019 16:54:38 - urllib3.connectionpool - DEBUG - Starting new HTTP connection (1): 172.18.82.251:1240
Thu, 18 Jul 2019 16:54:38 - urllib3.connectionpool - DEBUG - http://172.18.82.251:1240 "POST /ner HTTP/1.1" 200 None
Thu, 18 Jul 2019 16:54:38 - urllib3.connectionpool - DEBUG - Starting new HTTP connection (1): 172.18.82.251:1240
Thu, 18 Jul 2019 16:54:38 - urllib3.connectionpool - DEBUG - http://172.18.82.251:1240 "POST /splitWord HTTP/1.1" 200 None
Thu, 18 Jul 2019 16:54:38 - urllib3.connectionpool - DEBUG - Starting new HTTP connection (1): 172.18.82.251:1240
Thu, 18 Jul 2019 16:54:38 - urllib3.connectionpool - DEBUG - http://172.18.82.251:1240 "POST /splitSentence HTTP/1.1" 200 None
Thu, 18 Jul 2019 16:54:38 - urllib3.connectionpool - DEBUG - Starting new HTTP connection (1): 172.18.82.251:1240
Thu, 18 Jul 2019 16:54:38 - urllib3.connectionpool - DEBUG - http://172.18.82.251:1240 "POST /posTag HTTP/1.1" 200 None
Thu, 18 Jul 2019 16:54:38 - urllib3.connectionpool - DEBUG - Starting new HTTP connection (1): 172.18.82.251:1240
Thu, 18 Jul 2019 16:54:38 - urllib3.connectionpool - DEBUG - http://172.18.82.251:1240 "POST /mlableClassifier HTTP/1.1" 200 None
Thu, 18 Jul 2019 16:54:38 - urllib3.connectionpool - DEBUG - Starting new HTTP connection (1): 172.18.82.251:1240
Thu, 18 Jul 2019 16:54:38 - urllib3.connectionpool - DEBUG - http://172.18.82.251:1240 "POST /summary?percentage=0.3&charLimit=1000 HTTP/1.1" 200 None
Thu, 18 Jul 2019 16:54:38 - urllib3.connectionpool - DEBUG - Starting new HTTP connection (1): 172.18.82.251:1240
Thu, 18 Jul 2019 16:54:38 - urllib3.connectionpool - DEBUG - http://172.18.82.251:1240 "POST /sentiment?domain=content HTTP/1.1" 200 None
Thu, 18 Jul 2019 16:54:38 - urllib3.connectionpool - DEBUG - Starting new HTTP connection (1): 172.18.82.251:1240
Thu, 18 Jul 2019 16:54:38 - urllib3.connectionpool - DEBUG - http://172.18.82.251:1240 "POST /ner HTTP/1.1" 200 None
Thu, 18 Jul 2019 16:54:38 - urllib3.connectionpool - DEBUG - Starting new HTTP connection (1): 172.18.82.251:1240
Thu, 18 Jul 2019 16:54:38 - urllib3.connectionpool - DEBUG - http://172.18.82.251:1240 "POST /splitWord HTTP/1.1" 200 None
Thu, 18 Jul 2019 16:54:38 - urllib3.connectionpool - DEBUG - Starting new HTTP connection (1): 172.18.82.251:1240
Thu, 18 Jul 2019 16:54:38 - urllib3.connectionpool - DEBUG - http://172.18.82.251:1240 "POST /splitSentence HTTP/1.1" 200 None
Thu, 18 Jul 2019 16:54:38 - urllib3.connectionpool - DEBUG - Starting new HTTP connection (1): 172.18.82.251:1240
Thu, 18 Jul 2019 16:54:38 - urllib3.connectionpool - DEBUG - http://172.18.82.251:1240 "POST /posTag HTTP/1.1" 200 None
Thu, 18 Jul 2019 16:54:38 - urllib3.connectionpool - DEBUG - Starting new HTTP connection (1): 172.18.82.251:1240
Thu, 18 Jul 2019 16:54:38 - urllib3.connectionpool - DEBUG - http://172.18.82.251:1240 "POST /mlableClassifier HTTP/1.1" 200 None
Thu, 18 Jul 2019 16:54:38 - urllib3.connectionpool - DEBUG - Starting new HTTP connection (1): 172.18.82.251:1240
Thu, 18 Jul 2019 16:54:38 - urllib3.connectionpool - DEBUG - http://172.18.82.251:1240 "POST /summary?percentage=0.3&charLimit=1000 HTTP/1.1" 200 None
Thu, 18 Jul 2019 16:54:38 - urllib3.connectionpool - DEBUG - Starting new HTTP connection (1): 172.18.82.251:1240
Thu, 18 Jul 2019 16:54:38 - urllib3.connectionpool - DEBUG - http://172.18.82.251:1240 "POST /sentiment?domain=content HTTP/1.1" 200 None
Thu, 18 Jul 2019 16:54:38 - urllib3.connectionpool - DEBUG - Starting new HTTP connection (1): 172.18.82.251:1240
Thu, 18 Jul 2019 16:54:38 - urllib3.connectionpool - DEBUG - http://172.18.82.251:1240 "POST /ner HTTP/1.1" 200 None
Thu, 18 Jul 2019 16:54:38 - urllib3.connectionpool - DEBUG - Starting new HTTP connection (1): 172.18.82.251:1240
Thu, 18 Jul 2019 16:54:38 - urllib3.connectionpool - DEBUG - http://172.18.82.251:1240 "POST /splitWord HTTP/1.1" 200 None
Thu, 18 Jul 2019 16:54:38 - urllib3.connectionpool - DEBUG - Starting new HTTP connection (1): 172.18.82.251:1240
Thu, 18 Jul 2019 16:54:38 - urllib3.connectionpool - DEBUG - http://172.18.82.251:1240 "POST /splitSentence HTTP/1.1" 200 None
Thu, 18 Jul 2019 16:54:38 - urllib3.connectionpool - DEBUG - Starting new HTTP connection (1): 172.18.82.251:1240
Thu, 18 Jul 2019 16:54:38 - urllib3.connectionpool - DEBUG - http://172.18.82.251:1240 "POST /posTag HTTP/1.1" 200 None
Thu, 18 Jul 2019 16:54:38 - urllib3.connectionpool - DEBUG - Starting new HTTP connection (1): 172.18.82.251:1240
Thu, 18 Jul 2019 16:54:38 - urllib3.connectionpool - DEBUG - http://172.18.82.251:1240 "POST /mlableClassifier HTTP/1.1" 200 None
Thu, 18 Jul 2019 16:54:38 - urllib3.connectionpool - DEBUG - Starting new HTTP connection (1): 172.18.82.251:1240
Thu, 18 Jul 2019 16:54:38 - urllib3.connectionpool - DEBUG - http://172.18.82.251:1240 "POST /summary?percentage=0.3&charLimit=1000 HTTP/1.1" 200 None
Thu, 18 Jul 2019 16:54:38 - urllib3.connectionpool - DEBUG - Starting new HTTP connection (1): 172.18.82.251:1240
Thu, 18 Jul 2019 16:54:38 - urllib3.connectionpool - DEBUG - http://172.18.82.251:1240 "POST /sentiment?domain=content HTTP/1.1" 200 None
Thu, 18 Jul 2019 16:54:38 - urllib3.connectionpool - DEBUG - Starting new HTTP connection (1): 172.18.82.251:1240
Thu, 18 Jul 2019 16:54:38 - urllib3.connectionpool - DEBUG - http://172.18.82.251:1240 "POST /ner HTTP/1.1" 200 None
Thu, 18 Jul 2019 16:54:38 - urllib3.connectionpool - DEBUG - Starting new HTTP connection (1): 172.18.82.251:1240
Thu, 18 Jul 2019 16:54:38 - urllib3.connectionpool - DEBUG - http://172.18.82.251:1240 "POST /splitWord HTTP/1.1" 200 None
Thu, 18 Jul 2019 16:54:38 - urllib3.connectionpool - DEBUG - Starting new HTTP connection (1): 172.18.82.251:1240
Thu, 18 Jul 2019 16:54:38 - urllib3.connectionpool - DEBUG - http://172.18.82.251:1240 "POST /splitSentence HTTP/1.1" 200 None
Thu, 18 Jul 2019 16:54:38 - urllib3.connectionpool - DEBUG - Starting new HTTP connection (1): 172.18.82.251:1240
Thu, 18 Jul 2019 16:54:38 - urllib3.connectionpool - DEBUG - http://172.18.82.251:1240 "POST /posTag HTTP/1.1" 200 None
Thu, 18 Jul 2019 16:54:38 - urllib3.connectionpool - DEBUG - Starting new HTTP connection (1): 172.18.82.251:1240
Thu, 18 Jul 2019 16:54:38 - urllib3.connectionpool - DEBUG - http://172.18.82.251:1240 "POST /mlableClassifier HTTP/1.1" 200 None
Thu, 18 Jul 2019 16:54:38 - urllib3.connectionpool - DEBUG - Starting new HTTP connection (1): 172.18.82.251:1240
Thu, 18 Jul 2019 16:54:38 - urllib3.connectionpool - DEBUG - http://172.18.82.251:1240 "POST /summary?percentage=0.3&charLimit=1000 HTTP/1.1" 200 None
Thu, 18 Jul 2019 16:54:38 - urllib3.connectionpool - DEBUG - Starting new HTTP connection (1): 172.18.82.251:1240
Thu, 18 Jul 2019 16:54:38 - urllib3.connectionpool - DEBUG - http://172.18.82.251:1240 "POST /sentiment?domain=content HTTP/1.1" 200 None
Thu, 18 Jul 2019 16:54:38 - urllib3.connectionpool - DEBUG - Starting new HTTP connection (1): 172.18.82.251:1240
Thu, 18 Jul 2019 16:54:38 - urllib3.connectionpool - DEBUG - http://172.18.82.251:1240 "POST /ner HTTP/1.1" 200 None
Thu, 18 Jul 2019 16:54:38 - urllib3.connectionpool - DEBUG - Starting new HTTP connection (1): 172.18.82.251:1240
Thu, 18 Jul 2019 16:54:38 - urllib3.connectionpool - DEBUG - http://172.18.82.251:1240 "POST /splitWord HTTP/1.1" 200 None
Thu, 18 Jul 2019 16:54:38 - urllib3.connectionpool - DEBUG - Starting new HTTP connection (1): 172.18.82.251:1240
Thu, 18 Jul 2019 16:54:38 - urllib3.connectionpool - DEBUG - http://172.18.82.251:1240 "POST /splitSentence HTTP/1.1" 200 None
Thu, 18 Jul 2019 16:54:38 - urllib3.connectionpool - DEBUG - Starting new HTTP connection (1): 172.18.82.251:1240
Thu, 18 Jul 2019 16:54:38 - urllib3.connectionpool - DEBUG - http://172.18.82.251:1240 "POST /posTag HTTP/1.1" 200 None
Thu, 18 Jul 2019 16:54:38 - urllib3.connectionpool - DEBUG - Starting new HTTP connection (1): 172.18.82.251:1240
Thu, 18 Jul 2019 16:54:38 - urllib3.connectionpool - DEBUG - http://172.18.82.251:1240 "POST /mlableClassifier HTTP/1.1" 200 None
Thu, 18 Jul 2019 16:54:38 - urllib3.connectionpool - DEBUG - Starting new HTTP connection (1): 172.18.82.251:1240
Thu, 18 Jul 2019 16:54:38 - urllib3.connectionpool - DEBUG - http://172.18.82.251:1240 "POST /summary?percentage=0.3&charLimit=1000 HTTP/1.1" 200 None
Thu, 18 Jul 2019 16:54:38 - urllib3.connectionpool - DEBUG - Starting new HTTP connection (1): 172.18.82.251:1240
Thu, 18 Jul 2019 16:54:38 - urllib3.connectionpool - DEBUG - http://172.18.82.251:1240 "POST /sentiment?domain=content HTTP/1.1" 200 None
Thu, 18 Jul 2019 16:54:38 - urllib3.connectionpool - DEBUG - Starting new HTTP connection (1): 172.18.82.251:1240
Thu, 18 Jul 2019 16:54:38 - urllib3.connectionpool - DEBUG - http://172.18.82.251:1240 "POST /ner HTTP/1.1" 200 None
Thu, 18 Jul 2019 16:54:38 - urllib3.connectionpool - DEBUG - Starting new HTTP connection (1): 172.18.82.251:1240
Thu, 18 Jul 2019 16:54:38 - urllib3.connectionpool - DEBUG - http://172.18.82.251:1240 "POST /splitWord HTTP/1.1" 200 None
Thu, 18 Jul 2019 16:54:38 - urllib3.connectionpool - DEBUG - Starting new HTTP connection (1): 172.18.82.251:1240
Thu, 18 Jul 2019 16:54:38 - urllib3.connectionpool - DEBUG - http://172.18.82.251:1240 "POST /splitSentence HTTP/1.1" 200 None
Thu, 18 Jul 2019 16:54:38 - urllib3.connectionpool - DEBUG - Starting new HTTP connection (1): 172.18.82.251:1240
Thu, 18 Jul 2019 16:54:38 - urllib3.connectionpool - DEBUG - http://172.18.82.251:1240 "POST /posTag HTTP/1.1" 200 None
Thu, 18 Jul 2019 16:54:38 - urllib3.connectionpool - DEBUG - Starting new HTTP connection (1): 172.18.82.251:1240
Thu, 18 Jul 2019 16:54:38 - urllib3.connectionpool - DEBUG - http://172.18.82.251:1240 "POST /mlableClassifier HTTP/1.1" 200 None
Thu, 18 Jul 2019 16:54:38 - urllib3.connectionpool - DEBUG - Starting new HTTP connection (1): 172.18.82.251:1240
Thu, 18 Jul 2019 16:54:38 - urllib3.connectionpool - DEBUG - http://172.18.82.251:1240 "POST /summary?percentage=0.3&charLimit=1000 HTTP/1.1" 200 None
Thu, 18 Jul 2019 16:54:38 - urllib3.connectionpool - DEBUG - Starting new HTTP connection (1): 172.18.82.251:1240
Thu, 18 Jul 2019 16:54:38 - urllib3.connectionpool - DEBUG - http://172.18.82.251:1240 "POST /sentiment?domain=content HTTP/1.1" 200 None
Thu, 18 Jul 2019 16:54:38 - urllib3.connectionpool - DEBUG - Starting new HTTP connection (1): 172.18.82.251:1240
Thu, 18 Jul 2019 16:54:38 - urllib3.connectionpool - DEBUG - http://172.18.82.251:1240 "POST /ner HTTP/1.1" 200 None
Thu, 18 Jul 2019 16:54:38 - urllib3.connectionpool - DEBUG - Starting new HTTP connection (1): 172.18.82.251:1240
Thu, 18 Jul 2019 16:54:38 - urllib3.connectionpool - DEBUG - http://172.18.82.251:1240 "POST /splitWord HTTP/1.1" 200 None
Thu, 18 Jul 2019 16:54:38 - urllib3.connectionpool - DEBUG - Starting new HTTP connection (1): 172.18.82.251:1240
Thu, 18 Jul 2019 16:54:38 - urllib3.connectionpool - DEBUG - http://172.18.82.251:1240 "POST /splitSentence HTTP/1.1" 200 None
Thu, 18 Jul 2019 16:54:38 - urllib3.connectionpool - DEBUG - Starting new HTTP connection (1): 172.18.82.251:1240
Thu, 18 Jul 2019 16:54:38 - urllib3.connectionpool - DEBUG - http://172.18.82.251:1240 "POST /posTag HTTP/1.1" 200 None
Thu, 18 Jul 2019 16:54:38 - urllib3.connectionpool - DEBUG - Starting new HTTP connection (1): 172.18.82.251:1240
Thu, 18 Jul 2019 16:54:38 - urllib3.connectionpool - DEBUG - http://172.18.82.251:1240 "POST /mlableClassifier HTTP/1.1" 200 None
Thu, 18 Jul 2019 16:54:38 - urllib3.connectionpool - DEBUG - Starting new HTTP connection (1): 172.18.82.251:1240
Thu, 18 Jul 2019 16:54:38 - urllib3.connectionpool - DEBUG - http://172.18.82.251:1240 "POST /summary?percentage=0.3&charLimit=1000 HTTP/1.1" 200 None
Thu, 18 Jul 2019 16:54:38 - urllib3.connectionpool - DEBUG - Starting new HTTP connection (1): 172.18.82.251:1240
Thu, 18 Jul 2019 16:54:38 - urllib3.connectionpool - DEBUG - http://172.18.82.251:1240 "POST /sentiment?domain=content HTTP/1.1" 200 None
Thu, 18 Jul 2019 16:54:38 - urllib3.connectionpool - DEBUG - Starting new HTTP connection (1): 172.18.82.251:1240
Thu, 18 Jul 2019 16:54:38 - urllib3.connectionpool - DEBUG - http://172.18.82.251:1240 "POST /ner HTTP/1.1" 200 None
Thu, 18 Jul 2019 16:54:38 - urllib3.connectionpool - DEBUG - Starting new HTTP connection (1): 172.18.82.251:1240
Thu, 18 Jul 2019 16:54:38 - urllib3.connectionpool - DEBUG - http://172.18.82.251:1240 "POST /splitWord HTTP/1.1" 200 None
Thu, 18 Jul 2019 16:54:38 - urllib3.connectionpool - DEBUG - Starting new HTTP connection (1): 172.18.82.251:1240
Thu, 18 Jul 2019 16:54:38 - urllib3.connectionpool - DEBUG - http://172.18.82.251:1240 "POST /splitSentence HTTP/1.1" 200 None
Thu, 18 Jul 2019 16:54:38 - urllib3.connectionpool - DEBUG - Starting new HTTP connection (1): 172.18.82.251:1240
Thu, 18 Jul 2019 16:54:38 - urllib3.connectionpool - DEBUG - http://172.18.82.251:1240 "POST /posTag HTTP/1.1" 200 None
Thu, 18 Jul 2019 16:54:38 - urllib3.connectionpool - DEBUG - Starting new HTTP connection (1): 172.18.82.251:1240
Thu, 18 Jul 2019 16:54:38 - urllib3.connectionpool - DEBUG - http://172.18.82.251:1240 "POST /mlableClassifier HTTP/1.1" 200 None
Thu, 18 Jul 2019 16:54:38 - urllib3.connectionpool - DEBUG - Starting new HTTP connection (1): 172.18.82.251:1240
Thu, 18 Jul 2019 16:54:38 - urllib3.connectionpool - DEBUG - http://172.18.82.251:1240 "POST /summary?percentage=0.3&charLimit=1000 HTTP/1.1" 200 None
Thu, 18 Jul 2019 16:54:38 - urllib3.connectionpool - DEBUG - Starting new HTTP connection (1): 172.18.82.251:1240
Thu, 18 Jul 2019 16:54:38 - urllib3.connectionpool - DEBUG - http://172.18.82.251:1240 "POST /sentiment?domain=content HTTP/1.1" 200 None
Thu, 18 Jul 2019 16:54:38 - urllib3.connectionpool - DEBUG - Starting new HTTP connection (1): 172.18.82.251:1240
Thu, 18 Jul 2019 16:54:38 - urllib3.connectionpool - DEBUG - http://172.18.82.251:1240 "POST /ner HTTP/1.1" 200 None
Thu, 18 Jul 2019 16:54:38 - urllib3.connectionpool - DEBUG - Starting new HTTP connection (1): 172.18.82.251:1240
Thu, 18 Jul 2019 16:54:38 - urllib3.connectionpool - DEBUG - http://172.18.82.251:1240 "POST /splitWord HTTP/1.1" 200 None
Thu, 18 Jul 2019 16:54:38 - urllib3.connectionpool - DEBUG - Starting new HTTP connection (1): 172.18.82.251:1240
Thu, 18 Jul 2019 16:54:38 - urllib3.connectionpool - DEBUG - http://172.18.82.251:1240 "POST /splitSentence HTTP/1.1" 200 None
Thu, 18 Jul 2019 16:54:38 - urllib3.connectionpool - DEBUG - Starting new HTTP connection (1): 172.18.82.251:1240
Thu, 18 Jul 2019 16:54:38 - urllib3.connectionpool - DEBUG - http://172.18.82.251:1240 "POST /posTag HTTP/1.1" 200 None
Thu, 18 Jul 2019 16:54:38 - urllib3.connectionpool - DEBUG - Starting new HTTP connection (1): 172.18.82.251:1240
Thu, 18 Jul 2019 16:54:38 - urllib3.connectionpool - DEBUG - http://172.18.82.251:1240 "POST /mlableClassifier HTTP/1.1" 200 None
Thu, 18 Jul 2019 16:54:38 - urllib3.connectionpool - DEBUG - Starting new HTTP connection (1): 172.18.82.251:1240
Thu, 18 Jul 2019 16:54:38 - urllib3.connectionpool - DEBUG - http://172.18.82.251:1240 "POST /summary?percentage=0.3&charLimit=1000 HTTP/1.1" 200 None
Thu, 18 Jul 2019 16:54:38 - urllib3.connectionpool - DEBUG - Starting new HTTP connection (1): 172.18.82.251:1240
Thu, 18 Jul 2019 16:54:38 - urllib3.connectionpool - DEBUG - http://172.18.82.251:1240 "POST /sentiment?domain=content HTTP/1.1" 200 None
Thu, 18 Jul 2019 16:54:38 - urllib3.connectionpool - DEBUG - Starting new HTTP connection (1): 172.18.82.251:1240
Thu, 18 Jul 2019 16:54:38 - urllib3.connectionpool - DEBUG - http://172.18.82.251:1240 "POST /ner HTTP/1.1" 200 None
Thu, 18 Jul 2019 16:54:38 - urllib3.connectionpool - DEBUG - Starting new HTTP connection (1): 172.18.82.251:1240
Thu, 18 Jul 2019 16:54:38 - urllib3.connectionpool - DEBUG - http://172.18.82.251:1240 "POST /splitWord HTTP/1.1" 200 None
Thu, 18 Jul 2019 16:54:38 - urllib3.connectionpool - DEBUG - Starting new HTTP connection (1): 172.18.82.251:1240
Thu, 18 Jul 2019 16:54:38 - urllib3.connectionpool - DEBUG - http://172.18.82.251:1240 "POST /splitSentence HTTP/1.1" 200 None
Thu, 18 Jul 2019 16:54:38 - urllib3.connectionpool - DEBUG - Starting new HTTP connection (1): 172.18.82.251:1240
Thu, 18 Jul 2019 16:54:38 - urllib3.connectionpool - DEBUG - http://172.18.82.251:1240 "POST /posTag HTTP/1.1" 200 None
Thu, 18 Jul 2019 16:54:38 - urllib3.connectionpool - DEBUG - Starting new HTTP connection (1): 172.18.82.251:1240
Thu, 18 Jul 2019 16:54:38 - urllib3.connectionpool - DEBUG - http://172.18.82.251:1240 "POST /mlableClassifier HTTP/1.1" 200 None
Thu, 18 Jul 2019 16:54:38 - urllib3.connectionpool - DEBUG - Starting new HTTP connection (1): 172.18.82.251:1240
Thu, 18 Jul 2019 16:54:38 - urllib3.connectionpool - DEBUG - http://172.18.82.251:1240 "POST /summary?percentage=0.3&charLimit=1000 HTTP/1.1" 200 None
Thu, 18 Jul 2019 16:54:38 - urllib3.connectionpool - DEBUG - Starting new HTTP connection (1): 172.18.82.251:1240
Thu, 18 Jul 2019 16:54:38 - urllib3.connectionpool - DEBUG - http://172.18.82.251:1240 "POST /splitsentence HTTP/1.1" 200 None
Thu, 18 Jul 2019 16:54:38 - urllib3.connectionpool - DEBUG - Starting new HTTP connection (1): 172.18.82.251:1240
Thu, 18 Jul 2019 16:54:38 - urllib3.connectionpool - DEBUG - http://172.18.82.251:1240 "POST /postag HTTP/1.1" 200 None
Thu, 18 Jul 2019 16:54:38 - urllib3.connectionpool - DEBUG - Starting new HTTP connection (1): 172.18.82.251:1240
Thu, 18 Jul 2019 16:54:38 - urllib3.connectionpool - DEBUG - http://172.18.82.251:1240 "POST /NER HTTP/1.1" 200 None
Thu, 18 Jul 2019 16:54:38 - urllib3.connectionpool - DEBUG - Starting new HTTP connection (1): 172.18.82.251:1240
Thu, 18 Jul 2019 16:54:38 - urllib3.connectionpool - DEBUG - http://172.18.82.251:1240 "POST /keyphrase HTTP/1.1" 200 None
Thu, 18 Jul 2019 16:54:38 - urllib3.connectionpool - DEBUG - Starting new HTTP connection (1): 172.18.82.251:1240
Thu, 18 Jul 2019 16:54:38 - urllib3.connectionpool - DEBUG - http://172.18.82.251:1240 "POST /custom HTTP/1.1" 200 None
Thu, 18 Jul 2019 16:54:38 - urllib3.connectionpool - DEBUG - Starting new HTTP connection (1): 172.18.82.251:1240
Thu, 18 Jul 2019 16:54:38 - urllib3.connectionpool - DEBUG - http://172.18.82.251:1240 "POST /custom HTTP/1.1" 200 None
Thu, 18 Jul 2019 16:54:38 - urllib3.connectionpool - DEBUG - Starting new HTTP connection (1): 172.18.82.251:1240
Thu, 18 Jul 2019 16:54:38 - urllib3.connectionpool - DEBUG - http://172.18.82.251:1240 "POST /custom HTTP/1.1" 200 None
Thu, 18 Jul 2019 16:54:38 - urllib3.connectionpool - DEBUG - Starting new HTTP connection (1): 172.18.82.251:1240
Thu, 18 Jul 2019 16:54:38 - urllib3.connectionpool - DEBUG - http://172.18.82.251:1240 "POST /custom HTTP/1.1" 200 None
Thu, 18 Jul 2019 16:54:38 - urllib3.connectionpool - DEBUG - Starting new HTTP connection (1): 172.18.82.251:1240
Thu, 18 Jul 2019 16:54:38 - urllib3.connectionpool - DEBUG - http://172.18.82.251:1240 "POST /custom HTTP/1.1" 200 None
Thu, 18 Jul 2019 16:54:38 - urllib3.connectionpool - DEBUG - Starting new HTTP connection (1): 172.18.82.251:1240
Thu, 18 Jul 2019 16:54:38 - urllib3.connectionpool - DEBUG - http://172.18.82.251:1240 "POST /custom HTTP/1.1" 200 None
Thu, 18 Jul 2019 16:54:38 - urllib3.connectionpool - DEBUG - Starting new HTTP connection (1): 172.18.82.251:1240
Thu, 18 Jul 2019 16:54:38 - urllib3.connectionpool - DEBUG - http://172.18.82.251:1240 "POST /custom HTTP/1.1" 200 None
Thu, 18 Jul 2019 16:54:38 - urllib3.connectionpool - DEBUG - Starting new HTTP connection (1): 172.18.82.251:1240
Thu, 18 Jul 2019 16:54:38 - urllib3.connectionpool - DEBUG - http://172.18.82.251:1240 "POST /custom HTTP/1.1" 200 None
Thu, 18 Jul 2019 16:54:38 - urllib3.connectionpool - DEBUG - Starting new HTTP connection (1): 172.18.82.251:1240
Thu, 18 Jul 2019 16:54:39 - urllib3.connectionpool - DEBUG - http://172.18.82.251:1240 "POST /custom HTTP/1.1" 200 None
Thu, 18 Jul 2019 16:54:39 - urllib3.connectionpool - DEBUG - Starting new HTTP connection (1): 172.18.82.251:1240
Thu, 18 Jul 2019 16:54:39 - urllib3.connectionpool - DEBUG - http://172.18.82.251:1240 "POST /custom HTTP/1.1" 200 None
Thu, 18 Jul 2019 16:54:39 - urllib3.connectionpool - DEBUG - Starting new HTTP connection (1): 172.18.82.251:1240
Thu, 18 Jul 2019 16:54:39 - urllib3.connectionpool - DEBUG - http://172.18.82.251:1240 "POST /custom HTTP/1.1" 200 None
